00:00 +0: loading D:/program/checklist-app/test/services/logger_service_test.dart
00:00 +0: LoggerService Tests LoggerService is a singleton
[38;5;12mÔöîÔöÇÔöÇÔöÇÔöÇÔöÇÔöÇÔöÇÔöÇÔöÇÔöÇÔöÇÔöÇÔöÇÔöÇÔöÇÔöÇÔöÇÔöÇÔöÇÔöÇÔöÇÔöÇÔöÇÔöÇÔöÇÔöÇÔöÇÔöÇÔöÇÔöÇÔöÇÔöÇÔöÇÔöÇÔöÇÔöÇÔöÇÔöÇÔöÇÔöÇÔöÇÔöÇÔöÇÔöÇÔöÇÔöÇÔöÇÔöÇÔöÇÔöÇÔöÇÔöÇÔöÇÔöÇÔöÇÔöÇÔöÇÔöÇÔöÇÔöÇÔöÇÔöÇÔöÇÔöÇÔöÇÔöÇÔöÇÔöÇÔöÇÔöÇÔöÇÔöÇÔöÇÔöÇÔöÇÔöÇÔöÇÔöÇÔöÇ[0m
[38;5;12mÔöé 01:00:45.862 (+0:00:00.000000)[0m
[38;5;12mÔö£ÔöäÔöäÔöäÔöäÔöäÔöäÔöäÔöäÔöäÔöäÔöäÔöäÔöäÔöäÔöäÔöäÔöäÔöäÔöäÔöäÔöäÔöäÔöäÔöäÔöäÔöäÔöäÔöäÔöäÔöäÔöäÔöäÔöäÔöäÔöäÔöäÔöäÔöäÔöäÔöäÔöäÔöäÔöäÔöäÔöäÔöäÔöäÔöäÔöäÔöäÔöäÔöäÔöäÔöäÔöäÔöäÔöäÔöäÔöäÔöäÔöäÔöäÔöäÔöäÔöäÔöäÔöäÔöäÔöäÔöäÔöäÔöäÔöäÔöäÔöäÔöäÔöäÔöäÔöä[0m
[38;5;12mÔöé ­ƒÆí [LoggerService] Log buffer cleared[0m
[38;5;12mÔööÔöÇÔöÇÔöÇÔöÇÔöÇÔöÇÔöÇÔöÇÔöÇÔöÇÔöÇÔöÇÔöÇÔöÇÔöÇÔöÇÔöÇÔöÇÔöÇÔöÇÔöÇÔöÇÔöÇÔöÇÔöÇÔöÇÔöÇÔöÇÔöÇÔöÇÔöÇÔöÇÔöÇÔöÇÔöÇÔöÇÔöÇÔöÇÔöÇÔöÇÔöÇÔöÇÔöÇÔöÇÔöÇÔöÇÔöÇÔöÇÔöÇÔöÇÔöÇÔöÇÔöÇÔöÇÔöÇÔöÇÔöÇÔöÇÔöÇÔöÇÔöÇÔöÇÔöÇÔöÇÔöÇÔöÇÔöÇÔöÇÔöÇÔöÇÔöÇÔöÇÔöÇÔöÇÔöÇÔöÇÔöÇÔöÇÔöÇ[0m
00:00 +1: LoggerService Tests Log levels prefix are correct
[38;5;12mÔöîÔöÇÔöÇÔöÇÔöÇÔöÇÔöÇÔöÇÔöÇÔöÇÔöÇÔöÇÔöÇÔöÇÔöÇÔöÇÔöÇÔöÇÔöÇÔöÇÔöÇÔöÇÔöÇÔöÇÔöÇÔöÇÔöÇÔöÇÔöÇÔöÇÔöÇÔöÇÔöÇÔöÇÔöÇÔöÇÔöÇÔöÇÔöÇÔöÇÔöÇÔöÇÔöÇÔöÇÔöÇÔöÇÔöÇÔöÇÔöÇÔöÇÔöÇÔöÇÔöÇÔöÇÔöÇÔöÇÔöÇÔöÇÔöÇÔöÇÔöÇÔöÇÔöÇÔöÇÔöÇÔöÇÔöÇÔöÇÔöÇÔöÇÔöÇÔöÇÔöÇÔöÇÔöÇÔöÇÔöÇÔöÇÔöÇÔöÇ[0m
[38;5;12mÔöé 01:00:45.872 (+0:00:00.010478)[0m
[38;5;12mÔö£ÔöäÔöäÔöäÔöäÔöäÔöäÔöäÔöäÔöäÔöäÔöäÔöäÔöäÔöäÔöäÔöäÔöäÔöäÔöäÔöäÔöäÔöäÔöäÔöäÔöäÔöäÔöäÔöäÔöäÔöäÔöäÔöäÔöäÔöäÔöäÔöäÔöäÔöäÔöäÔöäÔöäÔöäÔöäÔöäÔöäÔöäÔöäÔöäÔöäÔöäÔöäÔöäÔöäÔöäÔöäÔöäÔöäÔöäÔöäÔöäÔöäÔöäÔöäÔöäÔöäÔöäÔöäÔöäÔöäÔöäÔöäÔöäÔöäÔöäÔöäÔöäÔöäÔöäÔöä[0m
[38;5;12mÔöé ­ƒÆí [LoggerService] Log buffer cleared[0m
[38;5;12mÔööÔöÇÔöÇÔöÇÔöÇÔöÇÔöÇÔöÇÔöÇÔöÇÔöÇÔöÇÔöÇÔöÇÔöÇÔöÇÔöÇÔöÇÔöÇÔöÇÔöÇÔöÇÔöÇÔöÇÔöÇÔöÇÔöÇÔöÇÔöÇÔöÇÔöÇÔöÇÔöÇÔöÇÔöÇÔöÇÔöÇÔöÇÔöÇÔöÇÔöÇÔöÇÔöÇÔöÇÔöÇÔöÇÔöÇÔöÇÔöÇÔöÇÔöÇÔöÇÔöÇÔöÇÔöÇÔöÇÔöÇÔöÇÔöÇÔöÇÔöÇÔöÇÔöÇÔöÇÔöÇÔöÇÔöÇÔöÇÔöÇÔöÇÔöÇÔöÇÔöÇÔöÇÔöÇÔöÇÔöÇÔöÇÔöÇÔöÇ[0m
00:00 +2: LoggerService Tests Log buffer limits entries
[38;5;12mÔöîÔöÇÔöÇÔöÇÔöÇÔöÇÔöÇÔöÇÔöÇÔöÇÔöÇÔöÇÔöÇÔöÇÔöÇÔöÇÔöÇÔöÇÔöÇÔöÇÔöÇÔöÇÔöÇÔöÇÔöÇÔöÇÔöÇÔöÇÔöÇÔöÇÔöÇÔöÇÔöÇÔöÇÔöÇÔöÇÔöÇÔöÇÔöÇÔöÇÔöÇÔöÇÔöÇÔöÇÔöÇÔöÇÔöÇÔöÇÔöÇÔöÇÔöÇÔöÇÔöÇÔöÇÔöÇÔöÇÔöÇÔöÇÔöÇÔöÇÔöÇÔöÇÔöÇÔöÇÔöÇÔöÇÔöÇÔöÇÔöÇÔöÇÔöÇÔöÇÔöÇÔöÇÔöÇÔöÇÔöÇÔöÇÔöÇÔöÇ[0m
[38;5;12mÔöé 01:00:45.875 (+0:00:00.013177)[0m
[38;5;12mÔö£ÔöäÔöäÔöäÔöäÔöäÔöäÔöäÔöäÔöäÔöäÔöäÔöäÔöäÔöäÔöäÔöäÔöäÔöäÔöäÔöäÔöäÔöäÔöäÔöäÔöäÔöäÔöäÔöäÔöäÔöäÔöäÔöäÔöäÔöäÔöäÔöäÔöäÔöäÔöäÔöäÔöäÔöäÔöäÔöäÔöäÔöäÔöäÔöäÔöäÔöäÔöäÔöäÔöäÔöäÔöäÔöäÔöäÔöäÔöäÔöäÔöäÔöäÔöäÔöäÔöäÔöäÔöäÔöäÔöäÔöäÔöäÔöäÔöäÔöäÔöäÔöäÔöäÔöäÔöä[0m
[38;5;12mÔöé ­ƒÆí [LoggerService] Log buffer cleared[0m
[38;5;12mÔööÔöÇÔöÇÔöÇÔöÇÔöÇÔöÇÔöÇÔöÇÔöÇÔöÇÔöÇÔöÇÔöÇÔöÇÔöÇÔöÇÔöÇÔöÇÔöÇÔöÇÔöÇÔöÇÔöÇÔöÇÔöÇÔöÇÔöÇÔöÇÔöÇÔöÇÔöÇÔöÇÔöÇÔöÇÔöÇÔöÇÔöÇÔöÇÔöÇÔöÇÔöÇÔöÇÔöÇÔöÇÔöÇÔöÇÔöÇÔöÇÔöÇÔöÇÔöÇÔöÇÔöÇÔöÇÔöÇÔöÇÔöÇÔöÇÔöÇÔöÇÔöÇÔöÇÔöÇÔöÇÔöÇÔöÇÔöÇÔöÇÔöÇÔöÇÔöÇÔöÇÔöÇÔöÇÔöÇÔöÇÔöÇÔöÇÔöÇ[0m
[38;5;12mÔöîÔöÇÔöÇÔöÇÔöÇÔöÇÔöÇÔöÇÔöÇÔöÇÔöÇÔöÇÔöÇÔöÇÔöÇÔöÇÔöÇÔöÇÔöÇÔöÇÔöÇÔöÇÔöÇÔöÇÔöÇÔöÇÔöÇÔöÇÔöÇÔöÇÔöÇÔöÇÔöÇÔöÇÔöÇÔöÇÔöÇÔöÇÔöÇÔöÇÔöÇÔöÇÔöÇÔöÇÔöÇÔöÇÔöÇÔöÇÔöÇÔöÇÔöÇÔöÇÔöÇÔöÇÔöÇÔöÇÔöÇÔöÇÔöÇÔöÇÔöÇÔöÇÔöÇÔöÇÔöÇÔöÇÔöÇÔöÇÔöÇÔöÇÔöÇÔöÇÔöÇÔöÇÔöÇÔöÇÔöÇÔöÇÔöÇÔöÇ[0m
[38;5;12mÔöé 01:00:45.875 (+0:00:00.013177)[0m
[38;5;12mÔö£ÔöäÔöäÔöäÔöäÔöäÔöäÔöäÔöäÔöäÔöäÔöäÔöäÔöäÔöäÔöäÔöäÔöäÔöäÔöäÔöäÔöäÔöäÔöäÔöäÔöäÔöäÔöäÔöäÔöäÔöäÔöäÔöäÔöäÔöäÔöäÔöäÔöäÔöäÔöäÔöäÔöäÔöäÔöäÔöäÔöäÔöäÔöäÔöäÔöäÔöäÔöäÔöäÔöäÔöäÔöäÔöäÔöäÔöäÔöäÔöäÔöäÔöäÔöäÔöäÔöäÔöäÔöäÔöäÔöäÔöäÔöäÔöäÔöäÔöäÔöäÔöäÔöäÔöäÔöä[0m
[38;5;12mÔöé ­ƒÆí [Tag] Message 0[0m
[38;5;12mÔööÔöÇÔöÇÔöÇÔöÇÔöÇÔöÇÔöÇÔöÇÔöÇÔöÇÔöÇÔöÇÔöÇÔöÇÔöÇÔöÇÔöÇÔöÇÔöÇÔöÇÔöÇÔöÇÔöÇÔöÇÔöÇÔöÇÔöÇÔöÇÔöÇÔöÇÔöÇÔöÇÔöÇÔöÇÔöÇÔöÇÔöÇÔöÇÔöÇÔöÇÔöÇÔöÇÔöÇÔöÇÔöÇÔöÇÔöÇÔöÇÔöÇÔöÇÔöÇÔöÇÔöÇÔöÇÔöÇÔöÇÔöÇÔöÇÔöÇÔöÇÔöÇÔöÇÔöÇÔöÇÔöÇÔöÇÔöÇÔöÇÔöÇÔöÇÔöÇÔöÇÔöÇÔöÇÔöÇÔöÇÔöÇÔöÇÔöÇ[0m
[38;5;12mÔöîÔöÇÔöÇÔöÇÔöÇÔöÇÔöÇÔöÇÔöÇÔöÇÔöÇÔöÇÔöÇÔöÇÔöÇÔöÇÔöÇÔöÇÔöÇÔöÇÔöÇÔöÇÔöÇÔöÇÔöÇÔöÇÔöÇÔöÇÔöÇÔöÇÔöÇÔöÇÔöÇÔöÇÔöÇÔöÇÔöÇÔöÇÔöÇÔöÇÔöÇÔöÇÔöÇÔöÇÔöÇÔöÇÔöÇÔöÇÔöÇÔöÇÔöÇÔöÇÔöÇÔöÇÔöÇÔöÇÔöÇÔöÇÔöÇÔöÇÔöÇÔöÇÔöÇÔöÇÔöÇÔöÇÔöÇÔöÇÔöÇÔöÇÔöÇÔöÇÔöÇÔöÇÔöÇÔöÇÔöÇÔöÇÔöÇÔöÇ[0m
[38;5;12mÔöé 01:00:45.875 (+0:00:00.013177)[0m
[38;5;12mÔö£ÔöäÔöäÔöäÔöäÔöäÔöäÔöäÔöäÔöäÔöäÔöäÔöäÔöäÔöäÔöäÔöäÔöäÔöäÔöäÔöäÔöäÔöäÔöäÔöäÔöäÔöäÔöäÔöäÔöäÔöäÔöäÔöäÔöäÔöäÔöäÔöäÔöäÔöäÔöäÔöäÔöäÔöäÔöäÔöäÔöäÔöäÔöäÔöäÔöäÔöäÔöäÔöäÔöäÔöäÔöäÔöäÔöäÔöäÔöäÔöäÔöäÔöäÔöäÔöäÔöäÔöäÔöäÔöäÔöäÔöäÔöäÔöäÔöäÔöäÔöäÔöäÔöäÔöäÔöä[0m
[38;5;12mÔöé ­ƒÆí [Tag] Message 1[0m
[38;5;12mÔööÔöÇÔöÇÔöÇÔöÇÔöÇÔöÇÔöÇÔöÇÔöÇÔöÇÔöÇÔöÇÔöÇÔöÇÔöÇÔöÇÔöÇÔöÇÔöÇÔöÇÔöÇÔöÇÔöÇÔöÇÔöÇÔöÇÔöÇÔöÇÔöÇÔöÇÔöÇÔöÇÔöÇÔöÇÔöÇÔöÇÔöÇÔöÇÔöÇÔöÇÔöÇÔöÇÔöÇÔöÇÔöÇÔöÇÔöÇÔöÇÔöÇÔöÇÔöÇÔöÇÔöÇÔöÇÔöÇÔöÇÔöÇÔöÇÔöÇÔöÇÔöÇÔöÇÔöÇÔöÇÔöÇÔöÇÔöÇÔöÇÔöÇÔöÇÔöÇÔöÇÔöÇÔöÇÔöÇÔöÇÔöÇÔöÇÔöÇ[0m
[38;5;12mÔöîÔöÇÔöÇÔöÇÔöÇÔöÇÔöÇÔöÇÔöÇÔöÇÔöÇÔöÇÔöÇÔöÇÔöÇÔöÇÔöÇÔöÇÔöÇÔöÇÔöÇÔöÇÔöÇÔöÇÔöÇÔöÇÔöÇÔöÇÔöÇÔöÇÔöÇÔöÇÔöÇÔöÇÔöÇÔöÇÔöÇÔöÇÔöÇÔöÇÔöÇÔöÇÔöÇÔöÇÔöÇÔöÇÔöÇÔöÇÔöÇÔöÇÔöÇÔöÇÔöÇÔöÇÔöÇÔöÇÔöÇÔöÇÔöÇÔöÇÔöÇÔöÇÔöÇÔöÇÔöÇÔöÇÔöÇÔöÇÔöÇÔöÇÔöÇÔöÇÔöÇÔöÇÔöÇÔöÇÔöÇÔöÇÔöÇÔöÇ[0m
[38;5;12mÔöé 01:00:45.875 (+0:00:00.013177)[0m
[38;5;12mÔö£ÔöäÔöäÔöäÔöäÔöäÔöäÔöäÔöäÔöäÔöäÔöäÔöäÔöäÔöäÔöäÔöäÔöäÔöäÔöäÔöäÔöäÔöäÔöäÔöäÔöäÔöäÔöäÔöäÔöäÔöäÔöäÔöäÔöäÔöäÔöäÔöäÔöäÔöäÔöäÔöäÔöäÔöäÔöäÔöäÔöäÔöäÔöäÔöäÔöäÔöäÔöäÔöäÔöäÔöäÔöäÔöäÔöäÔöäÔöäÔöäÔöäÔöäÔöäÔöäÔöäÔöäÔöäÔöäÔöäÔöäÔöäÔöäÔöäÔöäÔöäÔöäÔöäÔöäÔöä[0m
[38;5;12mÔöé ­ƒÆí [Tag] Message 2[0m
[38;5;12mÔööÔöÇÔöÇÔöÇÔöÇÔöÇÔöÇÔöÇÔöÇÔöÇÔöÇÔöÇÔöÇÔöÇÔöÇÔöÇÔöÇÔöÇÔöÇÔöÇÔöÇÔöÇÔöÇÔöÇÔöÇÔöÇÔöÇÔöÇÔöÇÔöÇÔöÇÔöÇÔöÇÔöÇÔöÇÔöÇÔöÇÔöÇÔöÇÔöÇÔöÇÔöÇÔöÇÔöÇÔöÇÔöÇÔöÇÔöÇÔöÇÔöÇÔöÇÔöÇÔöÇÔöÇÔöÇÔöÇÔöÇÔöÇÔöÇÔöÇÔöÇÔöÇÔöÇÔöÇÔöÇÔöÇÔöÇÔöÇÔöÇÔöÇÔöÇÔöÇÔöÇÔöÇÔöÇÔöÇÔöÇÔöÇÔöÇÔöÇ[0m
[38;5;12mÔöîÔöÇÔöÇÔöÇÔöÇÔöÇÔöÇÔöÇÔöÇÔöÇÔöÇÔöÇÔöÇÔöÇÔöÇÔöÇÔöÇÔöÇÔöÇÔöÇÔöÇÔöÇÔöÇÔöÇÔöÇÔöÇÔöÇÔöÇÔöÇÔöÇÔöÇÔöÇÔöÇÔöÇÔöÇÔöÇÔöÇÔöÇÔöÇÔöÇÔöÇÔöÇÔöÇÔöÇÔöÇÔöÇÔöÇÔöÇÔöÇÔöÇÔöÇÔöÇÔöÇÔöÇÔöÇÔöÇÔöÇÔöÇÔöÇÔöÇÔöÇÔöÇÔöÇÔöÇÔöÇÔöÇÔöÇÔöÇÔöÇÔöÇÔöÇÔöÇÔöÇÔöÇÔöÇÔöÇÔöÇÔöÇÔöÇÔöÇ[0m
[38;5;12mÔöé 01:00:45.875 (+0:00:00.013177)[0m
[38;5;12mÔö£ÔöäÔöäÔöäÔöäÔöäÔöäÔöäÔöäÔöäÔöäÔöäÔöäÔöäÔöäÔöäÔöäÔöäÔöäÔöäÔöäÔöäÔöäÔöäÔöäÔöäÔöäÔöäÔöäÔöäÔöäÔöäÔöäÔöäÔöäÔöäÔöäÔöäÔöäÔöäÔöäÔöäÔöäÔöäÔöäÔöäÔöäÔöäÔöäÔöäÔöäÔöäÔöäÔöäÔöäÔöäÔöäÔöäÔöäÔöäÔöäÔöäÔöäÔöäÔöäÔöäÔöäÔöäÔöäÔöäÔöäÔöäÔöäÔöäÔöäÔöäÔöäÔöäÔöäÔöä[0m
[38;5;12mÔöé ­ƒÆí [Tag] Message 3[0m
[38;5;12mÔööÔöÇÔöÇÔöÇÔöÇÔöÇÔöÇÔöÇÔöÇÔöÇÔöÇÔöÇÔöÇÔöÇÔöÇÔöÇÔöÇÔöÇÔöÇÔöÇÔöÇÔöÇÔöÇÔöÇÔöÇÔöÇÔöÇÔöÇÔöÇÔöÇÔöÇÔöÇÔöÇÔöÇÔöÇÔöÇÔöÇÔöÇÔöÇÔöÇÔöÇÔöÇÔöÇÔöÇÔöÇÔöÇÔöÇÔöÇÔöÇÔöÇÔöÇÔöÇÔöÇÔöÇÔöÇÔöÇÔöÇÔöÇÔöÇÔöÇÔöÇÔöÇÔöÇÔöÇÔöÇÔöÇÔöÇÔöÇÔöÇÔöÇÔöÇÔöÇÔöÇÔöÇÔöÇÔöÇÔöÇÔöÇÔöÇÔöÇ[0m
[38;5;12mÔöîÔöÇÔöÇÔöÇÔöÇÔöÇÔöÇÔöÇÔöÇÔöÇÔöÇÔöÇÔöÇÔöÇÔöÇÔöÇÔöÇÔöÇÔöÇÔöÇÔöÇÔöÇÔöÇÔöÇÔöÇÔöÇÔöÇÔöÇÔöÇÔöÇÔöÇÔöÇÔöÇÔöÇÔöÇÔöÇÔöÇÔöÇÔöÇÔöÇÔöÇÔöÇÔöÇÔöÇÔöÇÔöÇÔöÇÔöÇÔöÇÔöÇÔöÇÔöÇÔöÇÔöÇÔöÇÔöÇÔöÇÔöÇÔöÇÔöÇÔöÇÔöÇÔöÇÔöÇÔöÇÔöÇÔöÇÔöÇÔöÇÔöÇÔöÇÔöÇÔöÇÔöÇÔöÇÔöÇÔöÇÔöÇÔöÇÔöÇ[0m
[38;5;12mÔöé 01:00:45.875 (+0:00:00.013177)[0m
[38;5;12mÔö£ÔöäÔöäÔöäÔöäÔöäÔöäÔöäÔöäÔöäÔöäÔöäÔöäÔöäÔöäÔöäÔöäÔöäÔöäÔöäÔöäÔöäÔöäÔöäÔöäÔöäÔöäÔöäÔöäÔöäÔöäÔöäÔöäÔöäÔöäÔöäÔöäÔöäÔöäÔöäÔöäÔöäÔöäÔöäÔöäÔöäÔöäÔöäÔöäÔöäÔöäÔöäÔöäÔöäÔöäÔöäÔöäÔöäÔöäÔöäÔöäÔöäÔöäÔöäÔöäÔöäÔöäÔöäÔöäÔöäÔöäÔöäÔöäÔöäÔöäÔöäÔöäÔöäÔöäÔöä[0m
[38;5;12mÔöé ­ƒÆí [Tag] Message 4[0m
[38;5;12mÔööÔöÇÔöÇÔöÇÔöÇÔöÇÔöÇÔöÇÔöÇÔöÇÔöÇÔöÇÔöÇÔöÇÔöÇÔöÇÔöÇÔöÇÔöÇÔöÇÔöÇÔöÇÔöÇÔöÇÔöÇÔöÇÔöÇÔöÇÔöÇÔöÇÔöÇÔöÇÔöÇÔöÇÔöÇÔöÇÔöÇÔöÇÔöÇÔöÇÔöÇÔöÇÔöÇÔöÇÔöÇÔöÇÔöÇÔöÇÔöÇÔöÇÔöÇÔöÇÔöÇÔöÇÔöÇÔöÇÔöÇÔöÇÔöÇÔöÇÔöÇÔöÇÔöÇÔöÇÔöÇÔöÇÔöÇÔöÇÔöÇÔöÇÔöÇÔöÇÔöÇÔöÇÔöÇÔöÇÔöÇÔöÇÔöÇÔöÇ[0m
[38;5;12mÔöîÔöÇÔöÇÔöÇÔöÇÔöÇÔöÇÔöÇÔöÇÔöÇÔöÇÔöÇÔöÇÔöÇÔöÇÔöÇÔöÇÔöÇÔöÇÔöÇÔöÇÔöÇÔöÇÔöÇÔöÇÔöÇÔöÇÔöÇÔöÇÔöÇÔöÇÔöÇÔöÇÔöÇÔöÇÔöÇÔöÇÔöÇÔöÇÔöÇÔöÇÔöÇÔöÇÔöÇÔöÇÔöÇÔöÇÔöÇÔöÇÔöÇÔöÇÔöÇÔöÇÔöÇÔöÇÔöÇÔöÇÔöÇÔöÇÔöÇÔöÇÔöÇÔöÇÔöÇÔöÇÔöÇÔöÇÔöÇÔöÇÔöÇÔöÇÔöÇÔöÇÔöÇÔöÇÔöÇÔöÇÔöÇÔöÇÔöÇ[0m
[38;5;12mÔöé 01:00:45.875 (+0:00:00.013177)[0m
[38;5;12mÔö£ÔöäÔöäÔöäÔöäÔöäÔöäÔöäÔöäÔöäÔöäÔöäÔöäÔöäÔöäÔöäÔöäÔöäÔöäÔöäÔöäÔöäÔöäÔöäÔöäÔöäÔöäÔöäÔöäÔöäÔöäÔöäÔöäÔöäÔöäÔöäÔöäÔöäÔöäÔöäÔöäÔöäÔöäÔöäÔöäÔöäÔöäÔöäÔöäÔöäÔöäÔöäÔöäÔöäÔöäÔöäÔöäÔöäÔöäÔöäÔöäÔöäÔöäÔöäÔöäÔöäÔöäÔöäÔöäÔöäÔöäÔöäÔöäÔöäÔöäÔöäÔöäÔöäÔöäÔöä[0m
[38;5;12mÔöé ­ƒÆí [Tag] Message 5[0m
[38;5;12mÔööÔöÇÔöÇÔöÇÔöÇÔöÇÔöÇÔöÇÔöÇÔöÇÔöÇÔöÇÔöÇÔöÇÔöÇÔöÇÔöÇÔöÇÔöÇÔöÇÔöÇÔöÇÔöÇÔöÇÔöÇÔöÇÔöÇÔöÇÔöÇÔöÇÔöÇÔöÇÔöÇÔöÇÔöÇÔöÇÔöÇÔöÇÔöÇÔöÇÔöÇÔöÇÔöÇÔöÇÔöÇÔöÇÔöÇÔöÇÔöÇÔöÇÔöÇÔöÇÔöÇÔöÇÔöÇÔöÇÔöÇÔöÇÔöÇÔöÇÔöÇÔöÇÔöÇÔöÇÔöÇÔöÇÔöÇÔöÇÔöÇÔöÇÔöÇÔöÇÔöÇÔöÇÔöÇÔöÇÔöÇÔöÇÔöÇÔöÇ[0m
[38;5;12mÔöîÔöÇÔöÇÔöÇÔöÇÔöÇÔöÇÔöÇÔöÇÔöÇÔöÇÔöÇÔöÇÔöÇÔöÇÔöÇÔöÇÔöÇÔöÇÔöÇÔöÇÔöÇÔöÇÔöÇÔöÇÔöÇÔöÇÔöÇÔöÇÔöÇÔöÇÔöÇÔöÇÔöÇÔöÇÔöÇÔöÇÔöÇÔöÇÔöÇÔöÇÔöÇÔöÇÔöÇÔöÇÔöÇÔöÇÔöÇÔöÇÔöÇÔöÇÔöÇÔöÇÔöÇÔöÇÔöÇÔöÇÔöÇÔöÇÔöÇÔöÇÔöÇÔöÇÔöÇÔöÇÔöÇÔöÇÔöÇÔöÇÔöÇÔöÇÔöÇÔöÇÔöÇÔöÇÔöÇÔöÇÔöÇÔöÇÔöÇ[0m
[38;5;12mÔöé 01:00:45.875 (+0:00:00.013177)[0m
[38;5;12mÔö£ÔöäÔöäÔöäÔöäÔöäÔöäÔöäÔöäÔöäÔöäÔöäÔöäÔöäÔöäÔöäÔöäÔöäÔöäÔöäÔöäÔöäÔöäÔöäÔöäÔöäÔöäÔöäÔöäÔöäÔöäÔöäÔöäÔöäÔöäÔöäÔöäÔöäÔöäÔöäÔöäÔöäÔöäÔöäÔöäÔöäÔöäÔöäÔöäÔöäÔöäÔöäÔöäÔöäÔöäÔöäÔöäÔöäÔöäÔöäÔöäÔöäÔöäÔöäÔöäÔöäÔöäÔöäÔöäÔöäÔöäÔöäÔöäÔöäÔöäÔöäÔöäÔöäÔöäÔöä[0m
[38;5;12mÔöé ­ƒÆí [Tag] Message 6[0m
[38;5;12mÔööÔöÇÔöÇÔöÇÔöÇÔöÇÔöÇÔöÇÔöÇÔöÇÔöÇÔöÇÔöÇÔöÇÔöÇÔöÇÔöÇÔöÇÔöÇÔöÇÔöÇÔöÇÔöÇÔöÇÔöÇÔöÇÔöÇÔöÇÔöÇÔöÇÔöÇÔöÇÔöÇÔöÇÔöÇÔöÇÔöÇÔöÇÔöÇÔöÇÔöÇÔöÇÔöÇÔöÇÔöÇÔöÇÔöÇÔöÇÔöÇÔöÇÔöÇÔöÇÔöÇÔöÇÔöÇÔöÇÔöÇÔöÇÔöÇÔöÇÔöÇÔöÇÔöÇÔöÇÔöÇÔöÇÔöÇÔöÇÔöÇÔöÇÔöÇÔöÇÔöÇÔöÇÔöÇÔöÇÔöÇÔöÇÔöÇÔöÇ[0m
[38;5;12mÔöîÔöÇÔöÇÔöÇÔöÇÔöÇÔöÇÔöÇÔöÇÔöÇÔöÇÔöÇÔöÇÔöÇÔöÇÔöÇÔöÇÔöÇÔöÇÔöÇÔöÇÔöÇÔöÇÔöÇÔöÇÔöÇÔöÇÔöÇÔöÇÔöÇÔöÇÔöÇÔöÇÔöÇÔöÇÔöÇÔöÇÔöÇÔöÇÔöÇÔöÇÔöÇÔöÇÔöÇÔöÇÔöÇÔöÇÔöÇÔöÇÔöÇÔöÇÔöÇÔöÇÔöÇÔöÇÔöÇÔöÇÔöÇÔöÇÔöÇÔöÇÔöÇÔöÇÔöÇÔöÇÔöÇÔöÇÔöÇÔöÇÔöÇÔöÇÔöÇÔöÇÔöÇÔöÇÔöÇÔöÇÔöÇÔöÇÔöÇ[0m
[38;5;12mÔöé 01:00:45.875 (+0:00:00.013177)[0m
[38;5;12mÔö£ÔöäÔöäÔöäÔöäÔöäÔöäÔöäÔöäÔöäÔöäÔöäÔöäÔöäÔöäÔöäÔöäÔöäÔöäÔöäÔöäÔöäÔöäÔöäÔöäÔöäÔöäÔöäÔöäÔöäÔöäÔöäÔöäÔöäÔöäÔöäÔöäÔöäÔöäÔöäÔöäÔöäÔöäÔöäÔöäÔöäÔöäÔöäÔöäÔöäÔöäÔöäÔöäÔöäÔöäÔöäÔöäÔöäÔöäÔöäÔöäÔöäÔöäÔöäÔöäÔöäÔöäÔöäÔöäÔöäÔöäÔöäÔöäÔöäÔöäÔöäÔöäÔöäÔöäÔöä[0m
[38;5;12mÔöé ­ƒÆí [Tag] Message 7[0m
[38;5;12mÔööÔöÇÔöÇÔöÇÔöÇÔöÇÔöÇÔöÇÔöÇÔöÇÔöÇÔöÇÔöÇÔöÇÔöÇÔöÇÔöÇÔöÇÔöÇÔöÇÔöÇÔöÇÔöÇÔöÇÔöÇÔöÇÔöÇÔöÇÔöÇÔöÇÔöÇÔöÇÔöÇÔöÇÔöÇÔöÇÔöÇÔöÇÔöÇÔöÇÔöÇÔöÇÔöÇÔöÇÔöÇÔöÇÔöÇÔöÇÔöÇÔöÇÔöÇÔöÇÔöÇÔöÇÔöÇÔöÇÔöÇÔöÇÔöÇÔöÇÔöÇÔöÇÔöÇÔöÇÔöÇÔöÇÔöÇÔöÇÔöÇÔöÇÔöÇÔöÇÔöÇÔöÇÔöÇÔöÇÔöÇÔöÇÔöÇÔöÇ[0m
[38;5;12mÔöîÔöÇÔöÇÔöÇÔöÇÔöÇÔöÇÔöÇÔöÇÔöÇÔöÇÔöÇÔöÇÔöÇÔöÇÔöÇÔöÇÔöÇÔöÇÔöÇÔöÇÔöÇÔöÇÔöÇÔöÇÔöÇÔöÇÔöÇÔöÇÔöÇÔöÇÔöÇÔöÇÔöÇÔöÇÔöÇÔöÇÔöÇÔöÇÔöÇÔöÇÔöÇÔöÇÔöÇÔöÇÔöÇÔöÇÔöÇÔöÇÔöÇÔöÇÔöÇÔöÇÔöÇÔöÇÔöÇÔöÇÔöÇÔöÇÔöÇÔöÇÔöÇÔöÇÔöÇÔöÇÔöÇÔöÇÔöÇÔöÇÔöÇÔöÇÔöÇÔöÇÔöÇÔöÇÔöÇÔöÇÔöÇÔöÇÔöÇ[0m
[38;5;12mÔöé 01:00:45.876 (+0:00:00.014404)[0m
[38;5;12mÔö£ÔöäÔöäÔöäÔöäÔöäÔöäÔöäÔöäÔöäÔöäÔöäÔöäÔöäÔöäÔöäÔöäÔöäÔöäÔöäÔöäÔöäÔöäÔöäÔöäÔöäÔöäÔöäÔöäÔöäÔöäÔöäÔöäÔöäÔöäÔöäÔöäÔöäÔöäÔöäÔöäÔöäÔöäÔöäÔöäÔöäÔöäÔöäÔöäÔöäÔöäÔöäÔöäÔöäÔöäÔöäÔöäÔöäÔöäÔöäÔöäÔöäÔöäÔöäÔöäÔöäÔöäÔöäÔöäÔöäÔöäÔöäÔöäÔöäÔöäÔöäÔöäÔöäÔöäÔöä[0m
[38;5;12mÔöé ­ƒÆí [Tag] Message 8[0m
[38;5;12mÔööÔöÇÔöÇÔöÇÔöÇÔöÇÔöÇÔöÇÔöÇÔöÇÔöÇÔöÇÔöÇÔöÇÔöÇÔöÇÔöÇÔöÇÔöÇÔöÇÔöÇÔöÇÔöÇÔöÇÔöÇÔöÇÔöÇÔöÇÔöÇÔöÇÔöÇÔöÇÔöÇÔöÇÔöÇÔöÇÔöÇÔöÇÔöÇÔöÇÔöÇÔöÇÔöÇÔöÇÔöÇÔöÇÔöÇÔöÇÔöÇÔöÇÔöÇÔöÇÔöÇÔöÇÔöÇÔöÇÔöÇÔöÇÔöÇÔöÇÔöÇÔöÇÔöÇÔöÇÔöÇÔöÇÔöÇÔöÇÔöÇÔöÇÔöÇÔöÇÔöÇÔöÇÔöÇÔöÇÔöÇÔöÇÔöÇÔöÇ[0m
[38;5;12mÔöîÔöÇÔöÇÔöÇÔöÇÔöÇÔöÇÔöÇÔöÇÔöÇÔöÇÔöÇÔöÇÔöÇÔöÇÔöÇÔöÇÔöÇÔöÇÔöÇÔöÇÔöÇÔöÇÔöÇÔöÇÔöÇÔöÇÔöÇÔöÇÔöÇÔöÇÔöÇÔöÇÔöÇÔöÇÔöÇÔöÇÔöÇÔöÇÔöÇÔöÇÔöÇÔöÇÔöÇÔöÇÔöÇÔöÇÔöÇÔöÇÔöÇÔöÇÔöÇÔöÇÔöÇÔöÇÔöÇÔöÇÔöÇÔöÇÔöÇÔöÇÔöÇÔöÇÔöÇÔöÇÔöÇÔöÇÔöÇÔöÇÔöÇÔöÇÔöÇÔöÇÔöÇÔöÇÔöÇÔöÇÔöÇÔöÇÔöÇ[0m
[38;5;12mÔöé 01:00:45.876 (+0:00:00.014404)[0m
[38;5;12mÔö£ÔöäÔöäÔöäÔöäÔöäÔöäÔöäÔöäÔöäÔöäÔöäÔöäÔöäÔöäÔöäÔöäÔöäÔöäÔöäÔöäÔöäÔöäÔöäÔöäÔöäÔöäÔöäÔöäÔöäÔöäÔöäÔöäÔöäÔöäÔöäÔöäÔöäÔöäÔöäÔöäÔöäÔöäÔöäÔöäÔöäÔöäÔöäÔöäÔöäÔöäÔöäÔöäÔöäÔöäÔöäÔöäÔöäÔöäÔöäÔöäÔöäÔöäÔöäÔöäÔöäÔöäÔöäÔöäÔöäÔöäÔöäÔöäÔöäÔöäÔöäÔöäÔöäÔöäÔöä[0m
[38;5;12mÔöé ­ƒÆí [Tag] Message 9[0m
[38;5;12mÔööÔöÇÔöÇÔöÇÔöÇÔöÇÔöÇÔöÇÔöÇÔöÇÔöÇÔöÇÔöÇÔöÇÔöÇÔöÇÔöÇÔöÇÔöÇÔöÇÔöÇÔöÇÔöÇÔöÇÔöÇÔöÇÔöÇÔöÇÔöÇÔöÇÔöÇÔöÇÔöÇÔöÇÔöÇÔöÇÔöÇÔöÇÔöÇÔöÇÔöÇÔöÇÔöÇÔöÇÔöÇÔöÇÔöÇÔöÇÔöÇÔöÇÔöÇÔöÇÔöÇÔöÇÔöÇÔöÇÔöÇÔöÇÔöÇÔöÇÔöÇÔöÇÔöÇÔöÇÔöÇÔöÇÔöÇÔöÇÔöÇÔöÇÔöÇÔöÇÔöÇÔöÇÔöÇÔöÇÔöÇÔöÇÔöÇÔöÇ[0m
[38;5;12mÔöîÔöÇÔöÇÔöÇÔöÇÔöÇÔöÇÔöÇÔöÇÔöÇÔöÇÔöÇÔöÇÔöÇÔöÇÔöÇÔöÇÔöÇÔöÇÔöÇÔöÇÔöÇÔöÇÔöÇÔöÇÔöÇÔöÇÔöÇÔöÇÔöÇÔöÇÔöÇÔöÇÔöÇÔöÇÔöÇÔöÇÔöÇÔöÇÔöÇÔöÇÔöÇÔöÇÔöÇÔöÇÔöÇÔöÇÔöÇÔöÇÔöÇÔöÇÔöÇÔöÇÔöÇÔöÇÔöÇÔöÇÔöÇÔöÇÔöÇÔöÇÔöÇÔöÇÔöÇÔöÇÔöÇÔöÇÔöÇÔöÇÔöÇÔöÇÔöÇÔöÇÔöÇÔöÇÔöÇÔöÇÔöÇÔöÇÔöÇ[0m
[38;5;12mÔöé 01:00:45.876 (+0:00:00.014404)[0m
[38;5;12mÔö£ÔöäÔöäÔöäÔöäÔöäÔöäÔöäÔöäÔöäÔöäÔöäÔöäÔöäÔöäÔöäÔöäÔöäÔöäÔöäÔöäÔöäÔöäÔöäÔöäÔöäÔöäÔöäÔöäÔöäÔöäÔöäÔöäÔöäÔöäÔöäÔöäÔöäÔöäÔöäÔöäÔöäÔöäÔöäÔöäÔöäÔöäÔöäÔöäÔöäÔöäÔöäÔöäÔöäÔöäÔöäÔöäÔöäÔöäÔöäÔöäÔöäÔöäÔöäÔöäÔöäÔöäÔöäÔöäÔöäÔöäÔöäÔöäÔöäÔöäÔöäÔöäÔöäÔöäÔöä[0m
[38;5;12mÔöé ­ƒÆí [Tag] Message 10[0m
[38;5;12mÔööÔöÇÔöÇÔöÇÔöÇÔöÇÔöÇÔöÇÔöÇÔöÇÔöÇÔöÇÔöÇÔöÇÔöÇÔöÇÔöÇÔöÇÔöÇÔöÇÔöÇÔöÇÔöÇÔöÇÔöÇÔöÇÔöÇÔöÇÔöÇÔöÇÔöÇÔöÇÔöÇÔöÇÔöÇÔöÇÔöÇÔöÇÔöÇÔöÇÔöÇÔöÇÔöÇÔöÇÔöÇÔöÇÔöÇÔöÇÔöÇÔöÇÔöÇÔöÇÔöÇÔöÇÔöÇÔöÇÔöÇÔöÇÔöÇÔöÇÔöÇÔöÇÔöÇÔöÇÔöÇÔöÇÔöÇÔöÇÔöÇÔöÇÔöÇÔöÇÔöÇÔöÇÔöÇÔöÇÔöÇÔöÇÔöÇÔöÇ[0m
[38;5;12mÔöîÔöÇÔöÇÔöÇÔöÇÔöÇÔöÇÔöÇÔöÇÔöÇÔöÇÔöÇÔöÇÔöÇÔöÇÔöÇÔöÇÔöÇÔöÇÔöÇÔöÇÔöÇÔöÇÔöÇÔöÇÔöÇÔöÇÔöÇÔöÇÔöÇÔöÇÔöÇÔöÇÔöÇÔöÇÔöÇÔöÇÔöÇÔöÇÔöÇÔöÇÔöÇÔöÇÔöÇÔöÇÔöÇÔöÇÔöÇÔöÇÔöÇÔöÇÔöÇÔöÇÔöÇÔöÇÔöÇÔöÇÔöÇÔöÇÔöÇÔöÇÔöÇÔöÇÔöÇÔöÇÔöÇÔöÇÔöÇÔöÇÔöÇÔöÇÔöÇÔöÇÔöÇÔöÇÔöÇÔöÇÔöÇÔöÇÔöÇ[0m
[38;5;12mÔöé 01:00:45.876 (+0:00:00.014404)[0m
[38;5;12mÔö£ÔöäÔöäÔöäÔöäÔöäÔöäÔöäÔöäÔöäÔöäÔöäÔöäÔöäÔöäÔöäÔöäÔöäÔöäÔöäÔöäÔöäÔöäÔöäÔöäÔöäÔöäÔöäÔöäÔöäÔöäÔöäÔöäÔöäÔöäÔöäÔöäÔöäÔöäÔöäÔöäÔöäÔöäÔöäÔöäÔöäÔöäÔöäÔöäÔöäÔöäÔöäÔöäÔöäÔöäÔöäÔöäÔöäÔöäÔöäÔöäÔöäÔöäÔöäÔöäÔöäÔöäÔöäÔöäÔöäÔöäÔöäÔöäÔöäÔöäÔöäÔöäÔöäÔöäÔöä[0m
[38;5;12mÔöé ­ƒÆí [Tag] Message 11[0m
[38;5;12mÔööÔöÇÔöÇÔöÇÔöÇÔöÇÔöÇÔöÇÔöÇÔöÇÔöÇÔöÇÔöÇÔöÇÔöÇÔöÇÔöÇÔöÇÔöÇÔöÇÔöÇÔöÇÔöÇÔöÇÔöÇÔöÇÔöÇÔöÇÔöÇÔöÇÔöÇÔöÇÔöÇÔöÇÔöÇÔöÇÔöÇÔöÇÔöÇÔöÇÔöÇÔöÇÔöÇÔöÇÔöÇÔöÇÔöÇÔöÇÔöÇÔöÇÔöÇÔöÇÔöÇÔöÇÔöÇÔöÇÔöÇÔöÇÔöÇÔöÇÔöÇÔöÇÔöÇÔöÇÔöÇÔöÇÔöÇÔöÇÔöÇÔöÇÔöÇÔöÇÔöÇÔöÇÔöÇÔöÇÔöÇÔöÇÔöÇÔöÇ[0m
[38;5;12mÔöîÔöÇÔöÇÔöÇÔöÇÔöÇÔöÇÔöÇÔöÇÔöÇÔöÇÔöÇÔöÇÔöÇÔöÇÔöÇÔöÇÔöÇÔöÇÔöÇÔöÇÔöÇÔöÇÔöÇÔöÇÔöÇÔöÇÔöÇÔöÇÔöÇÔöÇÔöÇÔöÇÔöÇÔöÇÔöÇÔöÇÔöÇÔöÇÔöÇÔöÇÔöÇÔöÇÔöÇÔöÇÔöÇÔöÇÔöÇÔöÇÔöÇÔöÇÔöÇÔöÇÔöÇÔöÇÔöÇÔöÇÔöÇÔöÇÔöÇÔöÇÔöÇÔöÇÔöÇÔöÇÔöÇÔöÇÔöÇÔöÇÔöÇÔöÇÔöÇÔöÇÔöÇÔöÇÔöÇÔöÇÔöÇÔöÇÔöÇ[0m
[38;5;12mÔöé 01:00:45.876 (+0:00:00.014404)[0m
[38;5;12mÔö£ÔöäÔöäÔöäÔöäÔöäÔöäÔöäÔöäÔöäÔöäÔöäÔöäÔöäÔöäÔöäÔöäÔöäÔöäÔöäÔöäÔöäÔöäÔöäÔöäÔöäÔöäÔöäÔöäÔöäÔöäÔöäÔöäÔöäÔöäÔöäÔöäÔöäÔöäÔöäÔöäÔöäÔöäÔöäÔöäÔöäÔöäÔöäÔöäÔöäÔöäÔöäÔöäÔöäÔöäÔöäÔöäÔöäÔöäÔöäÔöäÔöäÔöäÔöäÔöäÔöäÔöäÔöäÔöäÔöäÔöäÔöäÔöäÔöäÔöäÔöäÔöäÔöäÔöäÔöä[0m
[38;5;12mÔöé ­ƒÆí [Tag] Message 12[0m
[38;5;12mÔööÔöÇÔöÇÔöÇÔöÇÔöÇÔöÇÔöÇÔöÇÔöÇÔöÇÔöÇÔöÇÔöÇÔöÇÔöÇÔöÇÔöÇÔöÇÔöÇÔöÇÔöÇÔöÇÔöÇÔöÇÔöÇÔöÇÔöÇÔöÇÔöÇÔöÇÔöÇÔöÇÔöÇÔöÇÔöÇÔöÇÔöÇÔöÇÔöÇÔöÇÔöÇÔöÇÔöÇÔöÇÔöÇÔöÇÔöÇÔöÇÔöÇÔöÇÔöÇÔöÇÔöÇÔöÇÔöÇÔöÇÔöÇÔöÇÔöÇÔöÇÔöÇÔöÇÔöÇÔöÇÔöÇÔöÇÔöÇÔöÇÔöÇÔöÇÔöÇÔöÇÔöÇÔöÇÔöÇÔöÇÔöÇÔöÇÔöÇ[0m
[38;5;12mÔöîÔöÇÔöÇÔöÇÔöÇÔöÇÔöÇÔöÇÔöÇÔöÇÔöÇÔöÇÔöÇÔöÇÔöÇÔöÇÔöÇÔöÇÔöÇÔöÇÔöÇÔöÇÔöÇÔöÇÔöÇÔöÇÔöÇÔöÇÔöÇÔöÇÔöÇÔöÇÔöÇÔöÇÔöÇÔöÇÔöÇÔöÇÔöÇÔöÇÔöÇÔöÇÔöÇÔöÇÔöÇÔöÇÔöÇÔöÇÔöÇÔöÇÔöÇÔöÇÔöÇÔöÇÔöÇÔöÇÔöÇÔöÇÔöÇÔöÇÔöÇÔöÇÔöÇÔöÇÔöÇÔöÇÔöÇÔöÇÔöÇÔöÇÔöÇÔöÇÔöÇÔöÇÔöÇÔöÇÔöÇÔöÇÔöÇÔöÇ[0m
[38;5;12mÔöé 01:00:45.876 (+0:00:00.014404)[0m
[38;5;12mÔö£ÔöäÔöäÔöäÔöäÔöäÔöäÔöäÔöäÔöäÔöäÔöäÔöäÔöäÔöäÔöäÔöäÔöäÔöäÔöäÔöäÔöäÔöäÔöäÔöäÔöäÔöäÔöäÔöäÔöäÔöäÔöäÔöäÔöäÔöäÔöäÔöäÔöäÔöäÔöäÔöäÔöäÔöäÔöäÔöäÔöäÔöäÔöäÔöäÔöäÔöäÔöäÔöäÔöäÔöäÔöäÔöäÔöäÔöäÔöäÔöäÔöäÔöäÔöäÔöäÔöäÔöäÔöäÔöäÔöäÔöäÔöäÔöäÔöäÔöäÔöäÔöäÔöäÔöäÔöä[0m
[38;5;12mÔöé ­ƒÆí [Tag] Message 13[0m
[38;5;12mÔööÔöÇÔöÇÔöÇÔöÇÔöÇÔöÇÔöÇÔöÇÔöÇÔöÇÔöÇÔöÇÔöÇÔöÇÔöÇÔöÇÔöÇÔöÇÔöÇÔöÇÔöÇÔöÇÔöÇÔöÇÔöÇÔöÇÔöÇÔöÇÔöÇÔöÇÔöÇÔöÇÔöÇÔöÇÔöÇÔöÇÔöÇÔöÇÔöÇÔöÇÔöÇÔöÇÔöÇÔöÇÔöÇÔöÇÔöÇÔöÇÔöÇÔöÇÔöÇÔöÇÔöÇÔöÇÔöÇÔöÇÔöÇÔöÇÔöÇÔöÇÔöÇÔöÇÔöÇÔöÇÔöÇÔöÇÔöÇÔöÇÔöÇÔöÇÔöÇÔöÇÔöÇÔöÇÔöÇÔöÇÔöÇÔöÇÔöÇ[0m
[38;5;12mÔöîÔöÇÔöÇÔöÇÔöÇÔöÇÔöÇÔöÇÔöÇÔöÇÔöÇÔöÇÔöÇÔöÇÔöÇÔöÇÔöÇÔöÇÔöÇÔöÇÔöÇÔöÇÔöÇÔöÇÔöÇÔöÇÔöÇÔöÇÔöÇÔöÇÔöÇÔöÇÔöÇÔöÇÔöÇÔöÇÔöÇÔöÇÔöÇÔöÇÔöÇÔöÇÔöÇÔöÇÔöÇÔöÇÔöÇÔöÇÔöÇÔöÇÔöÇÔöÇÔöÇÔöÇÔöÇÔöÇÔöÇÔöÇÔöÇÔöÇÔöÇÔöÇÔöÇÔöÇÔöÇÔöÇÔöÇÔöÇÔöÇÔöÇÔöÇÔöÇÔöÇÔöÇÔöÇÔöÇÔöÇÔöÇÔöÇÔöÇ[0m
[38;5;12mÔöé 01:00:45.876 (+0:00:00.014404)[0m
[38;5;12mÔö£ÔöäÔöäÔöäÔöäÔöäÔöäÔöäÔöäÔöäÔöäÔöäÔöäÔöäÔöäÔöäÔöäÔöäÔöäÔöäÔöäÔöäÔöäÔöäÔöäÔöäÔöäÔöäÔöäÔöäÔöäÔöäÔöäÔöäÔöäÔöäÔöäÔöäÔöäÔöäÔöäÔöäÔöäÔöäÔöäÔöäÔöäÔöäÔöäÔöäÔöäÔöäÔöäÔöäÔöäÔöäÔöäÔöäÔöäÔöäÔöäÔöäÔöäÔöäÔöäÔöäÔöäÔöäÔöäÔöäÔöäÔöäÔöäÔöäÔöäÔöäÔöäÔöäÔöäÔöä[0m
[38;5;12mÔöé ­ƒÆí [Tag] Message 14[0m
[38;5;12mÔööÔöÇÔöÇÔöÇÔöÇÔöÇÔöÇÔöÇÔöÇÔöÇÔöÇÔöÇÔöÇÔöÇÔöÇÔöÇÔöÇÔöÇÔöÇÔöÇÔöÇÔöÇÔöÇÔöÇÔöÇÔöÇÔöÇÔöÇÔöÇÔöÇÔöÇÔöÇÔöÇÔöÇÔöÇÔöÇÔöÇÔöÇÔöÇÔöÇÔöÇÔöÇÔöÇÔöÇÔöÇÔöÇÔöÇÔöÇÔöÇÔöÇÔöÇÔöÇÔöÇÔöÇÔöÇÔöÇÔöÇÔöÇÔöÇÔöÇÔöÇÔöÇÔöÇÔöÇÔöÇÔöÇÔöÇÔöÇÔöÇÔöÇÔöÇÔöÇÔöÇÔöÇÔöÇÔöÇÔöÇÔöÇÔöÇÔöÇ[0m
[38;5;12mÔöîÔöÇÔöÇÔöÇÔöÇÔöÇÔöÇÔöÇÔöÇÔöÇÔöÇÔöÇÔöÇÔöÇÔöÇÔöÇÔöÇÔöÇÔöÇÔöÇÔöÇÔöÇÔöÇÔöÇÔöÇÔöÇÔöÇÔöÇÔöÇÔöÇÔöÇÔöÇÔöÇÔöÇÔöÇÔöÇÔöÇÔöÇÔöÇÔöÇÔöÇÔöÇÔöÇÔöÇÔöÇÔöÇÔöÇÔöÇÔöÇÔöÇÔöÇÔöÇÔöÇÔöÇÔöÇÔöÇÔöÇÔöÇÔöÇÔöÇÔöÇÔöÇÔöÇÔöÇÔöÇÔöÇÔöÇÔöÇÔöÇÔöÇÔöÇÔöÇÔöÇÔöÇÔöÇÔöÇÔöÇÔöÇÔöÇÔöÇ[0m
[38;5;12mÔöé 01:00:45.876 (+0:00:00.014404)[0m
[38;5;12mÔö£ÔöäÔöäÔöäÔöäÔöäÔöäÔöäÔöäÔöäÔöäÔöäÔöäÔöäÔöäÔöäÔöäÔöäÔöäÔöäÔöäÔöäÔöäÔöäÔöäÔöäÔöäÔöäÔöäÔöäÔöäÔöäÔöäÔöäÔöäÔöäÔöäÔöäÔöäÔöäÔöäÔöäÔöäÔöäÔöäÔöäÔöäÔöäÔöäÔöäÔöäÔöäÔöäÔöäÔöäÔöäÔöäÔöäÔöäÔöäÔöäÔöäÔöäÔöäÔöäÔöäÔöäÔöäÔöäÔöäÔöäÔöäÔöäÔöäÔöäÔöäÔöäÔöäÔöäÔöä[0m
[38;5;12mÔöé ­ƒÆí [Tag] Message 15[0m
[38;5;12mÔööÔöÇÔöÇÔöÇÔöÇÔöÇÔöÇÔöÇÔöÇÔöÇÔöÇÔöÇÔöÇÔöÇÔöÇÔöÇÔöÇÔöÇÔöÇÔöÇÔöÇÔöÇÔöÇÔöÇÔöÇÔöÇÔöÇÔöÇÔöÇÔöÇÔöÇÔöÇÔöÇÔöÇÔöÇÔöÇÔöÇÔöÇÔöÇÔöÇÔöÇÔöÇÔöÇÔöÇÔöÇÔöÇÔöÇÔöÇÔöÇÔöÇÔöÇÔöÇÔöÇÔöÇÔöÇÔöÇÔöÇÔöÇÔöÇÔöÇÔöÇÔöÇÔöÇÔöÇÔöÇÔöÇÔöÇÔöÇÔöÇÔöÇÔöÇÔöÇÔöÇÔöÇÔöÇÔöÇÔöÇÔöÇÔöÇÔöÇ[0m
[38;5;12mÔöîÔöÇÔöÇÔöÇÔöÇÔöÇÔöÇÔöÇÔöÇÔöÇÔöÇÔöÇÔöÇÔöÇÔöÇÔöÇÔöÇÔöÇÔöÇÔöÇÔöÇÔöÇÔöÇÔöÇÔöÇÔöÇÔöÇÔöÇÔöÇÔöÇÔöÇÔöÇÔöÇÔöÇÔöÇÔöÇÔöÇÔöÇÔöÇÔöÇÔöÇÔöÇÔöÇÔöÇÔöÇÔöÇÔöÇÔöÇÔöÇÔöÇÔöÇÔöÇÔöÇÔöÇÔöÇÔöÇÔöÇÔöÇÔöÇÔöÇÔöÇÔöÇÔöÇÔöÇÔöÇÔöÇÔöÇÔöÇÔöÇÔöÇÔöÇÔöÇÔöÇÔöÇÔöÇÔöÇÔöÇÔöÇÔöÇÔöÇ[0m
[38;5;12mÔöé 01:00:45.876 (+0:00:00.014404)[0m
[38;5;12mÔö£ÔöäÔöäÔöäÔöäÔöäÔöäÔöäÔöäÔöäÔöäÔöäÔöäÔöäÔöäÔöäÔöäÔöäÔöäÔöäÔöäÔöäÔöäÔöäÔöäÔöäÔöäÔöäÔöäÔöäÔöäÔöäÔöäÔöäÔöäÔöäÔöäÔöäÔöäÔöäÔöäÔöäÔöäÔöäÔöäÔöäÔöäÔöäÔöäÔöäÔöäÔöäÔöäÔöäÔöäÔöäÔöäÔöäÔöäÔöäÔöäÔöäÔöäÔöäÔöäÔöäÔöäÔöäÔöäÔöäÔöäÔöäÔöäÔöäÔöäÔöäÔöäÔöäÔöäÔöä[0m
[38;5;12mÔöé ­ƒÆí [Tag] Message 16[0m
[38;5;12mÔööÔöÇÔöÇÔöÇÔöÇÔöÇÔöÇÔöÇÔöÇÔöÇÔöÇÔöÇÔöÇÔöÇÔöÇÔöÇÔöÇÔöÇÔöÇÔöÇÔöÇÔöÇÔöÇÔöÇÔöÇÔöÇÔöÇÔöÇÔöÇÔöÇÔöÇÔöÇÔöÇÔöÇÔöÇÔöÇÔöÇÔöÇÔöÇÔöÇÔöÇÔöÇÔöÇÔöÇÔöÇÔöÇÔöÇÔöÇÔöÇÔöÇÔöÇÔöÇÔöÇÔöÇÔöÇÔöÇÔöÇÔöÇÔöÇÔöÇÔöÇÔöÇÔöÇÔöÇÔöÇÔöÇÔöÇÔöÇÔöÇÔöÇÔöÇÔöÇÔöÇÔöÇÔöÇÔöÇÔöÇÔöÇÔöÇÔöÇ[0m
[38;5;12mÔöîÔöÇÔöÇÔöÇÔöÇÔöÇÔöÇÔöÇÔöÇÔöÇÔöÇÔöÇÔöÇÔöÇÔöÇÔöÇÔöÇÔöÇÔöÇÔöÇÔöÇÔöÇÔöÇÔöÇÔöÇÔöÇÔöÇÔöÇÔöÇÔöÇÔöÇÔöÇÔöÇÔöÇÔöÇÔöÇÔöÇÔöÇÔöÇÔöÇÔöÇÔöÇÔöÇÔöÇÔöÇÔöÇÔöÇÔöÇÔöÇÔöÇÔöÇÔöÇÔöÇÔöÇÔöÇÔöÇÔöÇÔöÇÔöÇÔöÇÔöÇÔöÇÔöÇÔöÇÔöÇÔöÇÔöÇÔöÇÔöÇÔöÇÔöÇÔöÇÔöÇÔöÇÔöÇÔöÇÔöÇÔöÇÔöÇÔöÇ[0m
[38;5;12mÔöé 01:00:45.876 (+0:00:00.014404)[0m
[38;5;12mÔö£ÔöäÔöäÔöäÔöäÔöäÔöäÔöäÔöäÔöäÔöäÔöäÔöäÔöäÔöäÔöäÔöäÔöäÔöäÔöäÔöäÔöäÔöäÔöäÔöäÔöäÔöäÔöäÔöäÔöäÔöäÔöäÔöäÔöäÔöäÔöäÔöäÔöäÔöäÔöäÔöäÔöäÔöäÔöäÔöäÔöäÔöäÔöäÔöäÔöäÔöäÔöäÔöäÔöäÔöäÔöäÔöäÔöäÔöäÔöäÔöäÔöäÔöäÔöäÔöäÔöäÔöäÔöäÔöäÔöäÔöäÔöäÔöäÔöäÔöäÔöäÔöäÔöäÔöäÔöä[0m
[38;5;12mÔöé ­ƒÆí [Tag] Message 17[0m
[38;5;12mÔööÔöÇÔöÇÔöÇÔöÇÔöÇÔöÇÔöÇÔöÇÔöÇÔöÇÔöÇÔöÇÔöÇÔöÇÔöÇÔöÇÔöÇÔöÇÔöÇÔöÇÔöÇÔöÇÔöÇÔöÇÔöÇÔöÇÔöÇÔöÇÔöÇÔöÇÔöÇÔöÇÔöÇÔöÇÔöÇÔöÇÔöÇÔöÇÔöÇÔöÇÔöÇÔöÇÔöÇÔöÇÔöÇÔöÇÔöÇÔöÇÔöÇÔöÇÔöÇÔöÇÔöÇÔöÇÔöÇÔöÇÔöÇÔöÇÔöÇÔöÇÔöÇÔöÇÔöÇÔöÇÔöÇÔöÇÔöÇÔöÇÔöÇÔöÇÔöÇÔöÇÔöÇÔöÇÔöÇÔöÇÔöÇÔöÇÔöÇ[0m
[38;5;12mÔöîÔöÇÔöÇÔöÇÔöÇÔöÇÔöÇÔöÇÔöÇÔöÇÔöÇÔöÇÔöÇÔöÇÔöÇÔöÇÔöÇÔöÇÔöÇÔöÇÔöÇÔöÇÔöÇÔöÇÔöÇÔöÇÔöÇÔöÇÔöÇÔöÇÔöÇÔöÇÔöÇÔöÇÔöÇÔöÇÔöÇÔöÇÔöÇÔöÇÔöÇÔöÇÔöÇÔöÇÔöÇÔöÇÔöÇÔöÇÔöÇÔöÇÔöÇÔöÇÔöÇÔöÇÔöÇÔöÇÔöÇÔöÇÔöÇÔöÇÔöÇÔöÇÔöÇÔöÇÔöÇÔöÇÔöÇÔöÇÔöÇÔöÇÔöÇÔöÇÔöÇÔöÇÔöÇÔöÇÔöÇÔöÇÔöÇÔöÇ[0m
[38;5;12mÔöé 01:00:45.876 (+0:00:00.014404)[0m
[38;5;12mÔö£ÔöäÔöäÔöäÔöäÔöäÔöäÔöäÔöäÔöäÔöäÔöäÔöäÔöäÔöäÔöäÔöäÔöäÔöäÔöäÔöäÔöäÔöäÔöäÔöäÔöäÔöäÔöäÔöäÔöäÔöäÔöäÔöäÔöäÔöäÔöäÔöäÔöäÔöäÔöäÔöäÔöäÔöäÔöäÔöäÔöäÔöäÔöäÔöäÔöäÔöäÔöäÔöäÔöäÔöäÔöäÔöäÔöäÔöäÔöäÔöäÔöäÔöäÔöäÔöäÔöäÔöäÔöäÔöäÔöäÔöäÔöäÔöäÔöäÔöäÔöäÔöäÔöäÔöäÔöä[0m
[38;5;12mÔöé ­ƒÆí [Tag] Message 18[0m
[38;5;12mÔööÔöÇÔöÇÔöÇÔöÇÔöÇÔöÇÔöÇÔöÇÔöÇÔöÇÔöÇÔöÇÔöÇÔöÇÔöÇÔöÇÔöÇÔöÇÔöÇÔöÇÔöÇÔöÇÔöÇÔöÇÔöÇÔöÇÔöÇÔöÇÔöÇÔöÇÔöÇÔöÇÔöÇÔöÇÔöÇÔöÇÔöÇÔöÇÔöÇÔöÇÔöÇÔöÇÔöÇÔöÇÔöÇÔöÇÔöÇÔöÇÔöÇÔöÇÔöÇÔöÇÔöÇÔöÇÔöÇÔöÇÔöÇÔöÇÔöÇÔöÇÔöÇÔöÇÔöÇÔöÇÔöÇÔöÇÔöÇÔöÇÔöÇÔöÇÔöÇÔöÇÔöÇÔöÇÔöÇÔöÇÔöÇÔöÇÔöÇ[0m
[38;5;12mÔöîÔöÇÔöÇÔöÇÔöÇÔöÇÔöÇÔöÇÔöÇÔöÇÔöÇÔöÇÔöÇÔöÇÔöÇÔöÇÔöÇÔöÇÔöÇÔöÇÔöÇÔöÇÔöÇÔöÇÔöÇÔöÇÔöÇÔöÇÔöÇÔöÇÔöÇÔöÇÔöÇÔöÇÔöÇÔöÇÔöÇÔöÇÔöÇÔöÇÔöÇÔöÇÔöÇÔöÇÔöÇÔöÇÔöÇÔöÇÔöÇÔöÇÔöÇÔöÇÔöÇÔöÇÔöÇÔöÇÔöÇÔöÇÔöÇÔöÇÔöÇÔöÇÔöÇÔöÇÔöÇÔöÇÔöÇÔöÇÔöÇÔöÇÔöÇÔöÇÔöÇÔöÇÔöÇÔöÇÔöÇÔöÇÔöÇÔöÇ[0m
[38;5;12mÔöé 01:00:45.876 (+0:00:00.014404)[0m
[38;5;12mÔö£ÔöäÔöäÔöäÔöäÔöäÔöäÔöäÔöäÔöäÔöäÔöäÔöäÔöäÔöäÔöäÔöäÔöäÔöäÔöäÔöäÔöäÔöäÔöäÔöäÔöäÔöäÔöäÔöäÔöäÔöäÔöäÔöäÔöäÔöäÔöäÔöäÔöäÔöäÔöäÔöäÔöäÔöäÔöäÔöäÔöäÔöäÔöäÔöäÔöäÔöäÔöäÔöäÔöäÔöäÔöäÔöäÔöäÔöäÔöäÔöäÔöäÔöäÔöäÔöäÔöäÔöäÔöäÔöäÔöäÔöäÔöäÔöäÔöäÔöäÔöäÔöäÔöäÔöäÔöä[0m
[38;5;12mÔöé ­ƒÆí [Tag] Message 19[0m
[38;5;12mÔööÔöÇÔöÇÔöÇÔöÇÔöÇÔöÇÔöÇÔöÇÔöÇÔöÇÔöÇÔöÇÔöÇÔöÇÔöÇÔöÇÔöÇÔöÇÔöÇÔöÇÔöÇÔöÇÔöÇÔöÇÔöÇÔöÇÔöÇÔöÇÔöÇÔöÇÔöÇÔöÇÔöÇÔöÇÔöÇÔöÇÔöÇÔöÇÔöÇÔöÇÔöÇÔöÇÔöÇÔöÇÔöÇÔöÇÔöÇÔöÇÔöÇÔöÇÔöÇÔöÇÔöÇÔöÇÔöÇÔöÇÔöÇÔöÇÔöÇÔöÇÔöÇÔöÇÔöÇÔöÇÔöÇÔöÇÔöÇÔöÇÔöÇÔöÇÔöÇÔöÇÔöÇÔöÇÔöÇÔöÇÔöÇÔöÇÔöÇ[0m
[38;5;12mÔöîÔöÇÔöÇÔöÇÔöÇÔöÇÔöÇÔöÇÔöÇÔöÇÔöÇÔöÇÔöÇÔöÇÔöÇÔöÇÔöÇÔöÇÔöÇÔöÇÔöÇÔöÇÔöÇÔöÇÔöÇÔöÇÔöÇÔöÇÔöÇÔöÇÔöÇÔöÇÔöÇÔöÇÔöÇÔöÇÔöÇÔöÇÔöÇÔöÇÔöÇÔöÇÔöÇÔöÇÔöÇÔöÇÔöÇÔöÇÔöÇÔöÇÔöÇÔöÇÔöÇÔöÇÔöÇÔöÇÔöÇÔöÇÔöÇÔöÇÔöÇÔöÇÔöÇÔöÇÔöÇÔöÇÔöÇÔöÇÔöÇÔöÇÔöÇÔöÇÔöÇÔöÇÔöÇÔöÇÔöÇÔöÇÔöÇÔöÇ[0m
[38;5;12mÔöé 01:00:45.876 (+0:00:00.014404)[0m
[38;5;12mÔö£ÔöäÔöäÔöäÔöäÔöäÔöäÔöäÔöäÔöäÔöäÔöäÔöäÔöäÔöäÔöäÔöäÔöäÔöäÔöäÔöäÔöäÔöäÔöäÔöäÔöäÔöäÔöäÔöäÔöäÔöäÔöäÔöäÔöäÔöäÔöäÔöäÔöäÔöäÔöäÔöäÔöäÔöäÔöäÔöäÔöäÔöäÔöäÔöäÔöäÔöäÔöäÔöäÔöäÔöäÔöäÔöäÔöäÔöäÔöäÔöäÔöäÔöäÔöäÔöäÔöäÔöäÔöäÔöäÔöäÔöäÔöäÔöäÔöäÔöäÔöäÔöäÔöäÔöäÔöä[0m
[38;5;12mÔöé ­ƒÆí [Tag] Message 20[0m
[38;5;12mÔööÔöÇÔöÇÔöÇÔöÇÔöÇÔöÇÔöÇÔöÇÔöÇÔöÇÔöÇÔöÇÔöÇÔöÇÔöÇÔöÇÔöÇÔöÇÔöÇÔöÇÔöÇÔöÇÔöÇÔöÇÔöÇÔöÇÔöÇÔöÇÔöÇÔöÇÔöÇÔöÇÔöÇÔöÇÔöÇÔöÇÔöÇÔöÇÔöÇÔöÇÔöÇÔöÇÔöÇÔöÇÔöÇÔöÇÔöÇÔöÇÔöÇÔöÇÔöÇÔöÇÔöÇÔöÇÔöÇÔöÇÔöÇÔöÇÔöÇÔöÇÔöÇÔöÇÔöÇÔöÇÔöÇÔöÇÔöÇÔöÇÔöÇÔöÇÔöÇÔöÇÔöÇÔöÇÔöÇÔöÇÔöÇÔöÇÔöÇ[0m
[38;5;12mÔöîÔöÇÔöÇÔöÇÔöÇÔöÇÔöÇÔöÇÔöÇÔöÇÔöÇÔöÇÔöÇÔöÇÔöÇÔöÇÔöÇÔöÇÔöÇÔöÇÔöÇÔöÇÔöÇÔöÇÔöÇÔöÇÔöÇÔöÇÔöÇÔöÇÔöÇÔöÇÔöÇÔöÇÔöÇÔöÇÔöÇÔöÇÔöÇÔöÇÔöÇÔöÇÔöÇÔöÇÔöÇÔöÇÔöÇÔöÇÔöÇÔöÇÔöÇÔöÇÔöÇÔöÇÔöÇÔöÇÔöÇÔöÇÔöÇÔöÇÔöÇÔöÇÔöÇÔöÇÔöÇÔöÇÔöÇÔöÇÔöÇÔöÇÔöÇÔöÇÔöÇÔöÇÔöÇÔöÇÔöÇÔöÇÔöÇÔöÇ[0m
[38;5;12mÔöé 01:00:45.876 (+0:00:00.014404)[0m
[38;5;12mÔö£ÔöäÔöäÔöäÔöäÔöäÔöäÔöäÔöäÔöäÔöäÔöäÔöäÔöäÔöäÔöäÔöäÔöäÔöäÔöäÔöäÔöäÔöäÔöäÔöäÔöäÔöäÔöäÔöäÔöäÔöäÔöäÔöäÔöäÔöäÔöäÔöäÔöäÔöäÔöäÔöäÔöäÔöäÔöäÔöäÔöäÔöäÔöäÔöäÔöäÔöäÔöäÔöäÔöäÔöäÔöäÔöäÔöäÔöäÔöäÔöäÔöäÔöäÔöäÔöäÔöäÔöäÔöäÔöäÔöäÔöäÔöäÔöäÔöäÔöäÔöäÔöäÔöäÔöäÔöä[0m
[38;5;12mÔöé ­ƒÆí [Tag] Message 21[0m
[38;5;12mÔööÔöÇÔöÇÔöÇÔöÇÔöÇÔöÇÔöÇÔöÇÔöÇÔöÇÔöÇÔöÇÔöÇÔöÇÔöÇÔöÇÔöÇÔöÇÔöÇÔöÇÔöÇÔöÇÔöÇÔöÇÔöÇÔöÇÔöÇÔöÇÔöÇÔöÇÔöÇÔöÇÔöÇÔöÇÔöÇÔöÇÔöÇÔöÇÔöÇÔöÇÔöÇÔöÇÔöÇÔöÇÔöÇÔöÇÔöÇÔöÇÔöÇÔöÇÔöÇÔöÇÔöÇÔöÇÔöÇÔöÇÔöÇÔöÇÔöÇÔöÇÔöÇÔöÇÔöÇÔöÇÔöÇÔöÇÔöÇÔöÇÔöÇÔöÇÔöÇÔöÇÔöÇÔöÇÔöÇÔöÇÔöÇÔöÇÔöÇ[0m
[38;5;12mÔöîÔöÇÔöÇÔöÇÔöÇÔöÇÔöÇÔöÇÔöÇÔöÇÔöÇÔöÇÔöÇÔöÇÔöÇÔöÇÔöÇÔöÇÔöÇÔöÇÔöÇÔöÇÔöÇÔöÇÔöÇÔöÇÔöÇÔöÇÔöÇÔöÇÔöÇÔöÇÔöÇÔöÇÔöÇÔöÇÔöÇÔöÇÔöÇÔöÇÔöÇÔöÇÔöÇÔöÇÔöÇÔöÇÔöÇÔöÇÔöÇÔöÇÔöÇÔöÇÔöÇÔöÇÔöÇÔöÇÔöÇÔöÇÔöÇÔöÇÔöÇÔöÇÔöÇÔöÇÔöÇÔöÇÔöÇÔöÇÔöÇÔöÇÔöÇÔöÇÔöÇÔöÇÔöÇÔöÇÔöÇÔöÇÔöÇÔöÇ[0m
[38;5;12mÔöé 01:00:45.876 (+0:00:00.014404)[0m
[38;5;12mÔö£ÔöäÔöäÔöäÔöäÔöäÔöäÔöäÔöäÔöäÔöäÔöäÔöäÔöäÔöäÔöäÔöäÔöäÔöäÔöäÔöäÔöäÔöäÔöäÔöäÔöäÔöäÔöäÔöäÔöäÔöäÔöäÔöäÔöäÔöäÔöäÔöäÔöäÔöäÔöäÔöäÔöäÔöäÔöäÔöäÔöäÔöäÔöäÔöäÔöäÔöäÔöäÔöäÔöäÔöäÔöäÔöäÔöäÔöäÔöäÔöäÔöäÔöäÔöäÔöäÔöäÔöäÔöäÔöäÔöäÔöäÔöäÔöäÔöäÔöäÔöäÔöäÔöäÔöäÔöä[0m
[38;5;12mÔöé ­ƒÆí [Tag] Message 22[0m
[38;5;12mÔööÔöÇÔöÇÔöÇÔöÇÔöÇÔöÇÔöÇÔöÇÔöÇÔöÇÔöÇÔöÇÔöÇÔöÇÔöÇÔöÇÔöÇÔöÇÔöÇÔöÇÔöÇÔöÇÔöÇÔöÇÔöÇÔöÇÔöÇÔöÇÔöÇÔöÇÔöÇÔöÇÔöÇÔöÇÔöÇÔöÇÔöÇÔöÇÔöÇÔöÇÔöÇÔöÇÔöÇÔöÇÔöÇÔöÇÔöÇÔöÇÔöÇÔöÇÔöÇÔöÇÔöÇÔöÇÔöÇÔöÇÔöÇÔöÇÔöÇÔöÇÔöÇÔöÇÔöÇÔöÇÔöÇÔöÇÔöÇÔöÇÔöÇÔöÇÔöÇÔöÇÔöÇÔöÇÔöÇÔöÇÔöÇÔöÇÔöÇ[0m
[38;5;12mÔöîÔöÇÔöÇÔöÇÔöÇÔöÇÔöÇÔöÇÔöÇÔöÇÔöÇÔöÇÔöÇÔöÇÔöÇÔöÇÔöÇÔöÇÔöÇÔöÇÔöÇÔöÇÔöÇÔöÇÔöÇÔöÇÔöÇÔöÇÔöÇÔöÇÔöÇÔöÇÔöÇÔöÇÔöÇÔöÇÔöÇÔöÇÔöÇÔöÇÔöÇÔöÇÔöÇÔöÇÔöÇÔöÇÔöÇÔöÇÔöÇÔöÇÔöÇÔöÇÔöÇÔöÇÔöÇÔöÇÔöÇÔöÇÔöÇÔöÇÔöÇÔöÇÔöÇÔöÇÔöÇÔöÇÔöÇÔöÇÔöÇÔöÇÔöÇÔöÇÔöÇÔöÇÔöÇÔöÇÔöÇÔöÇÔöÇÔöÇ[0m
[38;5;12mÔöé 01:00:45.876 (+0:00:00.014404)[0m
[38;5;12mÔö£ÔöäÔöäÔöäÔöäÔöäÔöäÔöäÔöäÔöäÔöäÔöäÔöäÔöäÔöäÔöäÔöäÔöäÔöäÔöäÔöäÔöäÔöäÔöäÔöäÔöäÔöäÔöäÔöäÔöäÔöäÔöäÔöäÔöäÔöäÔöäÔöäÔöäÔöäÔöäÔöäÔöäÔöäÔöäÔöäÔöäÔöäÔöäÔöäÔöäÔöäÔöäÔöäÔöäÔöäÔöäÔöäÔöäÔöäÔöäÔöäÔöäÔöäÔöäÔöäÔöäÔöäÔöäÔöäÔöäÔöäÔöäÔöäÔöäÔöäÔöäÔöäÔöäÔöäÔöä[0m
[38;5;12mÔöé ­ƒÆí [Tag] Message 23[0m
[38;5;12mÔööÔöÇÔöÇÔöÇÔöÇÔöÇÔöÇÔöÇÔöÇÔöÇÔöÇÔöÇÔöÇÔöÇÔöÇÔöÇÔöÇÔöÇÔöÇÔöÇÔöÇÔöÇÔöÇÔöÇÔöÇÔöÇÔöÇÔöÇÔöÇÔöÇÔöÇÔöÇÔöÇÔöÇÔöÇÔöÇÔöÇÔöÇÔöÇÔöÇÔöÇÔöÇÔöÇÔöÇÔöÇÔöÇÔöÇÔöÇÔöÇÔöÇÔöÇÔöÇÔöÇÔöÇÔöÇÔöÇÔöÇÔöÇÔöÇÔöÇÔöÇÔöÇÔöÇÔöÇÔöÇÔöÇÔöÇÔöÇÔöÇÔöÇÔöÇÔöÇÔöÇÔöÇÔöÇÔöÇÔöÇÔöÇÔöÇÔöÇ[0m
[38;5;12mÔöîÔöÇÔöÇÔöÇÔöÇÔöÇÔöÇÔöÇÔöÇÔöÇÔöÇÔöÇÔöÇÔöÇÔöÇÔöÇÔöÇÔöÇÔöÇÔöÇÔöÇÔöÇÔöÇÔöÇÔöÇÔöÇÔöÇÔöÇÔöÇÔöÇÔöÇÔöÇÔöÇÔöÇÔöÇÔöÇÔöÇÔöÇÔöÇÔöÇÔöÇÔöÇÔöÇÔöÇÔöÇÔöÇÔöÇÔöÇÔöÇÔöÇÔöÇÔöÇÔöÇÔöÇÔöÇÔöÇÔöÇÔöÇÔöÇÔöÇÔöÇÔöÇÔöÇÔöÇÔöÇÔöÇÔöÇÔöÇÔöÇÔöÇÔöÇÔöÇÔöÇÔöÇÔöÇÔöÇÔöÇÔöÇÔöÇÔöÇ[0m
[38;5;12mÔöé 01:00:45.876 (+0:00:00.014404)[0m
[38;5;12mÔö£ÔöäÔöäÔöäÔöäÔöäÔöäÔöäÔöäÔöäÔöäÔöäÔöäÔöäÔöäÔöäÔöäÔöäÔöäÔöäÔöäÔöäÔöäÔöäÔöäÔöäÔöäÔöäÔöäÔöäÔöäÔöäÔöäÔöäÔöäÔöäÔöäÔöäÔöäÔöäÔöäÔöäÔöäÔöäÔöäÔöäÔöäÔöäÔöäÔöäÔöäÔöäÔöäÔöäÔöäÔöäÔöäÔöäÔöäÔöäÔöäÔöäÔöäÔöäÔöäÔöäÔöäÔöäÔöäÔöäÔöäÔöäÔöäÔöäÔöäÔöäÔöäÔöäÔöäÔöä[0m
[38;5;12mÔöé ­ƒÆí [Tag] Message 24[0m
[38;5;12mÔööÔöÇÔöÇÔöÇÔöÇÔöÇÔöÇÔöÇÔöÇÔöÇÔöÇÔöÇÔöÇÔöÇÔöÇÔöÇÔöÇÔöÇÔöÇÔöÇÔöÇÔöÇÔöÇÔöÇÔöÇÔöÇÔöÇÔöÇÔöÇÔöÇÔöÇÔöÇÔöÇÔöÇÔöÇÔöÇÔöÇÔöÇÔöÇÔöÇÔöÇÔöÇÔöÇÔöÇÔöÇÔöÇÔöÇÔöÇÔöÇÔöÇÔöÇÔöÇÔöÇÔöÇÔöÇÔöÇÔöÇÔöÇÔöÇÔöÇÔöÇÔöÇÔöÇÔöÇÔöÇÔöÇÔöÇÔöÇÔöÇÔöÇÔöÇÔöÇÔöÇÔöÇÔöÇÔöÇÔöÇÔöÇÔöÇÔöÇ[0m
[38;5;12mÔöîÔöÇÔöÇÔöÇÔöÇÔöÇÔöÇÔöÇÔöÇÔöÇÔöÇÔöÇÔöÇÔöÇÔöÇÔöÇÔöÇÔöÇÔöÇÔöÇÔöÇÔöÇÔöÇÔöÇÔöÇÔöÇÔöÇÔöÇÔöÇÔöÇÔöÇÔöÇÔöÇÔöÇÔöÇÔöÇÔöÇÔöÇÔöÇÔöÇÔöÇÔöÇÔöÇÔöÇÔöÇÔöÇÔöÇÔöÇÔöÇÔöÇÔöÇÔöÇÔöÇÔöÇÔöÇÔöÇÔöÇÔöÇÔöÇÔöÇÔöÇÔöÇÔöÇÔöÇÔöÇÔöÇÔöÇÔöÇÔöÇÔöÇÔöÇÔöÇÔöÇÔöÇÔöÇÔöÇÔöÇÔöÇÔöÇÔöÇ[0m
[38;5;12mÔöé 01:00:45.876 (+0:00:00.014404)[0m
[38;5;12mÔö£ÔöäÔöäÔöäÔöäÔöäÔöäÔöäÔöäÔöäÔöäÔöäÔöäÔöäÔöäÔöäÔöäÔöäÔöäÔöäÔöäÔöäÔöäÔöäÔöäÔöäÔöäÔöäÔöäÔöäÔöäÔöäÔöäÔöäÔöäÔöäÔöäÔöäÔöäÔöäÔöäÔöäÔöäÔöäÔöäÔöäÔöäÔöäÔöäÔöäÔöäÔöäÔöäÔöäÔöäÔöäÔöäÔöäÔöäÔöäÔöäÔöäÔöäÔöäÔöäÔöäÔöäÔöäÔöäÔöäÔöäÔöäÔöäÔöäÔöäÔöäÔöäÔöäÔöäÔöä[0m
[38;5;12mÔöé ­ƒÆí [Tag] Message 25[0m
[38;5;12mÔööÔöÇÔöÇÔöÇÔöÇÔöÇÔöÇÔöÇÔöÇÔöÇÔöÇÔöÇÔöÇÔöÇÔöÇÔöÇÔöÇÔöÇÔöÇÔöÇÔöÇÔöÇÔöÇÔöÇÔöÇÔöÇÔöÇÔöÇÔöÇÔöÇÔöÇÔöÇÔöÇÔöÇÔöÇÔöÇÔöÇÔöÇÔöÇÔöÇÔöÇÔöÇÔöÇÔöÇÔöÇÔöÇÔöÇÔöÇÔöÇÔöÇÔöÇÔöÇÔöÇÔöÇÔöÇÔöÇÔöÇÔöÇÔöÇÔöÇÔöÇÔöÇÔöÇÔöÇÔöÇÔöÇÔöÇÔöÇÔöÇÔöÇÔöÇÔöÇÔöÇÔöÇÔöÇÔöÇÔöÇÔöÇÔöÇÔöÇ[0m
[38;5;12mÔöîÔöÇÔöÇÔöÇÔöÇÔöÇÔöÇÔöÇÔöÇÔöÇÔöÇÔöÇÔöÇÔöÇÔöÇÔöÇÔöÇÔöÇÔöÇÔöÇÔöÇÔöÇÔöÇÔöÇÔöÇÔöÇÔöÇÔöÇÔöÇÔöÇÔöÇÔöÇÔöÇÔöÇÔöÇÔöÇÔöÇÔöÇÔöÇÔöÇÔöÇÔöÇÔöÇÔöÇÔöÇÔöÇÔöÇÔöÇÔöÇÔöÇÔöÇÔöÇÔöÇÔöÇÔöÇÔöÇÔöÇÔöÇÔöÇÔöÇÔöÇÔöÇÔöÇÔöÇÔöÇÔöÇÔöÇÔöÇÔöÇÔöÇÔöÇÔöÇÔöÇÔöÇÔöÇÔöÇÔöÇÔöÇÔöÇÔöÇ[0m
[38;5;12mÔöé 01:00:45.877 (+0:00:00.015405)[0m
[38;5;12mÔö£ÔöäÔöäÔöäÔöäÔöäÔöäÔöäÔöäÔöäÔöäÔöäÔöäÔöäÔöäÔöäÔöäÔöäÔöäÔöäÔöäÔöäÔöäÔöäÔöäÔöäÔöäÔöäÔöäÔöäÔöäÔöäÔöäÔöäÔöäÔöäÔöäÔöäÔöäÔöäÔöäÔöäÔöäÔöäÔöäÔöäÔöäÔöäÔöäÔöäÔöäÔöäÔöäÔöäÔöäÔöäÔöäÔöäÔöäÔöäÔöäÔöäÔöäÔöäÔöäÔöäÔöäÔöäÔöäÔöäÔöäÔöäÔöäÔöäÔöäÔöäÔöäÔöäÔöäÔöä[0m
[38;5;12mÔöé ­ƒÆí [Tag] Message 26[0m
[38;5;12mÔööÔöÇÔöÇÔöÇÔöÇÔöÇÔöÇÔöÇÔöÇÔöÇÔöÇÔöÇÔöÇÔöÇÔöÇÔöÇÔöÇÔöÇÔöÇÔöÇÔöÇÔöÇÔöÇÔöÇÔöÇÔöÇÔöÇÔöÇÔöÇÔöÇÔöÇÔöÇÔöÇÔöÇÔöÇÔöÇÔöÇÔöÇÔöÇÔöÇÔöÇÔöÇÔöÇÔöÇÔöÇÔöÇÔöÇÔöÇÔöÇÔöÇÔöÇÔöÇÔöÇÔöÇÔöÇÔöÇÔöÇÔöÇÔöÇÔöÇÔöÇÔöÇÔöÇÔöÇÔöÇÔöÇÔöÇÔöÇÔöÇÔöÇÔöÇÔöÇÔöÇÔöÇÔöÇÔöÇÔöÇÔöÇÔöÇÔöÇ[0m
[38;5;12mÔöîÔöÇÔöÇÔöÇÔöÇÔöÇÔöÇÔöÇÔöÇÔöÇÔöÇÔöÇÔöÇÔöÇÔöÇÔöÇÔöÇÔöÇÔöÇÔöÇÔöÇÔöÇÔöÇÔöÇÔöÇÔöÇÔöÇÔöÇÔöÇÔöÇÔöÇÔöÇÔöÇÔöÇÔöÇÔöÇÔöÇÔöÇÔöÇÔöÇÔöÇÔöÇÔöÇÔöÇÔöÇÔöÇÔöÇÔöÇÔöÇÔöÇÔöÇÔöÇÔöÇÔöÇÔöÇÔöÇÔöÇÔöÇÔöÇÔöÇÔöÇÔöÇÔöÇÔöÇÔöÇÔöÇÔöÇÔöÇÔöÇÔöÇÔöÇÔöÇÔöÇÔöÇÔöÇÔöÇÔöÇÔöÇÔöÇÔöÇ[0m
[38;5;12mÔöé 01:00:45.877 (+0:00:00.015405)[0m
[38;5;12mÔö£ÔöäÔöäÔöäÔöäÔöäÔöäÔöäÔöäÔöäÔöäÔöäÔöäÔöäÔöäÔöäÔöäÔöäÔöäÔöäÔöäÔöäÔöäÔöäÔöäÔöäÔöäÔöäÔöäÔöäÔöäÔöäÔöäÔöäÔöäÔöäÔöäÔöäÔöäÔöäÔöäÔöäÔöäÔöäÔöäÔöäÔöäÔöäÔöäÔöäÔöäÔöäÔöäÔöäÔöäÔöäÔöäÔöäÔöäÔöäÔöäÔöäÔöäÔöäÔöäÔöäÔöäÔöäÔöäÔöäÔöäÔöäÔöäÔöäÔöäÔöäÔöäÔöäÔöäÔöä[0m
[38;5;12mÔöé ­ƒÆí [Tag] Message 27[0m
[38;5;12mÔööÔöÇÔöÇÔöÇÔöÇÔöÇÔöÇÔöÇÔöÇÔöÇÔöÇÔöÇÔöÇÔöÇÔöÇÔöÇÔöÇÔöÇÔöÇÔöÇÔöÇÔöÇÔöÇÔöÇÔöÇÔöÇÔöÇÔöÇÔöÇÔöÇÔöÇÔöÇÔöÇÔöÇÔöÇÔöÇÔöÇÔöÇÔöÇÔöÇÔöÇÔöÇÔöÇÔöÇÔöÇÔöÇÔöÇÔöÇÔöÇÔöÇÔöÇÔöÇÔöÇÔöÇÔöÇÔöÇÔöÇÔöÇÔöÇÔöÇÔöÇÔöÇÔöÇÔöÇÔöÇÔöÇÔöÇÔöÇÔöÇÔöÇÔöÇÔöÇÔöÇÔöÇÔöÇÔöÇÔöÇÔöÇÔöÇÔöÇ[0m
[38;5;12mÔöîÔöÇÔöÇÔöÇÔöÇÔöÇÔöÇÔöÇÔöÇÔöÇÔöÇÔöÇÔöÇÔöÇÔöÇÔöÇÔöÇÔöÇÔöÇÔöÇÔöÇÔöÇÔöÇÔöÇÔöÇÔöÇÔöÇÔöÇÔöÇÔöÇÔöÇÔöÇÔöÇÔöÇÔöÇÔöÇÔöÇÔöÇÔöÇÔöÇÔöÇÔöÇÔöÇÔöÇÔöÇÔöÇÔöÇÔöÇÔöÇÔöÇÔöÇÔöÇÔöÇÔöÇÔöÇÔöÇÔöÇÔöÇÔöÇÔöÇÔöÇÔöÇÔöÇÔöÇÔöÇÔöÇÔöÇÔöÇÔöÇÔöÇÔöÇÔöÇÔöÇÔöÇÔöÇÔöÇÔöÇÔöÇÔöÇÔöÇ[0m
[38;5;12mÔöé 01:00:45.877 (+0:00:00.015405)[0m
[38;5;12mÔö£ÔöäÔöäÔöäÔöäÔöäÔöäÔöäÔöäÔöäÔöäÔöäÔöäÔöäÔöäÔöäÔöäÔöäÔöäÔöäÔöäÔöäÔöäÔöäÔöäÔöäÔöäÔöäÔöäÔöäÔöäÔöäÔöäÔöäÔöäÔöäÔöäÔöäÔöäÔöäÔöäÔöäÔöäÔöäÔöäÔöäÔöäÔöäÔöäÔöäÔöäÔöäÔöäÔöäÔöäÔöäÔöäÔöäÔöäÔöäÔöäÔöäÔöäÔöäÔöäÔöäÔöäÔöäÔöäÔöäÔöäÔöäÔöäÔöäÔöäÔöäÔöäÔöäÔöäÔöä[0m
[38;5;12mÔöé ­ƒÆí [Tag] Message 28[0m
[38;5;12mÔööÔöÇÔöÇÔöÇÔöÇÔöÇÔöÇÔöÇÔöÇÔöÇÔöÇÔöÇÔöÇÔöÇÔöÇÔöÇÔöÇÔöÇÔöÇÔöÇÔöÇÔöÇÔöÇÔöÇÔöÇÔöÇÔöÇÔöÇÔöÇÔöÇÔöÇÔöÇÔöÇÔöÇÔöÇÔöÇÔöÇÔöÇÔöÇÔöÇÔöÇÔöÇÔöÇÔöÇÔöÇÔöÇÔöÇÔöÇÔöÇÔöÇÔöÇÔöÇÔöÇÔöÇÔöÇÔöÇÔöÇÔöÇÔöÇÔöÇÔöÇÔöÇÔöÇÔöÇÔöÇÔöÇÔöÇÔöÇÔöÇÔöÇÔöÇÔöÇÔöÇÔöÇÔöÇÔöÇÔöÇÔöÇÔöÇÔöÇ[0m
[38;5;12mÔöîÔöÇÔöÇÔöÇÔöÇÔöÇÔöÇÔöÇÔöÇÔöÇÔöÇÔöÇÔöÇÔöÇÔöÇÔöÇÔöÇÔöÇÔöÇÔöÇÔöÇÔöÇÔöÇÔöÇÔöÇÔöÇÔöÇÔöÇÔöÇÔöÇÔöÇÔöÇÔöÇÔöÇÔöÇÔöÇÔöÇÔöÇÔöÇÔöÇÔöÇÔöÇÔöÇÔöÇÔöÇÔöÇÔöÇÔöÇÔöÇÔöÇÔöÇÔöÇÔöÇÔöÇÔöÇÔöÇÔöÇÔöÇÔöÇÔöÇÔöÇÔöÇÔöÇÔöÇÔöÇÔöÇÔöÇÔöÇÔöÇÔöÇÔöÇÔöÇÔöÇÔöÇÔöÇÔöÇÔöÇÔöÇÔöÇÔöÇ[0m
[38;5;12mÔöé 01:00:45.877 (+0:00:00.015405)[0m
[38;5;12mÔö£ÔöäÔöäÔöäÔöäÔöäÔöäÔöäÔöäÔöäÔöäÔöäÔöäÔöäÔöäÔöäÔöäÔöäÔöäÔöäÔöäÔöäÔöäÔöäÔöäÔöäÔöäÔöäÔöäÔöäÔöäÔöäÔöäÔöäÔöäÔöäÔöäÔöäÔöäÔöäÔöäÔöäÔöäÔöäÔöäÔöäÔöäÔöäÔöäÔöäÔöäÔöäÔöäÔöäÔöäÔöäÔöäÔöäÔöäÔöäÔöäÔöäÔöäÔöäÔöäÔöäÔöäÔöäÔöäÔöäÔöäÔöäÔöäÔöäÔöäÔöäÔöäÔöäÔöäÔöä[0m
[38;5;12mÔöé ­ƒÆí [Tag] Message 29[0m
[38;5;12mÔööÔöÇÔöÇÔöÇÔöÇÔöÇÔöÇÔöÇÔöÇÔöÇÔöÇÔöÇÔöÇÔöÇÔöÇÔöÇÔöÇÔöÇÔöÇÔöÇÔöÇÔöÇÔöÇÔöÇÔöÇÔöÇÔöÇÔöÇÔöÇÔöÇÔöÇÔöÇÔöÇÔöÇÔöÇÔöÇÔöÇÔöÇÔöÇÔöÇÔöÇÔöÇÔöÇÔöÇÔöÇÔöÇÔöÇÔöÇÔöÇÔöÇÔöÇÔöÇÔöÇÔöÇÔöÇÔöÇÔöÇÔöÇÔöÇÔöÇÔöÇÔöÇÔöÇÔöÇÔöÇÔöÇÔöÇÔöÇÔöÇÔöÇÔöÇÔöÇÔöÇÔöÇÔöÇÔöÇÔöÇÔöÇÔöÇÔöÇ[0m
[38;5;12mÔöîÔöÇÔöÇÔöÇÔöÇÔöÇÔöÇÔöÇÔöÇÔöÇÔöÇÔöÇÔöÇÔöÇÔöÇÔöÇÔöÇÔöÇÔöÇÔöÇÔöÇÔöÇÔöÇÔöÇÔöÇÔöÇÔöÇÔöÇÔöÇÔöÇÔöÇÔöÇÔöÇÔöÇÔöÇÔöÇÔöÇÔöÇÔöÇÔöÇÔöÇÔöÇÔöÇÔöÇÔöÇÔöÇÔöÇÔöÇÔöÇÔöÇÔöÇÔöÇÔöÇÔöÇÔöÇÔöÇÔöÇÔöÇÔöÇÔöÇÔöÇÔöÇÔöÇÔöÇÔöÇÔöÇÔöÇÔöÇÔöÇÔöÇÔöÇÔöÇÔöÇÔöÇÔöÇÔöÇÔöÇÔöÇÔöÇÔöÇ[0m
[38;5;12mÔöé 01:00:45.877 (+0:00:00.015405)[0m
[38;5;12mÔö£ÔöäÔöäÔöäÔöäÔöäÔöäÔöäÔöäÔöäÔöäÔöäÔöäÔöäÔöäÔöäÔöäÔöäÔöäÔöäÔöäÔöäÔöäÔöäÔöäÔöäÔöäÔöäÔöäÔöäÔöäÔöäÔöäÔöäÔöäÔöäÔöäÔöäÔöäÔöäÔöäÔöäÔöäÔöäÔöäÔöäÔöäÔöäÔöäÔöäÔöäÔöäÔöäÔöäÔöäÔöäÔöäÔöäÔöäÔöäÔöäÔöäÔöäÔöäÔöäÔöäÔöäÔöäÔöäÔöäÔöäÔöäÔöäÔöäÔöäÔöäÔöäÔöäÔöäÔöä[0m
[38;5;12mÔöé ­ƒÆí [Tag] Message 30[0m
[38;5;12mÔööÔöÇÔöÇÔöÇÔöÇÔöÇÔöÇÔöÇÔöÇÔöÇÔöÇÔöÇÔöÇÔöÇÔöÇÔöÇÔöÇÔöÇÔöÇÔöÇÔöÇÔöÇÔöÇÔöÇÔöÇÔöÇÔöÇÔöÇÔöÇÔöÇÔöÇÔöÇÔöÇÔöÇÔöÇÔöÇÔöÇÔöÇÔöÇÔöÇÔöÇÔöÇÔöÇÔöÇÔöÇÔöÇÔöÇÔöÇÔöÇÔöÇÔöÇÔöÇÔöÇÔöÇÔöÇÔöÇÔöÇÔöÇÔöÇÔöÇÔöÇÔöÇÔöÇÔöÇÔöÇÔöÇÔöÇÔöÇÔöÇÔöÇÔöÇÔöÇÔöÇÔöÇÔöÇÔöÇÔöÇÔöÇÔöÇÔöÇ[0m
[38;5;12mÔöîÔöÇÔöÇÔöÇÔöÇÔöÇÔöÇÔöÇÔöÇÔöÇÔöÇÔöÇÔöÇÔöÇÔöÇÔöÇÔöÇÔöÇÔöÇÔöÇÔöÇÔöÇÔöÇÔöÇÔöÇÔöÇÔöÇÔöÇÔöÇÔöÇÔöÇÔöÇÔöÇÔöÇÔöÇÔöÇÔöÇÔöÇÔöÇÔöÇÔöÇÔöÇÔöÇÔöÇÔöÇÔöÇÔöÇÔöÇÔöÇÔöÇÔöÇÔöÇÔöÇÔöÇÔöÇÔöÇÔöÇÔöÇÔöÇÔöÇÔöÇÔöÇÔöÇÔöÇÔöÇÔöÇÔöÇÔöÇÔöÇÔöÇÔöÇÔöÇÔöÇÔöÇÔöÇÔöÇÔöÇÔöÇÔöÇÔöÇ[0m
[38;5;12mÔöé 01:00:45.877 (+0:00:00.015405)[0m
[38;5;12mÔö£ÔöäÔöäÔöäÔöäÔöäÔöäÔöäÔöäÔöäÔöäÔöäÔöäÔöäÔöäÔöäÔöäÔöäÔöäÔöäÔöäÔöäÔöäÔöäÔöäÔöäÔöäÔöäÔöäÔöäÔöäÔöäÔöäÔöäÔöäÔöäÔöäÔöäÔöäÔöäÔöäÔöäÔöäÔöäÔöäÔöäÔöäÔöäÔöäÔöäÔöäÔöäÔöäÔöäÔöäÔöäÔöäÔöäÔöäÔöäÔöäÔöäÔöäÔöäÔöäÔöäÔöäÔöäÔöäÔöäÔöäÔöäÔöäÔöäÔöäÔöäÔöäÔöäÔöäÔöä[0m
[38;5;12mÔöé ­ƒÆí [Tag] Message 31[0m
[38;5;12mÔööÔöÇÔöÇÔöÇÔöÇÔöÇÔöÇÔöÇÔöÇÔöÇÔöÇÔöÇÔöÇÔöÇÔöÇÔöÇÔöÇÔöÇÔöÇÔöÇÔöÇÔöÇÔöÇÔöÇÔöÇÔöÇÔöÇÔöÇÔöÇÔöÇÔöÇÔöÇÔöÇÔöÇÔöÇÔöÇÔöÇÔöÇÔöÇÔöÇÔöÇÔöÇÔöÇÔöÇÔöÇÔöÇÔöÇÔöÇÔöÇÔöÇÔöÇÔöÇÔöÇÔöÇÔöÇÔöÇÔöÇÔöÇÔöÇÔöÇÔöÇÔöÇÔöÇÔöÇÔöÇÔöÇÔöÇÔöÇÔöÇÔöÇÔöÇÔöÇÔöÇÔöÇÔöÇÔöÇÔöÇÔöÇÔöÇÔöÇ[0m
[38;5;12mÔöîÔöÇÔöÇÔöÇÔöÇÔöÇÔöÇÔöÇÔöÇÔöÇÔöÇÔöÇÔöÇÔöÇÔöÇÔöÇÔöÇÔöÇÔöÇÔöÇÔöÇÔöÇÔöÇÔöÇÔöÇÔöÇÔöÇÔöÇÔöÇÔöÇÔöÇÔöÇÔöÇÔöÇÔöÇÔöÇÔöÇÔöÇÔöÇÔöÇÔöÇÔöÇÔöÇÔöÇÔöÇÔöÇÔöÇÔöÇÔöÇÔöÇÔöÇÔöÇÔöÇÔöÇÔöÇÔöÇÔöÇÔöÇÔöÇÔöÇÔöÇÔöÇÔöÇÔöÇÔöÇÔöÇÔöÇÔöÇÔöÇÔöÇÔöÇÔöÇÔöÇÔöÇÔöÇÔöÇÔöÇÔöÇÔöÇÔöÇ[0m
[38;5;12mÔöé 01:00:45.877 (+0:00:00.015405)[0m
[38;5;12mÔö£ÔöäÔöäÔöäÔöäÔöäÔöäÔöäÔöäÔöäÔöäÔöäÔöäÔöäÔöäÔöäÔöäÔöäÔöäÔöäÔöäÔöäÔöäÔöäÔöäÔöäÔöäÔöäÔöäÔöäÔöäÔöäÔöäÔöäÔöäÔöäÔöäÔöäÔöäÔöäÔöäÔöäÔöäÔöäÔöäÔöäÔöäÔöäÔöäÔöäÔöäÔöäÔöäÔöäÔöäÔöäÔöäÔöäÔöäÔöäÔöäÔöäÔöäÔöäÔöäÔöäÔöäÔöäÔöäÔöäÔöäÔöäÔöäÔöäÔöäÔöäÔöäÔöäÔöäÔöä[0m
[38;5;12mÔöé ­ƒÆí [Tag] Message 32[0m
[38;5;12mÔööÔöÇÔöÇÔöÇÔöÇÔöÇÔöÇÔöÇÔöÇÔöÇÔöÇÔöÇÔöÇÔöÇÔöÇÔöÇÔöÇÔöÇÔöÇÔöÇÔöÇÔöÇÔöÇÔöÇÔöÇÔöÇÔöÇÔöÇÔöÇÔöÇÔöÇÔöÇÔöÇÔöÇÔöÇÔöÇÔöÇÔöÇÔöÇÔöÇÔöÇÔöÇÔöÇÔöÇÔöÇÔöÇÔöÇÔöÇÔöÇÔöÇÔöÇÔöÇÔöÇÔöÇÔöÇÔöÇÔöÇÔöÇÔöÇÔöÇÔöÇÔöÇÔöÇÔöÇÔöÇÔöÇÔöÇÔöÇÔöÇÔöÇÔöÇÔöÇÔöÇÔöÇÔöÇÔöÇÔöÇÔöÇÔöÇÔöÇ[0m
[38;5;12mÔöîÔöÇÔöÇÔöÇÔöÇÔöÇÔöÇÔöÇÔöÇÔöÇÔöÇÔöÇÔöÇÔöÇÔöÇÔöÇÔöÇÔöÇÔöÇÔöÇÔöÇÔöÇÔöÇÔöÇÔöÇÔöÇÔöÇÔöÇÔöÇÔöÇÔöÇÔöÇÔöÇÔöÇÔöÇÔöÇÔöÇÔöÇÔöÇÔöÇÔöÇÔöÇÔöÇÔöÇÔöÇÔöÇÔöÇÔöÇÔöÇÔöÇÔöÇÔöÇÔöÇÔöÇÔöÇÔöÇÔöÇÔöÇÔöÇÔöÇÔöÇÔöÇÔöÇÔöÇÔöÇÔöÇÔöÇÔöÇÔöÇÔöÇÔöÇÔöÇÔöÇÔöÇÔöÇÔöÇÔöÇÔöÇÔöÇÔöÇ[0m
[38;5;12mÔöé 01:00:45.877 (+0:00:00.015405)[0m
[38;5;12mÔö£ÔöäÔöäÔöäÔöäÔöäÔöäÔöäÔöäÔöäÔöäÔöäÔöäÔöäÔöäÔöäÔöäÔöäÔöäÔöäÔöäÔöäÔöäÔöäÔöäÔöäÔöäÔöäÔöäÔöäÔöäÔöäÔöäÔöäÔöäÔöäÔöäÔöäÔöäÔöäÔöäÔöäÔöäÔöäÔöäÔöäÔöäÔöäÔöäÔöäÔöäÔöäÔöäÔöäÔöäÔöäÔöäÔöäÔöäÔöäÔöäÔöäÔöäÔöäÔöäÔöäÔöäÔöäÔöäÔöäÔöäÔöäÔöäÔöäÔöäÔöäÔöäÔöäÔöäÔöä[0m
[38;5;12mÔöé ­ƒÆí [Tag] Message 33[0m
[38;5;12mÔööÔöÇÔöÇÔöÇÔöÇÔöÇÔöÇÔöÇÔöÇÔöÇÔöÇÔöÇÔöÇÔöÇÔöÇÔöÇÔöÇÔöÇÔöÇÔöÇÔöÇÔöÇÔöÇÔöÇÔöÇÔöÇÔöÇÔöÇÔöÇÔöÇÔöÇÔöÇÔöÇÔöÇÔöÇÔöÇÔöÇÔöÇÔöÇÔöÇÔöÇÔöÇÔöÇÔöÇÔöÇÔöÇÔöÇÔöÇÔöÇÔöÇÔöÇÔöÇÔöÇÔöÇÔöÇÔöÇÔöÇÔöÇÔöÇÔöÇÔöÇÔöÇÔöÇÔöÇÔöÇÔöÇÔöÇÔöÇÔöÇÔöÇÔöÇÔöÇÔöÇÔöÇÔöÇÔöÇÔöÇÔöÇÔöÇÔöÇ[0m
[38;5;12mÔöîÔöÇÔöÇÔöÇÔöÇÔöÇÔöÇÔöÇÔöÇÔöÇÔöÇÔöÇÔöÇÔöÇÔöÇÔöÇÔöÇÔöÇÔöÇÔöÇÔöÇÔöÇÔöÇÔöÇÔöÇÔöÇÔöÇÔöÇÔöÇÔöÇÔöÇÔöÇÔöÇÔöÇÔöÇÔöÇÔöÇÔöÇÔöÇÔöÇÔöÇÔöÇÔöÇÔöÇÔöÇÔöÇÔöÇÔöÇÔöÇÔöÇÔöÇÔöÇÔöÇÔöÇÔöÇÔöÇÔöÇÔöÇÔöÇÔöÇÔöÇÔöÇÔöÇÔöÇÔöÇÔöÇÔöÇÔöÇÔöÇÔöÇÔöÇÔöÇÔöÇÔöÇÔöÇÔöÇÔöÇÔöÇÔöÇÔöÇ[0m
[38;5;12mÔöé 01:00:45.877 (+0:00:00.015405)[0m
[38;5;12mÔö£ÔöäÔöäÔöäÔöäÔöäÔöäÔöäÔöäÔöäÔöäÔöäÔöäÔöäÔöäÔöäÔöäÔöäÔöäÔöäÔöäÔöäÔöäÔöäÔöäÔöäÔöäÔöäÔöäÔöäÔöäÔöäÔöäÔöäÔöäÔöäÔöäÔöäÔöäÔöäÔöäÔöäÔöäÔöäÔöäÔöäÔöäÔöäÔöäÔöäÔöäÔöäÔöäÔöäÔöäÔöäÔöäÔöäÔöäÔöäÔöäÔöäÔöäÔöäÔöäÔöäÔöäÔöäÔöäÔöäÔöäÔöäÔöäÔöäÔöäÔöäÔöäÔöäÔöäÔöä[0m
[38;5;12mÔöé ­ƒÆí [Tag] Message 34[0m
[38;5;12mÔööÔöÇÔöÇÔöÇÔöÇÔöÇÔöÇÔöÇÔöÇÔöÇÔöÇÔöÇÔöÇÔöÇÔöÇÔöÇÔöÇÔöÇÔöÇÔöÇÔöÇÔöÇÔöÇÔöÇÔöÇÔöÇÔöÇÔöÇÔöÇÔöÇÔöÇÔöÇÔöÇÔöÇÔöÇÔöÇÔöÇÔöÇÔöÇÔöÇÔöÇÔöÇÔöÇÔöÇÔöÇÔöÇÔöÇÔöÇÔöÇÔöÇÔöÇÔöÇÔöÇÔöÇÔöÇÔöÇÔöÇÔöÇÔöÇÔöÇÔöÇÔöÇÔöÇÔöÇÔöÇÔöÇÔöÇÔöÇÔöÇÔöÇÔöÇÔöÇÔöÇÔöÇÔöÇÔöÇÔöÇÔöÇÔöÇÔöÇ[0m
[38;5;12mÔöîÔöÇÔöÇÔöÇÔöÇÔöÇÔöÇÔöÇÔöÇÔöÇÔöÇÔöÇÔöÇÔöÇÔöÇÔöÇÔöÇÔöÇÔöÇÔöÇÔöÇÔöÇÔöÇÔöÇÔöÇÔöÇÔöÇÔöÇÔöÇÔöÇÔöÇÔöÇÔöÇÔöÇÔöÇÔöÇÔöÇÔöÇÔöÇÔöÇÔöÇÔöÇÔöÇÔöÇÔöÇÔöÇÔöÇÔöÇÔöÇÔöÇÔöÇÔöÇÔöÇÔöÇÔöÇÔöÇÔöÇÔöÇÔöÇÔöÇÔöÇÔöÇÔöÇÔöÇÔöÇÔöÇÔöÇÔöÇÔöÇÔöÇÔöÇÔöÇÔöÇÔöÇÔöÇÔöÇÔöÇÔöÇÔöÇÔöÇ[0m
[38;5;12mÔöé 01:00:45.877 (+0:00:00.015405)[0m
[38;5;12mÔö£ÔöäÔöäÔöäÔöäÔöäÔöäÔöäÔöäÔöäÔöäÔöäÔöäÔöäÔöäÔöäÔöäÔöäÔöäÔöäÔöäÔöäÔöäÔöäÔöäÔöäÔöäÔöäÔöäÔöäÔöäÔöäÔöäÔöäÔöäÔöäÔöäÔöäÔöäÔöäÔöäÔöäÔöäÔöäÔöäÔöäÔöäÔöäÔöäÔöäÔöäÔöäÔöäÔöäÔöäÔöäÔöäÔöäÔöäÔöäÔöäÔöäÔöäÔöäÔöäÔöäÔöäÔöäÔöäÔöäÔöäÔöäÔöäÔöäÔöäÔöäÔöäÔöäÔöäÔöä[0m
[38;5;12mÔöé ­ƒÆí [Tag] Message 35[0m
[38;5;12mÔööÔöÇÔöÇÔöÇÔöÇÔöÇÔöÇÔöÇÔöÇÔöÇÔöÇÔöÇÔöÇÔöÇÔöÇÔöÇÔöÇÔöÇÔöÇÔöÇÔöÇÔöÇÔöÇÔöÇÔöÇÔöÇÔöÇÔöÇÔöÇÔöÇÔöÇÔöÇÔöÇÔöÇÔöÇÔöÇÔöÇÔöÇÔöÇÔöÇÔöÇÔöÇÔöÇÔöÇÔöÇÔöÇÔöÇÔöÇÔöÇÔöÇÔöÇÔöÇÔöÇÔöÇÔöÇÔöÇÔöÇÔöÇÔöÇÔöÇÔöÇÔöÇÔöÇÔöÇÔöÇÔöÇÔöÇÔöÇÔöÇÔöÇÔöÇÔöÇÔöÇÔöÇÔöÇÔöÇÔöÇÔöÇÔöÇÔöÇ[0m
[38;5;12mÔöîÔöÇÔöÇÔöÇÔöÇÔöÇÔöÇÔöÇÔöÇÔöÇÔöÇÔöÇÔöÇÔöÇÔöÇÔöÇÔöÇÔöÇÔöÇÔöÇÔöÇÔöÇÔöÇÔöÇÔöÇÔöÇÔöÇÔöÇÔöÇÔöÇÔöÇÔöÇÔöÇÔöÇÔöÇÔöÇÔöÇÔöÇÔöÇÔöÇÔöÇÔöÇÔöÇÔöÇÔöÇÔöÇÔöÇÔöÇÔöÇÔöÇÔöÇÔöÇÔöÇÔöÇÔöÇÔöÇÔöÇÔöÇÔöÇÔöÇÔöÇÔöÇÔöÇÔöÇÔöÇÔöÇÔöÇÔöÇÔöÇÔöÇÔöÇÔöÇÔöÇÔöÇÔöÇÔöÇÔöÇÔöÇÔöÇÔöÇ[0m
[38;5;12mÔöé 01:00:45.877 (+0:00:00.015405)[0m
[38;5;12mÔö£ÔöäÔöäÔöäÔöäÔöäÔöäÔöäÔöäÔöäÔöäÔöäÔöäÔöäÔöäÔöäÔöäÔöäÔöäÔöäÔöäÔöäÔöäÔöäÔöäÔöäÔöäÔöäÔöäÔöäÔöäÔöäÔöäÔöäÔöäÔöäÔöäÔöäÔöäÔöäÔöäÔöäÔöäÔöäÔöäÔöäÔöäÔöäÔöäÔöäÔöäÔöäÔöäÔöäÔöäÔöäÔöäÔöäÔöäÔöäÔöäÔöäÔöäÔöäÔöäÔöäÔöäÔöäÔöäÔöäÔöäÔöäÔöäÔöäÔöäÔöäÔöäÔöäÔöäÔöä[0m
[38;5;12mÔöé ­ƒÆí [Tag] Message 36[0m
[38;5;12mÔööÔöÇÔöÇÔöÇÔöÇÔöÇÔöÇÔöÇÔöÇÔöÇÔöÇÔöÇÔöÇÔöÇÔöÇÔöÇÔöÇÔöÇÔöÇÔöÇÔöÇÔöÇÔöÇÔöÇÔöÇÔöÇÔöÇÔöÇÔöÇÔöÇÔöÇÔöÇÔöÇÔöÇÔöÇÔöÇÔöÇÔöÇÔöÇÔöÇÔöÇÔöÇÔöÇÔöÇÔöÇÔöÇÔöÇÔöÇÔöÇÔöÇÔöÇÔöÇÔöÇÔöÇÔöÇÔöÇÔöÇÔöÇÔöÇÔöÇÔöÇÔöÇÔöÇÔöÇÔöÇÔöÇÔöÇÔöÇÔöÇÔöÇÔöÇÔöÇÔöÇÔöÇÔöÇÔöÇÔöÇÔöÇÔöÇÔöÇ[0m
[38;5;12mÔöîÔöÇÔöÇÔöÇÔöÇÔöÇÔöÇÔöÇÔöÇÔöÇÔöÇÔöÇÔöÇÔöÇÔöÇÔöÇÔöÇÔöÇÔöÇÔöÇÔöÇÔöÇÔöÇÔöÇÔöÇÔöÇÔöÇÔöÇÔöÇÔöÇÔöÇÔöÇÔöÇÔöÇÔöÇÔöÇÔöÇÔöÇÔöÇÔöÇÔöÇÔöÇÔöÇÔöÇÔöÇÔöÇÔöÇÔöÇÔöÇÔöÇÔöÇÔöÇÔöÇÔöÇÔöÇÔöÇÔöÇÔöÇÔöÇÔöÇÔöÇÔöÇÔöÇÔöÇÔöÇÔöÇÔöÇÔöÇÔöÇÔöÇÔöÇÔöÇÔöÇÔöÇÔöÇÔöÇÔöÇÔöÇÔöÇÔöÇ[0m
[38;5;12mÔöé 01:00:45.878 (+0:00:00.015910)[0m
[38;5;12mÔö£ÔöäÔöäÔöäÔöäÔöäÔöäÔöäÔöäÔöäÔöäÔöäÔöäÔöäÔöäÔöäÔöäÔöäÔöäÔöäÔöäÔöäÔöäÔöäÔöäÔöäÔöäÔöäÔöäÔöäÔöäÔöäÔöäÔöäÔöäÔöäÔöäÔöäÔöäÔöäÔöäÔöäÔöäÔöäÔöäÔöäÔöäÔöäÔöäÔöäÔöäÔöäÔöäÔöäÔöäÔöäÔöäÔöäÔöäÔöäÔöäÔöäÔöäÔöäÔöäÔöäÔöäÔöäÔöäÔöäÔöäÔöäÔöäÔöäÔöäÔöäÔöäÔöäÔöäÔöä[0m
[38;5;12mÔöé ­ƒÆí [Tag] Message 37[0m
[38;5;12mÔööÔöÇÔöÇÔöÇÔöÇÔöÇÔöÇÔöÇÔöÇÔöÇÔöÇÔöÇÔöÇÔöÇÔöÇÔöÇÔöÇÔöÇÔöÇÔöÇÔöÇÔöÇÔöÇÔöÇÔöÇÔöÇÔöÇÔöÇÔöÇÔöÇÔöÇÔöÇÔöÇÔöÇÔöÇÔöÇÔöÇÔöÇÔöÇÔöÇÔöÇÔöÇÔöÇÔöÇÔöÇÔöÇÔöÇÔöÇÔöÇÔöÇÔöÇÔöÇÔöÇÔöÇÔöÇÔöÇÔöÇÔöÇÔöÇÔöÇÔöÇÔöÇÔöÇÔöÇÔöÇÔöÇÔöÇÔöÇÔöÇÔöÇÔöÇÔöÇÔöÇÔöÇÔöÇÔöÇÔöÇÔöÇÔöÇÔöÇ[0m
[38;5;12mÔöîÔöÇÔöÇÔöÇÔöÇÔöÇÔöÇÔöÇÔöÇÔöÇÔöÇÔöÇÔöÇÔöÇÔöÇÔöÇÔöÇÔöÇÔöÇÔöÇÔöÇÔöÇÔöÇÔöÇÔöÇÔöÇÔöÇÔöÇÔöÇÔöÇÔöÇÔöÇÔöÇÔöÇÔöÇÔöÇÔöÇÔöÇÔöÇÔöÇÔöÇÔöÇÔöÇÔöÇÔöÇÔöÇÔöÇÔöÇÔöÇÔöÇÔöÇÔöÇÔöÇÔöÇÔöÇÔöÇÔöÇÔöÇÔöÇÔöÇÔöÇÔöÇÔöÇÔöÇÔöÇÔöÇÔöÇÔöÇÔöÇÔöÇÔöÇÔöÇÔöÇÔöÇÔöÇÔöÇÔöÇÔöÇÔöÇÔöÇ[0m
[38;5;12mÔöé 01:00:45.878 (+0:00:00.015910)[0m
[38;5;12mÔö£ÔöäÔöäÔöäÔöäÔöäÔöäÔöäÔöäÔöäÔöäÔöäÔöäÔöäÔöäÔöäÔöäÔöäÔöäÔöäÔöäÔöäÔöäÔöäÔöäÔöäÔöäÔöäÔöäÔöäÔöäÔöäÔöäÔöäÔöäÔöäÔöäÔöäÔöäÔöäÔöäÔöäÔöäÔöäÔöäÔöäÔöäÔöäÔöäÔöäÔöäÔöäÔöäÔöäÔöäÔöäÔöäÔöäÔöäÔöäÔöäÔöäÔöäÔöäÔöäÔöäÔöäÔöäÔöäÔöäÔöäÔöäÔöäÔöäÔöäÔöäÔöäÔöäÔöäÔöä[0m
[38;5;12mÔöé ­ƒÆí [Tag] Message 38[0m
[38;5;12mÔööÔöÇÔöÇÔöÇÔöÇÔöÇÔöÇÔöÇÔöÇÔöÇÔöÇÔöÇÔöÇÔöÇÔöÇÔöÇÔöÇÔöÇÔöÇÔöÇÔöÇÔöÇÔöÇÔöÇÔöÇÔöÇÔöÇÔöÇÔöÇÔöÇÔöÇÔöÇÔöÇÔöÇÔöÇÔöÇÔöÇÔöÇÔöÇÔöÇÔöÇÔöÇÔöÇÔöÇÔöÇÔöÇÔöÇÔöÇÔöÇÔöÇÔöÇÔöÇÔöÇÔöÇÔöÇÔöÇÔöÇÔöÇÔöÇÔöÇÔöÇÔöÇÔöÇÔöÇÔöÇÔöÇÔöÇÔöÇÔöÇÔöÇÔöÇÔöÇÔöÇÔöÇÔöÇÔöÇÔöÇÔöÇÔöÇÔöÇ[0m
[38;5;12mÔöîÔöÇÔöÇÔöÇÔöÇÔöÇÔöÇÔöÇÔöÇÔöÇÔöÇÔöÇÔöÇÔöÇÔöÇÔöÇÔöÇÔöÇÔöÇÔöÇÔöÇÔöÇÔöÇÔöÇÔöÇÔöÇÔöÇÔöÇÔöÇÔöÇÔöÇÔöÇÔöÇÔöÇÔöÇÔöÇÔöÇÔöÇÔöÇÔöÇÔöÇÔöÇÔöÇÔöÇÔöÇÔöÇÔöÇÔöÇÔöÇÔöÇÔöÇÔöÇÔöÇÔöÇÔöÇÔöÇÔöÇÔöÇÔöÇÔöÇÔöÇÔöÇÔöÇÔöÇÔöÇÔöÇÔöÇÔöÇÔöÇÔöÇÔöÇÔöÇÔöÇÔöÇÔöÇÔöÇÔöÇÔöÇÔöÇÔöÇ[0m
[38;5;12mÔöé 01:00:45.878 (+0:00:00.015910)[0m
[38;5;12mÔö£ÔöäÔöäÔöäÔöäÔöäÔöäÔöäÔöäÔöäÔöäÔöäÔöäÔöäÔöäÔöäÔöäÔöäÔöäÔöäÔöäÔöäÔöäÔöäÔöäÔöäÔöäÔöäÔöäÔöäÔöäÔöäÔöäÔöäÔöäÔöäÔöäÔöäÔöäÔöäÔöäÔöäÔöäÔöäÔöäÔöäÔöäÔöäÔöäÔöäÔöäÔöäÔöäÔöäÔöäÔöäÔöäÔöäÔöäÔöäÔöäÔöäÔöäÔöäÔöäÔöäÔöäÔöäÔöäÔöäÔöäÔöäÔöäÔöäÔöäÔöäÔöäÔöäÔöäÔöä[0m
[38;5;12mÔöé ­ƒÆí [Tag] Message 39[0m
[38;5;12mÔööÔöÇÔöÇÔöÇÔöÇÔöÇÔöÇÔöÇÔöÇÔöÇÔöÇÔöÇÔöÇÔöÇÔöÇÔöÇÔöÇÔöÇÔöÇÔöÇÔöÇÔöÇÔöÇÔöÇÔöÇÔöÇÔöÇÔöÇÔöÇÔöÇÔöÇÔöÇÔöÇÔöÇÔöÇÔöÇÔöÇÔöÇÔöÇÔöÇÔöÇÔöÇÔöÇÔöÇÔöÇÔöÇÔöÇÔöÇÔöÇÔöÇÔöÇÔöÇÔöÇÔöÇÔöÇÔöÇÔöÇÔöÇÔöÇÔöÇÔöÇÔöÇÔöÇÔöÇÔöÇÔöÇÔöÇÔöÇÔöÇÔöÇÔöÇÔöÇÔöÇÔöÇÔöÇÔöÇÔöÇÔöÇÔöÇÔöÇ[0m
[38;5;12mÔöîÔöÇÔöÇÔöÇÔöÇÔöÇÔöÇÔöÇÔöÇÔöÇÔöÇÔöÇÔöÇÔöÇÔöÇÔöÇÔöÇÔöÇÔöÇÔöÇÔöÇÔöÇÔöÇÔöÇÔöÇÔöÇÔöÇÔöÇÔöÇÔöÇÔöÇÔöÇÔöÇÔöÇÔöÇÔöÇÔöÇÔöÇÔöÇÔöÇÔöÇÔöÇÔöÇÔöÇÔöÇÔöÇÔöÇÔöÇÔöÇÔöÇÔöÇÔöÇÔöÇÔöÇÔöÇÔöÇÔöÇÔöÇÔöÇÔöÇÔöÇÔöÇÔöÇÔöÇÔöÇÔöÇÔöÇÔöÇÔöÇÔöÇÔöÇÔöÇÔöÇÔöÇÔöÇÔöÇÔöÇÔöÇÔöÇÔöÇ[0m
[38;5;12mÔöé 01:00:45.878 (+0:00:00.015910)[0m
[38;5;12mÔö£ÔöäÔöäÔöäÔöäÔöäÔöäÔöäÔöäÔöäÔöäÔöäÔöäÔöäÔöäÔöäÔöäÔöäÔöäÔöäÔöäÔöäÔöäÔöäÔöäÔöäÔöäÔöäÔöäÔöäÔöäÔöäÔöäÔöäÔöäÔöäÔöäÔöäÔöäÔöäÔöäÔöäÔöäÔöäÔöäÔöäÔöäÔöäÔöäÔöäÔöäÔöäÔöäÔöäÔöäÔöäÔöäÔöäÔöäÔöäÔöäÔöäÔöäÔöäÔöäÔöäÔöäÔöäÔöäÔöäÔöäÔöäÔöäÔöäÔöäÔöäÔöäÔöäÔöäÔöä[0m
[38;5;12mÔöé ­ƒÆí [Tag] Message 40[0m
[38;5;12mÔööÔöÇÔöÇÔöÇÔöÇÔöÇÔöÇÔöÇÔöÇÔöÇÔöÇÔöÇÔöÇÔöÇÔöÇÔöÇÔöÇÔöÇÔöÇÔöÇÔöÇÔöÇÔöÇÔöÇÔöÇÔöÇÔöÇÔöÇÔöÇÔöÇÔöÇÔöÇÔöÇÔöÇÔöÇÔöÇÔöÇÔöÇÔöÇÔöÇÔöÇÔöÇÔöÇÔöÇÔöÇÔöÇÔöÇÔöÇÔöÇÔöÇÔöÇÔöÇÔöÇÔöÇÔöÇÔöÇÔöÇÔöÇÔöÇÔöÇÔöÇÔöÇÔöÇÔöÇÔöÇÔöÇÔöÇÔöÇÔöÇÔöÇÔöÇÔöÇÔöÇÔöÇÔöÇÔöÇÔöÇÔöÇÔöÇÔöÇ[0m
[38;5;12mÔöîÔöÇÔöÇÔöÇÔöÇÔöÇÔöÇÔöÇÔöÇÔöÇÔöÇÔöÇÔöÇÔöÇÔöÇÔöÇÔöÇÔöÇÔöÇÔöÇÔöÇÔöÇÔöÇÔöÇÔöÇÔöÇÔöÇÔöÇÔöÇÔöÇÔöÇÔöÇÔöÇÔöÇÔöÇÔöÇÔöÇÔöÇÔöÇÔöÇÔöÇÔöÇÔöÇÔöÇÔöÇÔöÇÔöÇÔöÇÔöÇÔöÇÔöÇÔöÇÔöÇÔöÇÔöÇÔöÇÔöÇÔöÇÔöÇÔöÇÔöÇÔöÇÔöÇÔöÇÔöÇÔöÇÔöÇÔöÇÔöÇÔöÇÔöÇÔöÇÔöÇÔöÇÔöÇÔöÇÔöÇÔöÇÔöÇÔöÇ[0m
[38;5;12mÔöé 01:00:45.878 (+0:00:00.015910)[0m
[38;5;12mÔö£ÔöäÔöäÔöäÔöäÔöäÔöäÔöäÔöäÔöäÔöäÔöäÔöäÔöäÔöäÔöäÔöäÔöäÔöäÔöäÔöäÔöäÔöäÔöäÔöäÔöäÔöäÔöäÔöäÔöäÔöäÔöäÔöäÔöäÔöäÔöäÔöäÔöäÔöäÔöäÔöäÔöäÔöäÔöäÔöäÔöäÔöäÔöäÔöäÔöäÔöäÔöäÔöäÔöäÔöäÔöäÔöäÔöäÔöäÔöäÔöäÔöäÔöäÔöäÔöäÔöäÔöäÔöäÔöäÔöäÔöäÔöäÔöäÔöäÔöäÔöäÔöäÔöäÔöäÔöä[0m
[38;5;12mÔöé ­ƒÆí [Tag] Message 41[0m
[38;5;12mÔööÔöÇÔöÇÔöÇÔöÇÔöÇÔöÇÔöÇÔöÇÔöÇÔöÇÔöÇÔöÇÔöÇÔöÇÔöÇÔöÇÔöÇÔöÇÔöÇÔöÇÔöÇÔöÇÔöÇÔöÇÔöÇÔöÇÔöÇÔöÇÔöÇÔöÇÔöÇÔöÇÔöÇÔöÇÔöÇÔöÇÔöÇÔöÇÔöÇÔöÇÔöÇÔöÇÔöÇÔöÇÔöÇÔöÇÔöÇÔöÇÔöÇÔöÇÔöÇÔöÇÔöÇÔöÇÔöÇÔöÇÔöÇÔöÇÔöÇÔöÇÔöÇÔöÇÔöÇÔöÇÔöÇÔöÇÔöÇÔöÇÔöÇÔöÇÔöÇÔöÇÔöÇÔöÇÔöÇÔöÇÔöÇÔöÇÔöÇ[0m
[38;5;12mÔöîÔöÇÔöÇÔöÇÔöÇÔöÇÔöÇÔöÇÔöÇÔöÇÔöÇÔöÇÔöÇÔöÇÔöÇÔöÇÔöÇÔöÇÔöÇÔöÇÔöÇÔöÇÔöÇÔöÇÔöÇÔöÇÔöÇÔöÇÔöÇÔöÇÔöÇÔöÇÔöÇÔöÇÔöÇÔöÇÔöÇÔöÇÔöÇÔöÇÔöÇÔöÇÔöÇÔöÇÔöÇÔöÇÔöÇÔöÇÔöÇÔöÇÔöÇÔöÇÔöÇÔöÇÔöÇÔöÇÔöÇÔöÇÔöÇÔöÇÔöÇÔöÇÔöÇÔöÇÔöÇÔöÇÔöÇÔöÇÔöÇÔöÇÔöÇÔöÇÔöÇÔöÇÔöÇÔöÇÔöÇÔöÇÔöÇÔöÇ[0m
[38;5;12mÔöé 01:00:45.878 (+0:00:00.015910)[0m
[38;5;12mÔö£ÔöäÔöäÔöäÔöäÔöäÔöäÔöäÔöäÔöäÔöäÔöäÔöäÔöäÔöäÔöäÔöäÔöäÔöäÔöäÔöäÔöäÔöäÔöäÔöäÔöäÔöäÔöäÔöäÔöäÔöäÔöäÔöäÔöäÔöäÔöäÔöäÔöäÔöäÔöäÔöäÔöäÔöäÔöäÔöäÔöäÔöäÔöäÔöäÔöäÔöäÔöäÔöäÔöäÔöäÔöäÔöäÔöäÔöäÔöäÔöäÔöäÔöäÔöäÔöäÔöäÔöäÔöäÔöäÔöäÔöäÔöäÔöäÔöäÔöäÔöäÔöäÔöäÔöäÔöä[0m
[38;5;12mÔöé ­ƒÆí [Tag] Message 42[0m
[38;5;12mÔööÔöÇÔöÇÔöÇÔöÇÔöÇÔöÇÔöÇÔöÇÔöÇÔöÇÔöÇÔöÇÔöÇÔöÇÔöÇÔöÇÔöÇÔöÇÔöÇÔöÇÔöÇÔöÇÔöÇÔöÇÔöÇÔöÇÔöÇÔöÇÔöÇÔöÇÔöÇÔöÇÔöÇÔöÇÔöÇÔöÇÔöÇÔöÇÔöÇÔöÇÔöÇÔöÇÔöÇÔöÇÔöÇÔöÇÔöÇÔöÇÔöÇÔöÇÔöÇÔöÇÔöÇÔöÇÔöÇÔöÇÔöÇÔöÇÔöÇÔöÇÔöÇÔöÇÔöÇÔöÇÔöÇÔöÇÔöÇÔöÇÔöÇÔöÇÔöÇÔöÇÔöÇÔöÇÔöÇÔöÇÔöÇÔöÇÔöÇ[0m
[38;5;12mÔöîÔöÇÔöÇÔöÇÔöÇÔöÇÔöÇÔöÇÔöÇÔöÇÔöÇÔöÇÔöÇÔöÇÔöÇÔöÇÔöÇÔöÇÔöÇÔöÇÔöÇÔöÇÔöÇÔöÇÔöÇÔöÇÔöÇÔöÇÔöÇÔöÇÔöÇÔöÇÔöÇÔöÇÔöÇÔöÇÔöÇÔöÇÔöÇÔöÇÔöÇÔöÇÔöÇÔöÇÔöÇÔöÇÔöÇÔöÇÔöÇÔöÇÔöÇÔöÇÔöÇÔöÇÔöÇÔöÇÔöÇÔöÇÔöÇÔöÇÔöÇÔöÇÔöÇÔöÇÔöÇÔöÇÔöÇÔöÇÔöÇÔöÇÔöÇÔöÇÔöÇÔöÇÔöÇÔöÇÔöÇÔöÇÔöÇÔöÇ[0m
[38;5;12mÔöé 01:00:45.878 (+0:00:00.015910)[0m
[38;5;12mÔö£ÔöäÔöäÔöäÔöäÔöäÔöäÔöäÔöäÔöäÔöäÔöäÔöäÔöäÔöäÔöäÔöäÔöäÔöäÔöäÔöäÔöäÔöäÔöäÔöäÔöäÔöäÔöäÔöäÔöäÔöäÔöäÔöäÔöäÔöäÔöäÔöäÔöäÔöäÔöäÔöäÔöäÔöäÔöäÔöäÔöäÔöäÔöäÔöäÔöäÔöäÔöäÔöäÔöäÔöäÔöäÔöäÔöäÔöäÔöäÔöäÔöäÔöäÔöäÔöäÔöäÔöäÔöäÔöäÔöäÔöäÔöäÔöäÔöäÔöäÔöäÔöäÔöäÔöäÔöä[0m
[38;5;12mÔöé ­ƒÆí [Tag] Message 43[0m
[38;5;12mÔööÔöÇÔöÇÔöÇÔöÇÔöÇÔöÇÔöÇÔöÇÔöÇÔöÇÔöÇÔöÇÔöÇÔöÇÔöÇÔöÇÔöÇÔöÇÔöÇÔöÇÔöÇÔöÇÔöÇÔöÇÔöÇÔöÇÔöÇÔöÇÔöÇÔöÇÔöÇÔöÇÔöÇÔöÇÔöÇÔöÇÔöÇÔöÇÔöÇÔöÇÔöÇÔöÇÔöÇÔöÇÔöÇÔöÇÔöÇÔöÇÔöÇÔöÇÔöÇÔöÇÔöÇÔöÇÔöÇÔöÇÔöÇÔöÇÔöÇÔöÇÔöÇÔöÇÔöÇÔöÇÔöÇÔöÇÔöÇÔöÇÔöÇÔöÇÔöÇÔöÇÔöÇÔöÇÔöÇÔöÇÔöÇÔöÇÔöÇ[0m
[38;5;12mÔöîÔöÇÔöÇÔöÇÔöÇÔöÇÔöÇÔöÇÔöÇÔöÇÔöÇÔöÇÔöÇÔöÇÔöÇÔöÇÔöÇÔöÇÔöÇÔöÇÔöÇÔöÇÔöÇÔöÇÔöÇÔöÇÔöÇÔöÇÔöÇÔöÇÔöÇÔöÇÔöÇÔöÇÔöÇÔöÇÔöÇÔöÇÔöÇÔöÇÔöÇÔöÇÔöÇÔöÇÔöÇÔöÇÔöÇÔöÇÔöÇÔöÇÔöÇÔöÇÔöÇÔöÇÔöÇÔöÇÔöÇÔöÇÔöÇÔöÇÔöÇÔöÇÔöÇÔöÇÔöÇÔöÇÔöÇÔöÇÔöÇÔöÇÔöÇÔöÇÔöÇÔöÇÔöÇÔöÇÔöÇÔöÇÔöÇÔöÇ[0m
[38;5;12mÔöé 01:00:45.878 (+0:00:00.015910)[0m
[38;5;12mÔö£ÔöäÔöäÔöäÔöäÔöäÔöäÔöäÔöäÔöäÔöäÔöäÔöäÔöäÔöäÔöäÔöäÔöäÔöäÔöäÔöäÔöäÔöäÔöäÔöäÔöäÔöäÔöäÔöäÔöäÔöäÔöäÔöäÔöäÔöäÔöäÔöäÔöäÔöäÔöäÔöäÔöäÔöäÔöäÔöäÔöäÔöäÔöäÔöäÔöäÔöäÔöäÔöäÔöäÔöäÔöäÔöäÔöäÔöäÔöäÔöäÔöäÔöäÔöäÔöäÔöäÔöäÔöäÔöäÔöäÔöäÔöäÔöäÔöäÔöäÔöäÔöäÔöäÔöäÔöä[0m
[38;5;12mÔöé ­ƒÆí [Tag] Message 44[0m
[38;5;12mÔööÔöÇÔöÇÔöÇÔöÇÔöÇÔöÇÔöÇÔöÇÔöÇÔöÇÔöÇÔöÇÔöÇÔöÇÔöÇÔöÇÔöÇÔöÇÔöÇÔöÇÔöÇÔöÇÔöÇÔöÇÔöÇÔöÇÔöÇÔöÇÔöÇÔöÇÔöÇÔöÇÔöÇÔöÇÔöÇÔöÇÔöÇÔöÇÔöÇÔöÇÔöÇÔöÇÔöÇÔöÇÔöÇÔöÇÔöÇÔöÇÔöÇÔöÇÔöÇÔöÇÔöÇÔöÇÔöÇÔöÇÔöÇÔöÇÔöÇÔöÇÔöÇÔöÇÔöÇÔöÇÔöÇÔöÇÔöÇÔöÇÔöÇÔöÇÔöÇÔöÇÔöÇÔöÇÔöÇÔöÇÔöÇÔöÇÔöÇ[0m
[38;5;12mÔöîÔöÇÔöÇÔöÇÔöÇÔöÇÔöÇÔöÇÔöÇÔöÇÔöÇÔöÇÔöÇÔöÇÔöÇÔöÇÔöÇÔöÇÔöÇÔöÇÔöÇÔöÇÔöÇÔöÇÔöÇÔöÇÔöÇÔöÇÔöÇÔöÇÔöÇÔöÇÔöÇÔöÇÔöÇÔöÇÔöÇÔöÇÔöÇÔöÇÔöÇÔöÇÔöÇÔöÇÔöÇÔöÇÔöÇÔöÇÔöÇÔöÇÔöÇÔöÇÔöÇÔöÇÔöÇÔöÇÔöÇÔöÇÔöÇÔöÇÔöÇÔöÇÔöÇÔöÇÔöÇÔöÇÔöÇÔöÇÔöÇÔöÇÔöÇÔöÇÔöÇÔöÇÔöÇÔöÇÔöÇÔöÇÔöÇÔöÇ[0m
[38;5;12mÔöé 01:00:45.878 (+0:00:00.015910)[0m
[38;5;12mÔö£ÔöäÔöäÔöäÔöäÔöäÔöäÔöäÔöäÔöäÔöäÔöäÔöäÔöäÔöäÔöäÔöäÔöäÔöäÔöäÔöäÔöäÔöäÔöäÔöäÔöäÔöäÔöäÔöäÔöäÔöäÔöäÔöäÔöäÔöäÔöäÔöäÔöäÔöäÔöäÔöäÔöäÔöäÔöäÔöäÔöäÔöäÔöäÔöäÔöäÔöäÔöäÔöäÔöäÔöäÔöäÔöäÔöäÔöäÔöäÔöäÔöäÔöäÔöäÔöäÔöäÔöäÔöäÔöäÔöäÔöäÔöäÔöäÔöäÔöäÔöäÔöäÔöäÔöäÔöä[0m
[38;5;12mÔöé ­ƒÆí [Tag] Message 45[0m
[38;5;12mÔööÔöÇÔöÇÔöÇÔöÇÔöÇÔöÇÔöÇÔöÇÔöÇÔöÇÔöÇÔöÇÔöÇÔöÇÔöÇÔöÇÔöÇÔöÇÔöÇÔöÇÔöÇÔöÇÔöÇÔöÇÔöÇÔöÇÔöÇÔöÇÔöÇÔöÇÔöÇÔöÇÔöÇÔöÇÔöÇÔöÇÔöÇÔöÇÔöÇÔöÇÔöÇÔöÇÔöÇÔöÇÔöÇÔöÇÔöÇÔöÇÔöÇÔöÇÔöÇÔöÇÔöÇÔöÇÔöÇÔöÇÔöÇÔöÇÔöÇÔöÇÔöÇÔöÇÔöÇÔöÇÔöÇÔöÇÔöÇÔöÇÔöÇÔöÇÔöÇÔöÇÔöÇÔöÇÔöÇÔöÇÔöÇÔöÇÔöÇ[0m
[38;5;12mÔöîÔöÇÔöÇÔöÇÔöÇÔöÇÔöÇÔöÇÔöÇÔöÇÔöÇÔöÇÔöÇÔöÇÔöÇÔöÇÔöÇÔöÇÔöÇÔöÇÔöÇÔöÇÔöÇÔöÇÔöÇÔöÇÔöÇÔöÇÔöÇÔöÇÔöÇÔöÇÔöÇÔöÇÔöÇÔöÇÔöÇÔöÇÔöÇÔöÇÔöÇÔöÇÔöÇÔöÇÔöÇÔöÇÔöÇÔöÇÔöÇÔöÇÔöÇÔöÇÔöÇÔöÇÔöÇÔöÇÔöÇÔöÇÔöÇÔöÇÔöÇÔöÇÔöÇÔöÇÔöÇÔöÇÔöÇÔöÇÔöÇÔöÇÔöÇÔöÇÔöÇÔöÇÔöÇÔöÇÔöÇÔöÇÔöÇÔöÇ[0m
[38;5;12mÔöé 01:00:45.878 (+0:00:00.015910)[0m
[38;5;12mÔö£ÔöäÔöäÔöäÔöäÔöäÔöäÔöäÔöäÔöäÔöäÔöäÔöäÔöäÔöäÔöäÔöäÔöäÔöäÔöäÔöäÔöäÔöäÔöäÔöäÔöäÔöäÔöäÔöäÔöäÔöäÔöäÔöäÔöäÔöäÔöäÔöäÔöäÔöäÔöäÔöäÔöäÔöäÔöäÔöäÔöäÔöäÔöäÔöäÔöäÔöäÔöäÔöäÔöäÔöäÔöäÔöäÔöäÔöäÔöäÔöäÔöäÔöäÔöäÔöäÔöäÔöäÔöäÔöäÔöäÔöäÔöäÔöäÔöäÔöäÔöäÔöäÔöäÔöäÔöä[0m
[38;5;12mÔöé ­ƒÆí [Tag] Message 46[0m
[38;5;12mÔööÔöÇÔöÇÔöÇÔöÇÔöÇÔöÇÔöÇÔöÇÔöÇÔöÇÔöÇÔöÇÔöÇÔöÇÔöÇÔöÇÔöÇÔöÇÔöÇÔöÇÔöÇÔöÇÔöÇÔöÇÔöÇÔöÇÔöÇÔöÇÔöÇÔöÇÔöÇÔöÇÔöÇÔöÇÔöÇÔöÇÔöÇÔöÇÔöÇÔöÇÔöÇÔöÇÔöÇÔöÇÔöÇÔöÇÔöÇÔöÇÔöÇÔöÇÔöÇÔöÇÔöÇÔöÇÔöÇÔöÇÔöÇÔöÇÔöÇÔöÇÔöÇÔöÇÔöÇÔöÇÔöÇÔöÇÔöÇÔöÇÔöÇÔöÇÔöÇÔöÇÔöÇÔöÇÔöÇÔöÇÔöÇÔöÇÔöÇ[0m
[38;5;12mÔöîÔöÇÔöÇÔöÇÔöÇÔöÇÔöÇÔöÇÔöÇÔöÇÔöÇÔöÇÔöÇÔöÇÔöÇÔöÇÔöÇÔöÇÔöÇÔöÇÔöÇÔöÇÔöÇÔöÇÔöÇÔöÇÔöÇÔöÇÔöÇÔöÇÔöÇÔöÇÔöÇÔöÇÔöÇÔöÇÔöÇÔöÇÔöÇÔöÇÔöÇÔöÇÔöÇÔöÇÔöÇÔöÇÔöÇÔöÇÔöÇÔöÇÔöÇÔöÇÔöÇÔöÇÔöÇÔöÇÔöÇÔöÇÔöÇÔöÇÔöÇÔöÇÔöÇÔöÇÔöÇÔöÇÔöÇÔöÇÔöÇÔöÇÔöÇÔöÇÔöÇÔöÇÔöÇÔöÇÔöÇÔöÇÔöÇÔöÇ[0m
[38;5;12mÔöé 01:00:45.878 (+0:00:00.016413)[0m
[38;5;12mÔö£ÔöäÔöäÔöäÔöäÔöäÔöäÔöäÔöäÔöäÔöäÔöäÔöäÔöäÔöäÔöäÔöäÔöäÔöäÔöäÔöäÔöäÔöäÔöäÔöäÔöäÔöäÔöäÔöäÔöäÔöäÔöäÔöäÔöäÔöäÔöäÔöäÔöäÔöäÔöäÔöäÔöäÔöäÔöäÔöäÔöäÔöäÔöäÔöäÔöäÔöäÔöäÔöäÔöäÔöäÔöäÔöäÔöäÔöäÔöäÔöäÔöäÔöäÔöäÔöäÔöäÔöäÔöäÔöäÔöäÔöäÔöäÔöäÔöäÔöäÔöäÔöäÔöäÔöäÔöä[0m
[38;5;12mÔöé ­ƒÆí [Tag] Message 47[0m
[38;5;12mÔööÔöÇÔöÇÔöÇÔöÇÔöÇÔöÇÔöÇÔöÇÔöÇÔöÇÔöÇÔöÇÔöÇÔöÇÔöÇÔöÇÔöÇÔöÇÔöÇÔöÇÔöÇÔöÇÔöÇÔöÇÔöÇÔöÇÔöÇÔöÇÔöÇÔöÇÔöÇÔöÇÔöÇÔöÇÔöÇÔöÇÔöÇÔöÇÔöÇÔöÇÔöÇÔöÇÔöÇÔöÇÔöÇÔöÇÔöÇÔöÇÔöÇÔöÇÔöÇÔöÇÔöÇÔöÇÔöÇÔöÇÔöÇÔöÇÔöÇÔöÇÔöÇÔöÇÔöÇÔöÇÔöÇÔöÇÔöÇÔöÇÔöÇÔöÇÔöÇÔöÇÔöÇÔöÇÔöÇÔöÇÔöÇÔöÇÔöÇ[0m
[38;5;12mÔöîÔöÇÔöÇÔöÇÔöÇÔöÇÔöÇÔöÇÔöÇÔöÇÔöÇÔöÇÔöÇÔöÇÔöÇÔöÇÔöÇÔöÇÔöÇÔöÇÔöÇÔöÇÔöÇÔöÇÔöÇÔöÇÔöÇÔöÇÔöÇÔöÇÔöÇÔöÇÔöÇÔöÇÔöÇÔöÇÔöÇÔöÇÔöÇÔöÇÔöÇÔöÇÔöÇÔöÇÔöÇÔöÇÔöÇÔöÇÔöÇÔöÇÔöÇÔöÇÔöÇÔöÇÔöÇÔöÇÔöÇÔöÇÔöÇÔöÇÔöÇÔöÇÔöÇÔöÇÔöÇÔöÇÔöÇÔöÇÔöÇÔöÇÔöÇÔöÇÔöÇÔöÇÔöÇÔöÇÔöÇÔöÇÔöÇÔöÇ[0m
[38;5;12mÔöé 01:00:45.878 (+0:00:00.016413)[0m
[38;5;12mÔö£ÔöäÔöäÔöäÔöäÔöäÔöäÔöäÔöäÔöäÔöäÔöäÔöäÔöäÔöäÔöäÔöäÔöäÔöäÔöäÔöäÔöäÔöäÔöäÔöäÔöäÔöäÔöäÔöäÔöäÔöäÔöäÔöäÔöäÔöäÔöäÔöäÔöäÔöäÔöäÔöäÔöäÔöäÔöäÔöäÔöäÔöäÔöäÔöäÔöäÔöäÔöäÔöäÔöäÔöäÔöäÔöäÔöäÔöäÔöäÔöäÔöäÔöäÔöäÔöäÔöäÔöäÔöäÔöäÔöäÔöäÔöäÔöäÔöäÔöäÔöäÔöäÔöäÔöäÔöä[0m
[38;5;12mÔöé ­ƒÆí [Tag] Message 48[0m
[38;5;12mÔööÔöÇÔöÇÔöÇÔöÇÔöÇÔöÇÔöÇÔöÇÔöÇÔöÇÔöÇÔöÇÔöÇÔöÇÔöÇÔöÇÔöÇÔöÇÔöÇÔöÇÔöÇÔöÇÔöÇÔöÇÔöÇÔöÇÔöÇÔöÇÔöÇÔöÇÔöÇÔöÇÔöÇÔöÇÔöÇÔöÇÔöÇÔöÇÔöÇÔöÇÔöÇÔöÇÔöÇÔöÇÔöÇÔöÇÔöÇÔöÇÔöÇÔöÇÔöÇÔöÇÔöÇÔöÇÔöÇÔöÇÔöÇÔöÇÔöÇÔöÇÔöÇÔöÇÔöÇÔöÇÔöÇÔöÇÔöÇÔöÇÔöÇÔöÇÔöÇÔöÇÔöÇÔöÇÔöÇÔöÇÔöÇÔöÇÔöÇ[0m
[38;5;12mÔöîÔöÇÔöÇÔöÇÔöÇÔöÇÔöÇÔöÇÔöÇÔöÇÔöÇÔöÇÔöÇÔöÇÔöÇÔöÇÔöÇÔöÇÔöÇÔöÇÔöÇÔöÇÔöÇÔöÇÔöÇÔöÇÔöÇÔöÇÔöÇÔöÇÔöÇÔöÇÔöÇÔöÇÔöÇÔöÇÔöÇÔöÇÔöÇÔöÇÔöÇÔöÇÔöÇÔöÇÔöÇÔöÇÔöÇÔöÇÔöÇÔöÇÔöÇÔöÇÔöÇÔöÇÔöÇÔöÇÔöÇÔöÇÔöÇÔöÇÔöÇÔöÇÔöÇÔöÇÔöÇÔöÇÔöÇÔöÇÔöÇÔöÇÔöÇÔöÇÔöÇÔöÇÔöÇÔöÇÔöÇÔöÇÔöÇÔöÇ[0m
[38;5;12mÔöé 01:00:45.878 (+0:00:00.016413)[0m
[38;5;12mÔö£ÔöäÔöäÔöäÔöäÔöäÔöäÔöäÔöäÔöäÔöäÔöäÔöäÔöäÔöäÔöäÔöäÔöäÔöäÔöäÔöäÔöäÔöäÔöäÔöäÔöäÔöäÔöäÔöäÔöäÔöäÔöäÔöäÔöäÔöäÔöäÔöäÔöäÔöäÔöäÔöäÔöäÔöäÔöäÔöäÔöäÔöäÔöäÔöäÔöäÔöäÔöäÔöäÔöäÔöäÔöäÔöäÔöäÔöäÔöäÔöäÔöäÔöäÔöäÔöäÔöäÔöäÔöäÔöäÔöäÔöäÔöäÔöäÔöäÔöäÔöäÔöäÔöäÔöäÔöä[0m
[38;5;12mÔöé ­ƒÆí [Tag] Message 49[0m
[38;5;12mÔööÔöÇÔöÇÔöÇÔöÇÔöÇÔöÇÔöÇÔöÇÔöÇÔöÇÔöÇÔöÇÔöÇÔöÇÔöÇÔöÇÔöÇÔöÇÔöÇÔöÇÔöÇÔöÇÔöÇÔöÇÔöÇÔöÇÔöÇÔöÇÔöÇÔöÇÔöÇÔöÇÔöÇÔöÇÔöÇÔöÇÔöÇÔöÇÔöÇÔöÇÔöÇÔöÇÔöÇÔöÇÔöÇÔöÇÔöÇÔöÇÔöÇÔöÇÔöÇÔöÇÔöÇÔöÇÔöÇÔöÇÔöÇÔöÇÔöÇÔöÇÔöÇÔöÇÔöÇÔöÇÔöÇÔöÇÔöÇÔöÇÔöÇÔöÇÔöÇÔöÇÔöÇÔöÇÔöÇÔöÇÔöÇÔöÇÔöÇ[0m
[38;5;12mÔöîÔöÇÔöÇÔöÇÔöÇÔöÇÔöÇÔöÇÔöÇÔöÇÔöÇÔöÇÔöÇÔöÇÔöÇÔöÇÔöÇÔöÇÔöÇÔöÇÔöÇÔöÇÔöÇÔöÇÔöÇÔöÇÔöÇÔöÇÔöÇÔöÇÔöÇÔöÇÔöÇÔöÇÔöÇÔöÇÔöÇÔöÇÔöÇÔöÇÔöÇÔöÇÔöÇÔöÇÔöÇÔöÇÔöÇÔöÇÔöÇÔöÇÔöÇÔöÇÔöÇÔöÇÔöÇÔöÇÔöÇÔöÇÔöÇÔöÇÔöÇÔöÇÔöÇÔöÇÔöÇÔöÇÔöÇÔöÇÔöÇÔöÇÔöÇÔöÇÔöÇÔöÇÔöÇÔöÇÔöÇÔöÇÔöÇÔöÇ[0m
[38;5;12mÔöé 01:00:45.878 (+0:00:00.016413)[0m
[38;5;12mÔö£ÔöäÔöäÔöäÔöäÔöäÔöäÔöäÔöäÔöäÔöäÔöäÔöäÔöäÔöäÔöäÔöäÔöäÔöäÔöäÔöäÔöäÔöäÔöäÔöäÔöäÔöäÔöäÔöäÔöäÔöäÔöäÔöäÔöäÔöäÔöäÔöäÔöäÔöäÔöäÔöäÔöäÔöäÔöäÔöäÔöäÔöäÔöäÔöäÔöäÔöäÔöäÔöäÔöäÔöäÔöäÔöäÔöäÔöäÔöäÔöäÔöäÔöäÔöäÔöäÔöäÔöäÔöäÔöäÔöäÔöäÔöäÔöäÔöäÔöäÔöäÔöäÔöäÔöäÔöä[0m
[38;5;12mÔöé ­ƒÆí [Tag] Message 50[0m
[38;5;12mÔööÔöÇÔöÇÔöÇÔöÇÔöÇÔöÇÔöÇÔöÇÔöÇÔöÇÔöÇÔöÇÔöÇÔöÇÔöÇÔöÇÔöÇÔöÇÔöÇÔöÇÔöÇÔöÇÔöÇÔöÇÔöÇÔöÇÔöÇÔöÇÔöÇÔöÇÔöÇÔöÇÔöÇÔöÇÔöÇÔöÇÔöÇÔöÇÔöÇÔöÇÔöÇÔöÇÔöÇÔöÇÔöÇÔöÇÔöÇÔöÇÔöÇÔöÇÔöÇÔöÇÔöÇÔöÇÔöÇÔöÇÔöÇÔöÇÔöÇÔöÇÔöÇÔöÇÔöÇÔöÇÔöÇÔöÇÔöÇÔöÇÔöÇÔöÇÔöÇÔöÇÔöÇÔöÇÔöÇÔöÇÔöÇÔöÇÔöÇ[0m
[38;5;12mÔöîÔöÇÔöÇÔöÇÔöÇÔöÇÔöÇÔöÇÔöÇÔöÇÔöÇÔöÇÔöÇÔöÇÔöÇÔöÇÔöÇÔöÇÔöÇÔöÇÔöÇÔöÇÔöÇÔöÇÔöÇÔöÇÔöÇÔöÇÔöÇÔöÇÔöÇÔöÇÔöÇÔöÇÔöÇÔöÇÔöÇÔöÇÔöÇÔöÇÔöÇÔöÇÔöÇÔöÇÔöÇÔöÇÔöÇÔöÇÔöÇÔöÇÔöÇÔöÇÔöÇÔöÇÔöÇÔöÇÔöÇÔöÇÔöÇÔöÇÔöÇÔöÇÔöÇÔöÇÔöÇÔöÇÔöÇÔöÇÔöÇÔöÇÔöÇÔöÇÔöÇÔöÇÔöÇÔöÇÔöÇÔöÇÔöÇÔöÇ[0m
[38;5;12mÔöé 01:00:45.878 (+0:00:00.016413)[0m
[38;5;12mÔö£ÔöäÔöäÔöäÔöäÔöäÔöäÔöäÔöäÔöäÔöäÔöäÔöäÔöäÔöäÔöäÔöäÔöäÔöäÔöäÔöäÔöäÔöäÔöäÔöäÔöäÔöäÔöäÔöäÔöäÔöäÔöäÔöäÔöäÔöäÔöäÔöäÔöäÔöäÔöäÔöäÔöäÔöäÔöäÔöäÔöäÔöäÔöäÔöäÔöäÔöäÔöäÔöäÔöäÔöäÔöäÔöäÔöäÔöäÔöäÔöäÔöäÔöäÔöäÔöäÔöäÔöäÔöäÔöäÔöäÔöäÔöäÔöäÔöäÔöäÔöäÔöäÔöäÔöäÔöä[0m
[38;5;12mÔöé ­ƒÆí [Tag] Message 51[0m
[38;5;12mÔööÔöÇÔöÇÔöÇÔöÇÔöÇÔöÇÔöÇÔöÇÔöÇÔöÇÔöÇÔöÇÔöÇÔöÇÔöÇÔöÇÔöÇÔöÇÔöÇÔöÇÔöÇÔöÇÔöÇÔöÇÔöÇÔöÇÔöÇÔöÇÔöÇÔöÇÔöÇÔöÇÔöÇÔöÇÔöÇÔöÇÔöÇÔöÇÔöÇÔöÇÔöÇÔöÇÔöÇÔöÇÔöÇÔöÇÔöÇÔöÇÔöÇÔöÇÔöÇÔöÇÔöÇÔöÇÔöÇÔöÇÔöÇÔöÇÔöÇÔöÇÔöÇÔöÇÔöÇÔöÇÔöÇÔöÇÔöÇÔöÇÔöÇÔöÇÔöÇÔöÇÔöÇÔöÇÔöÇÔöÇÔöÇÔöÇÔöÇ[0m
[38;5;12mÔöîÔöÇÔöÇÔöÇÔöÇÔöÇÔöÇÔöÇÔöÇÔöÇÔöÇÔöÇÔöÇÔöÇÔöÇÔöÇÔöÇÔöÇÔöÇÔöÇÔöÇÔöÇÔöÇÔöÇÔöÇÔöÇÔöÇÔöÇÔöÇÔöÇÔöÇÔöÇÔöÇÔöÇÔöÇÔöÇÔöÇÔöÇÔöÇÔöÇÔöÇÔöÇÔöÇÔöÇÔöÇÔöÇÔöÇÔöÇÔöÇÔöÇÔöÇÔöÇÔöÇÔöÇÔöÇÔöÇÔöÇÔöÇÔöÇÔöÇÔöÇÔöÇÔöÇÔöÇÔöÇÔöÇÔöÇÔöÇÔöÇÔöÇÔöÇÔöÇÔöÇÔöÇÔöÇÔöÇÔöÇÔöÇÔöÇÔöÇ[0m
[38;5;12mÔöé 01:00:45.878 (+0:00:00.016413)[0m
[38;5;12mÔö£ÔöäÔöäÔöäÔöäÔöäÔöäÔöäÔöäÔöäÔöäÔöäÔöäÔöäÔöäÔöäÔöäÔöäÔöäÔöäÔöäÔöäÔöäÔöäÔöäÔöäÔöäÔöäÔöäÔöäÔöäÔöäÔöäÔöäÔöäÔöäÔöäÔöäÔöäÔöäÔöäÔöäÔöäÔöäÔöäÔöäÔöäÔöäÔöäÔöäÔöäÔöäÔöäÔöäÔöäÔöäÔöäÔöäÔöäÔöäÔöäÔöäÔöäÔöäÔöäÔöäÔöäÔöäÔöäÔöäÔöäÔöäÔöäÔöäÔöäÔöäÔöäÔöäÔöäÔöä[0m
[38;5;12mÔöé ­ƒÆí [Tag] Message 52[0m
[38;5;12mÔööÔöÇÔöÇÔöÇÔöÇÔöÇÔöÇÔöÇÔöÇÔöÇÔöÇÔöÇÔöÇÔöÇÔöÇÔöÇÔöÇÔöÇÔöÇÔöÇÔöÇÔöÇÔöÇÔöÇÔöÇÔöÇÔöÇÔöÇÔöÇÔöÇÔöÇÔöÇÔöÇÔöÇÔöÇÔöÇÔöÇÔöÇÔöÇÔöÇÔöÇÔöÇÔöÇÔöÇÔöÇÔöÇÔöÇÔöÇÔöÇÔöÇÔöÇÔöÇÔöÇÔöÇÔöÇÔöÇÔöÇÔöÇÔöÇÔöÇÔöÇÔöÇÔöÇÔöÇÔöÇÔöÇÔöÇÔöÇÔöÇÔöÇÔöÇÔöÇÔöÇÔöÇÔöÇÔöÇÔöÇÔöÇÔöÇÔöÇ[0m
[38;5;12mÔöîÔöÇÔöÇÔöÇÔöÇÔöÇÔöÇÔöÇÔöÇÔöÇÔöÇÔöÇÔöÇÔöÇÔöÇÔöÇÔöÇÔöÇÔöÇÔöÇÔöÇÔöÇÔöÇÔöÇÔöÇÔöÇÔöÇÔöÇÔöÇÔöÇÔöÇÔöÇÔöÇÔöÇÔöÇÔöÇÔöÇÔöÇÔöÇÔöÇÔöÇÔöÇÔöÇÔöÇÔöÇÔöÇÔöÇÔöÇÔöÇÔöÇÔöÇÔöÇÔöÇÔöÇÔöÇÔöÇÔöÇÔöÇÔöÇÔöÇÔöÇÔöÇÔöÇÔöÇÔöÇÔöÇÔöÇÔöÇÔöÇÔöÇÔöÇÔöÇÔöÇÔöÇÔöÇÔöÇÔöÇÔöÇÔöÇÔöÇ[0m
[38;5;12mÔöé 01:00:45.878 (+0:00:00.016413)[0m
[38;5;12mÔö£ÔöäÔöäÔöäÔöäÔöäÔöäÔöäÔöäÔöäÔöäÔöäÔöäÔöäÔöäÔöäÔöäÔöäÔöäÔöäÔöäÔöäÔöäÔöäÔöäÔöäÔöäÔöäÔöäÔöäÔöäÔöäÔöäÔöäÔöäÔöäÔöäÔöäÔöäÔöäÔöäÔöäÔöäÔöäÔöäÔöäÔöäÔöäÔöäÔöäÔöäÔöäÔöäÔöäÔöäÔöäÔöäÔöäÔöäÔöäÔöäÔöäÔöäÔöäÔöäÔöäÔöäÔöäÔöäÔöäÔöäÔöäÔöäÔöäÔöäÔöäÔöäÔöäÔöäÔöä[0m
[38;5;12mÔöé ­ƒÆí [Tag] Message 53[0m
[38;5;12mÔööÔöÇÔöÇÔöÇÔöÇÔöÇÔöÇÔöÇÔöÇÔöÇÔöÇÔöÇÔöÇÔöÇÔöÇÔöÇÔöÇÔöÇÔöÇÔöÇÔöÇÔöÇÔöÇÔöÇÔöÇÔöÇÔöÇÔöÇÔöÇÔöÇÔöÇÔöÇÔöÇÔöÇÔöÇÔöÇÔöÇÔöÇÔöÇÔöÇÔöÇÔöÇÔöÇÔöÇÔöÇÔöÇÔöÇÔöÇÔöÇÔöÇÔöÇÔöÇÔöÇÔöÇÔöÇÔöÇÔöÇÔöÇÔöÇÔöÇÔöÇÔöÇÔöÇÔöÇÔöÇÔöÇÔöÇÔöÇÔöÇÔöÇÔöÇÔöÇÔöÇÔöÇÔöÇÔöÇÔöÇÔöÇÔöÇÔöÇ[0m
[38;5;12mÔöîÔöÇÔöÇÔöÇÔöÇÔöÇÔöÇÔöÇÔöÇÔöÇÔöÇÔöÇÔöÇÔöÇÔöÇÔöÇÔöÇÔöÇÔöÇÔöÇÔöÇÔöÇÔöÇÔöÇÔöÇÔöÇÔöÇÔöÇÔöÇÔöÇÔöÇÔöÇÔöÇÔöÇÔöÇÔöÇÔöÇÔöÇÔöÇÔöÇÔöÇÔöÇÔöÇÔöÇÔöÇÔöÇÔöÇÔöÇÔöÇÔöÇÔöÇÔöÇÔöÇÔöÇÔöÇÔöÇÔöÇÔöÇÔöÇÔöÇÔöÇÔöÇÔöÇÔöÇÔöÇÔöÇÔöÇÔöÇÔöÇÔöÇÔöÇÔöÇÔöÇÔöÇÔöÇÔöÇÔöÇÔöÇÔöÇÔöÇ[0m
[38;5;12mÔöé 01:00:45.878 (+0:00:00.016413)[0m
[38;5;12mÔö£ÔöäÔöäÔöäÔöäÔöäÔöäÔöäÔöäÔöäÔöäÔöäÔöäÔöäÔöäÔöäÔöäÔöäÔöäÔöäÔöäÔöäÔöäÔöäÔöäÔöäÔöäÔöäÔöäÔöäÔöäÔöäÔöäÔöäÔöäÔöäÔöäÔöäÔöäÔöäÔöäÔöäÔöäÔöäÔöäÔöäÔöäÔöäÔöäÔöäÔöäÔöäÔöäÔöäÔöäÔöäÔöäÔöäÔöäÔöäÔöäÔöäÔöäÔöäÔöäÔöäÔöäÔöäÔöäÔöäÔöäÔöäÔöäÔöäÔöäÔöäÔöäÔöäÔöäÔöä[0m
[38;5;12mÔöé ­ƒÆí [Tag] Message 54[0m
[38;5;12mÔööÔöÇÔöÇÔöÇÔöÇÔöÇÔöÇÔöÇÔöÇÔöÇÔöÇÔöÇÔöÇÔöÇÔöÇÔöÇÔöÇÔöÇÔöÇÔöÇÔöÇÔöÇÔöÇÔöÇÔöÇÔöÇÔöÇÔöÇÔöÇÔöÇÔöÇÔöÇÔöÇÔöÇÔöÇÔöÇÔöÇÔöÇÔöÇÔöÇÔöÇÔöÇÔöÇÔöÇÔöÇÔöÇÔöÇÔöÇÔöÇÔöÇÔöÇÔöÇÔöÇÔöÇÔöÇÔöÇÔöÇÔöÇÔöÇÔöÇÔöÇÔöÇÔöÇÔöÇÔöÇÔöÇÔöÇÔöÇÔöÇÔöÇÔöÇÔöÇÔöÇÔöÇÔöÇÔöÇÔöÇÔöÇÔöÇÔöÇ[0m
[38;5;12mÔöîÔöÇÔöÇÔöÇÔöÇÔöÇÔöÇÔöÇÔöÇÔöÇÔöÇÔöÇÔöÇÔöÇÔöÇÔöÇÔöÇÔöÇÔöÇÔöÇÔöÇÔöÇÔöÇÔöÇÔöÇÔöÇÔöÇÔöÇÔöÇÔöÇÔöÇÔöÇÔöÇÔöÇÔöÇÔöÇÔöÇÔöÇÔöÇÔöÇÔöÇÔöÇÔöÇÔöÇÔöÇÔöÇÔöÇÔöÇÔöÇÔöÇÔöÇÔöÇÔöÇÔöÇÔöÇÔöÇÔöÇÔöÇÔöÇÔöÇÔöÇÔöÇÔöÇÔöÇÔöÇÔöÇÔöÇÔöÇÔöÇÔöÇÔöÇÔöÇÔöÇÔöÇÔöÇÔöÇÔöÇÔöÇÔöÇÔöÇ[0m
[38;5;12mÔöé 01:00:45.878 (+0:00:00.016413)[0m
[38;5;12mÔö£ÔöäÔöäÔöäÔöäÔöäÔöäÔöäÔöäÔöäÔöäÔöäÔöäÔöäÔöäÔöäÔöäÔöäÔöäÔöäÔöäÔöäÔöäÔöäÔöäÔöäÔöäÔöäÔöäÔöäÔöäÔöäÔöäÔöäÔöäÔöäÔöäÔöäÔöäÔöäÔöäÔöäÔöäÔöäÔöäÔöäÔöäÔöäÔöäÔöäÔöäÔöäÔöäÔöäÔöäÔöäÔöäÔöäÔöäÔöäÔöäÔöäÔöäÔöäÔöäÔöäÔöäÔöäÔöäÔöäÔöäÔöäÔöäÔöäÔöäÔöäÔöäÔöäÔöäÔöä[0m
[38;5;12mÔöé ­ƒÆí [Tag] Message 55[0m
[38;5;12mÔööÔöÇÔöÇÔöÇÔöÇÔöÇÔöÇÔöÇÔöÇÔöÇÔöÇÔöÇÔöÇÔöÇÔöÇÔöÇÔöÇÔöÇÔöÇÔöÇÔöÇÔöÇÔöÇÔöÇÔöÇÔöÇÔöÇÔöÇÔöÇÔöÇÔöÇÔöÇÔöÇÔöÇÔöÇÔöÇÔöÇÔöÇÔöÇÔöÇÔöÇÔöÇÔöÇÔöÇÔöÇÔöÇÔöÇÔöÇÔöÇÔöÇÔöÇÔöÇÔöÇÔöÇÔöÇÔöÇÔöÇÔöÇÔöÇÔöÇÔöÇÔöÇÔöÇÔöÇÔöÇÔöÇÔöÇÔöÇÔöÇÔöÇÔöÇÔöÇÔöÇÔöÇÔöÇÔöÇÔöÇÔöÇÔöÇÔöÇ[0m
[38;5;12mÔöîÔöÇÔöÇÔöÇÔöÇÔöÇÔöÇÔöÇÔöÇÔöÇÔöÇÔöÇÔöÇÔöÇÔöÇÔöÇÔöÇÔöÇÔöÇÔöÇÔöÇÔöÇÔöÇÔöÇÔöÇÔöÇÔöÇÔöÇÔöÇÔöÇÔöÇÔöÇÔöÇÔöÇÔöÇÔöÇÔöÇÔöÇÔöÇÔöÇÔöÇÔöÇÔöÇÔöÇÔöÇÔöÇÔöÇÔöÇÔöÇÔöÇÔöÇÔöÇÔöÇÔöÇÔöÇÔöÇÔöÇÔöÇÔöÇÔöÇÔöÇÔöÇÔöÇÔöÇÔöÇÔöÇÔöÇÔöÇÔöÇÔöÇÔöÇÔöÇÔöÇÔöÇÔöÇÔöÇÔöÇÔöÇÔöÇÔöÇ[0m
[38;5;12mÔöé 01:00:45.878 (+0:00:00.016413)[0m
[38;5;12mÔö£ÔöäÔöäÔöäÔöäÔöäÔöäÔöäÔöäÔöäÔöäÔöäÔöäÔöäÔöäÔöäÔöäÔöäÔöäÔöäÔöäÔöäÔöäÔöäÔöäÔöäÔöäÔöäÔöäÔöäÔöäÔöäÔöäÔöäÔöäÔöäÔöäÔöäÔöäÔöäÔöäÔöäÔöäÔöäÔöäÔöäÔöäÔöäÔöäÔöäÔöäÔöäÔöäÔöäÔöäÔöäÔöäÔöäÔöäÔöäÔöäÔöäÔöäÔöäÔöäÔöäÔöäÔöäÔöäÔöäÔöäÔöäÔöäÔöäÔöäÔöäÔöäÔöäÔöäÔöä[0m
[38;5;12mÔöé ­ƒÆí [Tag] Message 56[0m
[38;5;12mÔööÔöÇÔöÇÔöÇÔöÇÔöÇÔöÇÔöÇÔöÇÔöÇÔöÇÔöÇÔöÇÔöÇÔöÇÔöÇÔöÇÔöÇÔöÇÔöÇÔöÇÔöÇÔöÇÔöÇÔöÇÔöÇÔöÇÔöÇÔöÇÔöÇÔöÇÔöÇÔöÇÔöÇÔöÇÔöÇÔöÇÔöÇÔöÇÔöÇÔöÇÔöÇÔöÇÔöÇÔöÇÔöÇÔöÇÔöÇÔöÇÔöÇÔöÇÔöÇÔöÇÔöÇÔöÇÔöÇÔöÇÔöÇÔöÇÔöÇÔöÇÔöÇÔöÇÔöÇÔöÇÔöÇÔöÇÔöÇÔöÇÔöÇÔöÇÔöÇÔöÇÔöÇÔöÇÔöÇÔöÇÔöÇÔöÇÔöÇ[0m
[38;5;12mÔöîÔöÇÔöÇÔöÇÔöÇÔöÇÔöÇÔöÇÔöÇÔöÇÔöÇÔöÇÔöÇÔöÇÔöÇÔöÇÔöÇÔöÇÔöÇÔöÇÔöÇÔöÇÔöÇÔöÇÔöÇÔöÇÔöÇÔöÇÔöÇÔöÇÔöÇÔöÇÔöÇÔöÇÔöÇÔöÇÔöÇÔöÇÔöÇÔöÇÔöÇÔöÇÔöÇÔöÇÔöÇÔöÇÔöÇÔöÇÔöÇÔöÇÔöÇÔöÇÔöÇÔöÇÔöÇÔöÇÔöÇÔöÇÔöÇÔöÇÔöÇÔöÇÔöÇÔöÇÔöÇÔöÇÔöÇÔöÇÔöÇÔöÇÔöÇÔöÇÔöÇÔöÇÔöÇÔöÇÔöÇÔöÇÔöÇÔöÇ[0m
[38;5;12mÔöé 01:00:45.878 (+0:00:00.016413)[0m
[38;5;12mÔö£ÔöäÔöäÔöäÔöäÔöäÔöäÔöäÔöäÔöäÔöäÔöäÔöäÔöäÔöäÔöäÔöäÔöäÔöäÔöäÔöäÔöäÔöäÔöäÔöäÔöäÔöäÔöäÔöäÔöäÔöäÔöäÔöäÔöäÔöäÔöäÔöäÔöäÔöäÔöäÔöäÔöäÔöäÔöäÔöäÔöäÔöäÔöäÔöäÔöäÔöäÔöäÔöäÔöäÔöäÔöäÔöäÔöäÔöäÔöäÔöäÔöäÔöäÔöäÔöäÔöäÔöäÔöäÔöäÔöäÔöäÔöäÔöäÔöäÔöäÔöäÔöäÔöäÔöäÔöä[0m
[38;5;12mÔöé ­ƒÆí [Tag] Message 57[0m
[38;5;12mÔööÔöÇÔöÇÔöÇÔöÇÔöÇÔöÇÔöÇÔöÇÔöÇÔöÇÔöÇÔöÇÔöÇÔöÇÔöÇÔöÇÔöÇÔöÇÔöÇÔöÇÔöÇÔöÇÔöÇÔöÇÔöÇÔöÇÔöÇÔöÇÔöÇÔöÇÔöÇÔöÇÔöÇÔöÇÔöÇÔöÇÔöÇÔöÇÔöÇÔöÇÔöÇÔöÇÔöÇÔöÇÔöÇÔöÇÔöÇÔöÇÔöÇÔöÇÔöÇÔöÇÔöÇÔöÇÔöÇÔöÇÔöÇÔöÇÔöÇÔöÇÔöÇÔöÇÔöÇÔöÇÔöÇÔöÇÔöÇÔöÇÔöÇÔöÇÔöÇÔöÇÔöÇÔöÇÔöÇÔöÇÔöÇÔöÇÔöÇ[0m
[38;5;12mÔöîÔöÇÔöÇÔöÇÔöÇÔöÇÔöÇÔöÇÔöÇÔöÇÔöÇÔöÇÔöÇÔöÇÔöÇÔöÇÔöÇÔöÇÔöÇÔöÇÔöÇÔöÇÔöÇÔöÇÔöÇÔöÇÔöÇÔöÇÔöÇÔöÇÔöÇÔöÇÔöÇÔöÇÔöÇÔöÇÔöÇÔöÇÔöÇÔöÇÔöÇÔöÇÔöÇÔöÇÔöÇÔöÇÔöÇÔöÇÔöÇÔöÇÔöÇÔöÇÔöÇÔöÇÔöÇÔöÇÔöÇÔöÇÔöÇÔöÇÔöÇÔöÇÔöÇÔöÇÔöÇÔöÇÔöÇÔöÇÔöÇÔöÇÔöÇÔöÇÔöÇÔöÇÔöÇÔöÇÔöÇÔöÇÔöÇÔöÇ[0m
[38;5;12mÔöé 01:00:45.878 (+0:00:00.016413)[0m
[38;5;12mÔö£ÔöäÔöäÔöäÔöäÔöäÔöäÔöäÔöäÔöäÔöäÔöäÔöäÔöäÔöäÔöäÔöäÔöäÔöäÔöäÔöäÔöäÔöäÔöäÔöäÔöäÔöäÔöäÔöäÔöäÔöäÔöäÔöäÔöäÔöäÔöäÔöäÔöäÔöäÔöäÔöäÔöäÔöäÔöäÔöäÔöäÔöäÔöäÔöäÔöäÔöäÔöäÔöäÔöäÔöäÔöäÔöäÔöäÔöäÔöäÔöäÔöäÔöäÔöäÔöäÔöäÔöäÔöäÔöäÔöäÔöäÔöäÔöäÔöäÔöäÔöäÔöäÔöäÔöäÔöä[0m
[38;5;12mÔöé ­ƒÆí [Tag] Message 58[0m
[38;5;12mÔööÔöÇÔöÇÔöÇÔöÇÔöÇÔöÇÔöÇÔöÇÔöÇÔöÇÔöÇÔöÇÔöÇÔöÇÔöÇÔöÇÔöÇÔöÇÔöÇÔöÇÔöÇÔöÇÔöÇÔöÇÔöÇÔöÇÔöÇÔöÇÔöÇÔöÇÔöÇÔöÇÔöÇÔöÇÔöÇÔöÇÔöÇÔöÇÔöÇÔöÇÔöÇÔöÇÔöÇÔöÇÔöÇÔöÇÔöÇÔöÇÔöÇÔöÇÔöÇÔöÇÔöÇÔöÇÔöÇÔöÇÔöÇÔöÇÔöÇÔöÇÔöÇÔöÇÔöÇÔöÇÔöÇÔöÇÔöÇÔöÇÔöÇÔöÇÔöÇÔöÇÔöÇÔöÇÔöÇÔöÇÔöÇÔöÇÔöÇ[0m
[38;5;12mÔöîÔöÇÔöÇÔöÇÔöÇÔöÇÔöÇÔöÇÔöÇÔöÇÔöÇÔöÇÔöÇÔöÇÔöÇÔöÇÔöÇÔöÇÔöÇÔöÇÔöÇÔöÇÔöÇÔöÇÔöÇÔöÇÔöÇÔöÇÔöÇÔöÇÔöÇÔöÇÔöÇÔöÇÔöÇÔöÇÔöÇÔöÇÔöÇÔöÇÔöÇÔöÇÔöÇÔöÇÔöÇÔöÇÔöÇÔöÇÔöÇÔöÇÔöÇÔöÇÔöÇÔöÇÔöÇÔöÇÔöÇÔöÇÔöÇÔöÇÔöÇÔöÇÔöÇÔöÇÔöÇÔöÇÔöÇÔöÇÔöÇÔöÇÔöÇÔöÇÔöÇÔöÇÔöÇÔöÇÔöÇÔöÇÔöÇÔöÇ[0m
[38;5;12mÔöé 01:00:45.878 (+0:00:00.016413)[0m
[38;5;12mÔö£ÔöäÔöäÔöäÔöäÔöäÔöäÔöäÔöäÔöäÔöäÔöäÔöäÔöäÔöäÔöäÔöäÔöäÔöäÔöäÔöäÔöäÔöäÔöäÔöäÔöäÔöäÔöäÔöäÔöäÔöäÔöäÔöäÔöäÔöäÔöäÔöäÔöäÔöäÔöäÔöäÔöäÔöäÔöäÔöäÔöäÔöäÔöäÔöäÔöäÔöäÔöäÔöäÔöäÔöäÔöäÔöäÔöäÔöäÔöäÔöäÔöäÔöäÔöäÔöäÔöäÔöäÔöäÔöäÔöäÔöäÔöäÔöäÔöäÔöäÔöäÔöäÔöäÔöäÔöä[0m
[38;5;12mÔöé ­ƒÆí [Tag] Message 59[0m
[38;5;12mÔööÔöÇÔöÇÔöÇÔöÇÔöÇÔöÇÔöÇÔöÇÔöÇÔöÇÔöÇÔöÇÔöÇÔöÇÔöÇÔöÇÔöÇÔöÇÔöÇÔöÇÔöÇÔöÇÔöÇÔöÇÔöÇÔöÇÔöÇÔöÇÔöÇÔöÇÔöÇÔöÇÔöÇÔöÇÔöÇÔöÇÔöÇÔöÇÔöÇÔöÇÔöÇÔöÇÔöÇÔöÇÔöÇÔöÇÔöÇÔöÇÔöÇÔöÇÔöÇÔöÇÔöÇÔöÇÔöÇÔöÇÔöÇÔöÇÔöÇÔöÇÔöÇÔöÇÔöÇÔöÇÔöÇÔöÇÔöÇÔöÇÔöÇÔöÇÔöÇÔöÇÔöÇÔöÇÔöÇÔöÇÔöÇÔöÇÔöÇ[0m
[38;5;12mÔöîÔöÇÔöÇÔöÇÔöÇÔöÇÔöÇÔöÇÔöÇÔöÇÔöÇÔöÇÔöÇÔöÇÔöÇÔöÇÔöÇÔöÇÔöÇÔöÇÔöÇÔöÇÔöÇÔöÇÔöÇÔöÇÔöÇÔöÇÔöÇÔöÇÔöÇÔöÇÔöÇÔöÇÔöÇÔöÇÔöÇÔöÇÔöÇÔöÇÔöÇÔöÇÔöÇÔöÇÔöÇÔöÇÔöÇÔöÇÔöÇÔöÇÔöÇÔöÇÔöÇÔöÇÔöÇÔöÇÔöÇÔöÇÔöÇÔöÇÔöÇÔöÇÔöÇÔöÇÔöÇÔöÇÔöÇÔöÇÔöÇÔöÇÔöÇÔöÇÔöÇÔöÇÔöÇÔöÇÔöÇÔöÇÔöÇÔöÇ[0m
[38;5;12mÔöé 01:00:45.878 (+0:00:00.016413)[0m
[38;5;12mÔö£ÔöäÔöäÔöäÔöäÔöäÔöäÔöäÔöäÔöäÔöäÔöäÔöäÔöäÔöäÔöäÔöäÔöäÔöäÔöäÔöäÔöäÔöäÔöäÔöäÔöäÔöäÔöäÔöäÔöäÔöäÔöäÔöäÔöäÔöäÔöäÔöäÔöäÔöäÔöäÔöäÔöäÔöäÔöäÔöäÔöäÔöäÔöäÔöäÔöäÔöäÔöäÔöäÔöäÔöäÔöäÔöäÔöäÔöäÔöäÔöäÔöäÔöäÔöäÔöäÔöäÔöäÔöäÔöäÔöäÔöäÔöäÔöäÔöäÔöäÔöäÔöäÔöäÔöäÔöä[0m
[38;5;12mÔöé ­ƒÆí [Tag] Message 60[0m
[38;5;12mÔööÔöÇÔöÇÔöÇÔöÇÔöÇÔöÇÔöÇÔöÇÔöÇÔöÇÔöÇÔöÇÔöÇÔöÇÔöÇÔöÇÔöÇÔöÇÔöÇÔöÇÔöÇÔöÇÔöÇÔöÇÔöÇÔöÇÔöÇÔöÇÔöÇÔöÇÔöÇÔöÇÔöÇÔöÇÔöÇÔöÇÔöÇÔöÇÔöÇÔöÇÔöÇÔöÇÔöÇÔöÇÔöÇÔöÇÔöÇÔöÇÔöÇÔöÇÔöÇÔöÇÔöÇÔöÇÔöÇÔöÇÔöÇÔöÇÔöÇÔöÇÔöÇÔöÇÔöÇÔöÇÔöÇÔöÇÔöÇÔöÇÔöÇÔöÇÔöÇÔöÇÔöÇÔöÇÔöÇÔöÇÔöÇÔöÇÔöÇ[0m
[38;5;12mÔöîÔöÇÔöÇÔöÇÔöÇÔöÇÔöÇÔöÇÔöÇÔöÇÔöÇÔöÇÔöÇÔöÇÔöÇÔöÇÔöÇÔöÇÔöÇÔöÇÔöÇÔöÇÔöÇÔöÇÔöÇÔöÇÔöÇÔöÇÔöÇÔöÇÔöÇÔöÇÔöÇÔöÇÔöÇÔöÇÔöÇÔöÇÔöÇÔöÇÔöÇÔöÇÔöÇÔöÇÔöÇÔöÇÔöÇÔöÇÔöÇÔöÇÔöÇÔöÇÔöÇÔöÇÔöÇÔöÇÔöÇÔöÇÔöÇÔöÇÔöÇÔöÇÔöÇÔöÇÔöÇÔöÇÔöÇÔöÇÔöÇÔöÇÔöÇÔöÇÔöÇÔöÇÔöÇÔöÇÔöÇÔöÇÔöÇÔöÇ[0m
[38;5;12mÔöé 01:00:45.878 (+0:00:00.016413)[0m
[38;5;12mÔö£ÔöäÔöäÔöäÔöäÔöäÔöäÔöäÔöäÔöäÔöäÔöäÔöäÔöäÔöäÔöäÔöäÔöäÔöäÔöäÔöäÔöäÔöäÔöäÔöäÔöäÔöäÔöäÔöäÔöäÔöäÔöäÔöäÔöäÔöäÔöäÔöäÔöäÔöäÔöäÔöäÔöäÔöäÔöäÔöäÔöäÔöäÔöäÔöäÔöäÔöäÔöäÔöäÔöäÔöäÔöäÔöäÔöäÔöäÔöäÔöäÔöäÔöäÔöäÔöäÔöäÔöäÔöäÔöäÔöäÔöäÔöäÔöäÔöäÔöäÔöäÔöäÔöäÔöäÔöä[0m
[38;5;12mÔöé ­ƒÆí [Tag] Message 61[0m
[38;5;12mÔööÔöÇÔöÇÔöÇÔöÇÔöÇÔöÇÔöÇÔöÇÔöÇÔöÇÔöÇÔöÇÔöÇÔöÇÔöÇÔöÇÔöÇÔöÇÔöÇÔöÇÔöÇÔöÇÔöÇÔöÇÔöÇÔöÇÔöÇÔöÇÔöÇÔöÇÔöÇÔöÇÔöÇÔöÇÔöÇÔöÇÔöÇÔöÇÔöÇÔöÇÔöÇÔöÇÔöÇÔöÇÔöÇÔöÇÔöÇÔöÇÔöÇÔöÇÔöÇÔöÇÔöÇÔöÇÔöÇÔöÇÔöÇÔöÇÔöÇÔöÇÔöÇÔöÇÔöÇÔöÇÔöÇÔöÇÔöÇÔöÇÔöÇÔöÇÔöÇÔöÇÔöÇÔöÇÔöÇÔöÇÔöÇÔöÇÔöÇ[0m
[38;5;12mÔöîÔöÇÔöÇÔöÇÔöÇÔöÇÔöÇÔöÇÔöÇÔöÇÔöÇÔöÇÔöÇÔöÇÔöÇÔöÇÔöÇÔöÇÔöÇÔöÇÔöÇÔöÇÔöÇÔöÇÔöÇÔöÇÔöÇÔöÇÔöÇÔöÇÔöÇÔöÇÔöÇÔöÇÔöÇÔöÇÔöÇÔöÇÔöÇÔöÇÔöÇÔöÇÔöÇÔöÇÔöÇÔöÇÔöÇÔöÇÔöÇÔöÇÔöÇÔöÇÔöÇÔöÇÔöÇÔöÇÔöÇÔöÇÔöÇÔöÇÔöÇÔöÇÔöÇÔöÇÔöÇÔöÇÔöÇÔöÇÔöÇÔöÇÔöÇÔöÇÔöÇÔöÇÔöÇÔöÇÔöÇÔöÇÔöÇÔöÇ[0m
[38;5;12mÔöé 01:00:45.878 (+0:00:00.016413)[0m
[38;5;12mÔö£ÔöäÔöäÔöäÔöäÔöäÔöäÔöäÔöäÔöäÔöäÔöäÔöäÔöäÔöäÔöäÔöäÔöäÔöäÔöäÔöäÔöäÔöäÔöäÔöäÔöäÔöäÔöäÔöäÔöäÔöäÔöäÔöäÔöäÔöäÔöäÔöäÔöäÔöäÔöäÔöäÔöäÔöäÔöäÔöäÔöäÔöäÔöäÔöäÔöäÔöäÔöäÔöäÔöäÔöäÔöäÔöäÔöäÔöäÔöäÔöäÔöäÔöäÔöäÔöäÔöäÔöäÔöäÔöäÔöäÔöäÔöäÔöäÔöäÔöäÔöäÔöäÔöäÔöäÔöä[0m
[38;5;12mÔöé ­ƒÆí [Tag] Message 62[0m
[38;5;12mÔööÔöÇÔöÇÔöÇÔöÇÔöÇÔöÇÔöÇÔöÇÔöÇÔöÇÔöÇÔöÇÔöÇÔöÇÔöÇÔöÇÔöÇÔöÇÔöÇÔöÇÔöÇÔöÇÔöÇÔöÇÔöÇÔöÇÔöÇÔöÇÔöÇÔöÇÔöÇÔöÇÔöÇÔöÇÔöÇÔöÇÔöÇÔöÇÔöÇÔöÇÔöÇÔöÇÔöÇÔöÇÔöÇÔöÇÔöÇÔöÇÔöÇÔöÇÔöÇÔöÇÔöÇÔöÇÔöÇÔöÇÔöÇÔöÇÔöÇÔöÇÔöÇÔöÇÔöÇÔöÇÔöÇÔöÇÔöÇÔöÇÔöÇÔöÇÔöÇÔöÇÔöÇÔöÇÔöÇÔöÇÔöÇÔöÇÔöÇ[0m
[38;5;12mÔöîÔöÇÔöÇÔöÇÔöÇÔöÇÔöÇÔöÇÔöÇÔöÇÔöÇÔöÇÔöÇÔöÇÔöÇÔöÇÔöÇÔöÇÔöÇÔöÇÔöÇÔöÇÔöÇÔöÇÔöÇÔöÇÔöÇÔöÇÔöÇÔöÇÔöÇÔöÇÔöÇÔöÇÔöÇÔöÇÔöÇÔöÇÔöÇÔöÇÔöÇÔöÇÔöÇÔöÇÔöÇÔöÇÔöÇÔöÇÔöÇÔöÇÔöÇÔöÇÔöÇÔöÇÔöÇÔöÇÔöÇÔöÇÔöÇÔöÇÔöÇÔöÇÔöÇÔöÇÔöÇÔöÇÔöÇÔöÇÔöÇÔöÇÔöÇÔöÇÔöÇÔöÇÔöÇÔöÇÔöÇÔöÇÔöÇÔöÇ[0m
[38;5;12mÔöé 01:00:45.878 (+0:00:00.016413)[0m
[38;5;12mÔö£ÔöäÔöäÔöäÔöäÔöäÔöäÔöäÔöäÔöäÔöäÔöäÔöäÔöäÔöäÔöäÔöäÔöäÔöäÔöäÔöäÔöäÔöäÔöäÔöäÔöäÔöäÔöäÔöäÔöäÔöäÔöäÔöäÔöäÔöäÔöäÔöäÔöäÔöäÔöäÔöäÔöäÔöäÔöäÔöäÔöäÔöäÔöäÔöäÔöäÔöäÔöäÔöäÔöäÔöäÔöäÔöäÔöäÔöäÔöäÔöäÔöäÔöäÔöäÔöäÔöäÔöäÔöäÔöäÔöäÔöäÔöäÔöäÔöäÔöäÔöäÔöäÔöäÔöäÔöä[0m
[38;5;12mÔöé ­ƒÆí [Tag] Message 63[0m
[38;5;12mÔööÔöÇÔöÇÔöÇÔöÇÔöÇÔöÇÔöÇÔöÇÔöÇÔöÇÔöÇÔöÇÔöÇÔöÇÔöÇÔöÇÔöÇÔöÇÔöÇÔöÇÔöÇÔöÇÔöÇÔöÇÔöÇÔöÇÔöÇÔöÇÔöÇÔöÇÔöÇÔöÇÔöÇÔöÇÔöÇÔöÇÔöÇÔöÇÔöÇÔöÇÔöÇÔöÇÔöÇÔöÇÔöÇÔöÇÔöÇÔöÇÔöÇÔöÇÔöÇÔöÇÔöÇÔöÇÔöÇÔöÇÔöÇÔöÇÔöÇÔöÇÔöÇÔöÇÔöÇÔöÇÔöÇÔöÇÔöÇÔöÇÔöÇÔöÇÔöÇÔöÇÔöÇÔöÇÔöÇÔöÇÔöÇÔöÇÔöÇ[0m
[38;5;12mÔöîÔöÇÔöÇÔöÇÔöÇÔöÇÔöÇÔöÇÔöÇÔöÇÔöÇÔöÇÔöÇÔöÇÔöÇÔöÇÔöÇÔöÇÔöÇÔöÇÔöÇÔöÇÔöÇÔöÇÔöÇÔöÇÔöÇÔöÇÔöÇÔöÇÔöÇÔöÇÔöÇÔöÇÔöÇÔöÇÔöÇÔöÇÔöÇÔöÇÔöÇÔöÇÔöÇÔöÇÔöÇÔöÇÔöÇÔöÇÔöÇÔöÇÔöÇÔöÇÔöÇÔöÇÔöÇÔöÇÔöÇÔöÇÔöÇÔöÇÔöÇÔöÇÔöÇÔöÇÔöÇÔöÇÔöÇÔöÇÔöÇÔöÇÔöÇÔöÇÔöÇÔöÇÔöÇÔöÇÔöÇÔöÇÔöÇÔöÇ[0m
[38;5;12mÔöé 01:00:45.878 (+0:00:00.016413)[0m
[38;5;12mÔö£ÔöäÔöäÔöäÔöäÔöäÔöäÔöäÔöäÔöäÔöäÔöäÔöäÔöäÔöäÔöäÔöäÔöäÔöäÔöäÔöäÔöäÔöäÔöäÔöäÔöäÔöäÔöäÔöäÔöäÔöäÔöäÔöäÔöäÔöäÔöäÔöäÔöäÔöäÔöäÔöäÔöäÔöäÔöäÔöäÔöäÔöäÔöäÔöäÔöäÔöäÔöäÔöäÔöäÔöäÔöäÔöäÔöäÔöäÔöäÔöäÔöäÔöäÔöäÔöäÔöäÔöäÔöäÔöäÔöäÔöäÔöäÔöäÔöäÔöäÔöäÔöäÔöäÔöäÔöä[0m
[38;5;12mÔöé ­ƒÆí [Tag] Message 64[0m
[38;5;12mÔööÔöÇÔöÇÔöÇÔöÇÔöÇÔöÇÔöÇÔöÇÔöÇÔöÇÔöÇÔöÇÔöÇÔöÇÔöÇÔöÇÔöÇÔöÇÔöÇÔöÇÔöÇÔöÇÔöÇÔöÇÔöÇÔöÇÔöÇÔöÇÔöÇÔöÇÔöÇÔöÇÔöÇÔöÇÔöÇÔöÇÔöÇÔöÇÔöÇÔöÇÔöÇÔöÇÔöÇÔöÇÔöÇÔöÇÔöÇÔöÇÔöÇÔöÇÔöÇÔöÇÔöÇÔöÇÔöÇÔöÇÔöÇÔöÇÔöÇÔöÇÔöÇÔöÇÔöÇÔöÇÔöÇÔöÇÔöÇÔöÇÔöÇÔöÇÔöÇÔöÇÔöÇÔöÇÔöÇÔöÇÔöÇÔöÇÔöÇ[0m
[38;5;12mÔöîÔöÇÔöÇÔöÇÔöÇÔöÇÔöÇÔöÇÔöÇÔöÇÔöÇÔöÇÔöÇÔöÇÔöÇÔöÇÔöÇÔöÇÔöÇÔöÇÔöÇÔöÇÔöÇÔöÇÔöÇÔöÇÔöÇÔöÇÔöÇÔöÇÔöÇÔöÇÔöÇÔöÇÔöÇÔöÇÔöÇÔöÇÔöÇÔöÇÔöÇÔöÇÔöÇÔöÇÔöÇÔöÇÔöÇÔöÇÔöÇÔöÇÔöÇÔöÇÔöÇÔöÇÔöÇÔöÇÔöÇÔöÇÔöÇÔöÇÔöÇÔöÇÔöÇÔöÇÔöÇÔöÇÔöÇÔöÇÔöÇÔöÇÔöÇÔöÇÔöÇÔöÇÔöÇÔöÇÔöÇÔöÇÔöÇÔöÇ[0m
[38;5;12mÔöé 01:00:45.878 (+0:00:00.016413)[0m
[38;5;12mÔö£ÔöäÔöäÔöäÔöäÔöäÔöäÔöäÔöäÔöäÔöäÔöäÔöäÔöäÔöäÔöäÔöäÔöäÔöäÔöäÔöäÔöäÔöäÔöäÔöäÔöäÔöäÔöäÔöäÔöäÔöäÔöäÔöäÔöäÔöäÔöäÔöäÔöäÔöäÔöäÔöäÔöäÔöäÔöäÔöäÔöäÔöäÔöäÔöäÔöäÔöäÔöäÔöäÔöäÔöäÔöäÔöäÔöäÔöäÔöäÔöäÔöäÔöäÔöäÔöäÔöäÔöäÔöäÔöäÔöäÔöäÔöäÔöäÔöäÔöäÔöäÔöäÔöäÔöäÔöä[0m
[38;5;12mÔöé ­ƒÆí [Tag] Message 65[0m
[38;5;12mÔööÔöÇÔöÇÔöÇÔöÇÔöÇÔöÇÔöÇÔöÇÔöÇÔöÇÔöÇÔöÇÔöÇÔöÇÔöÇÔöÇÔöÇÔöÇÔöÇÔöÇÔöÇÔöÇÔöÇÔöÇÔöÇÔöÇÔöÇÔöÇÔöÇÔöÇÔöÇÔöÇÔöÇÔöÇÔöÇÔöÇÔöÇÔöÇÔöÇÔöÇÔöÇÔöÇÔöÇÔöÇÔöÇÔöÇÔöÇÔöÇÔöÇÔöÇÔöÇÔöÇÔöÇÔöÇÔöÇÔöÇÔöÇÔöÇÔöÇÔöÇÔöÇÔöÇÔöÇÔöÇÔöÇÔöÇÔöÇÔöÇÔöÇÔöÇÔöÇÔöÇÔöÇÔöÇÔöÇÔöÇÔöÇÔöÇÔöÇ[0m
[38;5;12mÔöîÔöÇÔöÇÔöÇÔöÇÔöÇÔöÇÔöÇÔöÇÔöÇÔöÇÔöÇÔöÇÔöÇÔöÇÔöÇÔöÇÔöÇÔöÇÔöÇÔöÇÔöÇÔöÇÔöÇÔöÇÔöÇÔöÇÔöÇÔöÇÔöÇÔöÇÔöÇÔöÇÔöÇÔöÇÔöÇÔöÇÔöÇÔöÇÔöÇÔöÇÔöÇÔöÇÔöÇÔöÇÔöÇÔöÇÔöÇÔöÇÔöÇÔöÇÔöÇÔöÇÔöÇÔöÇÔöÇÔöÇÔöÇÔöÇÔöÇÔöÇÔöÇÔöÇÔöÇÔöÇÔöÇÔöÇÔöÇÔöÇÔöÇÔöÇÔöÇÔöÇÔöÇÔöÇÔöÇÔöÇÔöÇÔöÇÔöÇ[0m
[38;5;12mÔöé 01:00:45.878 (+0:00:00.016413)[0m
[38;5;12mÔö£ÔöäÔöäÔöäÔöäÔöäÔöäÔöäÔöäÔöäÔöäÔöäÔöäÔöäÔöäÔöäÔöäÔöäÔöäÔöäÔöäÔöäÔöäÔöäÔöäÔöäÔöäÔöäÔöäÔöäÔöäÔöäÔöäÔöäÔöäÔöäÔöäÔöäÔöäÔöäÔöäÔöäÔöäÔöäÔöäÔöäÔöäÔöäÔöäÔöäÔöäÔöäÔöäÔöäÔöäÔöäÔöäÔöäÔöäÔöäÔöäÔöäÔöäÔöäÔöäÔöäÔöäÔöäÔöäÔöäÔöäÔöäÔöäÔöäÔöäÔöäÔöäÔöäÔöäÔöä[0m
[38;5;12mÔöé ­ƒÆí [Tag] Message 66[0m
[38;5;12mÔööÔöÇÔöÇÔöÇÔöÇÔöÇÔöÇÔöÇÔöÇÔöÇÔöÇÔöÇÔöÇÔöÇÔöÇÔöÇÔöÇÔöÇÔöÇÔöÇÔöÇÔöÇÔöÇÔöÇÔöÇÔöÇÔöÇÔöÇÔöÇÔöÇÔöÇÔöÇÔöÇÔöÇÔöÇÔöÇÔöÇÔöÇÔöÇÔöÇÔöÇÔöÇÔöÇÔöÇÔöÇÔöÇÔöÇÔöÇÔöÇÔöÇÔöÇÔöÇÔöÇÔöÇÔöÇÔöÇÔöÇÔöÇÔöÇÔöÇÔöÇÔöÇÔöÇÔöÇÔöÇÔöÇÔöÇÔöÇÔöÇÔöÇÔöÇÔöÇÔöÇÔöÇÔöÇÔöÇÔöÇÔöÇÔöÇÔöÇ[0m
[38;5;12mÔöîÔöÇÔöÇÔöÇÔöÇÔöÇÔöÇÔöÇÔöÇÔöÇÔöÇÔöÇÔöÇÔöÇÔöÇÔöÇÔöÇÔöÇÔöÇÔöÇÔöÇÔöÇÔöÇÔöÇÔöÇÔöÇÔöÇÔöÇÔöÇÔöÇÔöÇÔöÇÔöÇÔöÇÔöÇÔöÇÔöÇÔöÇÔöÇÔöÇÔöÇÔöÇÔöÇÔöÇÔöÇÔöÇÔöÇÔöÇÔöÇÔöÇÔöÇÔöÇÔöÇÔöÇÔöÇÔöÇÔöÇÔöÇÔöÇÔöÇÔöÇÔöÇÔöÇÔöÇÔöÇÔöÇÔöÇÔöÇÔöÇÔöÇÔöÇÔöÇÔöÇÔöÇÔöÇÔöÇÔöÇÔöÇÔöÇÔöÇ[0m
[38;5;12mÔöé 01:00:45.878 (+0:00:00.016413)[0m
[38;5;12mÔö£ÔöäÔöäÔöäÔöäÔöäÔöäÔöäÔöäÔöäÔöäÔöäÔöäÔöäÔöäÔöäÔöäÔöäÔöäÔöäÔöäÔöäÔöäÔöäÔöäÔöäÔöäÔöäÔöäÔöäÔöäÔöäÔöäÔöäÔöäÔöäÔöäÔöäÔöäÔöäÔöäÔöäÔöäÔöäÔöäÔöäÔöäÔöäÔöäÔöäÔöäÔöäÔöäÔöäÔöäÔöäÔöäÔöäÔöäÔöäÔöäÔöäÔöäÔöäÔöäÔöäÔöäÔöäÔöäÔöäÔöäÔöäÔöäÔöäÔöäÔöäÔöäÔöäÔöäÔöä[0m
[38;5;12mÔöé ­ƒÆí [Tag] Message 67[0m
[38;5;12mÔööÔöÇÔöÇÔöÇÔöÇÔöÇÔöÇÔöÇÔöÇÔöÇÔöÇÔöÇÔöÇÔöÇÔöÇÔöÇÔöÇÔöÇÔöÇÔöÇÔöÇÔöÇÔöÇÔöÇÔöÇÔöÇÔöÇÔöÇÔöÇÔöÇÔöÇÔöÇÔöÇÔöÇÔöÇÔöÇÔöÇÔöÇÔöÇÔöÇÔöÇÔöÇÔöÇÔöÇÔöÇÔöÇÔöÇÔöÇÔöÇÔöÇÔöÇÔöÇÔöÇÔöÇÔöÇÔöÇÔöÇÔöÇÔöÇÔöÇÔöÇÔöÇÔöÇÔöÇÔöÇÔöÇÔöÇÔöÇÔöÇÔöÇÔöÇÔöÇÔöÇÔöÇÔöÇÔöÇÔöÇÔöÇÔöÇÔöÇ[0m
[38;5;12mÔöîÔöÇÔöÇÔöÇÔöÇÔöÇÔöÇÔöÇÔöÇÔöÇÔöÇÔöÇÔöÇÔöÇÔöÇÔöÇÔöÇÔöÇÔöÇÔöÇÔöÇÔöÇÔöÇÔöÇÔöÇÔöÇÔöÇÔöÇÔöÇÔöÇÔöÇÔöÇÔöÇÔöÇÔöÇÔöÇÔöÇÔöÇÔöÇÔöÇÔöÇÔöÇÔöÇÔöÇÔöÇÔöÇÔöÇÔöÇÔöÇÔöÇÔöÇÔöÇÔöÇÔöÇÔöÇÔöÇÔöÇÔöÇÔöÇÔöÇÔöÇÔöÇÔöÇÔöÇÔöÇÔöÇÔöÇÔöÇÔöÇÔöÇÔöÇÔöÇÔöÇÔöÇÔöÇÔöÇÔöÇÔöÇÔöÇÔöÇ[0m
[38;5;12mÔöé 01:00:45.878 (+0:00:00.016413)[0m
[38;5;12mÔö£ÔöäÔöäÔöäÔöäÔöäÔöäÔöäÔöäÔöäÔöäÔöäÔöäÔöäÔöäÔöäÔöäÔöäÔöäÔöäÔöäÔöäÔöäÔöäÔöäÔöäÔöäÔöäÔöäÔöäÔöäÔöäÔöäÔöäÔöäÔöäÔöäÔöäÔöäÔöäÔöäÔöäÔöäÔöäÔöäÔöäÔöäÔöäÔöäÔöäÔöäÔöäÔöäÔöäÔöäÔöäÔöäÔöäÔöäÔöäÔöäÔöäÔöäÔöäÔöäÔöäÔöäÔöäÔöäÔöäÔöäÔöäÔöäÔöäÔöäÔöäÔöäÔöäÔöäÔöä[0m
[38;5;12mÔöé ­ƒÆí [Tag] Message 68[0m
[38;5;12mÔööÔöÇÔöÇÔöÇÔöÇÔöÇÔöÇÔöÇÔöÇÔöÇÔöÇÔöÇÔöÇÔöÇÔöÇÔöÇÔöÇÔöÇÔöÇÔöÇÔöÇÔöÇÔöÇÔöÇÔöÇÔöÇÔöÇÔöÇÔöÇÔöÇÔöÇÔöÇÔöÇÔöÇÔöÇÔöÇÔöÇÔöÇÔöÇÔöÇÔöÇÔöÇÔöÇÔöÇÔöÇÔöÇÔöÇÔöÇÔöÇÔöÇÔöÇÔöÇÔöÇÔöÇÔöÇÔöÇÔöÇÔöÇÔöÇÔöÇÔöÇÔöÇÔöÇÔöÇÔöÇÔöÇÔöÇÔöÇÔöÇÔöÇÔöÇÔöÇÔöÇÔöÇÔöÇÔöÇÔöÇÔöÇÔöÇÔöÇ[0m
[38;5;12mÔöîÔöÇÔöÇÔöÇÔöÇÔöÇÔöÇÔöÇÔöÇÔöÇÔöÇÔöÇÔöÇÔöÇÔöÇÔöÇÔöÇÔöÇÔöÇÔöÇÔöÇÔöÇÔöÇÔöÇÔöÇÔöÇÔöÇÔöÇÔöÇÔöÇÔöÇÔöÇÔöÇÔöÇÔöÇÔöÇÔöÇÔöÇÔöÇÔöÇÔöÇÔöÇÔöÇÔöÇÔöÇÔöÇÔöÇÔöÇÔöÇÔöÇÔöÇÔöÇÔöÇÔöÇÔöÇÔöÇÔöÇÔöÇÔöÇÔöÇÔöÇÔöÇÔöÇÔöÇÔöÇÔöÇÔöÇÔöÇÔöÇÔöÇÔöÇÔöÇÔöÇÔöÇÔöÇÔöÇÔöÇÔöÇÔöÇÔöÇ[0m
[38;5;12mÔöé 01:00:45.878 (+0:00:00.016413)[0m
[38;5;12mÔö£ÔöäÔöäÔöäÔöäÔöäÔöäÔöäÔöäÔöäÔöäÔöäÔöäÔöäÔöäÔöäÔöäÔöäÔöäÔöäÔöäÔöäÔöäÔöäÔöäÔöäÔöäÔöäÔöäÔöäÔöäÔöäÔöäÔöäÔöäÔöäÔöäÔöäÔöäÔöäÔöäÔöäÔöäÔöäÔöäÔöäÔöäÔöäÔöäÔöäÔöäÔöäÔöäÔöäÔöäÔöäÔöäÔöäÔöäÔöäÔöäÔöäÔöäÔöäÔöäÔöäÔöäÔöäÔöäÔöäÔöäÔöäÔöäÔöäÔöäÔöäÔöäÔöäÔöäÔöä[0m
[38;5;12mÔöé ­ƒÆí [Tag] Message 69[0m
[38;5;12mÔööÔöÇÔöÇÔöÇÔöÇÔöÇÔöÇÔöÇÔöÇÔöÇÔöÇÔöÇÔöÇÔöÇÔöÇÔöÇÔöÇÔöÇÔöÇÔöÇÔöÇÔöÇÔöÇÔöÇÔöÇÔöÇÔöÇÔöÇÔöÇÔöÇÔöÇÔöÇÔöÇÔöÇÔöÇÔöÇÔöÇÔöÇÔöÇÔöÇÔöÇÔöÇÔöÇÔöÇÔöÇÔöÇÔöÇÔöÇÔöÇÔöÇÔöÇÔöÇÔöÇÔöÇÔöÇÔöÇÔöÇÔöÇÔöÇÔöÇÔöÇÔöÇÔöÇÔöÇÔöÇÔöÇÔöÇÔöÇÔöÇÔöÇÔöÇÔöÇÔöÇÔöÇÔöÇÔöÇÔöÇÔöÇÔöÇÔöÇ[0m
[38;5;12mÔöîÔöÇÔöÇÔöÇÔöÇÔöÇÔöÇÔöÇÔöÇÔöÇÔöÇÔöÇÔöÇÔöÇÔöÇÔöÇÔöÇÔöÇÔöÇÔöÇÔöÇÔöÇÔöÇÔöÇÔöÇÔöÇÔöÇÔöÇÔöÇÔöÇÔöÇÔöÇÔöÇÔöÇÔöÇÔöÇÔöÇÔöÇÔöÇÔöÇÔöÇÔöÇÔöÇÔöÇÔöÇÔöÇÔöÇÔöÇÔöÇÔöÇÔöÇÔöÇÔöÇÔöÇÔöÇÔöÇÔöÇÔöÇÔöÇÔöÇÔöÇÔöÇÔöÇÔöÇÔöÇÔöÇÔöÇÔöÇÔöÇÔöÇÔöÇÔöÇÔöÇÔöÇÔöÇÔöÇÔöÇÔöÇÔöÇÔöÇ[0m
[38;5;12mÔöé 01:00:45.878 (+0:00:00.016413)[0m
[38;5;12mÔö£ÔöäÔöäÔöäÔöäÔöäÔöäÔöäÔöäÔöäÔöäÔöäÔöäÔöäÔöäÔöäÔöäÔöäÔöäÔöäÔöäÔöäÔöäÔöäÔöäÔöäÔöäÔöäÔöäÔöäÔöäÔöäÔöäÔöäÔöäÔöäÔöäÔöäÔöäÔöäÔöäÔöäÔöäÔöäÔöäÔöäÔöäÔöäÔöäÔöäÔöäÔöäÔöäÔöäÔöäÔöäÔöäÔöäÔöäÔöäÔöäÔöäÔöäÔöäÔöäÔöäÔöäÔöäÔöäÔöäÔöäÔöäÔöäÔöäÔöäÔöäÔöäÔöäÔöäÔöä[0m
[38;5;12mÔöé ­ƒÆí [Tag] Message 70[0m
[38;5;12mÔööÔöÇÔöÇÔöÇÔöÇÔöÇÔöÇÔöÇÔöÇÔöÇÔöÇÔöÇÔöÇÔöÇÔöÇÔöÇÔöÇÔöÇÔöÇÔöÇÔöÇÔöÇÔöÇÔöÇÔöÇÔöÇÔöÇÔöÇÔöÇÔöÇÔöÇÔöÇÔöÇÔöÇÔöÇÔöÇÔöÇÔöÇÔöÇÔöÇÔöÇÔöÇÔöÇÔöÇÔöÇÔöÇÔöÇÔöÇÔöÇÔöÇÔöÇÔöÇÔöÇÔöÇÔöÇÔöÇÔöÇÔöÇÔöÇÔöÇÔöÇÔöÇÔöÇÔöÇÔöÇÔöÇÔöÇÔöÇÔöÇÔöÇÔöÇÔöÇÔöÇÔöÇÔöÇÔöÇÔöÇÔöÇÔöÇÔöÇ[0m
[38;5;12mÔöîÔöÇÔöÇÔöÇÔöÇÔöÇÔöÇÔöÇÔöÇÔöÇÔöÇÔöÇÔöÇÔöÇÔöÇÔöÇÔöÇÔöÇÔöÇÔöÇÔöÇÔöÇÔöÇÔöÇÔöÇÔöÇÔöÇÔöÇÔöÇÔöÇÔöÇÔöÇÔöÇÔöÇÔöÇÔöÇÔöÇÔöÇÔöÇÔöÇÔöÇÔöÇÔöÇÔöÇÔöÇÔöÇÔöÇÔöÇÔöÇÔöÇÔöÇÔöÇÔöÇÔöÇÔöÇÔöÇÔöÇÔöÇÔöÇÔöÇÔöÇÔöÇÔöÇÔöÇÔöÇÔöÇÔöÇÔöÇÔöÇÔöÇÔöÇÔöÇÔöÇÔöÇÔöÇÔöÇÔöÇÔöÇÔöÇÔöÇ[0m
[38;5;12mÔöé 01:00:45.878 (+0:00:00.016413)[0m
[38;5;12mÔö£ÔöäÔöäÔöäÔöäÔöäÔöäÔöäÔöäÔöäÔöäÔöäÔöäÔöäÔöäÔöäÔöäÔöäÔöäÔöäÔöäÔöäÔöäÔöäÔöäÔöäÔöäÔöäÔöäÔöäÔöäÔöäÔöäÔöäÔöäÔöäÔöäÔöäÔöäÔöäÔöäÔöäÔöäÔöäÔöäÔöäÔöäÔöäÔöäÔöäÔöäÔöäÔöäÔöäÔöäÔöäÔöäÔöäÔöäÔöäÔöäÔöäÔöäÔöäÔöäÔöäÔöäÔöäÔöäÔöäÔöäÔöäÔöäÔöäÔöäÔöäÔöäÔöäÔöäÔöä[0m
[38;5;12mÔöé ­ƒÆí [Tag] Message 71[0m
[38;5;12mÔööÔöÇÔöÇÔöÇÔöÇÔöÇÔöÇÔöÇÔöÇÔöÇÔöÇÔöÇÔöÇÔöÇÔöÇÔöÇÔöÇÔöÇÔöÇÔöÇÔöÇÔöÇÔöÇÔöÇÔöÇÔöÇÔöÇÔöÇÔöÇÔöÇÔöÇÔöÇÔöÇÔöÇÔöÇÔöÇÔöÇÔöÇÔöÇÔöÇÔöÇÔöÇÔöÇÔöÇÔöÇÔöÇÔöÇÔöÇÔöÇÔöÇÔöÇÔöÇÔöÇÔöÇÔöÇÔöÇÔöÇÔöÇÔöÇÔöÇÔöÇÔöÇÔöÇÔöÇÔöÇÔöÇÔöÇÔöÇÔöÇÔöÇÔöÇÔöÇÔöÇÔöÇÔöÇÔöÇÔöÇÔöÇÔöÇÔöÇ[0m
[38;5;12mÔöîÔöÇÔöÇÔöÇÔöÇÔöÇÔöÇÔöÇÔöÇÔöÇÔöÇÔöÇÔöÇÔöÇÔöÇÔöÇÔöÇÔöÇÔöÇÔöÇÔöÇÔöÇÔöÇÔöÇÔöÇÔöÇÔöÇÔöÇÔöÇÔöÇÔöÇÔöÇÔöÇÔöÇÔöÇÔöÇÔöÇÔöÇÔöÇÔöÇÔöÇÔöÇÔöÇÔöÇÔöÇÔöÇÔöÇÔöÇÔöÇÔöÇÔöÇÔöÇÔöÇÔöÇÔöÇÔöÇÔöÇÔöÇÔöÇÔöÇÔöÇÔöÇÔöÇÔöÇÔöÇÔöÇÔöÇÔöÇÔöÇÔöÇÔöÇÔöÇÔöÇÔöÇÔöÇÔöÇÔöÇÔöÇÔöÇÔöÇ[0m
[38;5;12mÔöé 01:00:45.878 (+0:00:00.016413)[0m
[38;5;12mÔö£ÔöäÔöäÔöäÔöäÔöäÔöäÔöäÔöäÔöäÔöäÔöäÔöäÔöäÔöäÔöäÔöäÔöäÔöäÔöäÔöäÔöäÔöäÔöäÔöäÔöäÔöäÔöäÔöäÔöäÔöäÔöäÔöäÔöäÔöäÔöäÔöäÔöäÔöäÔöäÔöäÔöäÔöäÔöäÔöäÔöäÔöäÔöäÔöäÔöäÔöäÔöäÔöäÔöäÔöäÔöäÔöäÔöäÔöäÔöäÔöäÔöäÔöäÔöäÔöäÔöäÔöäÔöäÔöäÔöäÔöäÔöäÔöäÔöäÔöäÔöäÔöäÔöäÔöäÔöä[0m
[38;5;12mÔöé ­ƒÆí [Tag] Message 72[0m
[38;5;12mÔööÔöÇÔöÇÔöÇÔöÇÔöÇÔöÇÔöÇÔöÇÔöÇÔöÇÔöÇÔöÇÔöÇÔöÇÔöÇÔöÇÔöÇÔöÇÔöÇÔöÇÔöÇÔöÇÔöÇÔöÇÔöÇÔöÇÔöÇÔöÇÔöÇÔöÇÔöÇÔöÇÔöÇÔöÇÔöÇÔöÇÔöÇÔöÇÔöÇÔöÇÔöÇÔöÇÔöÇÔöÇÔöÇÔöÇÔöÇÔöÇÔöÇÔöÇÔöÇÔöÇÔöÇÔöÇÔöÇÔöÇÔöÇÔöÇÔöÇÔöÇÔöÇÔöÇÔöÇÔöÇÔöÇÔöÇÔöÇÔöÇÔöÇÔöÇÔöÇÔöÇÔöÇÔöÇÔöÇÔöÇÔöÇÔöÇÔöÇ[0m
[38;5;12mÔöîÔöÇÔöÇÔöÇÔöÇÔöÇÔöÇÔöÇÔöÇÔöÇÔöÇÔöÇÔöÇÔöÇÔöÇÔöÇÔöÇÔöÇÔöÇÔöÇÔöÇÔöÇÔöÇÔöÇÔöÇÔöÇÔöÇÔöÇÔöÇÔöÇÔöÇÔöÇÔöÇÔöÇÔöÇÔöÇÔöÇÔöÇÔöÇÔöÇÔöÇÔöÇÔöÇÔöÇÔöÇÔöÇÔöÇÔöÇÔöÇÔöÇÔöÇÔöÇÔöÇÔöÇÔöÇÔöÇÔöÇÔöÇÔöÇÔöÇÔöÇÔöÇÔöÇÔöÇÔöÇÔöÇÔöÇÔöÇÔöÇÔöÇÔöÇÔöÇÔöÇÔöÇÔöÇÔöÇÔöÇÔöÇÔöÇÔöÇ[0m
[38;5;12mÔöé 01:00:45.879 (+0:00:00.017427)[0m
[38;5;12mÔö£ÔöäÔöäÔöäÔöäÔöäÔöäÔöäÔöäÔöäÔöäÔöäÔöäÔöäÔöäÔöäÔöäÔöäÔöäÔöäÔöäÔöäÔöäÔöäÔöäÔöäÔöäÔöäÔöäÔöäÔöäÔöäÔöäÔöäÔöäÔöäÔöäÔöäÔöäÔöäÔöäÔöäÔöäÔöäÔöäÔöäÔöäÔöäÔöäÔöäÔöäÔöäÔöäÔöäÔöäÔöäÔöäÔöäÔöäÔöäÔöäÔöäÔöäÔöäÔöäÔöäÔöäÔöäÔöäÔöäÔöäÔöäÔöäÔöäÔöäÔöäÔöäÔöäÔöäÔöä[0m
[38;5;12mÔöé ­ƒÆí [Tag] Message 73[0m
[38;5;12mÔööÔöÇÔöÇÔöÇÔöÇÔöÇÔöÇÔöÇÔöÇÔöÇÔöÇÔöÇÔöÇÔöÇÔöÇÔöÇÔöÇÔöÇÔöÇÔöÇÔöÇÔöÇÔöÇÔöÇÔöÇÔöÇÔöÇÔöÇÔöÇÔöÇÔöÇÔöÇÔöÇÔöÇÔöÇÔöÇÔöÇÔöÇÔöÇÔöÇÔöÇÔöÇÔöÇÔöÇÔöÇÔöÇÔöÇÔöÇÔöÇÔöÇÔöÇÔöÇÔöÇÔöÇÔöÇÔöÇÔöÇÔöÇÔöÇÔöÇÔöÇÔöÇÔöÇÔöÇÔöÇÔöÇÔöÇÔöÇÔöÇÔöÇÔöÇÔöÇÔöÇÔöÇÔöÇÔöÇÔöÇÔöÇÔöÇÔöÇ[0m
[38;5;12mÔöîÔöÇÔöÇÔöÇÔöÇÔöÇÔöÇÔöÇÔöÇÔöÇÔöÇÔöÇÔöÇÔöÇÔöÇÔöÇÔöÇÔöÇÔöÇÔöÇÔöÇÔöÇÔöÇÔöÇÔöÇÔöÇÔöÇÔöÇÔöÇÔöÇÔöÇÔöÇÔöÇÔöÇÔöÇÔöÇÔöÇÔöÇÔöÇÔöÇÔöÇÔöÇÔöÇÔöÇÔöÇÔöÇÔöÇÔöÇÔöÇÔöÇÔöÇÔöÇÔöÇÔöÇÔöÇÔöÇÔöÇÔöÇÔöÇÔöÇÔöÇÔöÇÔöÇÔöÇÔöÇÔöÇÔöÇÔöÇÔöÇÔöÇÔöÇÔöÇÔöÇÔöÇÔöÇÔöÇÔöÇÔöÇÔöÇÔöÇ[0m
[38;5;12mÔöé 01:00:45.879 (+0:00:00.017427)[0m
[38;5;12mÔö£ÔöäÔöäÔöäÔöäÔöäÔöäÔöäÔöäÔöäÔöäÔöäÔöäÔöäÔöäÔöäÔöäÔöäÔöäÔöäÔöäÔöäÔöäÔöäÔöäÔöäÔöäÔöäÔöäÔöäÔöäÔöäÔöäÔöäÔöäÔöäÔöäÔöäÔöäÔöäÔöäÔöäÔöäÔöäÔöäÔöäÔöäÔöäÔöäÔöäÔöäÔöäÔöäÔöäÔöäÔöäÔöäÔöäÔöäÔöäÔöäÔöäÔöäÔöäÔöäÔöäÔöäÔöäÔöäÔöäÔöäÔöäÔöäÔöäÔöäÔöäÔöäÔöäÔöäÔöä[0m
[38;5;12mÔöé ­ƒÆí [Tag] Message 74[0m
[38;5;12mÔööÔöÇÔöÇÔöÇÔöÇÔöÇÔöÇÔöÇÔöÇÔöÇÔöÇÔöÇÔöÇÔöÇÔöÇÔöÇÔöÇÔöÇÔöÇÔöÇÔöÇÔöÇÔöÇÔöÇÔöÇÔöÇÔöÇÔöÇÔöÇÔöÇÔöÇÔöÇÔöÇÔöÇÔöÇÔöÇÔöÇÔöÇÔöÇÔöÇÔöÇÔöÇÔöÇÔöÇÔöÇÔöÇÔöÇÔöÇÔöÇÔöÇÔöÇÔöÇÔöÇÔöÇÔöÇÔöÇÔöÇÔöÇÔöÇÔöÇÔöÇÔöÇÔöÇÔöÇÔöÇÔöÇÔöÇÔöÇÔöÇÔöÇÔöÇÔöÇÔöÇÔöÇÔöÇÔöÇÔöÇÔöÇÔöÇÔöÇ[0m
[38;5;12mÔöîÔöÇÔöÇÔöÇÔöÇÔöÇÔöÇÔöÇÔöÇÔöÇÔöÇÔöÇÔöÇÔöÇÔöÇÔöÇÔöÇÔöÇÔöÇÔöÇÔöÇÔöÇÔöÇÔöÇÔöÇÔöÇÔöÇÔöÇÔöÇÔöÇÔöÇÔöÇÔöÇÔöÇÔöÇÔöÇÔöÇÔöÇÔöÇÔöÇÔöÇÔöÇÔöÇÔöÇÔöÇÔöÇÔöÇÔöÇÔöÇÔöÇÔöÇÔöÇÔöÇÔöÇÔöÇÔöÇÔöÇÔöÇÔöÇÔöÇÔöÇÔöÇÔöÇÔöÇÔöÇÔöÇÔöÇÔöÇÔöÇÔöÇÔöÇÔöÇÔöÇÔöÇÔöÇÔöÇÔöÇÔöÇÔöÇÔöÇ[0m
[38;5;12mÔöé 01:00:45.879 (+0:00:00.017427)[0m
[38;5;12mÔö£ÔöäÔöäÔöäÔöäÔöäÔöäÔöäÔöäÔöäÔöäÔöäÔöäÔöäÔöäÔöäÔöäÔöäÔöäÔöäÔöäÔöäÔöäÔöäÔöäÔöäÔöäÔöäÔöäÔöäÔöäÔöäÔöäÔöäÔöäÔöäÔöäÔöäÔöäÔöäÔöäÔöäÔöäÔöäÔöäÔöäÔöäÔöäÔöäÔöäÔöäÔöäÔöäÔöäÔöäÔöäÔöäÔöäÔöäÔöäÔöäÔöäÔöäÔöäÔöäÔöäÔöäÔöäÔöäÔöäÔöäÔöäÔöäÔöäÔöäÔöäÔöäÔöäÔöäÔöä[0m
[38;5;12mÔöé ­ƒÆí [Tag] Message 75[0m
[38;5;12mÔööÔöÇÔöÇÔöÇÔöÇÔöÇÔöÇÔöÇÔöÇÔöÇÔöÇÔöÇÔöÇÔöÇÔöÇÔöÇÔöÇÔöÇÔöÇÔöÇÔöÇÔöÇÔöÇÔöÇÔöÇÔöÇÔöÇÔöÇÔöÇÔöÇÔöÇÔöÇÔöÇÔöÇÔöÇÔöÇÔöÇÔöÇÔöÇÔöÇÔöÇÔöÇÔöÇÔöÇÔöÇÔöÇÔöÇÔöÇÔöÇÔöÇÔöÇÔöÇÔöÇÔöÇÔöÇÔöÇÔöÇÔöÇÔöÇÔöÇÔöÇÔöÇÔöÇÔöÇÔöÇÔöÇÔöÇÔöÇÔöÇÔöÇÔöÇÔöÇÔöÇÔöÇÔöÇÔöÇÔöÇÔöÇÔöÇÔöÇ[0m
[38;5;12mÔöîÔöÇÔöÇÔöÇÔöÇÔöÇÔöÇÔöÇÔöÇÔöÇÔöÇÔöÇÔöÇÔöÇÔöÇÔöÇÔöÇÔöÇÔöÇÔöÇÔöÇÔöÇÔöÇÔöÇÔöÇÔöÇÔöÇÔöÇÔöÇÔöÇÔöÇÔöÇÔöÇÔöÇÔöÇÔöÇÔöÇÔöÇÔöÇÔöÇÔöÇÔöÇÔöÇÔöÇÔöÇÔöÇÔöÇÔöÇÔöÇÔöÇÔöÇÔöÇÔöÇÔöÇÔöÇÔöÇÔöÇÔöÇÔöÇÔöÇÔöÇÔöÇÔöÇÔöÇÔöÇÔöÇÔöÇÔöÇÔöÇÔöÇÔöÇÔöÇÔöÇÔöÇÔöÇÔöÇÔöÇÔöÇÔöÇÔöÇ[0m
[38;5;12mÔöé 01:00:45.879 (+0:00:00.017427)[0m
[38;5;12mÔö£ÔöäÔöäÔöäÔöäÔöäÔöäÔöäÔöäÔöäÔöäÔöäÔöäÔöäÔöäÔöäÔöäÔöäÔöäÔöäÔöäÔöäÔöäÔöäÔöäÔöäÔöäÔöäÔöäÔöäÔöäÔöäÔöäÔöäÔöäÔöäÔöäÔöäÔöäÔöäÔöäÔöäÔöäÔöäÔöäÔöäÔöäÔöäÔöäÔöäÔöäÔöäÔöäÔöäÔöäÔöäÔöäÔöäÔöäÔöäÔöäÔöäÔöäÔöäÔöäÔöäÔöäÔöäÔöäÔöäÔöäÔöäÔöäÔöäÔöäÔöäÔöäÔöäÔöäÔöä[0m
[38;5;12mÔöé ­ƒÆí [Tag] Message 76[0m
[38;5;12mÔööÔöÇÔöÇÔöÇÔöÇÔöÇÔöÇÔöÇÔöÇÔöÇÔöÇÔöÇÔöÇÔöÇÔöÇÔöÇÔöÇÔöÇÔöÇÔöÇÔöÇÔöÇÔöÇÔöÇÔöÇÔöÇÔöÇÔöÇÔöÇÔöÇÔöÇÔöÇÔöÇÔöÇÔöÇÔöÇÔöÇÔöÇÔöÇÔöÇÔöÇÔöÇÔöÇÔöÇÔöÇÔöÇÔöÇÔöÇÔöÇÔöÇÔöÇÔöÇÔöÇÔöÇÔöÇÔöÇÔöÇÔöÇÔöÇÔöÇÔöÇÔöÇÔöÇÔöÇÔöÇÔöÇÔöÇÔöÇÔöÇÔöÇÔöÇÔöÇÔöÇÔöÇÔöÇÔöÇÔöÇÔöÇÔöÇÔöÇ[0m
[38;5;12mÔöîÔöÇÔöÇÔöÇÔöÇÔöÇÔöÇÔöÇÔöÇÔöÇÔöÇÔöÇÔöÇÔöÇÔöÇÔöÇÔöÇÔöÇÔöÇÔöÇÔöÇÔöÇÔöÇÔöÇÔöÇÔöÇÔöÇÔöÇÔöÇÔöÇÔöÇÔöÇÔöÇÔöÇÔöÇÔöÇÔöÇÔöÇÔöÇÔöÇÔöÇÔöÇÔöÇÔöÇÔöÇÔöÇÔöÇÔöÇÔöÇÔöÇÔöÇÔöÇÔöÇÔöÇÔöÇÔöÇÔöÇÔöÇÔöÇÔöÇÔöÇÔöÇÔöÇÔöÇÔöÇÔöÇÔöÇÔöÇÔöÇÔöÇÔöÇÔöÇÔöÇÔöÇÔöÇÔöÇÔöÇÔöÇÔöÇÔöÇ[0m
[38;5;12mÔöé 01:00:45.879 (+0:00:00.017427)[0m
[38;5;12mÔö£ÔöäÔöäÔöäÔöäÔöäÔöäÔöäÔöäÔöäÔöäÔöäÔöäÔöäÔöäÔöäÔöäÔöäÔöäÔöäÔöäÔöäÔöäÔöäÔöäÔöäÔöäÔöäÔöäÔöäÔöäÔöäÔöäÔöäÔöäÔöäÔöäÔöäÔöäÔöäÔöäÔöäÔöäÔöäÔöäÔöäÔöäÔöäÔöäÔöäÔöäÔöäÔöäÔöäÔöäÔöäÔöäÔöäÔöäÔöäÔöäÔöäÔöäÔöäÔöäÔöäÔöäÔöäÔöäÔöäÔöäÔöäÔöäÔöäÔöäÔöäÔöäÔöäÔöäÔöä[0m
[38;5;12mÔöé ­ƒÆí [Tag] Message 77[0m
[38;5;12mÔööÔöÇÔöÇÔöÇÔöÇÔöÇÔöÇÔöÇÔöÇÔöÇÔöÇÔöÇÔöÇÔöÇÔöÇÔöÇÔöÇÔöÇÔöÇÔöÇÔöÇÔöÇÔöÇÔöÇÔöÇÔöÇÔöÇÔöÇÔöÇÔöÇÔöÇÔöÇÔöÇÔöÇÔöÇÔöÇÔöÇÔöÇÔöÇÔöÇÔöÇÔöÇÔöÇÔöÇÔöÇÔöÇÔöÇÔöÇÔöÇÔöÇÔöÇÔöÇÔöÇÔöÇÔöÇÔöÇÔöÇÔöÇÔöÇÔöÇÔöÇÔöÇÔöÇÔöÇÔöÇÔöÇÔöÇÔöÇÔöÇÔöÇÔöÇÔöÇÔöÇÔöÇÔöÇÔöÇÔöÇÔöÇÔöÇÔöÇ[0m
[38;5;12mÔöîÔöÇÔöÇÔöÇÔöÇÔöÇÔöÇÔöÇÔöÇÔöÇÔöÇÔöÇÔöÇÔöÇÔöÇÔöÇÔöÇÔöÇÔöÇÔöÇÔöÇÔöÇÔöÇÔöÇÔöÇÔöÇÔöÇÔöÇÔöÇÔöÇÔöÇÔöÇÔöÇÔöÇÔöÇÔöÇÔöÇÔöÇÔöÇÔöÇÔöÇÔöÇÔöÇÔöÇÔöÇÔöÇÔöÇÔöÇÔöÇÔöÇÔöÇÔöÇÔöÇÔöÇÔöÇÔöÇÔöÇÔöÇÔöÇÔöÇÔöÇÔöÇÔöÇÔöÇÔöÇÔöÇÔöÇÔöÇÔöÇÔöÇÔöÇÔöÇÔöÇÔöÇÔöÇÔöÇÔöÇÔöÇÔöÇÔöÇ[0m
[38;5;12mÔöé 01:00:45.879 (+0:00:00.017427)[0m
[38;5;12mÔö£ÔöäÔöäÔöäÔöäÔöäÔöäÔöäÔöäÔöäÔöäÔöäÔöäÔöäÔöäÔöäÔöäÔöäÔöäÔöäÔöäÔöäÔöäÔöäÔöäÔöäÔöäÔöäÔöäÔöäÔöäÔöäÔöäÔöäÔöäÔöäÔöäÔöäÔöäÔöäÔöäÔöäÔöäÔöäÔöäÔöäÔöäÔöäÔöäÔöäÔöäÔöäÔöäÔöäÔöäÔöäÔöäÔöäÔöäÔöäÔöäÔöäÔöäÔöäÔöäÔöäÔöäÔöäÔöäÔöäÔöäÔöäÔöäÔöäÔöäÔöäÔöäÔöäÔöäÔöä[0m
[38;5;12mÔöé ­ƒÆí [Tag] Message 78[0m
[38;5;12mÔööÔöÇÔöÇÔöÇÔöÇÔöÇÔöÇÔöÇÔöÇÔöÇÔöÇÔöÇÔöÇÔöÇÔöÇÔöÇÔöÇÔöÇÔöÇÔöÇÔöÇÔöÇÔöÇÔöÇÔöÇÔöÇÔöÇÔöÇÔöÇÔöÇÔöÇÔöÇÔöÇÔöÇÔöÇÔöÇÔöÇÔöÇÔöÇÔöÇÔöÇÔöÇÔöÇÔöÇÔöÇÔöÇÔöÇÔöÇÔöÇÔöÇÔöÇÔöÇÔöÇÔöÇÔöÇÔöÇÔöÇÔöÇÔöÇÔöÇÔöÇÔöÇÔöÇÔöÇÔöÇÔöÇÔöÇÔöÇÔöÇÔöÇÔöÇÔöÇÔöÇÔöÇÔöÇÔöÇÔöÇÔöÇÔöÇÔöÇ[0m
[38;5;12mÔöîÔöÇÔöÇÔöÇÔöÇÔöÇÔöÇÔöÇÔöÇÔöÇÔöÇÔöÇÔöÇÔöÇÔöÇÔöÇÔöÇÔöÇÔöÇÔöÇÔöÇÔöÇÔöÇÔöÇÔöÇÔöÇÔöÇÔöÇÔöÇÔöÇÔöÇÔöÇÔöÇÔöÇÔöÇÔöÇÔöÇÔöÇÔöÇÔöÇÔöÇÔöÇÔöÇÔöÇÔöÇÔöÇÔöÇÔöÇÔöÇÔöÇÔöÇÔöÇÔöÇÔöÇÔöÇÔöÇÔöÇÔöÇÔöÇÔöÇÔöÇÔöÇÔöÇÔöÇÔöÇÔöÇÔöÇÔöÇÔöÇÔöÇÔöÇÔöÇÔöÇÔöÇÔöÇÔöÇÔöÇÔöÇÔöÇÔöÇ[0m
[38;5;12mÔöé 01:00:45.879 (+0:00:00.017427)[0m
[38;5;12mÔö£ÔöäÔöäÔöäÔöäÔöäÔöäÔöäÔöäÔöäÔöäÔöäÔöäÔöäÔöäÔöäÔöäÔöäÔöäÔöäÔöäÔöäÔöäÔöäÔöäÔöäÔöäÔöäÔöäÔöäÔöäÔöäÔöäÔöäÔöäÔöäÔöäÔöäÔöäÔöäÔöäÔöäÔöäÔöäÔöäÔöäÔöäÔöäÔöäÔöäÔöäÔöäÔöäÔöäÔöäÔöäÔöäÔöäÔöäÔöäÔöäÔöäÔöäÔöäÔöäÔöäÔöäÔöäÔöäÔöäÔöäÔöäÔöäÔöäÔöäÔöäÔöäÔöäÔöäÔöä[0m
[38;5;12mÔöé ­ƒÆí [Tag] Message 79[0m
[38;5;12mÔööÔöÇÔöÇÔöÇÔöÇÔöÇÔöÇÔöÇÔöÇÔöÇÔöÇÔöÇÔöÇÔöÇÔöÇÔöÇÔöÇÔöÇÔöÇÔöÇÔöÇÔöÇÔöÇÔöÇÔöÇÔöÇÔöÇÔöÇÔöÇÔöÇÔöÇÔöÇÔöÇÔöÇÔöÇÔöÇÔöÇÔöÇÔöÇÔöÇÔöÇÔöÇÔöÇÔöÇÔöÇÔöÇÔöÇÔöÇÔöÇÔöÇÔöÇÔöÇÔöÇÔöÇÔöÇÔöÇÔöÇÔöÇÔöÇÔöÇÔöÇÔöÇÔöÇÔöÇÔöÇÔöÇÔöÇÔöÇÔöÇÔöÇÔöÇÔöÇÔöÇÔöÇÔöÇÔöÇÔöÇÔöÇÔöÇÔöÇ[0m
[38;5;12mÔöîÔöÇÔöÇÔöÇÔöÇÔöÇÔöÇÔöÇÔöÇÔöÇÔöÇÔöÇÔöÇÔöÇÔöÇÔöÇÔöÇÔöÇÔöÇÔöÇÔöÇÔöÇÔöÇÔöÇÔöÇÔöÇÔöÇÔöÇÔöÇÔöÇÔöÇÔöÇÔöÇÔöÇÔöÇÔöÇÔöÇÔöÇÔöÇÔöÇÔöÇÔöÇÔöÇÔöÇÔöÇÔöÇÔöÇÔöÇÔöÇÔöÇÔöÇÔöÇÔöÇÔöÇÔöÇÔöÇÔöÇÔöÇÔöÇÔöÇÔöÇÔöÇÔöÇÔöÇÔöÇÔöÇÔöÇÔöÇÔöÇÔöÇÔöÇÔöÇÔöÇÔöÇÔöÇÔöÇÔöÇÔöÇÔöÇÔöÇ[0m
[38;5;12mÔöé 01:00:45.879 (+0:00:00.017427)[0m
[38;5;12mÔö£ÔöäÔöäÔöäÔöäÔöäÔöäÔöäÔöäÔöäÔöäÔöäÔöäÔöäÔöäÔöäÔöäÔöäÔöäÔöäÔöäÔöäÔöäÔöäÔöäÔöäÔöäÔöäÔöäÔöäÔöäÔöäÔöäÔöäÔöäÔöäÔöäÔöäÔöäÔöäÔöäÔöäÔöäÔöäÔöäÔöäÔöäÔöäÔöäÔöäÔöäÔöäÔöäÔöäÔöäÔöäÔöäÔöäÔöäÔöäÔöäÔöäÔöäÔöäÔöäÔöäÔöäÔöäÔöäÔöäÔöäÔöäÔöäÔöäÔöäÔöäÔöäÔöäÔöäÔöä[0m
[38;5;12mÔöé ­ƒÆí [Tag] Message 80[0m
[38;5;12mÔööÔöÇÔöÇÔöÇÔöÇÔöÇÔöÇÔöÇÔöÇÔöÇÔöÇÔöÇÔöÇÔöÇÔöÇÔöÇÔöÇÔöÇÔöÇÔöÇÔöÇÔöÇÔöÇÔöÇÔöÇÔöÇÔöÇÔöÇÔöÇÔöÇÔöÇÔöÇÔöÇÔöÇÔöÇÔöÇÔöÇÔöÇÔöÇÔöÇÔöÇÔöÇÔöÇÔöÇÔöÇÔöÇÔöÇÔöÇÔöÇÔöÇÔöÇÔöÇÔöÇÔöÇÔöÇÔöÇÔöÇÔöÇÔöÇÔöÇÔöÇÔöÇÔöÇÔöÇÔöÇÔöÇÔöÇÔöÇÔöÇÔöÇÔöÇÔöÇÔöÇÔöÇÔöÇÔöÇÔöÇÔöÇÔöÇÔöÇ[0m
[38;5;12mÔöîÔöÇÔöÇÔöÇÔöÇÔöÇÔöÇÔöÇÔöÇÔöÇÔöÇÔöÇÔöÇÔöÇÔöÇÔöÇÔöÇÔöÇÔöÇÔöÇÔöÇÔöÇÔöÇÔöÇÔöÇÔöÇÔöÇÔöÇÔöÇÔöÇÔöÇÔöÇÔöÇÔöÇÔöÇÔöÇÔöÇÔöÇÔöÇÔöÇÔöÇÔöÇÔöÇÔöÇÔöÇÔöÇÔöÇÔöÇÔöÇÔöÇÔöÇÔöÇÔöÇÔöÇÔöÇÔöÇÔöÇÔöÇÔöÇÔöÇÔöÇÔöÇÔöÇÔöÇÔöÇÔöÇÔöÇÔöÇÔöÇÔöÇÔöÇÔöÇÔöÇÔöÇÔöÇÔöÇÔöÇÔöÇÔöÇÔöÇ[0m
[38;5;12mÔöé 01:00:45.879 (+0:00:00.017427)[0m
[38;5;12mÔö£ÔöäÔöäÔöäÔöäÔöäÔöäÔöäÔöäÔöäÔöäÔöäÔöäÔöäÔöäÔöäÔöäÔöäÔöäÔöäÔöäÔöäÔöäÔöäÔöäÔöäÔöäÔöäÔöäÔöäÔöäÔöäÔöäÔöäÔöäÔöäÔöäÔöäÔöäÔöäÔöäÔöäÔöäÔöäÔöäÔöäÔöäÔöäÔöäÔöäÔöäÔöäÔöäÔöäÔöäÔöäÔöäÔöäÔöäÔöäÔöäÔöäÔöäÔöäÔöäÔöäÔöäÔöäÔöäÔöäÔöäÔöäÔöäÔöäÔöäÔöäÔöäÔöäÔöäÔöä[0m
[38;5;12mÔöé ­ƒÆí [Tag] Message 81[0m
[38;5;12mÔööÔöÇÔöÇÔöÇÔöÇÔöÇÔöÇÔöÇÔöÇÔöÇÔöÇÔöÇÔöÇÔöÇÔöÇÔöÇÔöÇÔöÇÔöÇÔöÇÔöÇÔöÇÔöÇÔöÇÔöÇÔöÇÔöÇÔöÇÔöÇÔöÇÔöÇÔöÇÔöÇÔöÇÔöÇÔöÇÔöÇÔöÇÔöÇÔöÇÔöÇÔöÇÔöÇÔöÇÔöÇÔöÇÔöÇÔöÇÔöÇÔöÇÔöÇÔöÇÔöÇÔöÇÔöÇÔöÇÔöÇÔöÇÔöÇÔöÇÔöÇÔöÇÔöÇÔöÇÔöÇÔöÇÔöÇÔöÇÔöÇÔöÇÔöÇÔöÇÔöÇÔöÇÔöÇÔöÇÔöÇÔöÇÔöÇÔöÇ[0m
[38;5;12mÔöîÔöÇÔöÇÔöÇÔöÇÔöÇÔöÇÔöÇÔöÇÔöÇÔöÇÔöÇÔöÇÔöÇÔöÇÔöÇÔöÇÔöÇÔöÇÔöÇÔöÇÔöÇÔöÇÔöÇÔöÇÔöÇÔöÇÔöÇÔöÇÔöÇÔöÇÔöÇÔöÇÔöÇÔöÇÔöÇÔöÇÔöÇÔöÇÔöÇÔöÇÔöÇÔöÇÔöÇÔöÇÔöÇÔöÇÔöÇÔöÇÔöÇÔöÇÔöÇÔöÇÔöÇÔöÇÔöÇÔöÇÔöÇÔöÇÔöÇÔöÇÔöÇÔöÇÔöÇÔöÇÔöÇÔöÇÔöÇÔöÇÔöÇÔöÇÔöÇÔöÇÔöÇÔöÇÔöÇÔöÇÔöÇÔöÇÔöÇ[0m
[38;5;12mÔöé 01:00:45.879 (+0:00:00.017427)[0m
[38;5;12mÔö£ÔöäÔöäÔöäÔöäÔöäÔöäÔöäÔöäÔöäÔöäÔöäÔöäÔöäÔöäÔöäÔöäÔöäÔöäÔöäÔöäÔöäÔöäÔöäÔöäÔöäÔöäÔöäÔöäÔöäÔöäÔöäÔöäÔöäÔöäÔöäÔöäÔöäÔöäÔöäÔöäÔöäÔöäÔöäÔöäÔöäÔöäÔöäÔöäÔöäÔöäÔöäÔöäÔöäÔöäÔöäÔöäÔöäÔöäÔöäÔöäÔöäÔöäÔöäÔöäÔöäÔöäÔöäÔöäÔöäÔöäÔöäÔöäÔöäÔöäÔöäÔöäÔöäÔöäÔöä[0m
[38;5;12mÔöé ­ƒÆí [Tag] Message 82[0m
[38;5;12mÔööÔöÇÔöÇÔöÇÔöÇÔöÇÔöÇÔöÇÔöÇÔöÇÔöÇÔöÇÔöÇÔöÇÔöÇÔöÇÔöÇÔöÇÔöÇÔöÇÔöÇÔöÇÔöÇÔöÇÔöÇÔöÇÔöÇÔöÇÔöÇÔöÇÔöÇÔöÇÔöÇÔöÇÔöÇÔöÇÔöÇÔöÇÔöÇÔöÇÔöÇÔöÇÔöÇÔöÇÔöÇÔöÇÔöÇÔöÇÔöÇÔöÇÔöÇÔöÇÔöÇÔöÇÔöÇÔöÇÔöÇÔöÇÔöÇÔöÇÔöÇÔöÇÔöÇÔöÇÔöÇÔöÇÔöÇÔöÇÔöÇÔöÇÔöÇÔöÇÔöÇÔöÇÔöÇÔöÇÔöÇÔöÇÔöÇÔöÇ[0m
[38;5;12mÔöîÔöÇÔöÇÔöÇÔöÇÔöÇÔöÇÔöÇÔöÇÔöÇÔöÇÔöÇÔöÇÔöÇÔöÇÔöÇÔöÇÔöÇÔöÇÔöÇÔöÇÔöÇÔöÇÔöÇÔöÇÔöÇÔöÇÔöÇÔöÇÔöÇÔöÇÔöÇÔöÇÔöÇÔöÇÔöÇÔöÇÔöÇÔöÇÔöÇÔöÇÔöÇÔöÇÔöÇÔöÇÔöÇÔöÇÔöÇÔöÇÔöÇÔöÇÔöÇÔöÇÔöÇÔöÇÔöÇÔöÇÔöÇÔöÇÔöÇÔöÇÔöÇÔöÇÔöÇÔöÇÔöÇÔöÇÔöÇÔöÇÔöÇÔöÇÔöÇÔöÇÔöÇÔöÇÔöÇÔöÇÔöÇÔöÇÔöÇ[0m
[38;5;12mÔöé 01:00:45.879 (+0:00:00.017427)[0m
[38;5;12mÔö£ÔöäÔöäÔöäÔöäÔöäÔöäÔöäÔöäÔöäÔöäÔöäÔöäÔöäÔöäÔöäÔöäÔöäÔöäÔöäÔöäÔöäÔöäÔöäÔöäÔöäÔöäÔöäÔöäÔöäÔöäÔöäÔöäÔöäÔöäÔöäÔöäÔöäÔöäÔöäÔöäÔöäÔöäÔöäÔöäÔöäÔöäÔöäÔöäÔöäÔöäÔöäÔöäÔöäÔöäÔöäÔöäÔöäÔöäÔöäÔöäÔöäÔöäÔöäÔöäÔöäÔöäÔöäÔöäÔöäÔöäÔöäÔöäÔöäÔöäÔöäÔöäÔöäÔöäÔöä[0m
[38;5;12mÔöé ­ƒÆí [Tag] Message 83[0m
[38;5;12mÔööÔöÇÔöÇÔöÇÔöÇÔöÇÔöÇÔöÇÔöÇÔöÇÔöÇÔöÇÔöÇÔöÇÔöÇÔöÇÔöÇÔöÇÔöÇÔöÇÔöÇÔöÇÔöÇÔöÇÔöÇÔöÇÔöÇÔöÇÔöÇÔöÇÔöÇÔöÇÔöÇÔöÇÔöÇÔöÇÔöÇÔöÇÔöÇÔöÇÔöÇÔöÇÔöÇÔöÇÔöÇÔöÇÔöÇÔöÇÔöÇÔöÇÔöÇÔöÇÔöÇÔöÇÔöÇÔöÇÔöÇÔöÇÔöÇÔöÇÔöÇÔöÇÔöÇÔöÇÔöÇÔöÇÔöÇÔöÇÔöÇÔöÇÔöÇÔöÇÔöÇÔöÇÔöÇÔöÇÔöÇÔöÇÔöÇÔöÇ[0m
[38;5;12mÔöîÔöÇÔöÇÔöÇÔöÇÔöÇÔöÇÔöÇÔöÇÔöÇÔöÇÔöÇÔöÇÔöÇÔöÇÔöÇÔöÇÔöÇÔöÇÔöÇÔöÇÔöÇÔöÇÔöÇÔöÇÔöÇÔöÇÔöÇÔöÇÔöÇÔöÇÔöÇÔöÇÔöÇÔöÇÔöÇÔöÇÔöÇÔöÇÔöÇÔöÇÔöÇÔöÇÔöÇÔöÇÔöÇÔöÇÔöÇÔöÇÔöÇÔöÇÔöÇÔöÇÔöÇÔöÇÔöÇÔöÇÔöÇÔöÇÔöÇÔöÇÔöÇÔöÇÔöÇÔöÇÔöÇÔöÇÔöÇÔöÇÔöÇÔöÇÔöÇÔöÇÔöÇÔöÇÔöÇÔöÇÔöÇÔöÇÔöÇ[0m
[38;5;12mÔöé 01:00:45.879 (+0:00:00.017427)[0m
[38;5;12mÔö£ÔöäÔöäÔöäÔöäÔöäÔöäÔöäÔöäÔöäÔöäÔöäÔöäÔöäÔöäÔöäÔöäÔöäÔöäÔöäÔöäÔöäÔöäÔöäÔöäÔöäÔöäÔöäÔöäÔöäÔöäÔöäÔöäÔöäÔöäÔöäÔöäÔöäÔöäÔöäÔöäÔöäÔöäÔöäÔöäÔöäÔöäÔöäÔöäÔöäÔöäÔöäÔöäÔöäÔöäÔöäÔöäÔöäÔöäÔöäÔöäÔöäÔöäÔöäÔöäÔöäÔöäÔöäÔöäÔöäÔöäÔöäÔöäÔöäÔöäÔöäÔöäÔöäÔöäÔöä[0m
[38;5;12mÔöé ­ƒÆí [Tag] Message 84[0m
[38;5;12mÔööÔöÇÔöÇÔöÇÔöÇÔöÇÔöÇÔöÇÔöÇÔöÇÔöÇÔöÇÔöÇÔöÇÔöÇÔöÇÔöÇÔöÇÔöÇÔöÇÔöÇÔöÇÔöÇÔöÇÔöÇÔöÇÔöÇÔöÇÔöÇÔöÇÔöÇÔöÇÔöÇÔöÇÔöÇÔöÇÔöÇÔöÇÔöÇÔöÇÔöÇÔöÇÔöÇÔöÇÔöÇÔöÇÔöÇÔöÇÔöÇÔöÇÔöÇÔöÇÔöÇÔöÇÔöÇÔöÇÔöÇÔöÇÔöÇÔöÇÔöÇÔöÇÔöÇÔöÇÔöÇÔöÇÔöÇÔöÇÔöÇÔöÇÔöÇÔöÇÔöÇÔöÇÔöÇÔöÇÔöÇÔöÇÔöÇÔöÇ[0m
[38;5;12mÔöîÔöÇÔöÇÔöÇÔöÇÔöÇÔöÇÔöÇÔöÇÔöÇÔöÇÔöÇÔöÇÔöÇÔöÇÔöÇÔöÇÔöÇÔöÇÔöÇÔöÇÔöÇÔöÇÔöÇÔöÇÔöÇÔöÇÔöÇÔöÇÔöÇÔöÇÔöÇÔöÇÔöÇÔöÇÔöÇÔöÇÔöÇÔöÇÔöÇÔöÇÔöÇÔöÇÔöÇÔöÇÔöÇÔöÇÔöÇÔöÇÔöÇÔöÇÔöÇÔöÇÔöÇÔöÇÔöÇÔöÇÔöÇÔöÇÔöÇÔöÇÔöÇÔöÇÔöÇÔöÇÔöÇÔöÇÔöÇÔöÇÔöÇÔöÇÔöÇÔöÇÔöÇÔöÇÔöÇÔöÇÔöÇÔöÇÔöÇ[0m
[38;5;12mÔöé 01:00:45.879 (+0:00:00.017427)[0m
[38;5;12mÔö£ÔöäÔöäÔöäÔöäÔöäÔöäÔöäÔöäÔöäÔöäÔöäÔöäÔöäÔöäÔöäÔöäÔöäÔöäÔöäÔöäÔöäÔöäÔöäÔöäÔöäÔöäÔöäÔöäÔöäÔöäÔöäÔöäÔöäÔöäÔöäÔöäÔöäÔöäÔöäÔöäÔöäÔöäÔöäÔöäÔöäÔöäÔöäÔöäÔöäÔöäÔöäÔöäÔöäÔöäÔöäÔöäÔöäÔöäÔöäÔöäÔöäÔöäÔöäÔöäÔöäÔöäÔöäÔöäÔöäÔöäÔöäÔöäÔöäÔöäÔöäÔöäÔöäÔöäÔöä[0m
[38;5;12mÔöé ­ƒÆí [Tag] Message 85[0m
[38;5;12mÔööÔöÇÔöÇÔöÇÔöÇÔöÇÔöÇÔöÇÔöÇÔöÇÔöÇÔöÇÔöÇÔöÇÔöÇÔöÇÔöÇÔöÇÔöÇÔöÇÔöÇÔöÇÔöÇÔöÇÔöÇÔöÇÔöÇÔöÇÔöÇÔöÇÔöÇÔöÇÔöÇÔöÇÔöÇÔöÇÔöÇÔöÇÔöÇÔöÇÔöÇÔöÇÔöÇÔöÇÔöÇÔöÇÔöÇÔöÇÔöÇÔöÇÔöÇÔöÇÔöÇÔöÇÔöÇÔöÇÔöÇÔöÇÔöÇÔöÇÔöÇÔöÇÔöÇÔöÇÔöÇÔöÇÔöÇÔöÇÔöÇÔöÇÔöÇÔöÇÔöÇÔöÇÔöÇÔöÇÔöÇÔöÇÔöÇÔöÇ[0m
[38;5;12mÔöîÔöÇÔöÇÔöÇÔöÇÔöÇÔöÇÔöÇÔöÇÔöÇÔöÇÔöÇÔöÇÔöÇÔöÇÔöÇÔöÇÔöÇÔöÇÔöÇÔöÇÔöÇÔöÇÔöÇÔöÇÔöÇÔöÇÔöÇÔöÇÔöÇÔöÇÔöÇÔöÇÔöÇÔöÇÔöÇÔöÇÔöÇÔöÇÔöÇÔöÇÔöÇÔöÇÔöÇÔöÇÔöÇÔöÇÔöÇÔöÇÔöÇÔöÇÔöÇÔöÇÔöÇÔöÇÔöÇÔöÇÔöÇÔöÇÔöÇÔöÇÔöÇÔöÇÔöÇÔöÇÔöÇÔöÇÔöÇÔöÇÔöÇÔöÇÔöÇÔöÇÔöÇÔöÇÔöÇÔöÇÔöÇÔöÇÔöÇ[0m
[38;5;12mÔöé 01:00:45.879 (+0:00:00.017427)[0m
[38;5;12mÔö£ÔöäÔöäÔöäÔöäÔöäÔöäÔöäÔöäÔöäÔöäÔöäÔöäÔöäÔöäÔöäÔöäÔöäÔöäÔöäÔöäÔöäÔöäÔöäÔöäÔöäÔöäÔöäÔöäÔöäÔöäÔöäÔöäÔöäÔöäÔöäÔöäÔöäÔöäÔöäÔöäÔöäÔöäÔöäÔöäÔöäÔöäÔöäÔöäÔöäÔöäÔöäÔöäÔöäÔöäÔöäÔöäÔöäÔöäÔöäÔöäÔöäÔöäÔöäÔöäÔöäÔöäÔöäÔöäÔöäÔöäÔöäÔöäÔöäÔöäÔöäÔöäÔöäÔöäÔöä[0m
[38;5;12mÔöé ­ƒÆí [Tag] Message 86[0m
[38;5;12mÔööÔöÇÔöÇÔöÇÔöÇÔöÇÔöÇÔöÇÔöÇÔöÇÔöÇÔöÇÔöÇÔöÇÔöÇÔöÇÔöÇÔöÇÔöÇÔöÇÔöÇÔöÇÔöÇÔöÇÔöÇÔöÇÔöÇÔöÇÔöÇÔöÇÔöÇÔöÇÔöÇÔöÇÔöÇÔöÇÔöÇÔöÇÔöÇÔöÇÔöÇÔöÇÔöÇÔöÇÔöÇÔöÇÔöÇÔöÇÔöÇÔöÇÔöÇÔöÇÔöÇÔöÇÔöÇÔöÇÔöÇÔöÇÔöÇÔöÇÔöÇÔöÇÔöÇÔöÇÔöÇÔöÇÔöÇÔöÇÔöÇÔöÇÔöÇÔöÇÔöÇÔöÇÔöÇÔöÇÔöÇÔöÇÔöÇÔöÇ[0m
[38;5;12mÔöîÔöÇÔöÇÔöÇÔöÇÔöÇÔöÇÔöÇÔöÇÔöÇÔöÇÔöÇÔöÇÔöÇÔöÇÔöÇÔöÇÔöÇÔöÇÔöÇÔöÇÔöÇÔöÇÔöÇÔöÇÔöÇÔöÇÔöÇÔöÇÔöÇÔöÇÔöÇÔöÇÔöÇÔöÇÔöÇÔöÇÔöÇÔöÇÔöÇÔöÇÔöÇÔöÇÔöÇÔöÇÔöÇÔöÇÔöÇÔöÇÔöÇÔöÇÔöÇÔöÇÔöÇÔöÇÔöÇÔöÇÔöÇÔöÇÔöÇÔöÇÔöÇÔöÇÔöÇÔöÇÔöÇÔöÇÔöÇÔöÇÔöÇÔöÇÔöÇÔöÇÔöÇÔöÇÔöÇÔöÇÔöÇÔöÇÔöÇ[0m
[38;5;12mÔöé 01:00:45.879 (+0:00:00.017427)[0m
[38;5;12mÔö£ÔöäÔöäÔöäÔöäÔöäÔöäÔöäÔöäÔöäÔöäÔöäÔöäÔöäÔöäÔöäÔöäÔöäÔöäÔöäÔöäÔöäÔöäÔöäÔöäÔöäÔöäÔöäÔöäÔöäÔöäÔöäÔöäÔöäÔöäÔöäÔöäÔöäÔöäÔöäÔöäÔöäÔöäÔöäÔöäÔöäÔöäÔöäÔöäÔöäÔöäÔöäÔöäÔöäÔöäÔöäÔöäÔöäÔöäÔöäÔöäÔöäÔöäÔöäÔöäÔöäÔöäÔöäÔöäÔöäÔöäÔöäÔöäÔöäÔöäÔöäÔöäÔöäÔöäÔöä[0m
[38;5;12mÔöé ­ƒÆí [Tag] Message 87[0m
[38;5;12mÔööÔöÇÔöÇÔöÇÔöÇÔöÇÔöÇÔöÇÔöÇÔöÇÔöÇÔöÇÔöÇÔöÇÔöÇÔöÇÔöÇÔöÇÔöÇÔöÇÔöÇÔöÇÔöÇÔöÇÔöÇÔöÇÔöÇÔöÇÔöÇÔöÇÔöÇÔöÇÔöÇÔöÇÔöÇÔöÇÔöÇÔöÇÔöÇÔöÇÔöÇÔöÇÔöÇÔöÇÔöÇÔöÇÔöÇÔöÇÔöÇÔöÇÔöÇÔöÇÔöÇÔöÇÔöÇÔöÇÔöÇÔöÇÔöÇÔöÇÔöÇÔöÇÔöÇÔöÇÔöÇÔöÇÔöÇÔöÇÔöÇÔöÇÔöÇÔöÇÔöÇÔöÇÔöÇÔöÇÔöÇÔöÇÔöÇÔöÇ[0m
[38;5;12mÔöîÔöÇÔöÇÔöÇÔöÇÔöÇÔöÇÔöÇÔöÇÔöÇÔöÇÔöÇÔöÇÔöÇÔöÇÔöÇÔöÇÔöÇÔöÇÔöÇÔöÇÔöÇÔöÇÔöÇÔöÇÔöÇÔöÇÔöÇÔöÇÔöÇÔöÇÔöÇÔöÇÔöÇÔöÇÔöÇÔöÇÔöÇÔöÇÔöÇÔöÇÔöÇÔöÇÔöÇÔöÇÔöÇÔöÇÔöÇÔöÇÔöÇÔöÇÔöÇÔöÇÔöÇÔöÇÔöÇÔöÇÔöÇÔöÇÔöÇÔöÇÔöÇÔöÇÔöÇÔöÇÔöÇÔöÇÔöÇÔöÇÔöÇÔöÇÔöÇÔöÇÔöÇÔöÇÔöÇÔöÇÔöÇÔöÇÔöÇ[0m
[38;5;12mÔöé 01:00:45.879 (+0:00:00.017427)[0m
[38;5;12mÔö£ÔöäÔöäÔöäÔöäÔöäÔöäÔöäÔöäÔöäÔöäÔöäÔöäÔöäÔöäÔöäÔöäÔöäÔöäÔöäÔöäÔöäÔöäÔöäÔöäÔöäÔöäÔöäÔöäÔöäÔöäÔöäÔöäÔöäÔöäÔöäÔöäÔöäÔöäÔöäÔöäÔöäÔöäÔöäÔöäÔöäÔöäÔöäÔöäÔöäÔöäÔöäÔöäÔöäÔöäÔöäÔöäÔöäÔöäÔöäÔöäÔöäÔöäÔöäÔöäÔöäÔöäÔöäÔöäÔöäÔöäÔöäÔöäÔöäÔöäÔöäÔöäÔöäÔöäÔöä[0m
[38;5;12mÔöé ­ƒÆí [Tag] Message 88[0m
[38;5;12mÔööÔöÇÔöÇÔöÇÔöÇÔöÇÔöÇÔöÇÔöÇÔöÇÔöÇÔöÇÔöÇÔöÇÔöÇÔöÇÔöÇÔöÇÔöÇÔöÇÔöÇÔöÇÔöÇÔöÇÔöÇÔöÇÔöÇÔöÇÔöÇÔöÇÔöÇÔöÇÔöÇÔöÇÔöÇÔöÇÔöÇÔöÇÔöÇÔöÇÔöÇÔöÇÔöÇÔöÇÔöÇÔöÇÔöÇÔöÇÔöÇÔöÇÔöÇÔöÇÔöÇÔöÇÔöÇÔöÇÔöÇÔöÇÔöÇÔöÇÔöÇÔöÇÔöÇÔöÇÔöÇÔöÇÔöÇÔöÇÔöÇÔöÇÔöÇÔöÇÔöÇÔöÇÔöÇÔöÇÔöÇÔöÇÔöÇÔöÇ[0m
[38;5;12mÔöîÔöÇÔöÇÔöÇÔöÇÔöÇÔöÇÔöÇÔöÇÔöÇÔöÇÔöÇÔöÇÔöÇÔöÇÔöÇÔöÇÔöÇÔöÇÔöÇÔöÇÔöÇÔöÇÔöÇÔöÇÔöÇÔöÇÔöÇÔöÇÔöÇÔöÇÔöÇÔöÇÔöÇÔöÇÔöÇÔöÇÔöÇÔöÇÔöÇÔöÇÔöÇÔöÇÔöÇÔöÇÔöÇÔöÇÔöÇÔöÇÔöÇÔöÇÔöÇÔöÇÔöÇÔöÇÔöÇÔöÇÔöÇÔöÇÔöÇÔöÇÔöÇÔöÇÔöÇÔöÇÔöÇÔöÇÔöÇÔöÇÔöÇÔöÇÔöÇÔöÇÔöÇÔöÇÔöÇÔöÇÔöÇÔöÇÔöÇ[0m
[38;5;12mÔöé 01:00:45.880 (+0:00:00.018004)[0m
[38;5;12mÔö£ÔöäÔöäÔöäÔöäÔöäÔöäÔöäÔöäÔöäÔöäÔöäÔöäÔöäÔöäÔöäÔöäÔöäÔöäÔöäÔöäÔöäÔöäÔöäÔöäÔöäÔöäÔöäÔöäÔöäÔöäÔöäÔöäÔöäÔöäÔöäÔöäÔöäÔöäÔöäÔöäÔöäÔöäÔöäÔöäÔöäÔöäÔöäÔöäÔöäÔöäÔöäÔöäÔöäÔöäÔöäÔöäÔöäÔöäÔöäÔöäÔöäÔöäÔöäÔöäÔöäÔöäÔöäÔöäÔöäÔöäÔöäÔöäÔöäÔöäÔöäÔöäÔöäÔöäÔöä[0m
[38;5;12mÔöé ­ƒÆí [Tag] Message 89[0m
[38;5;12mÔööÔöÇÔöÇÔöÇÔöÇÔöÇÔöÇÔöÇÔöÇÔöÇÔöÇÔöÇÔöÇÔöÇÔöÇÔöÇÔöÇÔöÇÔöÇÔöÇÔöÇÔöÇÔöÇÔöÇÔöÇÔöÇÔöÇÔöÇÔöÇÔöÇÔöÇÔöÇÔöÇÔöÇÔöÇÔöÇÔöÇÔöÇÔöÇÔöÇÔöÇÔöÇÔöÇÔöÇÔöÇÔöÇÔöÇÔöÇÔöÇÔöÇÔöÇÔöÇÔöÇÔöÇÔöÇÔöÇÔöÇÔöÇÔöÇÔöÇÔöÇÔöÇÔöÇÔöÇÔöÇÔöÇÔöÇÔöÇÔöÇÔöÇÔöÇÔöÇÔöÇÔöÇÔöÇÔöÇÔöÇÔöÇÔöÇÔöÇ[0m
[38;5;12mÔöîÔöÇÔöÇÔöÇÔöÇÔöÇÔöÇÔöÇÔöÇÔöÇÔöÇÔöÇÔöÇÔöÇÔöÇÔöÇÔöÇÔöÇÔöÇÔöÇÔöÇÔöÇÔöÇÔöÇÔöÇÔöÇÔöÇÔöÇÔöÇÔöÇÔöÇÔöÇÔöÇÔöÇÔöÇÔöÇÔöÇÔöÇÔöÇÔöÇÔöÇÔöÇÔöÇÔöÇÔöÇÔöÇÔöÇÔöÇÔöÇÔöÇÔöÇÔöÇÔöÇÔöÇÔöÇÔöÇÔöÇÔöÇÔöÇÔöÇÔöÇÔöÇÔöÇÔöÇÔöÇÔöÇÔöÇÔöÇÔöÇÔöÇÔöÇÔöÇÔöÇÔöÇÔöÇÔöÇÔöÇÔöÇÔöÇÔöÇ[0m
[38;5;12mÔöé 01:00:45.880 (+0:00:00.018004)[0m
[38;5;12mÔö£ÔöäÔöäÔöäÔöäÔöäÔöäÔöäÔöäÔöäÔöäÔöäÔöäÔöäÔöäÔöäÔöäÔöäÔöäÔöäÔöäÔöäÔöäÔöäÔöäÔöäÔöäÔöäÔöäÔöäÔöäÔöäÔöäÔöäÔöäÔöäÔöäÔöäÔöäÔöäÔöäÔöäÔöäÔöäÔöäÔöäÔöäÔöäÔöäÔöäÔöäÔöäÔöäÔöäÔöäÔöäÔöäÔöäÔöäÔöäÔöäÔöäÔöäÔöäÔöäÔöäÔöäÔöäÔöäÔöäÔöäÔöäÔöäÔöäÔöäÔöäÔöäÔöäÔöäÔöä[0m
[38;5;12mÔöé ­ƒÆí [Tag] Message 90[0m
[38;5;12mÔööÔöÇÔöÇÔöÇÔöÇÔöÇÔöÇÔöÇÔöÇÔöÇÔöÇÔöÇÔöÇÔöÇÔöÇÔöÇÔöÇÔöÇÔöÇÔöÇÔöÇÔöÇÔöÇÔöÇÔöÇÔöÇÔöÇÔöÇÔöÇÔöÇÔöÇÔöÇÔöÇÔöÇÔöÇÔöÇÔöÇÔöÇÔöÇÔöÇÔöÇÔöÇÔöÇÔöÇÔöÇÔöÇÔöÇÔöÇÔöÇÔöÇÔöÇÔöÇÔöÇÔöÇÔöÇÔöÇÔöÇÔöÇÔöÇÔöÇÔöÇÔöÇÔöÇÔöÇÔöÇÔöÇÔöÇÔöÇÔöÇÔöÇÔöÇÔöÇÔöÇÔöÇÔöÇÔöÇÔöÇÔöÇÔöÇÔöÇ[0m
[38;5;12mÔöîÔöÇÔöÇÔöÇÔöÇÔöÇÔöÇÔöÇÔöÇÔöÇÔöÇÔöÇÔöÇÔöÇÔöÇÔöÇÔöÇÔöÇÔöÇÔöÇÔöÇÔöÇÔöÇÔöÇÔöÇÔöÇÔöÇÔöÇÔöÇÔöÇÔöÇÔöÇÔöÇÔöÇÔöÇÔöÇÔöÇÔöÇÔöÇÔöÇÔöÇÔöÇÔöÇÔöÇÔöÇÔöÇÔöÇÔöÇÔöÇÔöÇÔöÇÔöÇÔöÇÔöÇÔöÇÔöÇÔöÇÔöÇÔöÇÔöÇÔöÇÔöÇÔöÇÔöÇÔöÇÔöÇÔöÇÔöÇÔöÇÔöÇÔöÇÔöÇÔöÇÔöÇÔöÇÔöÇÔöÇÔöÇÔöÇÔöÇ[0m
[38;5;12mÔöé 01:00:45.880 (+0:00:00.018004)[0m
[38;5;12mÔö£ÔöäÔöäÔöäÔöäÔöäÔöäÔöäÔöäÔöäÔöäÔöäÔöäÔöäÔöäÔöäÔöäÔöäÔöäÔöäÔöäÔöäÔöäÔöäÔöäÔöäÔöäÔöäÔöäÔöäÔöäÔöäÔöäÔöäÔöäÔöäÔöäÔöäÔöäÔöäÔöäÔöäÔöäÔöäÔöäÔöäÔöäÔöäÔöäÔöäÔöäÔöäÔöäÔöäÔöäÔöäÔöäÔöäÔöäÔöäÔöäÔöäÔöäÔöäÔöäÔöäÔöäÔöäÔöäÔöäÔöäÔöäÔöäÔöäÔöäÔöäÔöäÔöäÔöäÔöä[0m
[38;5;12mÔöé ­ƒÆí [Tag] Message 91[0m
[38;5;12mÔööÔöÇÔöÇÔöÇÔöÇÔöÇÔöÇÔöÇÔöÇÔöÇÔöÇÔöÇÔöÇÔöÇÔöÇÔöÇÔöÇÔöÇÔöÇÔöÇÔöÇÔöÇÔöÇÔöÇÔöÇÔöÇÔöÇÔöÇÔöÇÔöÇÔöÇÔöÇÔöÇÔöÇÔöÇÔöÇÔöÇÔöÇÔöÇÔöÇÔöÇÔöÇÔöÇÔöÇÔöÇÔöÇÔöÇÔöÇÔöÇÔöÇÔöÇÔöÇÔöÇÔöÇÔöÇÔöÇÔöÇÔöÇÔöÇÔöÇÔöÇÔöÇÔöÇÔöÇÔöÇÔöÇÔöÇÔöÇÔöÇÔöÇÔöÇÔöÇÔöÇÔöÇÔöÇÔöÇÔöÇÔöÇÔöÇÔöÇ[0m
[38;5;12mÔöîÔöÇÔöÇÔöÇÔöÇÔöÇÔöÇÔöÇÔöÇÔöÇÔöÇÔöÇÔöÇÔöÇÔöÇÔöÇÔöÇÔöÇÔöÇÔöÇÔöÇÔöÇÔöÇÔöÇÔöÇÔöÇÔöÇÔöÇÔöÇÔöÇÔöÇÔöÇÔöÇÔöÇÔöÇÔöÇÔöÇÔöÇÔöÇÔöÇÔöÇÔöÇÔöÇÔöÇÔöÇÔöÇÔöÇÔöÇÔöÇÔöÇÔöÇÔöÇÔöÇÔöÇÔöÇÔöÇÔöÇÔöÇÔöÇÔöÇÔöÇÔöÇÔöÇÔöÇÔöÇÔöÇÔöÇÔöÇÔöÇÔöÇÔöÇÔöÇÔöÇÔöÇÔöÇÔöÇÔöÇÔöÇÔöÇÔöÇ[0m
[38;5;12mÔöé 01:00:45.880 (+0:00:00.018004)[0m
[38;5;12mÔö£ÔöäÔöäÔöäÔöäÔöäÔöäÔöäÔöäÔöäÔöäÔöäÔöäÔöäÔöäÔöäÔöäÔöäÔöäÔöäÔöäÔöäÔöäÔöäÔöäÔöäÔöäÔöäÔöäÔöäÔöäÔöäÔöäÔöäÔöäÔöäÔöäÔöäÔöäÔöäÔöäÔöäÔöäÔöäÔöäÔöäÔöäÔöäÔöäÔöäÔöäÔöäÔöäÔöäÔöäÔöäÔöäÔöäÔöäÔöäÔöäÔöäÔöäÔöäÔöäÔöäÔöäÔöäÔöäÔöäÔöäÔöäÔöäÔöäÔöäÔöäÔöäÔöäÔöäÔöä[0m
[38;5;12mÔöé ­ƒÆí [Tag] Message 92[0m
[38;5;12mÔööÔöÇÔöÇÔöÇÔöÇÔöÇÔöÇÔöÇÔöÇÔöÇÔöÇÔöÇÔöÇÔöÇÔöÇÔöÇÔöÇÔöÇÔöÇÔöÇÔöÇÔöÇÔöÇÔöÇÔöÇÔöÇÔöÇÔöÇÔöÇÔöÇÔöÇÔöÇÔöÇÔöÇÔöÇÔöÇÔöÇÔöÇÔöÇÔöÇÔöÇÔöÇÔöÇÔöÇÔöÇÔöÇÔöÇÔöÇÔöÇÔöÇÔöÇÔöÇÔöÇÔöÇÔöÇÔöÇÔöÇÔöÇÔöÇÔöÇÔöÇÔöÇÔöÇÔöÇÔöÇÔöÇÔöÇÔöÇÔöÇÔöÇÔöÇÔöÇÔöÇÔöÇÔöÇÔöÇÔöÇÔöÇÔöÇÔöÇ[0m
[38;5;12mÔöîÔöÇÔöÇÔöÇÔöÇÔöÇÔöÇÔöÇÔöÇÔöÇÔöÇÔöÇÔöÇÔöÇÔöÇÔöÇÔöÇÔöÇÔöÇÔöÇÔöÇÔöÇÔöÇÔöÇÔöÇÔöÇÔöÇÔöÇÔöÇÔöÇÔöÇÔöÇÔöÇÔöÇÔöÇÔöÇÔöÇÔöÇÔöÇÔöÇÔöÇÔöÇÔöÇÔöÇÔöÇÔöÇÔöÇÔöÇÔöÇÔöÇÔöÇÔöÇÔöÇÔöÇÔöÇÔöÇÔöÇÔöÇÔöÇÔöÇÔöÇÔöÇÔöÇÔöÇÔöÇÔöÇÔöÇÔöÇÔöÇÔöÇÔöÇÔöÇÔöÇÔöÇÔöÇÔöÇÔöÇÔöÇÔöÇÔöÇ[0m
[38;5;12mÔöé 01:00:45.880 (+0:00:00.018004)[0m
[38;5;12mÔö£ÔöäÔöäÔöäÔöäÔöäÔöäÔöäÔöäÔöäÔöäÔöäÔöäÔöäÔöäÔöäÔöäÔöäÔöäÔöäÔöäÔöäÔöäÔöäÔöäÔöäÔöäÔöäÔöäÔöäÔöäÔöäÔöäÔöäÔöäÔöäÔöäÔöäÔöäÔöäÔöäÔöäÔöäÔöäÔöäÔöäÔöäÔöäÔöäÔöäÔöäÔöäÔöäÔöäÔöäÔöäÔöäÔöäÔöäÔöäÔöäÔöäÔöäÔöäÔöäÔöäÔöäÔöäÔöäÔöäÔöäÔöäÔöäÔöäÔöäÔöäÔöäÔöäÔöäÔöä[0m
[38;5;12mÔöé ­ƒÆí [Tag] Message 93[0m
[38;5;12mÔööÔöÇÔöÇÔöÇÔöÇÔöÇÔöÇÔöÇÔöÇÔöÇÔöÇÔöÇÔöÇÔöÇÔöÇÔöÇÔöÇÔöÇÔöÇÔöÇÔöÇÔöÇÔöÇÔöÇÔöÇÔöÇÔöÇÔöÇÔöÇÔöÇÔöÇÔöÇÔöÇÔöÇÔöÇÔöÇÔöÇÔöÇÔöÇÔöÇÔöÇÔöÇÔöÇÔöÇÔöÇÔöÇÔöÇÔöÇÔöÇÔöÇÔöÇÔöÇÔöÇÔöÇÔöÇÔöÇÔöÇÔöÇÔöÇÔöÇÔöÇÔöÇÔöÇÔöÇÔöÇÔöÇÔöÇÔöÇÔöÇÔöÇÔöÇÔöÇÔöÇÔöÇÔöÇÔöÇÔöÇÔöÇÔöÇÔöÇ[0m
[38;5;12mÔöîÔöÇÔöÇÔöÇÔöÇÔöÇÔöÇÔöÇÔöÇÔöÇÔöÇÔöÇÔöÇÔöÇÔöÇÔöÇÔöÇÔöÇÔöÇÔöÇÔöÇÔöÇÔöÇÔöÇÔöÇÔöÇÔöÇÔöÇÔöÇÔöÇÔöÇÔöÇÔöÇÔöÇÔöÇÔöÇÔöÇÔöÇÔöÇÔöÇÔöÇÔöÇÔöÇÔöÇÔöÇÔöÇÔöÇÔöÇÔöÇÔöÇÔöÇÔöÇÔöÇÔöÇÔöÇÔöÇÔöÇÔöÇÔöÇÔöÇÔöÇÔöÇÔöÇÔöÇÔöÇÔöÇÔöÇÔöÇÔöÇÔöÇÔöÇÔöÇÔöÇÔöÇÔöÇÔöÇÔöÇÔöÇÔöÇÔöÇ[0m
[38;5;12mÔöé 01:00:45.880 (+0:00:00.018004)[0m
[38;5;12mÔö£ÔöäÔöäÔöäÔöäÔöäÔöäÔöäÔöäÔöäÔöäÔöäÔöäÔöäÔöäÔöäÔöäÔöäÔöäÔöäÔöäÔöäÔöäÔöäÔöäÔöäÔöäÔöäÔöäÔöäÔöäÔöäÔöäÔöäÔöäÔöäÔöäÔöäÔöäÔöäÔöäÔöäÔöäÔöäÔöäÔöäÔöäÔöäÔöäÔöäÔöäÔöäÔöäÔöäÔöäÔöäÔöäÔöäÔöäÔöäÔöäÔöäÔöäÔöäÔöäÔöäÔöäÔöäÔöäÔöäÔöäÔöäÔöäÔöäÔöäÔöäÔöäÔöäÔöäÔöä[0m
[38;5;12mÔöé ­ƒÆí [Tag] Message 94[0m
[38;5;12mÔööÔöÇÔöÇÔöÇÔöÇÔöÇÔöÇÔöÇÔöÇÔöÇÔöÇÔöÇÔöÇÔöÇÔöÇÔöÇÔöÇÔöÇÔöÇÔöÇÔöÇÔöÇÔöÇÔöÇÔöÇÔöÇÔöÇÔöÇÔöÇÔöÇÔöÇÔöÇÔöÇÔöÇÔöÇÔöÇÔöÇÔöÇÔöÇÔöÇÔöÇÔöÇÔöÇÔöÇÔöÇÔöÇÔöÇÔöÇÔöÇÔöÇÔöÇÔöÇÔöÇÔöÇÔöÇÔöÇÔöÇÔöÇÔöÇÔöÇÔöÇÔöÇÔöÇÔöÇÔöÇÔöÇÔöÇÔöÇÔöÇÔöÇÔöÇÔöÇÔöÇÔöÇÔöÇÔöÇÔöÇÔöÇÔöÇÔöÇ[0m
[38;5;12mÔöîÔöÇÔöÇÔöÇÔöÇÔöÇÔöÇÔöÇÔöÇÔöÇÔöÇÔöÇÔöÇÔöÇÔöÇÔöÇÔöÇÔöÇÔöÇÔöÇÔöÇÔöÇÔöÇÔöÇÔöÇÔöÇÔöÇÔöÇÔöÇÔöÇÔöÇÔöÇÔöÇÔöÇÔöÇÔöÇÔöÇÔöÇÔöÇÔöÇÔöÇÔöÇÔöÇÔöÇÔöÇÔöÇÔöÇÔöÇÔöÇÔöÇÔöÇÔöÇÔöÇÔöÇÔöÇÔöÇÔöÇÔöÇÔöÇÔöÇÔöÇÔöÇÔöÇÔöÇÔöÇÔöÇÔöÇÔöÇÔöÇÔöÇÔöÇÔöÇÔöÇÔöÇÔöÇÔöÇÔöÇÔöÇÔöÇÔöÇ[0m
[38;5;12mÔöé 01:00:45.880 (+0:00:00.018004)[0m
[38;5;12mÔö£ÔöäÔöäÔöäÔöäÔöäÔöäÔöäÔöäÔöäÔöäÔöäÔöäÔöäÔöäÔöäÔöäÔöäÔöäÔöäÔöäÔöäÔöäÔöäÔöäÔöäÔöäÔöäÔöäÔöäÔöäÔöäÔöäÔöäÔöäÔöäÔöäÔöäÔöäÔöäÔöäÔöäÔöäÔöäÔöäÔöäÔöäÔöäÔöäÔöäÔöäÔöäÔöäÔöäÔöäÔöäÔöäÔöäÔöäÔöäÔöäÔöäÔöäÔöäÔöäÔöäÔöäÔöäÔöäÔöäÔöäÔöäÔöäÔöäÔöäÔöäÔöäÔöäÔöäÔöä[0m
[38;5;12mÔöé ­ƒÆí [Tag] Message 95[0m
[38;5;12mÔööÔöÇÔöÇÔöÇÔöÇÔöÇÔöÇÔöÇÔöÇÔöÇÔöÇÔöÇÔöÇÔöÇÔöÇÔöÇÔöÇÔöÇÔöÇÔöÇÔöÇÔöÇÔöÇÔöÇÔöÇÔöÇÔöÇÔöÇÔöÇÔöÇÔöÇÔöÇÔöÇÔöÇÔöÇÔöÇÔöÇÔöÇÔöÇÔöÇÔöÇÔöÇÔöÇÔöÇÔöÇÔöÇÔöÇÔöÇÔöÇÔöÇÔöÇÔöÇÔöÇÔöÇÔöÇÔöÇÔöÇÔöÇÔöÇÔöÇÔöÇÔöÇÔöÇÔöÇÔöÇÔöÇÔöÇÔöÇÔöÇÔöÇÔöÇÔöÇÔöÇÔöÇÔöÇÔöÇÔöÇÔöÇÔöÇÔöÇ[0m
[38;5;12mÔöîÔöÇÔöÇÔöÇÔöÇÔöÇÔöÇÔöÇÔöÇÔöÇÔöÇÔöÇÔöÇÔöÇÔöÇÔöÇÔöÇÔöÇÔöÇÔöÇÔöÇÔöÇÔöÇÔöÇÔöÇÔöÇÔöÇÔöÇÔöÇÔöÇÔöÇÔöÇÔöÇÔöÇÔöÇÔöÇÔöÇÔöÇÔöÇÔöÇÔöÇÔöÇÔöÇÔöÇÔöÇÔöÇÔöÇÔöÇÔöÇÔöÇÔöÇÔöÇÔöÇÔöÇÔöÇÔöÇÔöÇÔöÇÔöÇÔöÇÔöÇÔöÇÔöÇÔöÇÔöÇÔöÇÔöÇÔöÇÔöÇÔöÇÔöÇÔöÇÔöÇÔöÇÔöÇÔöÇÔöÇÔöÇÔöÇÔöÇ[0m
[38;5;12mÔöé 01:00:45.880 (+0:00:00.018004)[0m
[38;5;12mÔö£ÔöäÔöäÔöäÔöäÔöäÔöäÔöäÔöäÔöäÔöäÔöäÔöäÔöäÔöäÔöäÔöäÔöäÔöäÔöäÔöäÔöäÔöäÔöäÔöäÔöäÔöäÔöäÔöäÔöäÔöäÔöäÔöäÔöäÔöäÔöäÔöäÔöäÔöäÔöäÔöäÔöäÔöäÔöäÔöäÔöäÔöäÔöäÔöäÔöäÔöäÔöäÔöäÔöäÔöäÔöäÔöäÔöäÔöäÔöäÔöäÔöäÔöäÔöäÔöäÔöäÔöäÔöäÔöäÔöäÔöäÔöäÔöäÔöäÔöäÔöäÔöäÔöäÔöäÔöä[0m
[38;5;12mÔöé ­ƒÆí [Tag] Message 96[0m
[38;5;12mÔööÔöÇÔöÇÔöÇÔöÇÔöÇÔöÇÔöÇÔöÇÔöÇÔöÇÔöÇÔöÇÔöÇÔöÇÔöÇÔöÇÔöÇÔöÇÔöÇÔöÇÔöÇÔöÇÔöÇÔöÇÔöÇÔöÇÔöÇÔöÇÔöÇÔöÇÔöÇÔöÇÔöÇÔöÇÔöÇÔöÇÔöÇÔöÇÔöÇÔöÇÔöÇÔöÇÔöÇÔöÇÔöÇÔöÇÔöÇÔöÇÔöÇÔöÇÔöÇÔöÇÔöÇÔöÇÔöÇÔöÇÔöÇÔöÇÔöÇÔöÇÔöÇÔöÇÔöÇÔöÇÔöÇÔöÇÔöÇÔöÇÔöÇÔöÇÔöÇÔöÇÔöÇÔöÇÔöÇÔöÇÔöÇÔöÇÔöÇ[0m
[38;5;12mÔöîÔöÇÔöÇÔöÇÔöÇÔöÇÔöÇÔöÇÔöÇÔöÇÔöÇÔöÇÔöÇÔöÇÔöÇÔöÇÔöÇÔöÇÔöÇÔöÇÔöÇÔöÇÔöÇÔöÇÔöÇÔöÇÔöÇÔöÇÔöÇÔöÇÔöÇÔöÇÔöÇÔöÇÔöÇÔöÇÔöÇÔöÇÔöÇÔöÇÔöÇÔöÇÔöÇÔöÇÔöÇÔöÇÔöÇÔöÇÔöÇÔöÇÔöÇÔöÇÔöÇÔöÇÔöÇÔöÇÔöÇÔöÇÔöÇÔöÇÔöÇÔöÇÔöÇÔöÇÔöÇÔöÇÔöÇÔöÇÔöÇÔöÇÔöÇÔöÇÔöÇÔöÇÔöÇÔöÇÔöÇÔöÇÔöÇÔöÇ[0m
[38;5;12mÔöé 01:00:45.880 (+0:00:00.018004)[0m
[38;5;12mÔö£ÔöäÔöäÔöäÔöäÔöäÔöäÔöäÔöäÔöäÔöäÔöäÔöäÔöäÔöäÔöäÔöäÔöäÔöäÔöäÔöäÔöäÔöäÔöäÔöäÔöäÔöäÔöäÔöäÔöäÔöäÔöäÔöäÔöäÔöäÔöäÔöäÔöäÔöäÔöäÔöäÔöäÔöäÔöäÔöäÔöäÔöäÔöäÔöäÔöäÔöäÔöäÔöäÔöäÔöäÔöäÔöäÔöäÔöäÔöäÔöäÔöäÔöäÔöäÔöäÔöäÔöäÔöäÔöäÔöäÔöäÔöäÔöäÔöäÔöäÔöäÔöäÔöäÔöäÔöä[0m
[38;5;12mÔöé ­ƒÆí [Tag] Message 97[0m
[38;5;12mÔööÔöÇÔöÇÔöÇÔöÇÔöÇÔöÇÔöÇÔöÇÔöÇÔöÇÔöÇÔöÇÔöÇÔöÇÔöÇÔöÇÔöÇÔöÇÔöÇÔöÇÔöÇÔöÇÔöÇÔöÇÔöÇÔöÇÔöÇÔöÇÔöÇÔöÇÔöÇÔöÇÔöÇÔöÇÔöÇÔöÇÔöÇÔöÇÔöÇÔöÇÔöÇÔöÇÔöÇÔöÇÔöÇÔöÇÔöÇÔöÇÔöÇÔöÇÔöÇÔöÇÔöÇÔöÇÔöÇÔöÇÔöÇÔöÇÔöÇÔöÇÔöÇÔöÇÔöÇÔöÇÔöÇÔöÇÔöÇÔöÇÔöÇÔöÇÔöÇÔöÇÔöÇÔöÇÔöÇÔöÇÔöÇÔöÇÔöÇ[0m
[38;5;12mÔöîÔöÇÔöÇÔöÇÔöÇÔöÇÔöÇÔöÇÔöÇÔöÇÔöÇÔöÇÔöÇÔöÇÔöÇÔöÇÔöÇÔöÇÔöÇÔöÇÔöÇÔöÇÔöÇÔöÇÔöÇÔöÇÔöÇÔöÇÔöÇÔöÇÔöÇÔöÇÔöÇÔöÇÔöÇÔöÇÔöÇÔöÇÔöÇÔöÇÔöÇÔöÇÔöÇÔöÇÔöÇÔöÇÔöÇÔöÇÔöÇÔöÇÔöÇÔöÇÔöÇÔöÇÔöÇÔöÇÔöÇÔöÇÔöÇÔöÇÔöÇÔöÇÔöÇÔöÇÔöÇÔöÇÔöÇÔöÇÔöÇÔöÇÔöÇÔöÇÔöÇÔöÇÔöÇÔöÇÔöÇÔöÇÔöÇÔöÇ[0m
[38;5;12mÔöé 01:00:45.880 (+0:00:00.018004)[0m
[38;5;12mÔö£ÔöäÔöäÔöäÔöäÔöäÔöäÔöäÔöäÔöäÔöäÔöäÔöäÔöäÔöäÔöäÔöäÔöäÔöäÔöäÔöäÔöäÔöäÔöäÔöäÔöäÔöäÔöäÔöäÔöäÔöäÔöäÔöäÔöäÔöäÔöäÔöäÔöäÔöäÔöäÔöäÔöäÔöäÔöäÔöäÔöäÔöäÔöäÔöäÔöäÔöäÔöäÔöäÔöäÔöäÔöäÔöäÔöäÔöäÔöäÔöäÔöäÔöäÔöäÔöäÔöäÔöäÔöäÔöäÔöäÔöäÔöäÔöäÔöäÔöäÔöäÔöäÔöäÔöäÔöä[0m
[38;5;12mÔöé ­ƒÆí [Tag] Message 98[0m
[38;5;12mÔööÔöÇÔöÇÔöÇÔöÇÔöÇÔöÇÔöÇÔöÇÔöÇÔöÇÔöÇÔöÇÔöÇÔöÇÔöÇÔöÇÔöÇÔöÇÔöÇÔöÇÔöÇÔöÇÔöÇÔöÇÔöÇÔöÇÔöÇÔöÇÔöÇÔöÇÔöÇÔöÇÔöÇÔöÇÔöÇÔöÇÔöÇÔöÇÔöÇÔöÇÔöÇÔöÇÔöÇÔöÇÔöÇÔöÇÔöÇÔöÇÔöÇÔöÇÔöÇÔöÇÔöÇÔöÇÔöÇÔöÇÔöÇÔöÇÔöÇÔöÇÔöÇÔöÇÔöÇÔöÇÔöÇÔöÇÔöÇÔöÇÔöÇÔöÇÔöÇÔöÇÔöÇÔöÇÔöÇÔöÇÔöÇÔöÇÔöÇ[0m
[38;5;12mÔöîÔöÇÔöÇÔöÇÔöÇÔöÇÔöÇÔöÇÔöÇÔöÇÔöÇÔöÇÔöÇÔöÇÔöÇÔöÇÔöÇÔöÇÔöÇÔöÇÔöÇÔöÇÔöÇÔöÇÔöÇÔöÇÔöÇÔöÇÔöÇÔöÇÔöÇÔöÇÔöÇÔöÇÔöÇÔöÇÔöÇÔöÇÔöÇÔöÇÔöÇÔöÇÔöÇÔöÇÔöÇÔöÇÔöÇÔöÇÔöÇÔöÇÔöÇÔöÇÔöÇÔöÇÔöÇÔöÇÔöÇÔöÇÔöÇÔöÇÔöÇÔöÇÔöÇÔöÇÔöÇÔöÇÔöÇÔöÇÔöÇÔöÇÔöÇÔöÇÔöÇÔöÇÔöÇÔöÇÔöÇÔöÇÔöÇÔöÇ[0m
[38;5;12mÔöé 01:00:45.880 (+0:00:00.018004)[0m
[38;5;12mÔö£ÔöäÔöäÔöäÔöäÔöäÔöäÔöäÔöäÔöäÔöäÔöäÔöäÔöäÔöäÔöäÔöäÔöäÔöäÔöäÔöäÔöäÔöäÔöäÔöäÔöäÔöäÔöäÔöäÔöäÔöäÔöäÔöäÔöäÔöäÔöäÔöäÔöäÔöäÔöäÔöäÔöäÔöäÔöäÔöäÔöäÔöäÔöäÔöäÔöäÔöäÔöäÔöäÔöäÔöäÔöäÔöäÔöäÔöäÔöäÔöäÔöäÔöäÔöäÔöäÔöäÔöäÔöäÔöäÔöäÔöäÔöäÔöäÔöäÔöäÔöäÔöäÔöäÔöäÔöä[0m
[38;5;12mÔöé ­ƒÆí [Tag] Message 99[0m
[38;5;12mÔööÔöÇÔöÇÔöÇÔöÇÔöÇÔöÇÔöÇÔöÇÔöÇÔöÇÔöÇÔöÇÔöÇÔöÇÔöÇÔöÇÔöÇÔöÇÔöÇÔöÇÔöÇÔöÇÔöÇÔöÇÔöÇÔöÇÔöÇÔöÇÔöÇÔöÇÔöÇÔöÇÔöÇÔöÇÔöÇÔöÇÔöÇÔöÇÔöÇÔöÇÔöÇÔöÇÔöÇÔöÇÔöÇÔöÇÔöÇÔöÇÔöÇÔöÇÔöÇÔöÇÔöÇÔöÇÔöÇÔöÇÔöÇÔöÇÔöÇÔöÇÔöÇÔöÇÔöÇÔöÇÔöÇÔöÇÔöÇÔöÇÔöÇÔöÇÔöÇÔöÇÔöÇÔöÇÔöÇÔöÇÔöÇÔöÇÔöÇ[0m
[38;5;12mÔöîÔöÇÔöÇÔöÇÔöÇÔöÇÔöÇÔöÇÔöÇÔöÇÔöÇÔöÇÔöÇÔöÇÔöÇÔöÇÔöÇÔöÇÔöÇÔöÇÔöÇÔöÇÔöÇÔöÇÔöÇÔöÇÔöÇÔöÇÔöÇÔöÇÔöÇÔöÇÔöÇÔöÇÔöÇÔöÇÔöÇÔöÇÔöÇÔöÇÔöÇÔöÇÔöÇÔöÇÔöÇÔöÇÔöÇÔöÇÔöÇÔöÇÔöÇÔöÇÔöÇÔöÇÔöÇÔöÇÔöÇÔöÇÔöÇÔöÇÔöÇÔöÇÔöÇÔöÇÔöÇÔöÇÔöÇÔöÇÔöÇÔöÇÔöÇÔöÇÔöÇÔöÇÔöÇÔöÇÔöÇÔöÇÔöÇÔöÇ[0m
[38;5;12mÔöé 01:00:45.880 (+0:00:00.018004)[0m
[38;5;12mÔö£ÔöäÔöäÔöäÔöäÔöäÔöäÔöäÔöäÔöäÔöäÔöäÔöäÔöäÔöäÔöäÔöäÔöäÔöäÔöäÔöäÔöäÔöäÔöäÔöäÔöäÔöäÔöäÔöäÔöäÔöäÔöäÔöäÔöäÔöäÔöäÔöäÔöäÔöäÔöäÔöäÔöäÔöäÔöäÔöäÔöäÔöäÔöäÔöäÔöäÔöäÔöäÔöäÔöäÔöäÔöäÔöäÔöäÔöäÔöäÔöäÔöäÔöäÔöäÔöäÔöäÔöäÔöäÔöäÔöäÔöäÔöäÔöäÔöäÔöäÔöäÔöäÔöäÔöäÔöä[0m
[38;5;12mÔöé ­ƒÆí [Tag] Message 100[0m
[38;5;12mÔööÔöÇÔöÇÔöÇÔöÇÔöÇÔöÇÔöÇÔöÇÔöÇÔöÇÔöÇÔöÇÔöÇÔöÇÔöÇÔöÇÔöÇÔöÇÔöÇÔöÇÔöÇÔöÇÔöÇÔöÇÔöÇÔöÇÔöÇÔöÇÔöÇÔöÇÔöÇÔöÇÔöÇÔöÇÔöÇÔöÇÔöÇÔöÇÔöÇÔöÇÔöÇÔöÇÔöÇÔöÇÔöÇÔöÇÔöÇÔöÇÔöÇÔöÇÔöÇÔöÇÔöÇÔöÇÔöÇÔöÇÔöÇÔöÇÔöÇÔöÇÔöÇÔöÇÔöÇÔöÇÔöÇÔöÇÔöÇÔöÇÔöÇÔöÇÔöÇÔöÇÔöÇÔöÇÔöÇÔöÇÔöÇÔöÇÔöÇ[0m
[38;5;12mÔöîÔöÇÔöÇÔöÇÔöÇÔöÇÔöÇÔöÇÔöÇÔöÇÔöÇÔöÇÔöÇÔöÇÔöÇÔöÇÔöÇÔöÇÔöÇÔöÇÔöÇÔöÇÔöÇÔöÇÔöÇÔöÇÔöÇÔöÇÔöÇÔöÇÔöÇÔöÇÔöÇÔöÇÔöÇÔöÇÔöÇÔöÇÔöÇÔöÇÔöÇÔöÇÔöÇÔöÇÔöÇÔöÇÔöÇÔöÇÔöÇÔöÇÔöÇÔöÇÔöÇÔöÇÔöÇÔöÇÔöÇÔöÇÔöÇÔöÇÔöÇÔöÇÔöÇÔöÇÔöÇÔöÇÔöÇÔöÇÔöÇÔöÇÔöÇÔöÇÔöÇÔöÇÔöÇÔöÇÔöÇÔöÇÔöÇÔöÇ[0m
[38;5;12mÔöé 01:00:45.880 (+0:00:00.018004)[0m
[38;5;12mÔö£ÔöäÔöäÔöäÔöäÔöäÔöäÔöäÔöäÔöäÔöäÔöäÔöäÔöäÔöäÔöäÔöäÔöäÔöäÔöäÔöäÔöäÔöäÔöäÔöäÔöäÔöäÔöäÔöäÔöäÔöäÔöäÔöäÔöäÔöäÔöäÔöäÔöäÔöäÔöäÔöäÔöäÔöäÔöäÔöäÔöäÔöäÔöäÔöäÔöäÔöäÔöäÔöäÔöäÔöäÔöäÔöäÔöäÔöäÔöäÔöäÔöäÔöäÔöäÔöäÔöäÔöäÔöäÔöäÔöäÔöäÔöäÔöäÔöäÔöäÔöäÔöäÔöäÔöäÔöä[0m
[38;5;12mÔöé ­ƒÆí [Tag] Message 101[0m
[38;5;12mÔööÔöÇÔöÇÔöÇÔöÇÔöÇÔöÇÔöÇÔöÇÔöÇÔöÇÔöÇÔöÇÔöÇÔöÇÔöÇÔöÇÔöÇÔöÇÔöÇÔöÇÔöÇÔöÇÔöÇÔöÇÔöÇÔöÇÔöÇÔöÇÔöÇÔöÇÔöÇÔöÇÔöÇÔöÇÔöÇÔöÇÔöÇÔöÇÔöÇÔöÇÔöÇÔöÇÔöÇÔöÇÔöÇÔöÇÔöÇÔöÇÔöÇÔöÇÔöÇÔöÇÔöÇÔöÇÔöÇÔöÇÔöÇÔöÇÔöÇÔöÇÔöÇÔöÇÔöÇÔöÇÔöÇÔöÇÔöÇÔöÇÔöÇÔöÇÔöÇÔöÇÔöÇÔöÇÔöÇÔöÇÔöÇÔöÇÔöÇ[0m
[38;5;12mÔöîÔöÇÔöÇÔöÇÔöÇÔöÇÔöÇÔöÇÔöÇÔöÇÔöÇÔöÇÔöÇÔöÇÔöÇÔöÇÔöÇÔöÇÔöÇÔöÇÔöÇÔöÇÔöÇÔöÇÔöÇÔöÇÔöÇÔöÇÔöÇÔöÇÔöÇÔöÇÔöÇÔöÇÔöÇÔöÇÔöÇÔöÇÔöÇÔöÇÔöÇÔöÇÔöÇÔöÇÔöÇÔöÇÔöÇÔöÇÔöÇÔöÇÔöÇÔöÇÔöÇÔöÇÔöÇÔöÇÔöÇÔöÇÔöÇÔöÇÔöÇÔöÇÔöÇÔöÇÔöÇÔöÇÔöÇÔöÇÔöÇÔöÇÔöÇÔöÇÔöÇÔöÇÔöÇÔöÇÔöÇÔöÇÔöÇÔöÇ[0m
[38;5;12mÔöé 01:00:45.880 (+0:00:00.018004)[0m
[38;5;12mÔö£ÔöäÔöäÔöäÔöäÔöäÔöäÔöäÔöäÔöäÔöäÔöäÔöäÔöäÔöäÔöäÔöäÔöäÔöäÔöäÔöäÔöäÔöäÔöäÔöäÔöäÔöäÔöäÔöäÔöäÔöäÔöäÔöäÔöäÔöäÔöäÔöäÔöäÔöäÔöäÔöäÔöäÔöäÔöäÔöäÔöäÔöäÔöäÔöäÔöäÔöäÔöäÔöäÔöäÔöäÔöäÔöäÔöäÔöäÔöäÔöäÔöäÔöäÔöäÔöäÔöäÔöäÔöäÔöäÔöäÔöäÔöäÔöäÔöäÔöäÔöäÔöäÔöäÔöäÔöä[0m
[38;5;12mÔöé ­ƒÆí [Tag] Message 102[0m
[38;5;12mÔööÔöÇÔöÇÔöÇÔöÇÔöÇÔöÇÔöÇÔöÇÔöÇÔöÇÔöÇÔöÇÔöÇÔöÇÔöÇÔöÇÔöÇÔöÇÔöÇÔöÇÔöÇÔöÇÔöÇÔöÇÔöÇÔöÇÔöÇÔöÇÔöÇÔöÇÔöÇÔöÇÔöÇÔöÇÔöÇÔöÇÔöÇÔöÇÔöÇÔöÇÔöÇÔöÇÔöÇÔöÇÔöÇÔöÇÔöÇÔöÇÔöÇÔöÇÔöÇÔöÇÔöÇÔöÇÔöÇÔöÇÔöÇÔöÇÔöÇÔöÇÔöÇÔöÇÔöÇÔöÇÔöÇÔöÇÔöÇÔöÇÔöÇÔöÇÔöÇÔöÇÔöÇÔöÇÔöÇÔöÇÔöÇÔöÇÔöÇ[0m
[38;5;12mÔöîÔöÇÔöÇÔöÇÔöÇÔöÇÔöÇÔöÇÔöÇÔöÇÔöÇÔöÇÔöÇÔöÇÔöÇÔöÇÔöÇÔöÇÔöÇÔöÇÔöÇÔöÇÔöÇÔöÇÔöÇÔöÇÔöÇÔöÇÔöÇÔöÇÔöÇÔöÇÔöÇÔöÇÔöÇÔöÇÔöÇÔöÇÔöÇÔöÇÔöÇÔöÇÔöÇÔöÇÔöÇÔöÇÔöÇÔöÇÔöÇÔöÇÔöÇÔöÇÔöÇÔöÇÔöÇÔöÇÔöÇÔöÇÔöÇÔöÇÔöÇÔöÇÔöÇÔöÇÔöÇÔöÇÔöÇÔöÇÔöÇÔöÇÔöÇÔöÇÔöÇÔöÇÔöÇÔöÇÔöÇÔöÇÔöÇÔöÇ[0m
[38;5;12mÔöé 01:00:45.880 (+0:00:00.018004)[0m
[38;5;12mÔö£ÔöäÔöäÔöäÔöäÔöäÔöäÔöäÔöäÔöäÔöäÔöäÔöäÔöäÔöäÔöäÔöäÔöäÔöäÔöäÔöäÔöäÔöäÔöäÔöäÔöäÔöäÔöäÔöäÔöäÔöäÔöäÔöäÔöäÔöäÔöäÔöäÔöäÔöäÔöäÔöäÔöäÔöäÔöäÔöäÔöäÔöäÔöäÔöäÔöäÔöäÔöäÔöäÔöäÔöäÔöäÔöäÔöäÔöäÔöäÔöäÔöäÔöäÔöäÔöäÔöäÔöäÔöäÔöäÔöäÔöäÔöäÔöäÔöäÔöäÔöäÔöäÔöäÔöäÔöä[0m
[38;5;12mÔöé ­ƒÆí [Tag] Message 103[0m
[38;5;12mÔööÔöÇÔöÇÔöÇÔöÇÔöÇÔöÇÔöÇÔöÇÔöÇÔöÇÔöÇÔöÇÔöÇÔöÇÔöÇÔöÇÔöÇÔöÇÔöÇÔöÇÔöÇÔöÇÔöÇÔöÇÔöÇÔöÇÔöÇÔöÇÔöÇÔöÇÔöÇÔöÇÔöÇÔöÇÔöÇÔöÇÔöÇÔöÇÔöÇÔöÇÔöÇÔöÇÔöÇÔöÇÔöÇÔöÇÔöÇÔöÇÔöÇÔöÇÔöÇÔöÇÔöÇÔöÇÔöÇÔöÇÔöÇÔöÇÔöÇÔöÇÔöÇÔöÇÔöÇÔöÇÔöÇÔöÇÔöÇÔöÇÔöÇÔöÇÔöÇÔöÇÔöÇÔöÇÔöÇÔöÇÔöÇÔöÇÔöÇ[0m
[38;5;12mÔöîÔöÇÔöÇÔöÇÔöÇÔöÇÔöÇÔöÇÔöÇÔöÇÔöÇÔöÇÔöÇÔöÇÔöÇÔöÇÔöÇÔöÇÔöÇÔöÇÔöÇÔöÇÔöÇÔöÇÔöÇÔöÇÔöÇÔöÇÔöÇÔöÇÔöÇÔöÇÔöÇÔöÇÔöÇÔöÇÔöÇÔöÇÔöÇÔöÇÔöÇÔöÇÔöÇÔöÇÔöÇÔöÇÔöÇÔöÇÔöÇÔöÇÔöÇÔöÇÔöÇÔöÇÔöÇÔöÇÔöÇÔöÇÔöÇÔöÇÔöÇÔöÇÔöÇÔöÇÔöÇÔöÇÔöÇÔöÇÔöÇÔöÇÔöÇÔöÇÔöÇÔöÇÔöÇÔöÇÔöÇÔöÇÔöÇÔöÇ[0m
[38;5;12mÔöé 01:00:45.880 (+0:00:00.018004)[0m
[38;5;12mÔö£ÔöäÔöäÔöäÔöäÔöäÔöäÔöäÔöäÔöäÔöäÔöäÔöäÔöäÔöäÔöäÔöäÔöäÔöäÔöäÔöäÔöäÔöäÔöäÔöäÔöäÔöäÔöäÔöäÔöäÔöäÔöäÔöäÔöäÔöäÔöäÔöäÔöäÔöäÔöäÔöäÔöäÔöäÔöäÔöäÔöäÔöäÔöäÔöäÔöäÔöäÔöäÔöäÔöäÔöäÔöäÔöäÔöäÔöäÔöäÔöäÔöäÔöäÔöäÔöäÔöäÔöäÔöäÔöäÔöäÔöäÔöäÔöäÔöäÔöäÔöäÔöäÔöäÔöäÔöä[0m
[38;5;12mÔöé ­ƒÆí [Tag] Message 104[0m
[38;5;12mÔööÔöÇÔöÇÔöÇÔöÇÔöÇÔöÇÔöÇÔöÇÔöÇÔöÇÔöÇÔöÇÔöÇÔöÇÔöÇÔöÇÔöÇÔöÇÔöÇÔöÇÔöÇÔöÇÔöÇÔöÇÔöÇÔöÇÔöÇÔöÇÔöÇÔöÇÔöÇÔöÇÔöÇÔöÇÔöÇÔöÇÔöÇÔöÇÔöÇÔöÇÔöÇÔöÇÔöÇÔöÇÔöÇÔöÇÔöÇÔöÇÔöÇÔöÇÔöÇÔöÇÔöÇÔöÇÔöÇÔöÇÔöÇÔöÇÔöÇÔöÇÔöÇÔöÇÔöÇÔöÇÔöÇÔöÇÔöÇÔöÇÔöÇÔöÇÔöÇÔöÇÔöÇÔöÇÔöÇÔöÇÔöÇÔöÇÔöÇ[0m
[38;5;12mÔöîÔöÇÔöÇÔöÇÔöÇÔöÇÔöÇÔöÇÔöÇÔöÇÔöÇÔöÇÔöÇÔöÇÔöÇÔöÇÔöÇÔöÇÔöÇÔöÇÔöÇÔöÇÔöÇÔöÇÔöÇÔöÇÔöÇÔöÇÔöÇÔöÇÔöÇÔöÇÔöÇÔöÇÔöÇÔöÇÔöÇÔöÇÔöÇÔöÇÔöÇÔöÇÔöÇÔöÇÔöÇÔöÇÔöÇÔöÇÔöÇÔöÇÔöÇÔöÇÔöÇÔöÇÔöÇÔöÇÔöÇÔöÇÔöÇÔöÇÔöÇÔöÇÔöÇÔöÇÔöÇÔöÇÔöÇÔöÇÔöÇÔöÇÔöÇÔöÇÔöÇÔöÇÔöÇÔöÇÔöÇÔöÇÔöÇÔöÇ[0m
[38;5;12mÔöé 01:00:45.880 (+0:00:00.018004)[0m
[38;5;12mÔö£ÔöäÔöäÔöäÔöäÔöäÔöäÔöäÔöäÔöäÔöäÔöäÔöäÔöäÔöäÔöäÔöäÔöäÔöäÔöäÔöäÔöäÔöäÔöäÔöäÔöäÔöäÔöäÔöäÔöäÔöäÔöäÔöäÔöäÔöäÔöäÔöäÔöäÔöäÔöäÔöäÔöäÔöäÔöäÔöäÔöäÔöäÔöäÔöäÔöäÔöäÔöäÔöäÔöäÔöäÔöäÔöäÔöäÔöäÔöäÔöäÔöäÔöäÔöäÔöäÔöäÔöäÔöäÔöäÔöäÔöäÔöäÔöäÔöäÔöäÔöäÔöäÔöäÔöäÔöä[0m
[38;5;12mÔöé ­ƒÆí [Tag] Message 105[0m
[38;5;12mÔööÔöÇÔöÇÔöÇÔöÇÔöÇÔöÇÔöÇÔöÇÔöÇÔöÇÔöÇÔöÇÔöÇÔöÇÔöÇÔöÇÔöÇÔöÇÔöÇÔöÇÔöÇÔöÇÔöÇÔöÇÔöÇÔöÇÔöÇÔöÇÔöÇÔöÇÔöÇÔöÇÔöÇÔöÇÔöÇÔöÇÔöÇÔöÇÔöÇÔöÇÔöÇÔöÇÔöÇÔöÇÔöÇÔöÇÔöÇÔöÇÔöÇÔöÇÔöÇÔöÇÔöÇÔöÇÔöÇÔöÇÔöÇÔöÇÔöÇÔöÇÔöÇÔöÇÔöÇÔöÇÔöÇÔöÇÔöÇÔöÇÔöÇÔöÇÔöÇÔöÇÔöÇÔöÇÔöÇÔöÇÔöÇÔöÇÔöÇ[0m
[38;5;12mÔöîÔöÇÔöÇÔöÇÔöÇÔöÇÔöÇÔöÇÔöÇÔöÇÔöÇÔöÇÔöÇÔöÇÔöÇÔöÇÔöÇÔöÇÔöÇÔöÇÔöÇÔöÇÔöÇÔöÇÔöÇÔöÇÔöÇÔöÇÔöÇÔöÇÔöÇÔöÇÔöÇÔöÇÔöÇÔöÇÔöÇÔöÇÔöÇÔöÇÔöÇÔöÇÔöÇÔöÇÔöÇÔöÇÔöÇÔöÇÔöÇÔöÇÔöÇÔöÇÔöÇÔöÇÔöÇÔöÇÔöÇÔöÇÔöÇÔöÇÔöÇÔöÇÔöÇÔöÇÔöÇÔöÇÔöÇÔöÇÔöÇÔöÇÔöÇÔöÇÔöÇÔöÇÔöÇÔöÇÔöÇÔöÇÔöÇÔöÇ[0m
[38;5;12mÔöé 01:00:45.880 (+0:00:00.018004)[0m
[38;5;12mÔö£ÔöäÔöäÔöäÔöäÔöäÔöäÔöäÔöäÔöäÔöäÔöäÔöäÔöäÔöäÔöäÔöäÔöäÔöäÔöäÔöäÔöäÔöäÔöäÔöäÔöäÔöäÔöäÔöäÔöäÔöäÔöäÔöäÔöäÔöäÔöäÔöäÔöäÔöäÔöäÔöäÔöäÔöäÔöäÔöäÔöäÔöäÔöäÔöäÔöäÔöäÔöäÔöäÔöäÔöäÔöäÔöäÔöäÔöäÔöäÔöäÔöäÔöäÔöäÔöäÔöäÔöäÔöäÔöäÔöäÔöäÔöäÔöäÔöäÔöäÔöäÔöäÔöäÔöäÔöä[0m
[38;5;12mÔöé ­ƒÆí [Tag] Message 106[0m
[38;5;12mÔööÔöÇÔöÇÔöÇÔöÇÔöÇÔöÇÔöÇÔöÇÔöÇÔöÇÔöÇÔöÇÔöÇÔöÇÔöÇÔöÇÔöÇÔöÇÔöÇÔöÇÔöÇÔöÇÔöÇÔöÇÔöÇÔöÇÔöÇÔöÇÔöÇÔöÇÔöÇÔöÇÔöÇÔöÇÔöÇÔöÇÔöÇÔöÇÔöÇÔöÇÔöÇÔöÇÔöÇÔöÇÔöÇÔöÇÔöÇÔöÇÔöÇÔöÇÔöÇÔöÇÔöÇÔöÇÔöÇÔöÇÔöÇÔöÇÔöÇÔöÇÔöÇÔöÇÔöÇÔöÇÔöÇÔöÇÔöÇÔöÇÔöÇÔöÇÔöÇÔöÇÔöÇÔöÇÔöÇÔöÇÔöÇÔöÇÔöÇ[0m
[38;5;12mÔöîÔöÇÔöÇÔöÇÔöÇÔöÇÔöÇÔöÇÔöÇÔöÇÔöÇÔöÇÔöÇÔöÇÔöÇÔöÇÔöÇÔöÇÔöÇÔöÇÔöÇÔöÇÔöÇÔöÇÔöÇÔöÇÔöÇÔöÇÔöÇÔöÇÔöÇÔöÇÔöÇÔöÇÔöÇÔöÇÔöÇÔöÇÔöÇÔöÇÔöÇÔöÇÔöÇÔöÇÔöÇÔöÇÔöÇÔöÇÔöÇÔöÇÔöÇÔöÇÔöÇÔöÇÔöÇÔöÇÔöÇÔöÇÔöÇÔöÇÔöÇÔöÇÔöÇÔöÇÔöÇÔöÇÔöÇÔöÇÔöÇÔöÇÔöÇÔöÇÔöÇÔöÇÔöÇÔöÇÔöÇÔöÇÔöÇÔöÇ[0m
[38;5;12mÔöé 01:00:45.880 (+0:00:00.018641)[0m
[38;5;12mÔö£ÔöäÔöäÔöäÔöäÔöäÔöäÔöäÔöäÔöäÔöäÔöäÔöäÔöäÔöäÔöäÔöäÔöäÔöäÔöäÔöäÔöäÔöäÔöäÔöäÔöäÔöäÔöäÔöäÔöäÔöäÔöäÔöäÔöäÔöäÔöäÔöäÔöäÔöäÔöäÔöäÔöäÔöäÔöäÔöäÔöäÔöäÔöäÔöäÔöäÔöäÔöäÔöäÔöäÔöäÔöäÔöäÔöäÔöäÔöäÔöäÔöäÔöäÔöäÔöäÔöäÔöäÔöäÔöäÔöäÔöäÔöäÔöäÔöäÔöäÔöäÔöäÔöäÔöäÔöä[0m
[38;5;12mÔöé ­ƒÆí [Tag] Message 107[0m
[38;5;12mÔööÔöÇÔöÇÔöÇÔöÇÔöÇÔöÇÔöÇÔöÇÔöÇÔöÇÔöÇÔöÇÔöÇÔöÇÔöÇÔöÇÔöÇÔöÇÔöÇÔöÇÔöÇÔöÇÔöÇÔöÇÔöÇÔöÇÔöÇÔöÇÔöÇÔöÇÔöÇÔöÇÔöÇÔöÇÔöÇÔöÇÔöÇÔöÇÔöÇÔöÇÔöÇÔöÇÔöÇÔöÇÔöÇÔöÇÔöÇÔöÇÔöÇÔöÇÔöÇÔöÇÔöÇÔöÇÔöÇÔöÇÔöÇÔöÇÔöÇÔöÇÔöÇÔöÇÔöÇÔöÇÔöÇÔöÇÔöÇÔöÇÔöÇÔöÇÔöÇÔöÇÔöÇÔöÇÔöÇÔöÇÔöÇÔöÇÔöÇ[0m
[38;5;12mÔöîÔöÇÔöÇÔöÇÔöÇÔöÇÔöÇÔöÇÔöÇÔöÇÔöÇÔöÇÔöÇÔöÇÔöÇÔöÇÔöÇÔöÇÔöÇÔöÇÔöÇÔöÇÔöÇÔöÇÔöÇÔöÇÔöÇÔöÇÔöÇÔöÇÔöÇÔöÇÔöÇÔöÇÔöÇÔöÇÔöÇÔöÇÔöÇÔöÇÔöÇÔöÇÔöÇÔöÇÔöÇÔöÇÔöÇÔöÇÔöÇÔöÇÔöÇÔöÇÔöÇÔöÇÔöÇÔöÇÔöÇÔöÇÔöÇÔöÇÔöÇÔöÇÔöÇÔöÇÔöÇÔöÇÔöÇÔöÇÔöÇÔöÇÔöÇÔöÇÔöÇÔöÇÔöÇÔöÇÔöÇÔöÇÔöÇÔöÇ[0m
[38;5;12mÔöé 01:00:45.880 (+0:00:00.018641)[0m
[38;5;12mÔö£ÔöäÔöäÔöäÔöäÔöäÔöäÔöäÔöäÔöäÔöäÔöäÔöäÔöäÔöäÔöäÔöäÔöäÔöäÔöäÔöäÔöäÔöäÔöäÔöäÔöäÔöäÔöäÔöäÔöäÔöäÔöäÔöäÔöäÔöäÔöäÔöäÔöäÔöäÔöäÔöäÔöäÔöäÔöäÔöäÔöäÔöäÔöäÔöäÔöäÔöäÔöäÔöäÔöäÔöäÔöäÔöäÔöäÔöäÔöäÔöäÔöäÔöäÔöäÔöäÔöäÔöäÔöäÔöäÔöäÔöäÔöäÔöäÔöäÔöäÔöäÔöäÔöäÔöäÔöä[0m
[38;5;12mÔöé ­ƒÆí [Tag] Message 108[0m
[38;5;12mÔööÔöÇÔöÇÔöÇÔöÇÔöÇÔöÇÔöÇÔöÇÔöÇÔöÇÔöÇÔöÇÔöÇÔöÇÔöÇÔöÇÔöÇÔöÇÔöÇÔöÇÔöÇÔöÇÔöÇÔöÇÔöÇÔöÇÔöÇÔöÇÔöÇÔöÇÔöÇÔöÇÔöÇÔöÇÔöÇÔöÇÔöÇÔöÇÔöÇÔöÇÔöÇÔöÇÔöÇÔöÇÔöÇÔöÇÔöÇÔöÇÔöÇÔöÇÔöÇÔöÇÔöÇÔöÇÔöÇÔöÇÔöÇÔöÇÔöÇÔöÇÔöÇÔöÇÔöÇÔöÇÔöÇÔöÇÔöÇÔöÇÔöÇÔöÇÔöÇÔöÇÔöÇÔöÇÔöÇÔöÇÔöÇÔöÇÔöÇ[0m
[38;5;12mÔöîÔöÇÔöÇÔöÇÔöÇÔöÇÔöÇÔöÇÔöÇÔöÇÔöÇÔöÇÔöÇÔöÇÔöÇÔöÇÔöÇÔöÇÔöÇÔöÇÔöÇÔöÇÔöÇÔöÇÔöÇÔöÇÔöÇÔöÇÔöÇÔöÇÔöÇÔöÇÔöÇÔöÇÔöÇÔöÇÔöÇÔöÇÔöÇÔöÇÔöÇÔöÇÔöÇÔöÇÔöÇÔöÇÔöÇÔöÇÔöÇÔöÇÔöÇÔöÇÔöÇÔöÇÔöÇÔöÇÔöÇÔöÇÔöÇÔöÇÔöÇÔöÇÔöÇÔöÇÔöÇÔöÇÔöÇÔöÇÔöÇÔöÇÔöÇÔöÇÔöÇÔöÇÔöÇÔöÇÔöÇÔöÇÔöÇÔöÇ[0m
[38;5;12mÔöé 01:00:45.880 (+0:00:00.018641)[0m
[38;5;12mÔö£ÔöäÔöäÔöäÔöäÔöäÔöäÔöäÔöäÔöäÔöäÔöäÔöäÔöäÔöäÔöäÔöäÔöäÔöäÔöäÔöäÔöäÔöäÔöäÔöäÔöäÔöäÔöäÔöäÔöäÔöäÔöäÔöäÔöäÔöäÔöäÔöäÔöäÔöäÔöäÔöäÔöäÔöäÔöäÔöäÔöäÔöäÔöäÔöäÔöäÔöäÔöäÔöäÔöäÔöäÔöäÔöäÔöäÔöäÔöäÔöäÔöäÔöäÔöäÔöäÔöäÔöäÔöäÔöäÔöäÔöäÔöäÔöäÔöäÔöäÔöäÔöäÔöäÔöäÔöä[0m
[38;5;12mÔöé ­ƒÆí [Tag] Message 109[0m
[38;5;12mÔööÔöÇÔöÇÔöÇÔöÇÔöÇÔöÇÔöÇÔöÇÔöÇÔöÇÔöÇÔöÇÔöÇÔöÇÔöÇÔöÇÔöÇÔöÇÔöÇÔöÇÔöÇÔöÇÔöÇÔöÇÔöÇÔöÇÔöÇÔöÇÔöÇÔöÇÔöÇÔöÇÔöÇÔöÇÔöÇÔöÇÔöÇÔöÇÔöÇÔöÇÔöÇÔöÇÔöÇÔöÇÔöÇÔöÇÔöÇÔöÇÔöÇÔöÇÔöÇÔöÇÔöÇÔöÇÔöÇÔöÇÔöÇÔöÇÔöÇÔöÇÔöÇÔöÇÔöÇÔöÇÔöÇÔöÇÔöÇÔöÇÔöÇÔöÇÔöÇÔöÇÔöÇÔöÇÔöÇÔöÇÔöÇÔöÇÔöÇ[0m
[38;5;12mÔöîÔöÇÔöÇÔöÇÔöÇÔöÇÔöÇÔöÇÔöÇÔöÇÔöÇÔöÇÔöÇÔöÇÔöÇÔöÇÔöÇÔöÇÔöÇÔöÇÔöÇÔöÇÔöÇÔöÇÔöÇÔöÇÔöÇÔöÇÔöÇÔöÇÔöÇÔöÇÔöÇÔöÇÔöÇÔöÇÔöÇÔöÇÔöÇÔöÇÔöÇÔöÇÔöÇÔöÇÔöÇÔöÇÔöÇÔöÇÔöÇÔöÇÔöÇÔöÇÔöÇÔöÇÔöÇÔöÇÔöÇÔöÇÔöÇÔöÇÔöÇÔöÇÔöÇÔöÇÔöÇÔöÇÔöÇÔöÇÔöÇÔöÇÔöÇÔöÇÔöÇÔöÇÔöÇÔöÇÔöÇÔöÇÔöÇÔöÇ[0m
[38;5;12mÔöé 01:00:45.880 (+0:00:00.018641)[0m
[38;5;12mÔö£ÔöäÔöäÔöäÔöäÔöäÔöäÔöäÔöäÔöäÔöäÔöäÔöäÔöäÔöäÔöäÔöäÔöäÔöäÔöäÔöäÔöäÔöäÔöäÔöäÔöäÔöäÔöäÔöäÔöäÔöäÔöäÔöäÔöäÔöäÔöäÔöäÔöäÔöäÔöäÔöäÔöäÔöäÔöäÔöäÔöäÔöäÔöäÔöäÔöäÔöäÔöäÔöäÔöäÔöäÔöäÔöäÔöäÔöäÔöäÔöäÔöäÔöäÔöäÔöäÔöäÔöäÔöäÔöäÔöäÔöäÔöäÔöäÔöäÔöäÔöäÔöäÔöäÔöäÔöä[0m
[38;5;12mÔöé ­ƒÆí [Tag] Message 110[0m
[38;5;12mÔööÔöÇÔöÇÔöÇÔöÇÔöÇÔöÇÔöÇÔöÇÔöÇÔöÇÔöÇÔöÇÔöÇÔöÇÔöÇÔöÇÔöÇÔöÇÔöÇÔöÇÔöÇÔöÇÔöÇÔöÇÔöÇÔöÇÔöÇÔöÇÔöÇÔöÇÔöÇÔöÇÔöÇÔöÇÔöÇÔöÇÔöÇÔöÇÔöÇÔöÇÔöÇÔöÇÔöÇÔöÇÔöÇÔöÇÔöÇÔöÇÔöÇÔöÇÔöÇÔöÇÔöÇÔöÇÔöÇÔöÇÔöÇÔöÇÔöÇÔöÇÔöÇÔöÇÔöÇÔöÇÔöÇÔöÇÔöÇÔöÇÔöÇÔöÇÔöÇÔöÇÔöÇÔöÇÔöÇÔöÇÔöÇÔöÇÔöÇ[0m
[38;5;12mÔöîÔöÇÔöÇÔöÇÔöÇÔöÇÔöÇÔöÇÔöÇÔöÇÔöÇÔöÇÔöÇÔöÇÔöÇÔöÇÔöÇÔöÇÔöÇÔöÇÔöÇÔöÇÔöÇÔöÇÔöÇÔöÇÔöÇÔöÇÔöÇÔöÇÔöÇÔöÇÔöÇÔöÇÔöÇÔöÇÔöÇÔöÇÔöÇÔöÇÔöÇÔöÇÔöÇÔöÇÔöÇÔöÇÔöÇÔöÇÔöÇÔöÇÔöÇÔöÇÔöÇÔöÇÔöÇÔöÇÔöÇÔöÇÔöÇÔöÇÔöÇÔöÇÔöÇÔöÇÔöÇÔöÇÔöÇÔöÇÔöÇÔöÇÔöÇÔöÇÔöÇÔöÇÔöÇÔöÇÔöÇÔöÇÔöÇÔöÇ[0m
[38;5;12mÔöé 01:00:45.880 (+0:00:00.018641)[0m
[38;5;12mÔö£ÔöäÔöäÔöäÔöäÔöäÔöäÔöäÔöäÔöäÔöäÔöäÔöäÔöäÔöäÔöäÔöäÔöäÔöäÔöäÔöäÔöäÔöäÔöäÔöäÔöäÔöäÔöäÔöäÔöäÔöäÔöäÔöäÔöäÔöäÔöäÔöäÔöäÔöäÔöäÔöäÔöäÔöäÔöäÔöäÔöäÔöäÔöäÔöäÔöäÔöäÔöäÔöäÔöäÔöäÔöäÔöäÔöäÔöäÔöäÔöäÔöäÔöäÔöäÔöäÔöäÔöäÔöäÔöäÔöäÔöäÔöäÔöäÔöäÔöäÔöäÔöäÔöäÔöäÔöä[0m
[38;5;12mÔöé ­ƒÆí [Tag] Message 111[0m
[38;5;12mÔööÔöÇÔöÇÔöÇÔöÇÔöÇÔöÇÔöÇÔöÇÔöÇÔöÇÔöÇÔöÇÔöÇÔöÇÔöÇÔöÇÔöÇÔöÇÔöÇÔöÇÔöÇÔöÇÔöÇÔöÇÔöÇÔöÇÔöÇÔöÇÔöÇÔöÇÔöÇÔöÇÔöÇÔöÇÔöÇÔöÇÔöÇÔöÇÔöÇÔöÇÔöÇÔöÇÔöÇÔöÇÔöÇÔöÇÔöÇÔöÇÔöÇÔöÇÔöÇÔöÇÔöÇÔöÇÔöÇÔöÇÔöÇÔöÇÔöÇÔöÇÔöÇÔöÇÔöÇÔöÇÔöÇÔöÇÔöÇÔöÇÔöÇÔöÇÔöÇÔöÇÔöÇÔöÇÔöÇÔöÇÔöÇÔöÇÔöÇ[0m
[38;5;12mÔöîÔöÇÔöÇÔöÇÔöÇÔöÇÔöÇÔöÇÔöÇÔöÇÔöÇÔöÇÔöÇÔöÇÔöÇÔöÇÔöÇÔöÇÔöÇÔöÇÔöÇÔöÇÔöÇÔöÇÔöÇÔöÇÔöÇÔöÇÔöÇÔöÇÔöÇÔöÇÔöÇÔöÇÔöÇÔöÇÔöÇÔöÇÔöÇÔöÇÔöÇÔöÇÔöÇÔöÇÔöÇÔöÇÔöÇÔöÇÔöÇÔöÇÔöÇÔöÇÔöÇÔöÇÔöÇÔöÇÔöÇÔöÇÔöÇÔöÇÔöÇÔöÇÔöÇÔöÇÔöÇÔöÇÔöÇÔöÇÔöÇÔöÇÔöÇÔöÇÔöÇÔöÇÔöÇÔöÇÔöÇÔöÇÔöÇÔöÇ[0m
[38;5;12mÔöé 01:00:45.880 (+0:00:00.018641)[0m
[38;5;12mÔö£ÔöäÔöäÔöäÔöäÔöäÔöäÔöäÔöäÔöäÔöäÔöäÔöäÔöäÔöäÔöäÔöäÔöäÔöäÔöäÔöäÔöäÔöäÔöäÔöäÔöäÔöäÔöäÔöäÔöäÔöäÔöäÔöäÔöäÔöäÔöäÔöäÔöäÔöäÔöäÔöäÔöäÔöäÔöäÔöäÔöäÔöäÔöäÔöäÔöäÔöäÔöäÔöäÔöäÔöäÔöäÔöäÔöäÔöäÔöäÔöäÔöäÔöäÔöäÔöäÔöäÔöäÔöäÔöäÔöäÔöäÔöäÔöäÔöäÔöäÔöäÔöäÔöäÔöäÔöä[0m
[38;5;12mÔöé ­ƒÆí [Tag] Message 112[0m
[38;5;12mÔööÔöÇÔöÇÔöÇÔöÇÔöÇÔöÇÔöÇÔöÇÔöÇÔöÇÔöÇÔöÇÔöÇÔöÇÔöÇÔöÇÔöÇÔöÇÔöÇÔöÇÔöÇÔöÇÔöÇÔöÇÔöÇÔöÇÔöÇÔöÇÔöÇÔöÇÔöÇÔöÇÔöÇÔöÇÔöÇÔöÇÔöÇÔöÇÔöÇÔöÇÔöÇÔöÇÔöÇÔöÇÔöÇÔöÇÔöÇÔöÇÔöÇÔöÇÔöÇÔöÇÔöÇÔöÇÔöÇÔöÇÔöÇÔöÇÔöÇÔöÇÔöÇÔöÇÔöÇÔöÇÔöÇÔöÇÔöÇÔöÇÔöÇÔöÇÔöÇÔöÇÔöÇÔöÇÔöÇÔöÇÔöÇÔöÇÔöÇ[0m
[38;5;12mÔöîÔöÇÔöÇÔöÇÔöÇÔöÇÔöÇÔöÇÔöÇÔöÇÔöÇÔöÇÔöÇÔöÇÔöÇÔöÇÔöÇÔöÇÔöÇÔöÇÔöÇÔöÇÔöÇÔöÇÔöÇÔöÇÔöÇÔöÇÔöÇÔöÇÔöÇÔöÇÔöÇÔöÇÔöÇÔöÇÔöÇÔöÇÔöÇÔöÇÔöÇÔöÇÔöÇÔöÇÔöÇÔöÇÔöÇÔöÇÔöÇÔöÇÔöÇÔöÇÔöÇÔöÇÔöÇÔöÇÔöÇÔöÇÔöÇÔöÇÔöÇÔöÇÔöÇÔöÇÔöÇÔöÇÔöÇÔöÇÔöÇÔöÇÔöÇÔöÇÔöÇÔöÇÔöÇÔöÇÔöÇÔöÇÔöÇÔöÇ[0m
[38;5;12mÔöé 01:00:45.880 (+0:00:00.018641)[0m
[38;5;12mÔö£ÔöäÔöäÔöäÔöäÔöäÔöäÔöäÔöäÔöäÔöäÔöäÔöäÔöäÔöäÔöäÔöäÔöäÔöäÔöäÔöäÔöäÔöäÔöäÔöäÔöäÔöäÔöäÔöäÔöäÔöäÔöäÔöäÔöäÔöäÔöäÔöäÔöäÔöäÔöäÔöäÔöäÔöäÔöäÔöäÔöäÔöäÔöäÔöäÔöäÔöäÔöäÔöäÔöäÔöäÔöäÔöäÔöäÔöäÔöäÔöäÔöäÔöäÔöäÔöäÔöäÔöäÔöäÔöäÔöäÔöäÔöäÔöäÔöäÔöäÔöäÔöäÔöäÔöäÔöä[0m
[38;5;12mÔöé ­ƒÆí [Tag] Message 113[0m
[38;5;12mÔööÔöÇÔöÇÔöÇÔöÇÔöÇÔöÇÔöÇÔöÇÔöÇÔöÇÔöÇÔöÇÔöÇÔöÇÔöÇÔöÇÔöÇÔöÇÔöÇÔöÇÔöÇÔöÇÔöÇÔöÇÔöÇÔöÇÔöÇÔöÇÔöÇÔöÇÔöÇÔöÇÔöÇÔöÇÔöÇÔöÇÔöÇÔöÇÔöÇÔöÇÔöÇÔöÇÔöÇÔöÇÔöÇÔöÇÔöÇÔöÇÔöÇÔöÇÔöÇÔöÇÔöÇÔöÇÔöÇÔöÇÔöÇÔöÇÔöÇÔöÇÔöÇÔöÇÔöÇÔöÇÔöÇÔöÇÔöÇÔöÇÔöÇÔöÇÔöÇÔöÇÔöÇÔöÇÔöÇÔöÇÔöÇÔöÇÔöÇ[0m
[38;5;12mÔöîÔöÇÔöÇÔöÇÔöÇÔöÇÔöÇÔöÇÔöÇÔöÇÔöÇÔöÇÔöÇÔöÇÔöÇÔöÇÔöÇÔöÇÔöÇÔöÇÔöÇÔöÇÔöÇÔöÇÔöÇÔöÇÔöÇÔöÇÔöÇÔöÇÔöÇÔöÇÔöÇÔöÇÔöÇÔöÇÔöÇÔöÇÔöÇÔöÇÔöÇÔöÇÔöÇÔöÇÔöÇÔöÇÔöÇÔöÇÔöÇÔöÇÔöÇÔöÇÔöÇÔöÇÔöÇÔöÇÔöÇÔöÇÔöÇÔöÇÔöÇÔöÇÔöÇÔöÇÔöÇÔöÇÔöÇÔöÇÔöÇÔöÇÔöÇÔöÇÔöÇÔöÇÔöÇÔöÇÔöÇÔöÇÔöÇÔöÇ[0m
[38;5;12mÔöé 01:00:45.880 (+0:00:00.018641)[0m
[38;5;12mÔö£ÔöäÔöäÔöäÔöäÔöäÔöäÔöäÔöäÔöäÔöäÔöäÔöäÔöäÔöäÔöäÔöäÔöäÔöäÔöäÔöäÔöäÔöäÔöäÔöäÔöäÔöäÔöäÔöäÔöäÔöäÔöäÔöäÔöäÔöäÔöäÔöäÔöäÔöäÔöäÔöäÔöäÔöäÔöäÔöäÔöäÔöäÔöäÔöäÔöäÔöäÔöäÔöäÔöäÔöäÔöäÔöäÔöäÔöäÔöäÔöäÔöäÔöäÔöäÔöäÔöäÔöäÔöäÔöäÔöäÔöäÔöäÔöäÔöäÔöäÔöäÔöäÔöäÔöäÔöä[0m
[38;5;12mÔöé ­ƒÆí [Tag] Message 114[0m
[38;5;12mÔööÔöÇÔöÇÔöÇÔöÇÔöÇÔöÇÔöÇÔöÇÔöÇÔöÇÔöÇÔöÇÔöÇÔöÇÔöÇÔöÇÔöÇÔöÇÔöÇÔöÇÔöÇÔöÇÔöÇÔöÇÔöÇÔöÇÔöÇÔöÇÔöÇÔöÇÔöÇÔöÇÔöÇÔöÇÔöÇÔöÇÔöÇÔöÇÔöÇÔöÇÔöÇÔöÇÔöÇÔöÇÔöÇÔöÇÔöÇÔöÇÔöÇÔöÇÔöÇÔöÇÔöÇÔöÇÔöÇÔöÇÔöÇÔöÇÔöÇÔöÇÔöÇÔöÇÔöÇÔöÇÔöÇÔöÇÔöÇÔöÇÔöÇÔöÇÔöÇÔöÇÔöÇÔöÇÔöÇÔöÇÔöÇÔöÇÔöÇ[0m
[38;5;12mÔöîÔöÇÔöÇÔöÇÔöÇÔöÇÔöÇÔöÇÔöÇÔöÇÔöÇÔöÇÔöÇÔöÇÔöÇÔöÇÔöÇÔöÇÔöÇÔöÇÔöÇÔöÇÔöÇÔöÇÔöÇÔöÇÔöÇÔöÇÔöÇÔöÇÔöÇÔöÇÔöÇÔöÇÔöÇÔöÇÔöÇÔöÇÔöÇÔöÇÔöÇÔöÇÔöÇÔöÇÔöÇÔöÇÔöÇÔöÇÔöÇÔöÇÔöÇÔöÇÔöÇÔöÇÔöÇÔöÇÔöÇÔöÇÔöÇÔöÇÔöÇÔöÇÔöÇÔöÇÔöÇÔöÇÔöÇÔöÇÔöÇÔöÇÔöÇÔöÇÔöÇÔöÇÔöÇÔöÇÔöÇÔöÇÔöÇÔöÇ[0m
[38;5;12mÔöé 01:00:45.880 (+0:00:00.018641)[0m
[38;5;12mÔö£ÔöäÔöäÔöäÔöäÔöäÔöäÔöäÔöäÔöäÔöäÔöäÔöäÔöäÔöäÔöäÔöäÔöäÔöäÔöäÔöäÔöäÔöäÔöäÔöäÔöäÔöäÔöäÔöäÔöäÔöäÔöäÔöäÔöäÔöäÔöäÔöäÔöäÔöäÔöäÔöäÔöäÔöäÔöäÔöäÔöäÔöäÔöäÔöäÔöäÔöäÔöäÔöäÔöäÔöäÔöäÔöäÔöäÔöäÔöäÔöäÔöäÔöäÔöäÔöäÔöäÔöäÔöäÔöäÔöäÔöäÔöäÔöäÔöäÔöäÔöäÔöäÔöäÔöäÔöä[0m
[38;5;12mÔöé ­ƒÆí [Tag] Message 115[0m
[38;5;12mÔööÔöÇÔöÇÔöÇÔöÇÔöÇÔöÇÔöÇÔöÇÔöÇÔöÇÔöÇÔöÇÔöÇÔöÇÔöÇÔöÇÔöÇÔöÇÔöÇÔöÇÔöÇÔöÇÔöÇÔöÇÔöÇÔöÇÔöÇÔöÇÔöÇÔöÇÔöÇÔöÇÔöÇÔöÇÔöÇÔöÇÔöÇÔöÇÔöÇÔöÇÔöÇÔöÇÔöÇÔöÇÔöÇÔöÇÔöÇÔöÇÔöÇÔöÇÔöÇÔöÇÔöÇÔöÇÔöÇÔöÇÔöÇÔöÇÔöÇÔöÇÔöÇÔöÇÔöÇÔöÇÔöÇÔöÇÔöÇÔöÇÔöÇÔöÇÔöÇÔöÇÔöÇÔöÇÔöÇÔöÇÔöÇÔöÇÔöÇ[0m
[38;5;12mÔöîÔöÇÔöÇÔöÇÔöÇÔöÇÔöÇÔöÇÔöÇÔöÇÔöÇÔöÇÔöÇÔöÇÔöÇÔöÇÔöÇÔöÇÔöÇÔöÇÔöÇÔöÇÔöÇÔöÇÔöÇÔöÇÔöÇÔöÇÔöÇÔöÇÔöÇÔöÇÔöÇÔöÇÔöÇÔöÇÔöÇÔöÇÔöÇÔöÇÔöÇÔöÇÔöÇÔöÇÔöÇÔöÇÔöÇÔöÇÔöÇÔöÇÔöÇÔöÇÔöÇÔöÇÔöÇÔöÇÔöÇÔöÇÔöÇÔöÇÔöÇÔöÇÔöÇÔöÇÔöÇÔöÇÔöÇÔöÇÔöÇÔöÇÔöÇÔöÇÔöÇÔöÇÔöÇÔöÇÔöÇÔöÇÔöÇÔöÇ[0m
[38;5;12mÔöé 01:00:45.880 (+0:00:00.018641)[0m
[38;5;12mÔö£ÔöäÔöäÔöäÔöäÔöäÔöäÔöäÔöäÔöäÔöäÔöäÔöäÔöäÔöäÔöäÔöäÔöäÔöäÔöäÔöäÔöäÔöäÔöäÔöäÔöäÔöäÔöäÔöäÔöäÔöäÔöäÔöäÔöäÔöäÔöäÔöäÔöäÔöäÔöäÔöäÔöäÔöäÔöäÔöäÔöäÔöäÔöäÔöäÔöäÔöäÔöäÔöäÔöäÔöäÔöäÔöäÔöäÔöäÔöäÔöäÔöäÔöäÔöäÔöäÔöäÔöäÔöäÔöäÔöäÔöäÔöäÔöäÔöäÔöäÔöäÔöäÔöäÔöäÔöä[0m
[38;5;12mÔöé ­ƒÆí [Tag] Message 116[0m
[38;5;12mÔööÔöÇÔöÇÔöÇÔöÇÔöÇÔöÇÔöÇÔöÇÔöÇÔöÇÔöÇÔöÇÔöÇÔöÇÔöÇÔöÇÔöÇÔöÇÔöÇÔöÇÔöÇÔöÇÔöÇÔöÇÔöÇÔöÇÔöÇÔöÇÔöÇÔöÇÔöÇÔöÇÔöÇÔöÇÔöÇÔöÇÔöÇÔöÇÔöÇÔöÇÔöÇÔöÇÔöÇÔöÇÔöÇÔöÇÔöÇÔöÇÔöÇÔöÇÔöÇÔöÇÔöÇÔöÇÔöÇÔöÇÔöÇÔöÇÔöÇÔöÇÔöÇÔöÇÔöÇÔöÇÔöÇÔöÇÔöÇÔöÇÔöÇÔöÇÔöÇÔöÇÔöÇÔöÇÔöÇÔöÇÔöÇÔöÇÔöÇ[0m
[38;5;12mÔöîÔöÇÔöÇÔöÇÔöÇÔöÇÔöÇÔöÇÔöÇÔöÇÔöÇÔöÇÔöÇÔöÇÔöÇÔöÇÔöÇÔöÇÔöÇÔöÇÔöÇÔöÇÔöÇÔöÇÔöÇÔöÇÔöÇÔöÇÔöÇÔöÇÔöÇÔöÇÔöÇÔöÇÔöÇÔöÇÔöÇÔöÇÔöÇÔöÇÔöÇÔöÇÔöÇÔöÇÔöÇÔöÇÔöÇÔöÇÔöÇÔöÇÔöÇÔöÇÔöÇÔöÇÔöÇÔöÇÔöÇÔöÇÔöÇÔöÇÔöÇÔöÇÔöÇÔöÇÔöÇÔöÇÔöÇÔöÇÔöÇÔöÇÔöÇÔöÇÔöÇÔöÇÔöÇÔöÇÔöÇÔöÇÔöÇÔöÇ[0m
[38;5;12mÔöé 01:00:45.880 (+0:00:00.018641)[0m
[38;5;12mÔö£ÔöäÔöäÔöäÔöäÔöäÔöäÔöäÔöäÔöäÔöäÔöäÔöäÔöäÔöäÔöäÔöäÔöäÔöäÔöäÔöäÔöäÔöäÔöäÔöäÔöäÔöäÔöäÔöäÔöäÔöäÔöäÔöäÔöäÔöäÔöäÔöäÔöäÔöäÔöäÔöäÔöäÔöäÔöäÔöäÔöäÔöäÔöäÔöäÔöäÔöäÔöäÔöäÔöäÔöäÔöäÔöäÔöäÔöäÔöäÔöäÔöäÔöäÔöäÔöäÔöäÔöäÔöäÔöäÔöäÔöäÔöäÔöäÔöäÔöäÔöäÔöäÔöäÔöäÔöä[0m
[38;5;12mÔöé ­ƒÆí [Tag] Message 117[0m
[38;5;12mÔööÔöÇÔöÇÔöÇÔöÇÔöÇÔöÇÔöÇÔöÇÔöÇÔöÇÔöÇÔöÇÔöÇÔöÇÔöÇÔöÇÔöÇÔöÇÔöÇÔöÇÔöÇÔöÇÔöÇÔöÇÔöÇÔöÇÔöÇÔöÇÔöÇÔöÇÔöÇÔöÇÔöÇÔöÇÔöÇÔöÇÔöÇÔöÇÔöÇÔöÇÔöÇÔöÇÔöÇÔöÇÔöÇÔöÇÔöÇÔöÇÔöÇÔöÇÔöÇÔöÇÔöÇÔöÇÔöÇÔöÇÔöÇÔöÇÔöÇÔöÇÔöÇÔöÇÔöÇÔöÇÔöÇÔöÇÔöÇÔöÇÔöÇÔöÇÔöÇÔöÇÔöÇÔöÇÔöÇÔöÇÔöÇÔöÇÔöÇ[0m
[38;5;12mÔöîÔöÇÔöÇÔöÇÔöÇÔöÇÔöÇÔöÇÔöÇÔöÇÔöÇÔöÇÔöÇÔöÇÔöÇÔöÇÔöÇÔöÇÔöÇÔöÇÔöÇÔöÇÔöÇÔöÇÔöÇÔöÇÔöÇÔöÇÔöÇÔöÇÔöÇÔöÇÔöÇÔöÇÔöÇÔöÇÔöÇÔöÇÔöÇÔöÇÔöÇÔöÇÔöÇÔöÇÔöÇÔöÇÔöÇÔöÇÔöÇÔöÇÔöÇÔöÇÔöÇÔöÇÔöÇÔöÇÔöÇÔöÇÔöÇÔöÇÔöÇÔöÇÔöÇÔöÇÔöÇÔöÇÔöÇÔöÇÔöÇÔöÇÔöÇÔöÇÔöÇÔöÇÔöÇÔöÇÔöÇÔöÇÔöÇÔöÇ[0m
[38;5;12mÔöé 01:00:45.880 (+0:00:00.018641)[0m
[38;5;12mÔö£ÔöäÔöäÔöäÔöäÔöäÔöäÔöäÔöäÔöäÔöäÔöäÔöäÔöäÔöäÔöäÔöäÔöäÔöäÔöäÔöäÔöäÔöäÔöäÔöäÔöäÔöäÔöäÔöäÔöäÔöäÔöäÔöäÔöäÔöäÔöäÔöäÔöäÔöäÔöäÔöäÔöäÔöäÔöäÔöäÔöäÔöäÔöäÔöäÔöäÔöäÔöäÔöäÔöäÔöäÔöäÔöäÔöäÔöäÔöäÔöäÔöäÔöäÔöäÔöäÔöäÔöäÔöäÔöäÔöäÔöäÔöäÔöäÔöäÔöäÔöäÔöäÔöäÔöäÔöä[0m
[38;5;12mÔöé ­ƒÆí [Tag] Message 118[0m
[38;5;12mÔööÔöÇÔöÇÔöÇÔöÇÔöÇÔöÇÔöÇÔöÇÔöÇÔöÇÔöÇÔöÇÔöÇÔöÇÔöÇÔöÇÔöÇÔöÇÔöÇÔöÇÔöÇÔöÇÔöÇÔöÇÔöÇÔöÇÔöÇÔöÇÔöÇÔöÇÔöÇÔöÇÔöÇÔöÇÔöÇÔöÇÔöÇÔöÇÔöÇÔöÇÔöÇÔöÇÔöÇÔöÇÔöÇÔöÇÔöÇÔöÇÔöÇÔöÇÔöÇÔöÇÔöÇÔöÇÔöÇÔöÇÔöÇÔöÇÔöÇÔöÇÔöÇÔöÇÔöÇÔöÇÔöÇÔöÇÔöÇÔöÇÔöÇÔöÇÔöÇÔöÇÔöÇÔöÇÔöÇÔöÇÔöÇÔöÇÔöÇ[0m
[38;5;12mÔöîÔöÇÔöÇÔöÇÔöÇÔöÇÔöÇÔöÇÔöÇÔöÇÔöÇÔöÇÔöÇÔöÇÔöÇÔöÇÔöÇÔöÇÔöÇÔöÇÔöÇÔöÇÔöÇÔöÇÔöÇÔöÇÔöÇÔöÇÔöÇÔöÇÔöÇÔöÇÔöÇÔöÇÔöÇÔöÇÔöÇÔöÇÔöÇÔöÇÔöÇÔöÇÔöÇÔöÇÔöÇÔöÇÔöÇÔöÇÔöÇÔöÇÔöÇÔöÇÔöÇÔöÇÔöÇÔöÇÔöÇÔöÇÔöÇÔöÇÔöÇÔöÇÔöÇÔöÇÔöÇÔöÇÔöÇÔöÇÔöÇÔöÇÔöÇÔöÇÔöÇÔöÇÔöÇÔöÇÔöÇÔöÇÔöÇÔöÇ[0m
[38;5;12mÔöé 01:00:45.880 (+0:00:00.018641)[0m
[38;5;12mÔö£ÔöäÔöäÔöäÔöäÔöäÔöäÔöäÔöäÔöäÔöäÔöäÔöäÔöäÔöäÔöäÔöäÔöäÔöäÔöäÔöäÔöäÔöäÔöäÔöäÔöäÔöäÔöäÔöäÔöäÔöäÔöäÔöäÔöäÔöäÔöäÔöäÔöäÔöäÔöäÔöäÔöäÔöäÔöäÔöäÔöäÔöäÔöäÔöäÔöäÔöäÔöäÔöäÔöäÔöäÔöäÔöäÔöäÔöäÔöäÔöäÔöäÔöäÔöäÔöäÔöäÔöäÔöäÔöäÔöäÔöäÔöäÔöäÔöäÔöäÔöäÔöäÔöäÔöäÔöä[0m
[38;5;12mÔöé ­ƒÆí [Tag] Message 119[0m
[38;5;12mÔööÔöÇÔöÇÔöÇÔöÇÔöÇÔöÇÔöÇÔöÇÔöÇÔöÇÔöÇÔöÇÔöÇÔöÇÔöÇÔöÇÔöÇÔöÇÔöÇÔöÇÔöÇÔöÇÔöÇÔöÇÔöÇÔöÇÔöÇÔöÇÔöÇÔöÇÔöÇÔöÇÔöÇÔöÇÔöÇÔöÇÔöÇÔöÇÔöÇÔöÇÔöÇÔöÇÔöÇÔöÇÔöÇÔöÇÔöÇÔöÇÔöÇÔöÇÔöÇÔöÇÔöÇÔöÇÔöÇÔöÇÔöÇÔöÇÔöÇÔöÇÔöÇÔöÇÔöÇÔöÇÔöÇÔöÇÔöÇÔöÇÔöÇÔöÇÔöÇÔöÇÔöÇÔöÇÔöÇÔöÇÔöÇÔöÇÔöÇ[0m
[38;5;12mÔöîÔöÇÔöÇÔöÇÔöÇÔöÇÔöÇÔöÇÔöÇÔöÇÔöÇÔöÇÔöÇÔöÇÔöÇÔöÇÔöÇÔöÇÔöÇÔöÇÔöÇÔöÇÔöÇÔöÇÔöÇÔöÇÔöÇÔöÇÔöÇÔöÇÔöÇÔöÇÔöÇÔöÇÔöÇÔöÇÔöÇÔöÇÔöÇÔöÇÔöÇÔöÇÔöÇÔöÇÔöÇÔöÇÔöÇÔöÇÔöÇÔöÇÔöÇÔöÇÔöÇÔöÇÔöÇÔöÇÔöÇÔöÇÔöÇÔöÇÔöÇÔöÇÔöÇÔöÇÔöÇÔöÇÔöÇÔöÇÔöÇÔöÇÔöÇÔöÇÔöÇÔöÇÔöÇÔöÇÔöÇÔöÇÔöÇÔöÇ[0m
[38;5;12mÔöé 01:00:45.880 (+0:00:00.018641)[0m
[38;5;12mÔö£ÔöäÔöäÔöäÔöäÔöäÔöäÔöäÔöäÔöäÔöäÔöäÔöäÔöäÔöäÔöäÔöäÔöäÔöäÔöäÔöäÔöäÔöäÔöäÔöäÔöäÔöäÔöäÔöäÔöäÔöäÔöäÔöäÔöäÔöäÔöäÔöäÔöäÔöäÔöäÔöäÔöäÔöäÔöäÔöäÔöäÔöäÔöäÔöäÔöäÔöäÔöäÔöäÔöäÔöäÔöäÔöäÔöäÔöäÔöäÔöäÔöäÔöäÔöäÔöäÔöäÔöäÔöäÔöäÔöäÔöäÔöäÔöäÔöäÔöäÔöäÔöäÔöäÔöäÔöä[0m
[38;5;12mÔöé ­ƒÆí [Tag] Message 120[0m
[38;5;12mÔööÔöÇÔöÇÔöÇÔöÇÔöÇÔöÇÔöÇÔöÇÔöÇÔöÇÔöÇÔöÇÔöÇÔöÇÔöÇÔöÇÔöÇÔöÇÔöÇÔöÇÔöÇÔöÇÔöÇÔöÇÔöÇÔöÇÔöÇÔöÇÔöÇÔöÇÔöÇÔöÇÔöÇÔöÇÔöÇÔöÇÔöÇÔöÇÔöÇÔöÇÔöÇÔöÇÔöÇÔöÇÔöÇÔöÇÔöÇÔöÇÔöÇÔöÇÔöÇÔöÇÔöÇÔöÇÔöÇÔöÇÔöÇÔöÇÔöÇÔöÇÔöÇÔöÇÔöÇÔöÇÔöÇÔöÇÔöÇÔöÇÔöÇÔöÇÔöÇÔöÇÔöÇÔöÇÔöÇÔöÇÔöÇÔöÇÔöÇ[0m
[38;5;12mÔöîÔöÇÔöÇÔöÇÔöÇÔöÇÔöÇÔöÇÔöÇÔöÇÔöÇÔöÇÔöÇÔöÇÔöÇÔöÇÔöÇÔöÇÔöÇÔöÇÔöÇÔöÇÔöÇÔöÇÔöÇÔöÇÔöÇÔöÇÔöÇÔöÇÔöÇÔöÇÔöÇÔöÇÔöÇÔöÇÔöÇÔöÇÔöÇÔöÇÔöÇÔöÇÔöÇÔöÇÔöÇÔöÇÔöÇÔöÇÔöÇÔöÇÔöÇÔöÇÔöÇÔöÇÔöÇÔöÇÔöÇÔöÇÔöÇÔöÇÔöÇÔöÇÔöÇÔöÇÔöÇÔöÇÔöÇÔöÇÔöÇÔöÇÔöÇÔöÇÔöÇÔöÇÔöÇÔöÇÔöÇÔöÇÔöÇÔöÇ[0m
[38;5;12mÔöé 01:00:45.880 (+0:00:00.018641)[0m
[38;5;12mÔö£ÔöäÔöäÔöäÔöäÔöäÔöäÔöäÔöäÔöäÔöäÔöäÔöäÔöäÔöäÔöäÔöäÔöäÔöäÔöäÔöäÔöäÔöäÔöäÔöäÔöäÔöäÔöäÔöäÔöäÔöäÔöäÔöäÔöäÔöäÔöäÔöäÔöäÔöäÔöäÔöäÔöäÔöäÔöäÔöäÔöäÔöäÔöäÔöäÔöäÔöäÔöäÔöäÔöäÔöäÔöäÔöäÔöäÔöäÔöäÔöäÔöäÔöäÔöäÔöäÔöäÔöäÔöäÔöäÔöäÔöäÔöäÔöäÔöäÔöäÔöäÔöäÔöäÔöäÔöä[0m
[38;5;12mÔöé ­ƒÆí [Tag] Message 121[0m
[38;5;12mÔööÔöÇÔöÇÔöÇÔöÇÔöÇÔöÇÔöÇÔöÇÔöÇÔöÇÔöÇÔöÇÔöÇÔöÇÔöÇÔöÇÔöÇÔöÇÔöÇÔöÇÔöÇÔöÇÔöÇÔöÇÔöÇÔöÇÔöÇÔöÇÔöÇÔöÇÔöÇÔöÇÔöÇÔöÇÔöÇÔöÇÔöÇÔöÇÔöÇÔöÇÔöÇÔöÇÔöÇÔöÇÔöÇÔöÇÔöÇÔöÇÔöÇÔöÇÔöÇÔöÇÔöÇÔöÇÔöÇÔöÇÔöÇÔöÇÔöÇÔöÇÔöÇÔöÇÔöÇÔöÇÔöÇÔöÇÔöÇÔöÇÔöÇÔöÇÔöÇÔöÇÔöÇÔöÇÔöÇÔöÇÔöÇÔöÇÔöÇ[0m
[38;5;12mÔöîÔöÇÔöÇÔöÇÔöÇÔöÇÔöÇÔöÇÔöÇÔöÇÔöÇÔöÇÔöÇÔöÇÔöÇÔöÇÔöÇÔöÇÔöÇÔöÇÔöÇÔöÇÔöÇÔöÇÔöÇÔöÇÔöÇÔöÇÔöÇÔöÇÔöÇÔöÇÔöÇÔöÇÔöÇÔöÇÔöÇÔöÇÔöÇÔöÇÔöÇÔöÇÔöÇÔöÇÔöÇÔöÇÔöÇÔöÇÔöÇÔöÇÔöÇÔöÇÔöÇÔöÇÔöÇÔöÇÔöÇÔöÇÔöÇÔöÇÔöÇÔöÇÔöÇÔöÇÔöÇÔöÇÔöÇÔöÇÔöÇÔöÇÔöÇÔöÇÔöÇÔöÇÔöÇÔöÇÔöÇÔöÇÔöÇÔöÇ[0m
[38;5;12mÔöé 01:00:45.880 (+0:00:00.018641)[0m
[38;5;12mÔö£ÔöäÔöäÔöäÔöäÔöäÔöäÔöäÔöäÔöäÔöäÔöäÔöäÔöäÔöäÔöäÔöäÔöäÔöäÔöäÔöäÔöäÔöäÔöäÔöäÔöäÔöäÔöäÔöäÔöäÔöäÔöäÔöäÔöäÔöäÔöäÔöäÔöäÔöäÔöäÔöäÔöäÔöäÔöäÔöäÔöäÔöäÔöäÔöäÔöäÔöäÔöäÔöäÔöäÔöäÔöäÔöäÔöäÔöäÔöäÔöäÔöäÔöäÔöäÔöäÔöäÔöäÔöäÔöäÔöäÔöäÔöäÔöäÔöäÔöäÔöäÔöäÔöäÔöäÔöä[0m
[38;5;12mÔöé ­ƒÆí [Tag] Message 122[0m
[38;5;12mÔööÔöÇÔöÇÔöÇÔöÇÔöÇÔöÇÔöÇÔöÇÔöÇÔöÇÔöÇÔöÇÔöÇÔöÇÔöÇÔöÇÔöÇÔöÇÔöÇÔöÇÔöÇÔöÇÔöÇÔöÇÔöÇÔöÇÔöÇÔöÇÔöÇÔöÇÔöÇÔöÇÔöÇÔöÇÔöÇÔöÇÔöÇÔöÇÔöÇÔöÇÔöÇÔöÇÔöÇÔöÇÔöÇÔöÇÔöÇÔöÇÔöÇÔöÇÔöÇÔöÇÔöÇÔöÇÔöÇÔöÇÔöÇÔöÇÔöÇÔöÇÔöÇÔöÇÔöÇÔöÇÔöÇÔöÇÔöÇÔöÇÔöÇÔöÇÔöÇÔöÇÔöÇÔöÇÔöÇÔöÇÔöÇÔöÇÔöÇ[0m
[38;5;12mÔöîÔöÇÔöÇÔöÇÔöÇÔöÇÔöÇÔöÇÔöÇÔöÇÔöÇÔöÇÔöÇÔöÇÔöÇÔöÇÔöÇÔöÇÔöÇÔöÇÔöÇÔöÇÔöÇÔöÇÔöÇÔöÇÔöÇÔöÇÔöÇÔöÇÔöÇÔöÇÔöÇÔöÇÔöÇÔöÇÔöÇÔöÇÔöÇÔöÇÔöÇÔöÇÔöÇÔöÇÔöÇÔöÇÔöÇÔöÇÔöÇÔöÇÔöÇÔöÇÔöÇÔöÇÔöÇÔöÇÔöÇÔöÇÔöÇÔöÇÔöÇÔöÇÔöÇÔöÇÔöÇÔöÇÔöÇÔöÇÔöÇÔöÇÔöÇÔöÇÔöÇÔöÇÔöÇÔöÇÔöÇÔöÇÔöÇÔöÇ[0m
[38;5;12mÔöé 01:00:45.880 (+0:00:00.018641)[0m
[38;5;12mÔö£ÔöäÔöäÔöäÔöäÔöäÔöäÔöäÔöäÔöäÔöäÔöäÔöäÔöäÔöäÔöäÔöäÔöäÔöäÔöäÔöäÔöäÔöäÔöäÔöäÔöäÔöäÔöäÔöäÔöäÔöäÔöäÔöäÔöäÔöäÔöäÔöäÔöäÔöäÔöäÔöäÔöäÔöäÔöäÔöäÔöäÔöäÔöäÔöäÔöäÔöäÔöäÔöäÔöäÔöäÔöäÔöäÔöäÔöäÔöäÔöäÔöäÔöäÔöäÔöäÔöäÔöäÔöäÔöäÔöäÔöäÔöäÔöäÔöäÔöäÔöäÔöäÔöäÔöäÔöä[0m
[38;5;12mÔöé ­ƒÆí [Tag] Message 123[0m
[38;5;12mÔööÔöÇÔöÇÔöÇÔöÇÔöÇÔöÇÔöÇÔöÇÔöÇÔöÇÔöÇÔöÇÔöÇÔöÇÔöÇÔöÇÔöÇÔöÇÔöÇÔöÇÔöÇÔöÇÔöÇÔöÇÔöÇÔöÇÔöÇÔöÇÔöÇÔöÇÔöÇÔöÇÔöÇÔöÇÔöÇÔöÇÔöÇÔöÇÔöÇÔöÇÔöÇÔöÇÔöÇÔöÇÔöÇÔöÇÔöÇÔöÇÔöÇÔöÇÔöÇÔöÇÔöÇÔöÇÔöÇÔöÇÔöÇÔöÇÔöÇÔöÇÔöÇÔöÇÔöÇÔöÇÔöÇÔöÇÔöÇÔöÇÔöÇÔöÇÔöÇÔöÇÔöÇÔöÇÔöÇÔöÇÔöÇÔöÇÔöÇ[0m
[38;5;12mÔöîÔöÇÔöÇÔöÇÔöÇÔöÇÔöÇÔöÇÔöÇÔöÇÔöÇÔöÇÔöÇÔöÇÔöÇÔöÇÔöÇÔöÇÔöÇÔöÇÔöÇÔöÇÔöÇÔöÇÔöÇÔöÇÔöÇÔöÇÔöÇÔöÇÔöÇÔöÇÔöÇÔöÇÔöÇÔöÇÔöÇÔöÇÔöÇÔöÇÔöÇÔöÇÔöÇÔöÇÔöÇÔöÇÔöÇÔöÇÔöÇÔöÇÔöÇÔöÇÔöÇÔöÇÔöÇÔöÇÔöÇÔöÇÔöÇÔöÇÔöÇÔöÇÔöÇÔöÇÔöÇÔöÇÔöÇÔöÇÔöÇÔöÇÔöÇÔöÇÔöÇÔöÇÔöÇÔöÇÔöÇÔöÇÔöÇÔöÇ[0m
[38;5;12mÔöé 01:00:45.880 (+0:00:00.018641)[0m
[38;5;12mÔö£ÔöäÔöäÔöäÔöäÔöäÔöäÔöäÔöäÔöäÔöäÔöäÔöäÔöäÔöäÔöäÔöäÔöäÔöäÔöäÔöäÔöäÔöäÔöäÔöäÔöäÔöäÔöäÔöäÔöäÔöäÔöäÔöäÔöäÔöäÔöäÔöäÔöäÔöäÔöäÔöäÔöäÔöäÔöäÔöäÔöäÔöäÔöäÔöäÔöäÔöäÔöäÔöäÔöäÔöäÔöäÔöäÔöäÔöäÔöäÔöäÔöäÔöäÔöäÔöäÔöäÔöäÔöäÔöäÔöäÔöäÔöäÔöäÔöäÔöäÔöäÔöäÔöäÔöäÔöä[0m
[38;5;12mÔöé ­ƒÆí [Tag] Message 124[0m
[38;5;12mÔööÔöÇÔöÇÔöÇÔöÇÔöÇÔöÇÔöÇÔöÇÔöÇÔöÇÔöÇÔöÇÔöÇÔöÇÔöÇÔöÇÔöÇÔöÇÔöÇÔöÇÔöÇÔöÇÔöÇÔöÇÔöÇÔöÇÔöÇÔöÇÔöÇÔöÇÔöÇÔöÇÔöÇÔöÇÔöÇÔöÇÔöÇÔöÇÔöÇÔöÇÔöÇÔöÇÔöÇÔöÇÔöÇÔöÇÔöÇÔöÇÔöÇÔöÇÔöÇÔöÇÔöÇÔöÇÔöÇÔöÇÔöÇÔöÇÔöÇÔöÇÔöÇÔöÇÔöÇÔöÇÔöÇÔöÇÔöÇÔöÇÔöÇÔöÇÔöÇÔöÇÔöÇÔöÇÔöÇÔöÇÔöÇÔöÇÔöÇ[0m
[38;5;12mÔöîÔöÇÔöÇÔöÇÔöÇÔöÇÔöÇÔöÇÔöÇÔöÇÔöÇÔöÇÔöÇÔöÇÔöÇÔöÇÔöÇÔöÇÔöÇÔöÇÔöÇÔöÇÔöÇÔöÇÔöÇÔöÇÔöÇÔöÇÔöÇÔöÇÔöÇÔöÇÔöÇÔöÇÔöÇÔöÇÔöÇÔöÇÔöÇÔöÇÔöÇÔöÇÔöÇÔöÇÔöÇÔöÇÔöÇÔöÇÔöÇÔöÇÔöÇÔöÇÔöÇÔöÇÔöÇÔöÇÔöÇÔöÇÔöÇÔöÇÔöÇÔöÇÔöÇÔöÇÔöÇÔöÇÔöÇÔöÇÔöÇÔöÇÔöÇÔöÇÔöÇÔöÇÔöÇÔöÇÔöÇÔöÇÔöÇÔöÇ[0m
[38;5;12mÔöé 01:00:45.880 (+0:00:00.018641)[0m
[38;5;12mÔö£ÔöäÔöäÔöäÔöäÔöäÔöäÔöäÔöäÔöäÔöäÔöäÔöäÔöäÔöäÔöäÔöäÔöäÔöäÔöäÔöäÔöäÔöäÔöäÔöäÔöäÔöäÔöäÔöäÔöäÔöäÔöäÔöäÔöäÔöäÔöäÔöäÔöäÔöäÔöäÔöäÔöäÔöäÔöäÔöäÔöäÔöäÔöäÔöäÔöäÔöäÔöäÔöäÔöäÔöäÔöäÔöäÔöäÔöäÔöäÔöäÔöäÔöäÔöäÔöäÔöäÔöäÔöäÔöäÔöäÔöäÔöäÔöäÔöäÔöäÔöäÔöäÔöäÔöäÔöä[0m
[38;5;12mÔöé ­ƒÆí [Tag] Message 125[0m
[38;5;12mÔööÔöÇÔöÇÔöÇÔöÇÔöÇÔöÇÔöÇÔöÇÔöÇÔöÇÔöÇÔöÇÔöÇÔöÇÔöÇÔöÇÔöÇÔöÇÔöÇÔöÇÔöÇÔöÇÔöÇÔöÇÔöÇÔöÇÔöÇÔöÇÔöÇÔöÇÔöÇÔöÇÔöÇÔöÇÔöÇÔöÇÔöÇÔöÇÔöÇÔöÇÔöÇÔöÇÔöÇÔöÇÔöÇÔöÇÔöÇÔöÇÔöÇÔöÇÔöÇÔöÇÔöÇÔöÇÔöÇÔöÇÔöÇÔöÇÔöÇÔöÇÔöÇÔöÇÔöÇÔöÇÔöÇÔöÇÔöÇÔöÇÔöÇÔöÇÔöÇÔöÇÔöÇÔöÇÔöÇÔöÇÔöÇÔöÇÔöÇ[0m
[38;5;12mÔöîÔöÇÔöÇÔöÇÔöÇÔöÇÔöÇÔöÇÔöÇÔöÇÔöÇÔöÇÔöÇÔöÇÔöÇÔöÇÔöÇÔöÇÔöÇÔöÇÔöÇÔöÇÔöÇÔöÇÔöÇÔöÇÔöÇÔöÇÔöÇÔöÇÔöÇÔöÇÔöÇÔöÇÔöÇÔöÇÔöÇÔöÇÔöÇÔöÇÔöÇÔöÇÔöÇÔöÇÔöÇÔöÇÔöÇÔöÇÔöÇÔöÇÔöÇÔöÇÔöÇÔöÇÔöÇÔöÇÔöÇÔöÇÔöÇÔöÇÔöÇÔöÇÔöÇÔöÇÔöÇÔöÇÔöÇÔöÇÔöÇÔöÇÔöÇÔöÇÔöÇÔöÇÔöÇÔöÇÔöÇÔöÇÔöÇÔöÇ[0m
[38;5;12mÔöé 01:00:45.881 (+0:00:00.019184)[0m
[38;5;12mÔö£ÔöäÔöäÔöäÔöäÔöäÔöäÔöäÔöäÔöäÔöäÔöäÔöäÔöäÔöäÔöäÔöäÔöäÔöäÔöäÔöäÔöäÔöäÔöäÔöäÔöäÔöäÔöäÔöäÔöäÔöäÔöäÔöäÔöäÔöäÔöäÔöäÔöäÔöäÔöäÔöäÔöäÔöäÔöäÔöäÔöäÔöäÔöäÔöäÔöäÔöäÔöäÔöäÔöäÔöäÔöäÔöäÔöäÔöäÔöäÔöäÔöäÔöäÔöäÔöäÔöäÔöäÔöäÔöäÔöäÔöäÔöäÔöäÔöäÔöäÔöäÔöäÔöäÔöäÔöä[0m
[38;5;12mÔöé ­ƒÆí [Tag] Message 126[0m
[38;5;12mÔööÔöÇÔöÇÔöÇÔöÇÔöÇÔöÇÔöÇÔöÇÔöÇÔöÇÔöÇÔöÇÔöÇÔöÇÔöÇÔöÇÔöÇÔöÇÔöÇÔöÇÔöÇÔöÇÔöÇÔöÇÔöÇÔöÇÔöÇÔöÇÔöÇÔöÇÔöÇÔöÇÔöÇÔöÇÔöÇÔöÇÔöÇÔöÇÔöÇÔöÇÔöÇÔöÇÔöÇÔöÇÔöÇÔöÇÔöÇÔöÇÔöÇÔöÇÔöÇÔöÇÔöÇÔöÇÔöÇÔöÇÔöÇÔöÇÔöÇÔöÇÔöÇÔöÇÔöÇÔöÇÔöÇÔöÇÔöÇÔöÇÔöÇÔöÇÔöÇÔöÇÔöÇÔöÇÔöÇÔöÇÔöÇÔöÇÔöÇ[0m
[38;5;12mÔöîÔöÇÔöÇÔöÇÔöÇÔöÇÔöÇÔöÇÔöÇÔöÇÔöÇÔöÇÔöÇÔöÇÔöÇÔöÇÔöÇÔöÇÔöÇÔöÇÔöÇÔöÇÔöÇÔöÇÔöÇÔöÇÔöÇÔöÇÔöÇÔöÇÔöÇÔöÇÔöÇÔöÇÔöÇÔöÇÔöÇÔöÇÔöÇÔöÇÔöÇÔöÇÔöÇÔöÇÔöÇÔöÇÔöÇÔöÇÔöÇÔöÇÔöÇÔöÇÔöÇÔöÇÔöÇÔöÇÔöÇÔöÇÔöÇÔöÇÔöÇÔöÇÔöÇÔöÇÔöÇÔöÇÔöÇÔöÇÔöÇÔöÇÔöÇÔöÇÔöÇÔöÇÔöÇÔöÇÔöÇÔöÇÔöÇÔöÇ[0m
[38;5;12mÔöé 01:00:45.881 (+0:00:00.019184)[0m
[38;5;12mÔö£ÔöäÔöäÔöäÔöäÔöäÔöäÔöäÔöäÔöäÔöäÔöäÔöäÔöäÔöäÔöäÔöäÔöäÔöäÔöäÔöäÔöäÔöäÔöäÔöäÔöäÔöäÔöäÔöäÔöäÔöäÔöäÔöäÔöäÔöäÔöäÔöäÔöäÔöäÔöäÔöäÔöäÔöäÔöäÔöäÔöäÔöäÔöäÔöäÔöäÔöäÔöäÔöäÔöäÔöäÔöäÔöäÔöäÔöäÔöäÔöäÔöäÔöäÔöäÔöäÔöäÔöäÔöäÔöäÔöäÔöäÔöäÔöäÔöäÔöäÔöäÔöäÔöäÔöäÔöä[0m
[38;5;12mÔöé ­ƒÆí [Tag] Message 127[0m
[38;5;12mÔööÔöÇÔöÇÔöÇÔöÇÔöÇÔöÇÔöÇÔöÇÔöÇÔöÇÔöÇÔöÇÔöÇÔöÇÔöÇÔöÇÔöÇÔöÇÔöÇÔöÇÔöÇÔöÇÔöÇÔöÇÔöÇÔöÇÔöÇÔöÇÔöÇÔöÇÔöÇÔöÇÔöÇÔöÇÔöÇÔöÇÔöÇÔöÇÔöÇÔöÇÔöÇÔöÇÔöÇÔöÇÔöÇÔöÇÔöÇÔöÇÔöÇÔöÇÔöÇÔöÇÔöÇÔöÇÔöÇÔöÇÔöÇÔöÇÔöÇÔöÇÔöÇÔöÇÔöÇÔöÇÔöÇÔöÇÔöÇÔöÇÔöÇÔöÇÔöÇÔöÇÔöÇÔöÇÔöÇÔöÇÔöÇÔöÇÔöÇ[0m
[38;5;12mÔöîÔöÇÔöÇÔöÇÔöÇÔöÇÔöÇÔöÇÔöÇÔöÇÔöÇÔöÇÔöÇÔöÇÔöÇÔöÇÔöÇÔöÇÔöÇÔöÇÔöÇÔöÇÔöÇÔöÇÔöÇÔöÇÔöÇÔöÇÔöÇÔöÇÔöÇÔöÇÔöÇÔöÇÔöÇÔöÇÔöÇÔöÇÔöÇÔöÇÔöÇÔöÇÔöÇÔöÇÔöÇÔöÇÔöÇÔöÇÔöÇÔöÇÔöÇÔöÇÔöÇÔöÇÔöÇÔöÇÔöÇÔöÇÔöÇÔöÇÔöÇÔöÇÔöÇÔöÇÔöÇÔöÇÔöÇÔöÇÔöÇÔöÇÔöÇÔöÇÔöÇÔöÇÔöÇÔöÇÔöÇÔöÇÔöÇÔöÇ[0m
[38;5;12mÔöé 01:00:45.881 (+0:00:00.019184)[0m
[38;5;12mÔö£ÔöäÔöäÔöäÔöäÔöäÔöäÔöäÔöäÔöäÔöäÔöäÔöäÔöäÔöäÔöäÔöäÔöäÔöäÔöäÔöäÔöäÔöäÔöäÔöäÔöäÔöäÔöäÔöäÔöäÔöäÔöäÔöäÔöäÔöäÔöäÔöäÔöäÔöäÔöäÔöäÔöäÔöäÔöäÔöäÔöäÔöäÔöäÔöäÔöäÔöäÔöäÔöäÔöäÔöäÔöäÔöäÔöäÔöäÔöäÔöäÔöäÔöäÔöäÔöäÔöäÔöäÔöäÔöäÔöäÔöäÔöäÔöäÔöäÔöäÔöäÔöäÔöäÔöäÔöä[0m
[38;5;12mÔöé ­ƒÆí [Tag] Message 128[0m
[38;5;12mÔööÔöÇÔöÇÔöÇÔöÇÔöÇÔöÇÔöÇÔöÇÔöÇÔöÇÔöÇÔöÇÔöÇÔöÇÔöÇÔöÇÔöÇÔöÇÔöÇÔöÇÔöÇÔöÇÔöÇÔöÇÔöÇÔöÇÔöÇÔöÇÔöÇÔöÇÔöÇÔöÇÔöÇÔöÇÔöÇÔöÇÔöÇÔöÇÔöÇÔöÇÔöÇÔöÇÔöÇÔöÇÔöÇÔöÇÔöÇÔöÇÔöÇÔöÇÔöÇÔöÇÔöÇÔöÇÔöÇÔöÇÔöÇÔöÇÔöÇÔöÇÔöÇÔöÇÔöÇÔöÇÔöÇÔöÇÔöÇÔöÇÔöÇÔöÇÔöÇÔöÇÔöÇÔöÇÔöÇÔöÇÔöÇÔöÇÔöÇ[0m
[38;5;12mÔöîÔöÇÔöÇÔöÇÔöÇÔöÇÔöÇÔöÇÔöÇÔöÇÔöÇÔöÇÔöÇÔöÇÔöÇÔöÇÔöÇÔöÇÔöÇÔöÇÔöÇÔöÇÔöÇÔöÇÔöÇÔöÇÔöÇÔöÇÔöÇÔöÇÔöÇÔöÇÔöÇÔöÇÔöÇÔöÇÔöÇÔöÇÔöÇÔöÇÔöÇÔöÇÔöÇÔöÇÔöÇÔöÇÔöÇÔöÇÔöÇÔöÇÔöÇÔöÇÔöÇÔöÇÔöÇÔöÇÔöÇÔöÇÔöÇÔöÇÔöÇÔöÇÔöÇÔöÇÔöÇÔöÇÔöÇÔöÇÔöÇÔöÇÔöÇÔöÇÔöÇÔöÇÔöÇÔöÇÔöÇÔöÇÔöÇÔöÇ[0m
[38;5;12mÔöé 01:00:45.881 (+0:00:00.019184)[0m
[38;5;12mÔö£ÔöäÔöäÔöäÔöäÔöäÔöäÔöäÔöäÔöäÔöäÔöäÔöäÔöäÔöäÔöäÔöäÔöäÔöäÔöäÔöäÔöäÔöäÔöäÔöäÔöäÔöäÔöäÔöäÔöäÔöäÔöäÔöäÔöäÔöäÔöäÔöäÔöäÔöäÔöäÔöäÔöäÔöäÔöäÔöäÔöäÔöäÔöäÔöäÔöäÔöäÔöäÔöäÔöäÔöäÔöäÔöäÔöäÔöäÔöäÔöäÔöäÔöäÔöäÔöäÔöäÔöäÔöäÔöäÔöäÔöäÔöäÔöäÔöäÔöäÔöäÔöäÔöäÔöäÔöä[0m
[38;5;12mÔöé ­ƒÆí [Tag] Message 129[0m
[38;5;12mÔööÔöÇÔöÇÔöÇÔöÇÔöÇÔöÇÔöÇÔöÇÔöÇÔöÇÔöÇÔöÇÔöÇÔöÇÔöÇÔöÇÔöÇÔöÇÔöÇÔöÇÔöÇÔöÇÔöÇÔöÇÔöÇÔöÇÔöÇÔöÇÔöÇÔöÇÔöÇÔöÇÔöÇÔöÇÔöÇÔöÇÔöÇÔöÇÔöÇÔöÇÔöÇÔöÇÔöÇÔöÇÔöÇÔöÇÔöÇÔöÇÔöÇÔöÇÔöÇÔöÇÔöÇÔöÇÔöÇÔöÇÔöÇÔöÇÔöÇÔöÇÔöÇÔöÇÔöÇÔöÇÔöÇÔöÇÔöÇÔöÇÔöÇÔöÇÔöÇÔöÇÔöÇÔöÇÔöÇÔöÇÔöÇÔöÇÔöÇ[0m
[38;5;12mÔöîÔöÇÔöÇÔöÇÔöÇÔöÇÔöÇÔöÇÔöÇÔöÇÔöÇÔöÇÔöÇÔöÇÔöÇÔöÇÔöÇÔöÇÔöÇÔöÇÔöÇÔöÇÔöÇÔöÇÔöÇÔöÇÔöÇÔöÇÔöÇÔöÇÔöÇÔöÇÔöÇÔöÇÔöÇÔöÇÔöÇÔöÇÔöÇÔöÇÔöÇÔöÇÔöÇÔöÇÔöÇÔöÇÔöÇÔöÇÔöÇÔöÇÔöÇÔöÇÔöÇÔöÇÔöÇÔöÇÔöÇÔöÇÔöÇÔöÇÔöÇÔöÇÔöÇÔöÇÔöÇÔöÇÔöÇÔöÇÔöÇÔöÇÔöÇÔöÇÔöÇÔöÇÔöÇÔöÇÔöÇÔöÇÔöÇÔöÇ[0m
[38;5;12mÔöé 01:00:45.881 (+0:00:00.019184)[0m
[38;5;12mÔö£ÔöäÔöäÔöäÔöäÔöäÔöäÔöäÔöäÔöäÔöäÔöäÔöäÔöäÔöäÔöäÔöäÔöäÔöäÔöäÔöäÔöäÔöäÔöäÔöäÔöäÔöäÔöäÔöäÔöäÔöäÔöäÔöäÔöäÔöäÔöäÔöäÔöäÔöäÔöäÔöäÔöäÔöäÔöäÔöäÔöäÔöäÔöäÔöäÔöäÔöäÔöäÔöäÔöäÔöäÔöäÔöäÔöäÔöäÔöäÔöäÔöäÔöäÔöäÔöäÔöäÔöäÔöäÔöäÔöäÔöäÔöäÔöäÔöäÔöäÔöäÔöäÔöäÔöäÔöä[0m
[38;5;12mÔöé ­ƒÆí [Tag] Message 130[0m
[38;5;12mÔööÔöÇÔöÇÔöÇÔöÇÔöÇÔöÇÔöÇÔöÇÔöÇÔöÇÔöÇÔöÇÔöÇÔöÇÔöÇÔöÇÔöÇÔöÇÔöÇÔöÇÔöÇÔöÇÔöÇÔöÇÔöÇÔöÇÔöÇÔöÇÔöÇÔöÇÔöÇÔöÇÔöÇÔöÇÔöÇÔöÇÔöÇÔöÇÔöÇÔöÇÔöÇÔöÇÔöÇÔöÇÔöÇÔöÇÔöÇÔöÇÔöÇÔöÇÔöÇÔöÇÔöÇÔöÇÔöÇÔöÇÔöÇÔöÇÔöÇÔöÇÔöÇÔöÇÔöÇÔöÇÔöÇÔöÇÔöÇÔöÇÔöÇÔöÇÔöÇÔöÇÔöÇÔöÇÔöÇÔöÇÔöÇÔöÇÔöÇ[0m
[38;5;12mÔöîÔöÇÔöÇÔöÇÔöÇÔöÇÔöÇÔöÇÔöÇÔöÇÔöÇÔöÇÔöÇÔöÇÔöÇÔöÇÔöÇÔöÇÔöÇÔöÇÔöÇÔöÇÔöÇÔöÇÔöÇÔöÇÔöÇÔöÇÔöÇÔöÇÔöÇÔöÇÔöÇÔöÇÔöÇÔöÇÔöÇÔöÇÔöÇÔöÇÔöÇÔöÇÔöÇÔöÇÔöÇÔöÇÔöÇÔöÇÔöÇÔöÇÔöÇÔöÇÔöÇÔöÇÔöÇÔöÇÔöÇÔöÇÔöÇÔöÇÔöÇÔöÇÔöÇÔöÇÔöÇÔöÇÔöÇÔöÇÔöÇÔöÇÔöÇÔöÇÔöÇÔöÇÔöÇÔöÇÔöÇÔöÇÔöÇÔöÇ[0m
[38;5;12mÔöé 01:00:45.881 (+0:00:00.019184)[0m
[38;5;12mÔö£ÔöäÔöäÔöäÔöäÔöäÔöäÔöäÔöäÔöäÔöäÔöäÔöäÔöäÔöäÔöäÔöäÔöäÔöäÔöäÔöäÔöäÔöäÔöäÔöäÔöäÔöäÔöäÔöäÔöäÔöäÔöäÔöäÔöäÔöäÔöäÔöäÔöäÔöäÔöäÔöäÔöäÔöäÔöäÔöäÔöäÔöäÔöäÔöäÔöäÔöäÔöäÔöäÔöäÔöäÔöäÔöäÔöäÔöäÔöäÔöäÔöäÔöäÔöäÔöäÔöäÔöäÔöäÔöäÔöäÔöäÔöäÔöäÔöäÔöäÔöäÔöäÔöäÔöäÔöä[0m
[38;5;12mÔöé ­ƒÆí [Tag] Message 131[0m
[38;5;12mÔööÔöÇÔöÇÔöÇÔöÇÔöÇÔöÇÔöÇÔöÇÔöÇÔöÇÔöÇÔöÇÔöÇÔöÇÔöÇÔöÇÔöÇÔöÇÔöÇÔöÇÔöÇÔöÇÔöÇÔöÇÔöÇÔöÇÔöÇÔöÇÔöÇÔöÇÔöÇÔöÇÔöÇÔöÇÔöÇÔöÇÔöÇÔöÇÔöÇÔöÇÔöÇÔöÇÔöÇÔöÇÔöÇÔöÇÔöÇÔöÇÔöÇÔöÇÔöÇÔöÇÔöÇÔöÇÔöÇÔöÇÔöÇÔöÇÔöÇÔöÇÔöÇÔöÇÔöÇÔöÇÔöÇÔöÇÔöÇÔöÇÔöÇÔöÇÔöÇÔöÇÔöÇÔöÇÔöÇÔöÇÔöÇÔöÇÔöÇ[0m
[38;5;12mÔöîÔöÇÔöÇÔöÇÔöÇÔöÇÔöÇÔöÇÔöÇÔöÇÔöÇÔöÇÔöÇÔöÇÔöÇÔöÇÔöÇÔöÇÔöÇÔöÇÔöÇÔöÇÔöÇÔöÇÔöÇÔöÇÔöÇÔöÇÔöÇÔöÇÔöÇÔöÇÔöÇÔöÇÔöÇÔöÇÔöÇÔöÇÔöÇÔöÇÔöÇÔöÇÔöÇÔöÇÔöÇÔöÇÔöÇÔöÇÔöÇÔöÇÔöÇÔöÇÔöÇÔöÇÔöÇÔöÇÔöÇÔöÇÔöÇÔöÇÔöÇÔöÇÔöÇÔöÇÔöÇÔöÇÔöÇÔöÇÔöÇÔöÇÔöÇÔöÇÔöÇÔöÇÔöÇÔöÇÔöÇÔöÇÔöÇÔöÇ[0m
[38;5;12mÔöé 01:00:45.881 (+0:00:00.019184)[0m
[38;5;12mÔö£ÔöäÔöäÔöäÔöäÔöäÔöäÔöäÔöäÔöäÔöäÔöäÔöäÔöäÔöäÔöäÔöäÔöäÔöäÔöäÔöäÔöäÔöäÔöäÔöäÔöäÔöäÔöäÔöäÔöäÔöäÔöäÔöäÔöäÔöäÔöäÔöäÔöäÔöäÔöäÔöäÔöäÔöäÔöäÔöäÔöäÔöäÔöäÔöäÔöäÔöäÔöäÔöäÔöäÔöäÔöäÔöäÔöäÔöäÔöäÔöäÔöäÔöäÔöäÔöäÔöäÔöäÔöäÔöäÔöäÔöäÔöäÔöäÔöäÔöäÔöäÔöäÔöäÔöäÔöä[0m
[38;5;12mÔöé ­ƒÆí [Tag] Message 132[0m
[38;5;12mÔööÔöÇÔöÇÔöÇÔöÇÔöÇÔöÇÔöÇÔöÇÔöÇÔöÇÔöÇÔöÇÔöÇÔöÇÔöÇÔöÇÔöÇÔöÇÔöÇÔöÇÔöÇÔöÇÔöÇÔöÇÔöÇÔöÇÔöÇÔöÇÔöÇÔöÇÔöÇÔöÇÔöÇÔöÇÔöÇÔöÇÔöÇÔöÇÔöÇÔöÇÔöÇÔöÇÔöÇÔöÇÔöÇÔöÇÔöÇÔöÇÔöÇÔöÇÔöÇÔöÇÔöÇÔöÇÔöÇÔöÇÔöÇÔöÇÔöÇÔöÇÔöÇÔöÇÔöÇÔöÇÔöÇÔöÇÔöÇÔöÇÔöÇÔöÇÔöÇÔöÇÔöÇÔöÇÔöÇÔöÇÔöÇÔöÇÔöÇ[0m
[38;5;12mÔöîÔöÇÔöÇÔöÇÔöÇÔöÇÔöÇÔöÇÔöÇÔöÇÔöÇÔöÇÔöÇÔöÇÔöÇÔöÇÔöÇÔöÇÔöÇÔöÇÔöÇÔöÇÔöÇÔöÇÔöÇÔöÇÔöÇÔöÇÔöÇÔöÇÔöÇÔöÇÔöÇÔöÇÔöÇÔöÇÔöÇÔöÇÔöÇÔöÇÔöÇÔöÇÔöÇÔöÇÔöÇÔöÇÔöÇÔöÇÔöÇÔöÇÔöÇÔöÇÔöÇÔöÇÔöÇÔöÇÔöÇÔöÇÔöÇÔöÇÔöÇÔöÇÔöÇÔöÇÔöÇÔöÇÔöÇÔöÇÔöÇÔöÇÔöÇÔöÇÔöÇÔöÇÔöÇÔöÇÔöÇÔöÇÔöÇÔöÇ[0m
[38;5;12mÔöé 01:00:45.881 (+0:00:00.019184)[0m
[38;5;12mÔö£ÔöäÔöäÔöäÔöäÔöäÔöäÔöäÔöäÔöäÔöäÔöäÔöäÔöäÔöäÔöäÔöäÔöäÔöäÔöäÔöäÔöäÔöäÔöäÔöäÔöäÔöäÔöäÔöäÔöäÔöäÔöäÔöäÔöäÔöäÔöäÔöäÔöäÔöäÔöäÔöäÔöäÔöäÔöäÔöäÔöäÔöäÔöäÔöäÔöäÔöäÔöäÔöäÔöäÔöäÔöäÔöäÔöäÔöäÔöäÔöäÔöäÔöäÔöäÔöäÔöäÔöäÔöäÔöäÔöäÔöäÔöäÔöäÔöäÔöäÔöäÔöäÔöäÔöäÔöä[0m
[38;5;12mÔöé ­ƒÆí [Tag] Message 133[0m
[38;5;12mÔööÔöÇÔöÇÔöÇÔöÇÔöÇÔöÇÔöÇÔöÇÔöÇÔöÇÔöÇÔöÇÔöÇÔöÇÔöÇÔöÇÔöÇÔöÇÔöÇÔöÇÔöÇÔöÇÔöÇÔöÇÔöÇÔöÇÔöÇÔöÇÔöÇÔöÇÔöÇÔöÇÔöÇÔöÇÔöÇÔöÇÔöÇÔöÇÔöÇÔöÇÔöÇÔöÇÔöÇÔöÇÔöÇÔöÇÔöÇÔöÇÔöÇÔöÇÔöÇÔöÇÔöÇÔöÇÔöÇÔöÇÔöÇÔöÇÔöÇÔöÇÔöÇÔöÇÔöÇÔöÇÔöÇÔöÇÔöÇÔöÇÔöÇÔöÇÔöÇÔöÇÔöÇÔöÇÔöÇÔöÇÔöÇÔöÇÔöÇ[0m
[38;5;12mÔöîÔöÇÔöÇÔöÇÔöÇÔöÇÔöÇÔöÇÔöÇÔöÇÔöÇÔöÇÔöÇÔöÇÔöÇÔöÇÔöÇÔöÇÔöÇÔöÇÔöÇÔöÇÔöÇÔöÇÔöÇÔöÇÔöÇÔöÇÔöÇÔöÇÔöÇÔöÇÔöÇÔöÇÔöÇÔöÇÔöÇÔöÇÔöÇÔöÇÔöÇÔöÇÔöÇÔöÇÔöÇÔöÇÔöÇÔöÇÔöÇÔöÇÔöÇÔöÇÔöÇÔöÇÔöÇÔöÇÔöÇÔöÇÔöÇÔöÇÔöÇÔöÇÔöÇÔöÇÔöÇÔöÇÔöÇÔöÇÔöÇÔöÇÔöÇÔöÇÔöÇÔöÇÔöÇÔöÇÔöÇÔöÇÔöÇÔöÇ[0m
[38;5;12mÔöé 01:00:45.881 (+0:00:00.019184)[0m
[38;5;12mÔö£ÔöäÔöäÔöäÔöäÔöäÔöäÔöäÔöäÔöäÔöäÔöäÔöäÔöäÔöäÔöäÔöäÔöäÔöäÔöäÔöäÔöäÔöäÔöäÔöäÔöäÔöäÔöäÔöäÔöäÔöäÔöäÔöäÔöäÔöäÔöäÔöäÔöäÔöäÔöäÔöäÔöäÔöäÔöäÔöäÔöäÔöäÔöäÔöäÔöäÔöäÔöäÔöäÔöäÔöäÔöäÔöäÔöäÔöäÔöäÔöäÔöäÔöäÔöäÔöäÔöäÔöäÔöäÔöäÔöäÔöäÔöäÔöäÔöäÔöäÔöäÔöäÔöäÔöäÔöä[0m
[38;5;12mÔöé ­ƒÆí [Tag] Message 134[0m
[38;5;12mÔööÔöÇÔöÇÔöÇÔöÇÔöÇÔöÇÔöÇÔöÇÔöÇÔöÇÔöÇÔöÇÔöÇÔöÇÔöÇÔöÇÔöÇÔöÇÔöÇÔöÇÔöÇÔöÇÔöÇÔöÇÔöÇÔöÇÔöÇÔöÇÔöÇÔöÇÔöÇÔöÇÔöÇÔöÇÔöÇÔöÇÔöÇÔöÇÔöÇÔöÇÔöÇÔöÇÔöÇÔöÇÔöÇÔöÇÔöÇÔöÇÔöÇÔöÇÔöÇÔöÇÔöÇÔöÇÔöÇÔöÇÔöÇÔöÇÔöÇÔöÇÔöÇÔöÇÔöÇÔöÇÔöÇÔöÇÔöÇÔöÇÔöÇÔöÇÔöÇÔöÇÔöÇÔöÇÔöÇÔöÇÔöÇÔöÇÔöÇ[0m
[38;5;12mÔöîÔöÇÔöÇÔöÇÔöÇÔöÇÔöÇÔöÇÔöÇÔöÇÔöÇÔöÇÔöÇÔöÇÔöÇÔöÇÔöÇÔöÇÔöÇÔöÇÔöÇÔöÇÔöÇÔöÇÔöÇÔöÇÔöÇÔöÇÔöÇÔöÇÔöÇÔöÇÔöÇÔöÇÔöÇÔöÇÔöÇÔöÇÔöÇÔöÇÔöÇÔöÇÔöÇÔöÇÔöÇÔöÇÔöÇÔöÇÔöÇÔöÇÔöÇÔöÇÔöÇÔöÇÔöÇÔöÇÔöÇÔöÇÔöÇÔöÇÔöÇÔöÇÔöÇÔöÇÔöÇÔöÇÔöÇÔöÇÔöÇÔöÇÔöÇÔöÇÔöÇÔöÇÔöÇÔöÇÔöÇÔöÇÔöÇÔöÇ[0m
[38;5;12mÔöé 01:00:45.881 (+0:00:00.019184)[0m
[38;5;12mÔö£ÔöäÔöäÔöäÔöäÔöäÔöäÔöäÔöäÔöäÔöäÔöäÔöäÔöäÔöäÔöäÔöäÔöäÔöäÔöäÔöäÔöäÔöäÔöäÔöäÔöäÔöäÔöäÔöäÔöäÔöäÔöäÔöäÔöäÔöäÔöäÔöäÔöäÔöäÔöäÔöäÔöäÔöäÔöäÔöäÔöäÔöäÔöäÔöäÔöäÔöäÔöäÔöäÔöäÔöäÔöäÔöäÔöäÔöäÔöäÔöäÔöäÔöäÔöäÔöäÔöäÔöäÔöäÔöäÔöäÔöäÔöäÔöäÔöäÔöäÔöäÔöäÔöäÔöäÔöä[0m
[38;5;12mÔöé ­ƒÆí [Tag] Message 135[0m
[38;5;12mÔööÔöÇÔöÇÔöÇÔöÇÔöÇÔöÇÔöÇÔöÇÔöÇÔöÇÔöÇÔöÇÔöÇÔöÇÔöÇÔöÇÔöÇÔöÇÔöÇÔöÇÔöÇÔöÇÔöÇÔöÇÔöÇÔöÇÔöÇÔöÇÔöÇÔöÇÔöÇÔöÇÔöÇÔöÇÔöÇÔöÇÔöÇÔöÇÔöÇÔöÇÔöÇÔöÇÔöÇÔöÇÔöÇÔöÇÔöÇÔöÇÔöÇÔöÇÔöÇÔöÇÔöÇÔöÇÔöÇÔöÇÔöÇÔöÇÔöÇÔöÇÔöÇÔöÇÔöÇÔöÇÔöÇÔöÇÔöÇÔöÇÔöÇÔöÇÔöÇÔöÇÔöÇÔöÇÔöÇÔöÇÔöÇÔöÇÔöÇ[0m
[38;5;12mÔöîÔöÇÔöÇÔöÇÔöÇÔöÇÔöÇÔöÇÔöÇÔöÇÔöÇÔöÇÔöÇÔöÇÔöÇÔöÇÔöÇÔöÇÔöÇÔöÇÔöÇÔöÇÔöÇÔöÇÔöÇÔöÇÔöÇÔöÇÔöÇÔöÇÔöÇÔöÇÔöÇÔöÇÔöÇÔöÇÔöÇÔöÇÔöÇÔöÇÔöÇÔöÇÔöÇÔöÇÔöÇÔöÇÔöÇÔöÇÔöÇÔöÇÔöÇÔöÇÔöÇÔöÇÔöÇÔöÇÔöÇÔöÇÔöÇÔöÇÔöÇÔöÇÔöÇÔöÇÔöÇÔöÇÔöÇÔöÇÔöÇÔöÇÔöÇÔöÇÔöÇÔöÇÔöÇÔöÇÔöÇÔöÇÔöÇÔöÇ[0m
[38;5;12mÔöé 01:00:45.881 (+0:00:00.019184)[0m
[38;5;12mÔö£ÔöäÔöäÔöäÔöäÔöäÔöäÔöäÔöäÔöäÔöäÔöäÔöäÔöäÔöäÔöäÔöäÔöäÔöäÔöäÔöäÔöäÔöäÔöäÔöäÔöäÔöäÔöäÔöäÔöäÔöäÔöäÔöäÔöäÔöäÔöäÔöäÔöäÔöäÔöäÔöäÔöäÔöäÔöäÔöäÔöäÔöäÔöäÔöäÔöäÔöäÔöäÔöäÔöäÔöäÔöäÔöäÔöäÔöäÔöäÔöäÔöäÔöäÔöäÔöäÔöäÔöäÔöäÔöäÔöäÔöäÔöäÔöäÔöäÔöäÔöäÔöäÔöäÔöäÔöä[0m
[38;5;12mÔöé ­ƒÆí [Tag] Message 136[0m
[38;5;12mÔööÔöÇÔöÇÔöÇÔöÇÔöÇÔöÇÔöÇÔöÇÔöÇÔöÇÔöÇÔöÇÔöÇÔöÇÔöÇÔöÇÔöÇÔöÇÔöÇÔöÇÔöÇÔöÇÔöÇÔöÇÔöÇÔöÇÔöÇÔöÇÔöÇÔöÇÔöÇÔöÇÔöÇÔöÇÔöÇÔöÇÔöÇÔöÇÔöÇÔöÇÔöÇÔöÇÔöÇÔöÇÔöÇÔöÇÔöÇÔöÇÔöÇÔöÇÔöÇÔöÇÔöÇÔöÇÔöÇÔöÇÔöÇÔöÇÔöÇÔöÇÔöÇÔöÇÔöÇÔöÇÔöÇÔöÇÔöÇÔöÇÔöÇÔöÇÔöÇÔöÇÔöÇÔöÇÔöÇÔöÇÔöÇÔöÇÔöÇ[0m
[38;5;12mÔöîÔöÇÔöÇÔöÇÔöÇÔöÇÔöÇÔöÇÔöÇÔöÇÔöÇÔöÇÔöÇÔöÇÔöÇÔöÇÔöÇÔöÇÔöÇÔöÇÔöÇÔöÇÔöÇÔöÇÔöÇÔöÇÔöÇÔöÇÔöÇÔöÇÔöÇÔöÇÔöÇÔöÇÔöÇÔöÇÔöÇÔöÇÔöÇÔöÇÔöÇÔöÇÔöÇÔöÇÔöÇÔöÇÔöÇÔöÇÔöÇÔöÇÔöÇÔöÇÔöÇÔöÇÔöÇÔöÇÔöÇÔöÇÔöÇÔöÇÔöÇÔöÇÔöÇÔöÇÔöÇÔöÇÔöÇÔöÇÔöÇÔöÇÔöÇÔöÇÔöÇÔöÇÔöÇÔöÇÔöÇÔöÇÔöÇÔöÇ[0m
[38;5;12mÔöé 01:00:45.881 (+0:00:00.019184)[0m
[38;5;12mÔö£ÔöäÔöäÔöäÔöäÔöäÔöäÔöäÔöäÔöäÔöäÔöäÔöäÔöäÔöäÔöäÔöäÔöäÔöäÔöäÔöäÔöäÔöäÔöäÔöäÔöäÔöäÔöäÔöäÔöäÔöäÔöäÔöäÔöäÔöäÔöäÔöäÔöäÔöäÔöäÔöäÔöäÔöäÔöäÔöäÔöäÔöäÔöäÔöäÔöäÔöäÔöäÔöäÔöäÔöäÔöäÔöäÔöäÔöäÔöäÔöäÔöäÔöäÔöäÔöäÔöäÔöäÔöäÔöäÔöäÔöäÔöäÔöäÔöäÔöäÔöäÔöäÔöäÔöäÔöä[0m
[38;5;12mÔöé ­ƒÆí [Tag] Message 137[0m
[38;5;12mÔööÔöÇÔöÇÔöÇÔöÇÔöÇÔöÇÔöÇÔöÇÔöÇÔöÇÔöÇÔöÇÔöÇÔöÇÔöÇÔöÇÔöÇÔöÇÔöÇÔöÇÔöÇÔöÇÔöÇÔöÇÔöÇÔöÇÔöÇÔöÇÔöÇÔöÇÔöÇÔöÇÔöÇÔöÇÔöÇÔöÇÔöÇÔöÇÔöÇÔöÇÔöÇÔöÇÔöÇÔöÇÔöÇÔöÇÔöÇÔöÇÔöÇÔöÇÔöÇÔöÇÔöÇÔöÇÔöÇÔöÇÔöÇÔöÇÔöÇÔöÇÔöÇÔöÇÔöÇÔöÇÔöÇÔöÇÔöÇÔöÇÔöÇÔöÇÔöÇÔöÇÔöÇÔöÇÔöÇÔöÇÔöÇÔöÇÔöÇ[0m
[38;5;12mÔöîÔöÇÔöÇÔöÇÔöÇÔöÇÔöÇÔöÇÔöÇÔöÇÔöÇÔöÇÔöÇÔöÇÔöÇÔöÇÔöÇÔöÇÔöÇÔöÇÔöÇÔöÇÔöÇÔöÇÔöÇÔöÇÔöÇÔöÇÔöÇÔöÇÔöÇÔöÇÔöÇÔöÇÔöÇÔöÇÔöÇÔöÇÔöÇÔöÇÔöÇÔöÇÔöÇÔöÇÔöÇÔöÇÔöÇÔöÇÔöÇÔöÇÔöÇÔöÇÔöÇÔöÇÔöÇÔöÇÔöÇÔöÇÔöÇÔöÇÔöÇÔöÇÔöÇÔöÇÔöÇÔöÇÔöÇÔöÇÔöÇÔöÇÔöÇÔöÇÔöÇÔöÇÔöÇÔöÇÔöÇÔöÇÔöÇÔöÇ[0m
[38;5;12mÔöé 01:00:45.881 (+0:00:00.019184)[0m
[38;5;12mÔö£ÔöäÔöäÔöäÔöäÔöäÔöäÔöäÔöäÔöäÔöäÔöäÔöäÔöäÔöäÔöäÔöäÔöäÔöäÔöäÔöäÔöäÔöäÔöäÔöäÔöäÔöäÔöäÔöäÔöäÔöäÔöäÔöäÔöäÔöäÔöäÔöäÔöäÔöäÔöäÔöäÔöäÔöäÔöäÔöäÔöäÔöäÔöäÔöäÔöäÔöäÔöäÔöäÔöäÔöäÔöäÔöäÔöäÔöäÔöäÔöäÔöäÔöäÔöäÔöäÔöäÔöäÔöäÔöäÔöäÔöäÔöäÔöäÔöäÔöäÔöäÔöäÔöäÔöäÔöä[0m
[38;5;12mÔöé ­ƒÆí [Tag] Message 138[0m
[38;5;12mÔööÔöÇÔöÇÔöÇÔöÇÔöÇÔöÇÔöÇÔöÇÔöÇÔöÇÔöÇÔöÇÔöÇÔöÇÔöÇÔöÇÔöÇÔöÇÔöÇÔöÇÔöÇÔöÇÔöÇÔöÇÔöÇÔöÇÔöÇÔöÇÔöÇÔöÇÔöÇÔöÇÔöÇÔöÇÔöÇÔöÇÔöÇÔöÇÔöÇÔöÇÔöÇÔöÇÔöÇÔöÇÔöÇÔöÇÔöÇÔöÇÔöÇÔöÇÔöÇÔöÇÔöÇÔöÇÔöÇÔöÇÔöÇÔöÇÔöÇÔöÇÔöÇÔöÇÔöÇÔöÇÔöÇÔöÇÔöÇÔöÇÔöÇÔöÇÔöÇÔöÇÔöÇÔöÇÔöÇÔöÇÔöÇÔöÇÔöÇ[0m
[38;5;12mÔöîÔöÇÔöÇÔöÇÔöÇÔöÇÔöÇÔöÇÔöÇÔöÇÔöÇÔöÇÔöÇÔöÇÔöÇÔöÇÔöÇÔöÇÔöÇÔöÇÔöÇÔöÇÔöÇÔöÇÔöÇÔöÇÔöÇÔöÇÔöÇÔöÇÔöÇÔöÇÔöÇÔöÇÔöÇÔöÇÔöÇÔöÇÔöÇÔöÇÔöÇÔöÇÔöÇÔöÇÔöÇÔöÇÔöÇÔöÇÔöÇÔöÇÔöÇÔöÇÔöÇÔöÇÔöÇÔöÇÔöÇÔöÇÔöÇÔöÇÔöÇÔöÇÔöÇÔöÇÔöÇÔöÇÔöÇÔöÇÔöÇÔöÇÔöÇÔöÇÔöÇÔöÇÔöÇÔöÇÔöÇÔöÇÔöÇÔöÇ[0m
[38;5;12mÔöé 01:00:45.881 (+0:00:00.019184)[0m
[38;5;12mÔö£ÔöäÔöäÔöäÔöäÔöäÔöäÔöäÔöäÔöäÔöäÔöäÔöäÔöäÔöäÔöäÔöäÔöäÔöäÔöäÔöäÔöäÔöäÔöäÔöäÔöäÔöäÔöäÔöäÔöäÔöäÔöäÔöäÔöäÔöäÔöäÔöäÔöäÔöäÔöäÔöäÔöäÔöäÔöäÔöäÔöäÔöäÔöäÔöäÔöäÔöäÔöäÔöäÔöäÔöäÔöäÔöäÔöäÔöäÔöäÔöäÔöäÔöäÔöäÔöäÔöäÔöäÔöäÔöäÔöäÔöäÔöäÔöäÔöäÔöäÔöäÔöäÔöäÔöäÔöä[0m
[38;5;12mÔöé ­ƒÆí [Tag] Message 139[0m
[38;5;12mÔööÔöÇÔöÇÔöÇÔöÇÔöÇÔöÇÔöÇÔöÇÔöÇÔöÇÔöÇÔöÇÔöÇÔöÇÔöÇÔöÇÔöÇÔöÇÔöÇÔöÇÔöÇÔöÇÔöÇÔöÇÔöÇÔöÇÔöÇÔöÇÔöÇÔöÇÔöÇÔöÇÔöÇÔöÇÔöÇÔöÇÔöÇÔöÇÔöÇÔöÇÔöÇÔöÇÔöÇÔöÇÔöÇÔöÇÔöÇÔöÇÔöÇÔöÇÔöÇÔöÇÔöÇÔöÇÔöÇÔöÇÔöÇÔöÇÔöÇÔöÇÔöÇÔöÇÔöÇÔöÇÔöÇÔöÇÔöÇÔöÇÔöÇÔöÇÔöÇÔöÇÔöÇÔöÇÔöÇÔöÇÔöÇÔöÇÔöÇ[0m
[38;5;12mÔöîÔöÇÔöÇÔöÇÔöÇÔöÇÔöÇÔöÇÔöÇÔöÇÔöÇÔöÇÔöÇÔöÇÔöÇÔöÇÔöÇÔöÇÔöÇÔöÇÔöÇÔöÇÔöÇÔöÇÔöÇÔöÇÔöÇÔöÇÔöÇÔöÇÔöÇÔöÇÔöÇÔöÇÔöÇÔöÇÔöÇÔöÇÔöÇÔöÇÔöÇÔöÇÔöÇÔöÇÔöÇÔöÇÔöÇÔöÇÔöÇÔöÇÔöÇÔöÇÔöÇÔöÇÔöÇÔöÇÔöÇÔöÇÔöÇÔöÇÔöÇÔöÇÔöÇÔöÇÔöÇÔöÇÔöÇÔöÇÔöÇÔöÇÔöÇÔöÇÔöÇÔöÇÔöÇÔöÇÔöÇÔöÇÔöÇÔöÇ[0m
[38;5;12mÔöé 01:00:45.881 (+0:00:00.019184)[0m
[38;5;12mÔö£ÔöäÔöäÔöäÔöäÔöäÔöäÔöäÔöäÔöäÔöäÔöäÔöäÔöäÔöäÔöäÔöäÔöäÔöäÔöäÔöäÔöäÔöäÔöäÔöäÔöäÔöäÔöäÔöäÔöäÔöäÔöäÔöäÔöäÔöäÔöäÔöäÔöäÔöäÔöäÔöäÔöäÔöäÔöäÔöäÔöäÔöäÔöäÔöäÔöäÔöäÔöäÔöäÔöäÔöäÔöäÔöäÔöäÔöäÔöäÔöäÔöäÔöäÔöäÔöäÔöäÔöäÔöäÔöäÔöäÔöäÔöäÔöäÔöäÔöäÔöäÔöäÔöäÔöäÔöä[0m
[38;5;12mÔöé ­ƒÆí [Tag] Message 140[0m
[38;5;12mÔööÔöÇÔöÇÔöÇÔöÇÔöÇÔöÇÔöÇÔöÇÔöÇÔöÇÔöÇÔöÇÔöÇÔöÇÔöÇÔöÇÔöÇÔöÇÔöÇÔöÇÔöÇÔöÇÔöÇÔöÇÔöÇÔöÇÔöÇÔöÇÔöÇÔöÇÔöÇÔöÇÔöÇÔöÇÔöÇÔöÇÔöÇÔöÇÔöÇÔöÇÔöÇÔöÇÔöÇÔöÇÔöÇÔöÇÔöÇÔöÇÔöÇÔöÇÔöÇÔöÇÔöÇÔöÇÔöÇÔöÇÔöÇÔöÇÔöÇÔöÇÔöÇÔöÇÔöÇÔöÇÔöÇÔöÇÔöÇÔöÇÔöÇÔöÇÔöÇÔöÇÔöÇÔöÇÔöÇÔöÇÔöÇÔöÇÔöÇ[0m
[38;5;12mÔöîÔöÇÔöÇÔöÇÔöÇÔöÇÔöÇÔöÇÔöÇÔöÇÔöÇÔöÇÔöÇÔöÇÔöÇÔöÇÔöÇÔöÇÔöÇÔöÇÔöÇÔöÇÔöÇÔöÇÔöÇÔöÇÔöÇÔöÇÔöÇÔöÇÔöÇÔöÇÔöÇÔöÇÔöÇÔöÇÔöÇÔöÇÔöÇÔöÇÔöÇÔöÇÔöÇÔöÇÔöÇÔöÇÔöÇÔöÇÔöÇÔöÇÔöÇÔöÇÔöÇÔöÇÔöÇÔöÇÔöÇÔöÇÔöÇÔöÇÔöÇÔöÇÔöÇÔöÇÔöÇÔöÇÔöÇÔöÇÔöÇÔöÇÔöÇÔöÇÔöÇÔöÇÔöÇÔöÇÔöÇÔöÇÔöÇÔöÇ[0m
[38;5;12mÔöé 01:00:45.881 (+0:00:00.019184)[0m
[38;5;12mÔö£ÔöäÔöäÔöäÔöäÔöäÔöäÔöäÔöäÔöäÔöäÔöäÔöäÔöäÔöäÔöäÔöäÔöäÔöäÔöäÔöäÔöäÔöäÔöäÔöäÔöäÔöäÔöäÔöäÔöäÔöäÔöäÔöäÔöäÔöäÔöäÔöäÔöäÔöäÔöäÔöäÔöäÔöäÔöäÔöäÔöäÔöäÔöäÔöäÔöäÔöäÔöäÔöäÔöäÔöäÔöäÔöäÔöäÔöäÔöäÔöäÔöäÔöäÔöäÔöäÔöäÔöäÔöäÔöäÔöäÔöäÔöäÔöäÔöäÔöäÔöäÔöäÔöäÔöäÔöä[0m
[38;5;12mÔöé ­ƒÆí [Tag] Message 141[0m
[38;5;12mÔööÔöÇÔöÇÔöÇÔöÇÔöÇÔöÇÔöÇÔöÇÔöÇÔöÇÔöÇÔöÇÔöÇÔöÇÔöÇÔöÇÔöÇÔöÇÔöÇÔöÇÔöÇÔöÇÔöÇÔöÇÔöÇÔöÇÔöÇÔöÇÔöÇÔöÇÔöÇÔöÇÔöÇÔöÇÔöÇÔöÇÔöÇÔöÇÔöÇÔöÇÔöÇÔöÇÔöÇÔöÇÔöÇÔöÇÔöÇÔöÇÔöÇÔöÇÔöÇÔöÇÔöÇÔöÇÔöÇÔöÇÔöÇÔöÇÔöÇÔöÇÔöÇÔöÇÔöÇÔöÇÔöÇÔöÇÔöÇÔöÇÔöÇÔöÇÔöÇÔöÇÔöÇÔöÇÔöÇÔöÇÔöÇÔöÇÔöÇ[0m
[38;5;12mÔöîÔöÇÔöÇÔöÇÔöÇÔöÇÔöÇÔöÇÔöÇÔöÇÔöÇÔöÇÔöÇÔöÇÔöÇÔöÇÔöÇÔöÇÔöÇÔöÇÔöÇÔöÇÔöÇÔöÇÔöÇÔöÇÔöÇÔöÇÔöÇÔöÇÔöÇÔöÇÔöÇÔöÇÔöÇÔöÇÔöÇÔöÇÔöÇÔöÇÔöÇÔöÇÔöÇÔöÇÔöÇÔöÇÔöÇÔöÇÔöÇÔöÇÔöÇÔöÇÔöÇÔöÇÔöÇÔöÇÔöÇÔöÇÔöÇÔöÇÔöÇÔöÇÔöÇÔöÇÔöÇÔöÇÔöÇÔöÇÔöÇÔöÇÔöÇÔöÇÔöÇÔöÇÔöÇÔöÇÔöÇÔöÇÔöÇÔöÇ[0m
[38;5;12mÔöé 01:00:45.881 (+0:00:00.019184)[0m
[38;5;12mÔö£ÔöäÔöäÔöäÔöäÔöäÔöäÔöäÔöäÔöäÔöäÔöäÔöäÔöäÔöäÔöäÔöäÔöäÔöäÔöäÔöäÔöäÔöäÔöäÔöäÔöäÔöäÔöäÔöäÔöäÔöäÔöäÔöäÔöäÔöäÔöäÔöäÔöäÔöäÔöäÔöäÔöäÔöäÔöäÔöäÔöäÔöäÔöäÔöäÔöäÔöäÔöäÔöäÔöäÔöäÔöäÔöäÔöäÔöäÔöäÔöäÔöäÔöäÔöäÔöäÔöäÔöäÔöäÔöäÔöäÔöäÔöäÔöäÔöäÔöäÔöäÔöäÔöäÔöäÔöä[0m
[38;5;12mÔöé ­ƒÆí [Tag] Message 142[0m
[38;5;12mÔööÔöÇÔöÇÔöÇÔöÇÔöÇÔöÇÔöÇÔöÇÔöÇÔöÇÔöÇÔöÇÔöÇÔöÇÔöÇÔöÇÔöÇÔöÇÔöÇÔöÇÔöÇÔöÇÔöÇÔöÇÔöÇÔöÇÔöÇÔöÇÔöÇÔöÇÔöÇÔöÇÔöÇÔöÇÔöÇÔöÇÔöÇÔöÇÔöÇÔöÇÔöÇÔöÇÔöÇÔöÇÔöÇÔöÇÔöÇÔöÇÔöÇÔöÇÔöÇÔöÇÔöÇÔöÇÔöÇÔöÇÔöÇÔöÇÔöÇÔöÇÔöÇÔöÇÔöÇÔöÇÔöÇÔöÇÔöÇÔöÇÔöÇÔöÇÔöÇÔöÇÔöÇÔöÇÔöÇÔöÇÔöÇÔöÇÔöÇ[0m
[38;5;12mÔöîÔöÇÔöÇÔöÇÔöÇÔöÇÔöÇÔöÇÔöÇÔöÇÔöÇÔöÇÔöÇÔöÇÔöÇÔöÇÔöÇÔöÇÔöÇÔöÇÔöÇÔöÇÔöÇÔöÇÔöÇÔöÇÔöÇÔöÇÔöÇÔöÇÔöÇÔöÇÔöÇÔöÇÔöÇÔöÇÔöÇÔöÇÔöÇÔöÇÔöÇÔöÇÔöÇÔöÇÔöÇÔöÇÔöÇÔöÇÔöÇÔöÇÔöÇÔöÇÔöÇÔöÇÔöÇÔöÇÔöÇÔöÇÔöÇÔöÇÔöÇÔöÇÔöÇÔöÇÔöÇÔöÇÔöÇÔöÇÔöÇÔöÇÔöÇÔöÇÔöÇÔöÇÔöÇÔöÇÔöÇÔöÇÔöÇÔöÇ[0m
[38;5;12mÔöé 01:00:45.881 (+0:00:00.019184)[0m
[38;5;12mÔö£ÔöäÔöäÔöäÔöäÔöäÔöäÔöäÔöäÔöäÔöäÔöäÔöäÔöäÔöäÔöäÔöäÔöäÔöäÔöäÔöäÔöäÔöäÔöäÔöäÔöäÔöäÔöäÔöäÔöäÔöäÔöäÔöäÔöäÔöäÔöäÔöäÔöäÔöäÔöäÔöäÔöäÔöäÔöäÔöäÔöäÔöäÔöäÔöäÔöäÔöäÔöäÔöäÔöäÔöäÔöäÔöäÔöäÔöäÔöäÔöäÔöäÔöäÔöäÔöäÔöäÔöäÔöäÔöäÔöäÔöäÔöäÔöäÔöäÔöäÔöäÔöäÔöäÔöäÔöä[0m
[38;5;12mÔöé ­ƒÆí [Tag] Message 143[0m
[38;5;12mÔööÔöÇÔöÇÔöÇÔöÇÔöÇÔöÇÔöÇÔöÇÔöÇÔöÇÔöÇÔöÇÔöÇÔöÇÔöÇÔöÇÔöÇÔöÇÔöÇÔöÇÔöÇÔöÇÔöÇÔöÇÔöÇÔöÇÔöÇÔöÇÔöÇÔöÇÔöÇÔöÇÔöÇÔöÇÔöÇÔöÇÔöÇÔöÇÔöÇÔöÇÔöÇÔöÇÔöÇÔöÇÔöÇÔöÇÔöÇÔöÇÔöÇÔöÇÔöÇÔöÇÔöÇÔöÇÔöÇÔöÇÔöÇÔöÇÔöÇÔöÇÔöÇÔöÇÔöÇÔöÇÔöÇÔöÇÔöÇÔöÇÔöÇÔöÇÔöÇÔöÇÔöÇÔöÇÔöÇÔöÇÔöÇÔöÇÔöÇ[0m
[38;5;12mÔöîÔöÇÔöÇÔöÇÔöÇÔöÇÔöÇÔöÇÔöÇÔöÇÔöÇÔöÇÔöÇÔöÇÔöÇÔöÇÔöÇÔöÇÔöÇÔöÇÔöÇÔöÇÔöÇÔöÇÔöÇÔöÇÔöÇÔöÇÔöÇÔöÇÔöÇÔöÇÔöÇÔöÇÔöÇÔöÇÔöÇÔöÇÔöÇÔöÇÔöÇÔöÇÔöÇÔöÇÔöÇÔöÇÔöÇÔöÇÔöÇÔöÇÔöÇÔöÇÔöÇÔöÇÔöÇÔöÇÔöÇÔöÇÔöÇÔöÇÔöÇÔöÇÔöÇÔöÇÔöÇÔöÇÔöÇÔöÇÔöÇÔöÇÔöÇÔöÇÔöÇÔöÇÔöÇÔöÇÔöÇÔöÇÔöÇÔöÇ[0m
[38;5;12mÔöé 01:00:45.881 (+0:00:00.019184)[0m
[38;5;12mÔö£ÔöäÔöäÔöäÔöäÔöäÔöäÔöäÔöäÔöäÔöäÔöäÔöäÔöäÔöäÔöäÔöäÔöäÔöäÔöäÔöäÔöäÔöäÔöäÔöäÔöäÔöäÔöäÔöäÔöäÔöäÔöäÔöäÔöäÔöäÔöäÔöäÔöäÔöäÔöäÔöäÔöäÔöäÔöäÔöäÔöäÔöäÔöäÔöäÔöäÔöäÔöäÔöäÔöäÔöäÔöäÔöäÔöäÔöäÔöäÔöäÔöäÔöäÔöäÔöäÔöäÔöäÔöäÔöäÔöäÔöäÔöäÔöäÔöäÔöäÔöäÔöäÔöäÔöäÔöä[0m
[38;5;12mÔöé ­ƒÆí [Tag] Message 144[0m
[38;5;12mÔööÔöÇÔöÇÔöÇÔöÇÔöÇÔöÇÔöÇÔöÇÔöÇÔöÇÔöÇÔöÇÔöÇÔöÇÔöÇÔöÇÔöÇÔöÇÔöÇÔöÇÔöÇÔöÇÔöÇÔöÇÔöÇÔöÇÔöÇÔöÇÔöÇÔöÇÔöÇÔöÇÔöÇÔöÇÔöÇÔöÇÔöÇÔöÇÔöÇÔöÇÔöÇÔöÇÔöÇÔöÇÔöÇÔöÇÔöÇÔöÇÔöÇÔöÇÔöÇÔöÇÔöÇÔöÇÔöÇÔöÇÔöÇÔöÇÔöÇÔöÇÔöÇÔöÇÔöÇÔöÇÔöÇÔöÇÔöÇÔöÇÔöÇÔöÇÔöÇÔöÇÔöÇÔöÇÔöÇÔöÇÔöÇÔöÇÔöÇ[0m
[38;5;12mÔöîÔöÇÔöÇÔöÇÔöÇÔöÇÔöÇÔöÇÔöÇÔöÇÔöÇÔöÇÔöÇÔöÇÔöÇÔöÇÔöÇÔöÇÔöÇÔöÇÔöÇÔöÇÔöÇÔöÇÔöÇÔöÇÔöÇÔöÇÔöÇÔöÇÔöÇÔöÇÔöÇÔöÇÔöÇÔöÇÔöÇÔöÇÔöÇÔöÇÔöÇÔöÇÔöÇÔöÇÔöÇÔöÇÔöÇÔöÇÔöÇÔöÇÔöÇÔöÇÔöÇÔöÇÔöÇÔöÇÔöÇÔöÇÔöÇÔöÇÔöÇÔöÇÔöÇÔöÇÔöÇÔöÇÔöÇÔöÇÔöÇÔöÇÔöÇÔöÇÔöÇÔöÇÔöÇÔöÇÔöÇÔöÇÔöÇÔöÇ[0m
[38;5;12mÔöé 01:00:45.881 (+0:00:00.019184)[0m
[38;5;12mÔö£ÔöäÔöäÔöäÔöäÔöäÔöäÔöäÔöäÔöäÔöäÔöäÔöäÔöäÔöäÔöäÔöäÔöäÔöäÔöäÔöäÔöäÔöäÔöäÔöäÔöäÔöäÔöäÔöäÔöäÔöäÔöäÔöäÔöäÔöäÔöäÔöäÔöäÔöäÔöäÔöäÔöäÔöäÔöäÔöäÔöäÔöäÔöäÔöäÔöäÔöäÔöäÔöäÔöäÔöäÔöäÔöäÔöäÔöäÔöäÔöäÔöäÔöäÔöäÔöäÔöäÔöäÔöäÔöäÔöäÔöäÔöäÔöäÔöäÔöäÔöäÔöäÔöäÔöäÔöä[0m
[38;5;12mÔöé ­ƒÆí [Tag] Message 145[0m
[38;5;12mÔööÔöÇÔöÇÔöÇÔöÇÔöÇÔöÇÔöÇÔöÇÔöÇÔöÇÔöÇÔöÇÔöÇÔöÇÔöÇÔöÇÔöÇÔöÇÔöÇÔöÇÔöÇÔöÇÔöÇÔöÇÔöÇÔöÇÔöÇÔöÇÔöÇÔöÇÔöÇÔöÇÔöÇÔöÇÔöÇÔöÇÔöÇÔöÇÔöÇÔöÇÔöÇÔöÇÔöÇÔöÇÔöÇÔöÇÔöÇÔöÇÔöÇÔöÇÔöÇÔöÇÔöÇÔöÇÔöÇÔöÇÔöÇÔöÇÔöÇÔöÇÔöÇÔöÇÔöÇÔöÇÔöÇÔöÇÔöÇÔöÇÔöÇÔöÇÔöÇÔöÇÔöÇÔöÇÔöÇÔöÇÔöÇÔöÇÔöÇ[0m
[38;5;12mÔöîÔöÇÔöÇÔöÇÔöÇÔöÇÔöÇÔöÇÔöÇÔöÇÔöÇÔöÇÔöÇÔöÇÔöÇÔöÇÔöÇÔöÇÔöÇÔöÇÔöÇÔöÇÔöÇÔöÇÔöÇÔöÇÔöÇÔöÇÔöÇÔöÇÔöÇÔöÇÔöÇÔöÇÔöÇÔöÇÔöÇÔöÇÔöÇÔöÇÔöÇÔöÇÔöÇÔöÇÔöÇÔöÇÔöÇÔöÇÔöÇÔöÇÔöÇÔöÇÔöÇÔöÇÔöÇÔöÇÔöÇÔöÇÔöÇÔöÇÔöÇÔöÇÔöÇÔöÇÔöÇÔöÇÔöÇÔöÇÔöÇÔöÇÔöÇÔöÇÔöÇÔöÇÔöÇÔöÇÔöÇÔöÇÔöÇÔöÇ[0m
[38;5;12mÔöé 01:00:45.881 (+0:00:00.019184)[0m
[38;5;12mÔö£ÔöäÔöäÔöäÔöäÔöäÔöäÔöäÔöäÔöäÔöäÔöäÔöäÔöäÔöäÔöäÔöäÔöäÔöäÔöäÔöäÔöäÔöäÔöäÔöäÔöäÔöäÔöäÔöäÔöäÔöäÔöäÔöäÔöäÔöäÔöäÔöäÔöäÔöäÔöäÔöäÔöäÔöäÔöäÔöäÔöäÔöäÔöäÔöäÔöäÔöäÔöäÔöäÔöäÔöäÔöäÔöäÔöäÔöäÔöäÔöäÔöäÔöäÔöäÔöäÔöäÔöäÔöäÔöäÔöäÔöäÔöäÔöäÔöäÔöäÔöäÔöäÔöäÔöäÔöä[0m
[38;5;12mÔöé ­ƒÆí [Tag] Message 146[0m
[38;5;12mÔööÔöÇÔöÇÔöÇÔöÇÔöÇÔöÇÔöÇÔöÇÔöÇÔöÇÔöÇÔöÇÔöÇÔöÇÔöÇÔöÇÔöÇÔöÇÔöÇÔöÇÔöÇÔöÇÔöÇÔöÇÔöÇÔöÇÔöÇÔöÇÔöÇÔöÇÔöÇÔöÇÔöÇÔöÇÔöÇÔöÇÔöÇÔöÇÔöÇÔöÇÔöÇÔöÇÔöÇÔöÇÔöÇÔöÇÔöÇÔöÇÔöÇÔöÇÔöÇÔöÇÔöÇÔöÇÔöÇÔöÇÔöÇÔöÇÔöÇÔöÇÔöÇÔöÇÔöÇÔöÇÔöÇÔöÇÔöÇÔöÇÔöÇÔöÇÔöÇÔöÇÔöÇÔöÇÔöÇÔöÇÔöÇÔöÇÔöÇ[0m
[38;5;12mÔöîÔöÇÔöÇÔöÇÔöÇÔöÇÔöÇÔöÇÔöÇÔöÇÔöÇÔöÇÔöÇÔöÇÔöÇÔöÇÔöÇÔöÇÔöÇÔöÇÔöÇÔöÇÔöÇÔöÇÔöÇÔöÇÔöÇÔöÇÔöÇÔöÇÔöÇÔöÇÔöÇÔöÇÔöÇÔöÇÔöÇÔöÇÔöÇÔöÇÔöÇÔöÇÔöÇÔöÇÔöÇÔöÇÔöÇÔöÇÔöÇÔöÇÔöÇÔöÇÔöÇÔöÇÔöÇÔöÇÔöÇÔöÇÔöÇÔöÇÔöÇÔöÇÔöÇÔöÇÔöÇÔöÇÔöÇÔöÇÔöÇÔöÇÔöÇÔöÇÔöÇÔöÇÔöÇÔöÇÔöÇÔöÇÔöÇÔöÇ[0m
[38;5;12mÔöé 01:00:45.881 (+0:00:00.019184)[0m
[38;5;12mÔö£ÔöäÔöäÔöäÔöäÔöäÔöäÔöäÔöäÔöäÔöäÔöäÔöäÔöäÔöäÔöäÔöäÔöäÔöäÔöäÔöäÔöäÔöäÔöäÔöäÔöäÔöäÔöäÔöäÔöäÔöäÔöäÔöäÔöäÔöäÔöäÔöäÔöäÔöäÔöäÔöäÔöäÔöäÔöäÔöäÔöäÔöäÔöäÔöäÔöäÔöäÔöäÔöäÔöäÔöäÔöäÔöäÔöäÔöäÔöäÔöäÔöäÔöäÔöäÔöäÔöäÔöäÔöäÔöäÔöäÔöäÔöäÔöäÔöäÔöäÔöäÔöäÔöäÔöäÔöä[0m
[38;5;12mÔöé ­ƒÆí [Tag] Message 147[0m
[38;5;12mÔööÔöÇÔöÇÔöÇÔöÇÔöÇÔöÇÔöÇÔöÇÔöÇÔöÇÔöÇÔöÇÔöÇÔöÇÔöÇÔöÇÔöÇÔöÇÔöÇÔöÇÔöÇÔöÇÔöÇÔöÇÔöÇÔöÇÔöÇÔöÇÔöÇÔöÇÔöÇÔöÇÔöÇÔöÇÔöÇÔöÇÔöÇÔöÇÔöÇÔöÇÔöÇÔöÇÔöÇÔöÇÔöÇÔöÇÔöÇÔöÇÔöÇÔöÇÔöÇÔöÇÔöÇÔöÇÔöÇÔöÇÔöÇÔöÇÔöÇÔöÇÔöÇÔöÇÔöÇÔöÇÔöÇÔöÇÔöÇÔöÇÔöÇÔöÇÔöÇÔöÇÔöÇÔöÇÔöÇÔöÇÔöÇÔöÇÔöÇ[0m
[38;5;12mÔöîÔöÇÔöÇÔöÇÔöÇÔöÇÔöÇÔöÇÔöÇÔöÇÔöÇÔöÇÔöÇÔöÇÔöÇÔöÇÔöÇÔöÇÔöÇÔöÇÔöÇÔöÇÔöÇÔöÇÔöÇÔöÇÔöÇÔöÇÔöÇÔöÇÔöÇÔöÇÔöÇÔöÇÔöÇÔöÇÔöÇÔöÇÔöÇÔöÇÔöÇÔöÇÔöÇÔöÇÔöÇÔöÇÔöÇÔöÇÔöÇÔöÇÔöÇÔöÇÔöÇÔöÇÔöÇÔöÇÔöÇÔöÇÔöÇÔöÇÔöÇÔöÇÔöÇÔöÇÔöÇÔöÇÔöÇÔöÇÔöÇÔöÇÔöÇÔöÇÔöÇÔöÇÔöÇÔöÇÔöÇÔöÇÔöÇÔöÇ[0m
[38;5;12mÔöé 01:00:45.881 (+0:00:00.019184)[0m
[38;5;12mÔö£ÔöäÔöäÔöäÔöäÔöäÔöäÔöäÔöäÔöäÔöäÔöäÔöäÔöäÔöäÔöäÔöäÔöäÔöäÔöäÔöäÔöäÔöäÔöäÔöäÔöäÔöäÔöäÔöäÔöäÔöäÔöäÔöäÔöäÔöäÔöäÔöäÔöäÔöäÔöäÔöäÔöäÔöäÔöäÔöäÔöäÔöäÔöäÔöäÔöäÔöäÔöäÔöäÔöäÔöäÔöäÔöäÔöäÔöäÔöäÔöäÔöäÔöäÔöäÔöäÔöäÔöäÔöäÔöäÔöäÔöäÔöäÔöäÔöäÔöäÔöäÔöäÔöäÔöäÔöä[0m
[38;5;12mÔöé ­ƒÆí [Tag] Message 148[0m
[38;5;12mÔööÔöÇÔöÇÔöÇÔöÇÔöÇÔöÇÔöÇÔöÇÔöÇÔöÇÔöÇÔöÇÔöÇÔöÇÔöÇÔöÇÔöÇÔöÇÔöÇÔöÇÔöÇÔöÇÔöÇÔöÇÔöÇÔöÇÔöÇÔöÇÔöÇÔöÇÔöÇÔöÇÔöÇÔöÇÔöÇÔöÇÔöÇÔöÇÔöÇÔöÇÔöÇÔöÇÔöÇÔöÇÔöÇÔöÇÔöÇÔöÇÔöÇÔöÇÔöÇÔöÇÔöÇÔöÇÔöÇÔöÇÔöÇÔöÇÔöÇÔöÇÔöÇÔöÇÔöÇÔöÇÔöÇÔöÇÔöÇÔöÇÔöÇÔöÇÔöÇÔöÇÔöÇÔöÇÔöÇÔöÇÔöÇÔöÇÔöÇ[0m
[38;5;12mÔöîÔöÇÔöÇÔöÇÔöÇÔöÇÔöÇÔöÇÔöÇÔöÇÔöÇÔöÇÔöÇÔöÇÔöÇÔöÇÔöÇÔöÇÔöÇÔöÇÔöÇÔöÇÔöÇÔöÇÔöÇÔöÇÔöÇÔöÇÔöÇÔöÇÔöÇÔöÇÔöÇÔöÇÔöÇÔöÇÔöÇÔöÇÔöÇÔöÇÔöÇÔöÇÔöÇÔöÇÔöÇÔöÇÔöÇÔöÇÔöÇÔöÇÔöÇÔöÇÔöÇÔöÇÔöÇÔöÇÔöÇÔöÇÔöÇÔöÇÔöÇÔöÇÔöÇÔöÇÔöÇÔöÇÔöÇÔöÇÔöÇÔöÇÔöÇÔöÇÔöÇÔöÇÔöÇÔöÇÔöÇÔöÇÔöÇÔöÇ[0m
[38;5;12mÔöé 01:00:45.882 (+0:00:00.019755)[0m
[38;5;12mÔö£ÔöäÔöäÔöäÔöäÔöäÔöäÔöäÔöäÔöäÔöäÔöäÔöäÔöäÔöäÔöäÔöäÔöäÔöäÔöäÔöäÔöäÔöäÔöäÔöäÔöäÔöäÔöäÔöäÔöäÔöäÔöäÔöäÔöäÔöäÔöäÔöäÔöäÔöäÔöäÔöäÔöäÔöäÔöäÔöäÔöäÔöäÔöäÔöäÔöäÔöäÔöäÔöäÔöäÔöäÔöäÔöäÔöäÔöäÔöäÔöäÔöäÔöäÔöäÔöäÔöäÔöäÔöäÔöäÔöäÔöäÔöäÔöäÔöäÔöäÔöäÔöäÔöäÔöäÔöä[0m
[38;5;12mÔöé ­ƒÆí [Tag] Message 149[0m
[38;5;12mÔööÔöÇÔöÇÔöÇÔöÇÔöÇÔöÇÔöÇÔöÇÔöÇÔöÇÔöÇÔöÇÔöÇÔöÇÔöÇÔöÇÔöÇÔöÇÔöÇÔöÇÔöÇÔöÇÔöÇÔöÇÔöÇÔöÇÔöÇÔöÇÔöÇÔöÇÔöÇÔöÇÔöÇÔöÇÔöÇÔöÇÔöÇÔöÇÔöÇÔöÇÔöÇÔöÇÔöÇÔöÇÔöÇÔöÇÔöÇÔöÇÔöÇÔöÇÔöÇÔöÇÔöÇÔöÇÔöÇÔöÇÔöÇÔöÇÔöÇÔöÇÔöÇÔöÇÔöÇÔöÇÔöÇÔöÇÔöÇÔöÇÔöÇÔöÇÔöÇÔöÇÔöÇÔöÇÔöÇÔöÇÔöÇÔöÇÔöÇ[0m
[38;5;12mÔöîÔöÇÔöÇÔöÇÔöÇÔöÇÔöÇÔöÇÔöÇÔöÇÔöÇÔöÇÔöÇÔöÇÔöÇÔöÇÔöÇÔöÇÔöÇÔöÇÔöÇÔöÇÔöÇÔöÇÔöÇÔöÇÔöÇÔöÇÔöÇÔöÇÔöÇÔöÇÔöÇÔöÇÔöÇÔöÇÔöÇÔöÇÔöÇÔöÇÔöÇÔöÇÔöÇÔöÇÔöÇÔöÇÔöÇÔöÇÔöÇÔöÇÔöÇÔöÇÔöÇÔöÇÔöÇÔöÇÔöÇÔöÇÔöÇÔöÇÔöÇÔöÇÔöÇÔöÇÔöÇÔöÇÔöÇÔöÇÔöÇÔöÇÔöÇÔöÇÔöÇÔöÇÔöÇÔöÇÔöÇÔöÇÔöÇÔöÇ[0m
[38;5;12mÔöé 01:00:45.882 (+0:00:00.019755)[0m
[38;5;12mÔö£ÔöäÔöäÔöäÔöäÔöäÔöäÔöäÔöäÔöäÔöäÔöäÔöäÔöäÔöäÔöäÔöäÔöäÔöäÔöäÔöäÔöäÔöäÔöäÔöäÔöäÔöäÔöäÔöäÔöäÔöäÔöäÔöäÔöäÔöäÔöäÔöäÔöäÔöäÔöäÔöäÔöäÔöäÔöäÔöäÔöäÔöäÔöäÔöäÔöäÔöäÔöäÔöäÔöäÔöäÔöäÔöäÔöäÔöäÔöäÔöäÔöäÔöäÔöäÔöäÔöäÔöäÔöäÔöäÔöäÔöäÔöäÔöäÔöäÔöäÔöäÔöäÔöäÔöäÔöä[0m
[38;5;12mÔöé ­ƒÆí [Tag] Message 150[0m
[38;5;12mÔööÔöÇÔöÇÔöÇÔöÇÔöÇÔöÇÔöÇÔöÇÔöÇÔöÇÔöÇÔöÇÔöÇÔöÇÔöÇÔöÇÔöÇÔöÇÔöÇÔöÇÔöÇÔöÇÔöÇÔöÇÔöÇÔöÇÔöÇÔöÇÔöÇÔöÇÔöÇÔöÇÔöÇÔöÇÔöÇÔöÇÔöÇÔöÇÔöÇÔöÇÔöÇÔöÇÔöÇÔöÇÔöÇÔöÇÔöÇÔöÇÔöÇÔöÇÔöÇÔöÇÔöÇÔöÇÔöÇÔöÇÔöÇÔöÇÔöÇÔöÇÔöÇÔöÇÔöÇÔöÇÔöÇÔöÇÔöÇÔöÇÔöÇÔöÇÔöÇÔöÇÔöÇÔöÇÔöÇÔöÇÔöÇÔöÇÔöÇ[0m
[38;5;12mÔöîÔöÇÔöÇÔöÇÔöÇÔöÇÔöÇÔöÇÔöÇÔöÇÔöÇÔöÇÔöÇÔöÇÔöÇÔöÇÔöÇÔöÇÔöÇÔöÇÔöÇÔöÇÔöÇÔöÇÔöÇÔöÇÔöÇÔöÇÔöÇÔöÇÔöÇÔöÇÔöÇÔöÇÔöÇÔöÇÔöÇÔöÇÔöÇÔöÇÔöÇÔöÇÔöÇÔöÇÔöÇÔöÇÔöÇÔöÇÔöÇÔöÇÔöÇÔöÇÔöÇÔöÇÔöÇÔöÇÔöÇÔöÇÔöÇÔöÇÔöÇÔöÇÔöÇÔöÇÔöÇÔöÇÔöÇÔöÇÔöÇÔöÇÔöÇÔöÇÔöÇÔöÇÔöÇÔöÇÔöÇÔöÇÔöÇÔöÇ[0m
[38;5;12mÔöé 01:00:45.882 (+0:00:00.019755)[0m
[38;5;12mÔö£ÔöäÔöäÔöäÔöäÔöäÔöäÔöäÔöäÔöäÔöäÔöäÔöäÔöäÔöäÔöäÔöäÔöäÔöäÔöäÔöäÔöäÔöäÔöäÔöäÔöäÔöäÔöäÔöäÔöäÔöäÔöäÔöäÔöäÔöäÔöäÔöäÔöäÔöäÔöäÔöäÔöäÔöäÔöäÔöäÔöäÔöäÔöäÔöäÔöäÔöäÔöäÔöäÔöäÔöäÔöäÔöäÔöäÔöäÔöäÔöäÔöäÔöäÔöäÔöäÔöäÔöäÔöäÔöäÔöäÔöäÔöäÔöäÔöäÔöäÔöäÔöäÔöäÔöäÔöä[0m
[38;5;12mÔöé ­ƒÆí [Tag] Message 151[0m
[38;5;12mÔööÔöÇÔöÇÔöÇÔöÇÔöÇÔöÇÔöÇÔöÇÔöÇÔöÇÔöÇÔöÇÔöÇÔöÇÔöÇÔöÇÔöÇÔöÇÔöÇÔöÇÔöÇÔöÇÔöÇÔöÇÔöÇÔöÇÔöÇÔöÇÔöÇÔöÇÔöÇÔöÇÔöÇÔöÇÔöÇÔöÇÔöÇÔöÇÔöÇÔöÇÔöÇÔöÇÔöÇÔöÇÔöÇÔöÇÔöÇÔöÇÔöÇÔöÇÔöÇÔöÇÔöÇÔöÇÔöÇÔöÇÔöÇÔöÇÔöÇÔöÇÔöÇÔöÇÔöÇÔöÇÔöÇÔöÇÔöÇÔöÇÔöÇÔöÇÔöÇÔöÇÔöÇÔöÇÔöÇÔöÇÔöÇÔöÇÔöÇ[0m
[38;5;12mÔöîÔöÇÔöÇÔöÇÔöÇÔöÇÔöÇÔöÇÔöÇÔöÇÔöÇÔöÇÔöÇÔöÇÔöÇÔöÇÔöÇÔöÇÔöÇÔöÇÔöÇÔöÇÔöÇÔöÇÔöÇÔöÇÔöÇÔöÇÔöÇÔöÇÔöÇÔöÇÔöÇÔöÇÔöÇÔöÇÔöÇÔöÇÔöÇÔöÇÔöÇÔöÇÔöÇÔöÇÔöÇÔöÇÔöÇÔöÇÔöÇÔöÇÔöÇÔöÇÔöÇÔöÇÔöÇÔöÇÔöÇÔöÇÔöÇÔöÇÔöÇÔöÇÔöÇÔöÇÔöÇÔöÇÔöÇÔöÇÔöÇÔöÇÔöÇÔöÇÔöÇÔöÇÔöÇÔöÇÔöÇÔöÇÔöÇÔöÇ[0m
[38;5;12mÔöé 01:00:45.882 (+0:00:00.019755)[0m
[38;5;12mÔö£ÔöäÔöäÔöäÔöäÔöäÔöäÔöäÔöäÔöäÔöäÔöäÔöäÔöäÔöäÔöäÔöäÔöäÔöäÔöäÔöäÔöäÔöäÔöäÔöäÔöäÔöäÔöäÔöäÔöäÔöäÔöäÔöäÔöäÔöäÔöäÔöäÔöäÔöäÔöäÔöäÔöäÔöäÔöäÔöäÔöäÔöäÔöäÔöäÔöäÔöäÔöäÔöäÔöäÔöäÔöäÔöäÔöäÔöäÔöäÔöäÔöäÔöäÔöäÔöäÔöäÔöäÔöäÔöäÔöäÔöäÔöäÔöäÔöäÔöäÔöäÔöäÔöäÔöäÔöä[0m
[38;5;12mÔöé ­ƒÆí [Tag] Message 152[0m
[38;5;12mÔööÔöÇÔöÇÔöÇÔöÇÔöÇÔöÇÔöÇÔöÇÔöÇÔöÇÔöÇÔöÇÔöÇÔöÇÔöÇÔöÇÔöÇÔöÇÔöÇÔöÇÔöÇÔöÇÔöÇÔöÇÔöÇÔöÇÔöÇÔöÇÔöÇÔöÇÔöÇÔöÇÔöÇÔöÇÔöÇÔöÇÔöÇÔöÇÔöÇÔöÇÔöÇÔöÇÔöÇÔöÇÔöÇÔöÇÔöÇÔöÇÔöÇÔöÇÔöÇÔöÇÔöÇÔöÇÔöÇÔöÇÔöÇÔöÇÔöÇÔöÇÔöÇÔöÇÔöÇÔöÇÔöÇÔöÇÔöÇÔöÇÔöÇÔöÇÔöÇÔöÇÔöÇÔöÇÔöÇÔöÇÔöÇÔöÇÔöÇ[0m
[38;5;12mÔöîÔöÇÔöÇÔöÇÔöÇÔöÇÔöÇÔöÇÔöÇÔöÇÔöÇÔöÇÔöÇÔöÇÔöÇÔöÇÔöÇÔöÇÔöÇÔöÇÔöÇÔöÇÔöÇÔöÇÔöÇÔöÇÔöÇÔöÇÔöÇÔöÇÔöÇÔöÇÔöÇÔöÇÔöÇÔöÇÔöÇÔöÇÔöÇÔöÇÔöÇÔöÇÔöÇÔöÇÔöÇÔöÇÔöÇÔöÇÔöÇÔöÇÔöÇÔöÇÔöÇÔöÇÔöÇÔöÇÔöÇÔöÇÔöÇÔöÇÔöÇÔöÇÔöÇÔöÇÔöÇÔöÇÔöÇÔöÇÔöÇÔöÇÔöÇÔöÇÔöÇÔöÇÔöÇÔöÇÔöÇÔöÇÔöÇÔöÇ[0m
[38;5;12mÔöé 01:00:45.882 (+0:00:00.019755)[0m
[38;5;12mÔö£ÔöäÔöäÔöäÔöäÔöäÔöäÔöäÔöäÔöäÔöäÔöäÔöäÔöäÔöäÔöäÔöäÔöäÔöäÔöäÔöäÔöäÔöäÔöäÔöäÔöäÔöäÔöäÔöäÔöäÔöäÔöäÔöäÔöäÔöäÔöäÔöäÔöäÔöäÔöäÔöäÔöäÔöäÔöäÔöäÔöäÔöäÔöäÔöäÔöäÔöäÔöäÔöäÔöäÔöäÔöäÔöäÔöäÔöäÔöäÔöäÔöäÔöäÔöäÔöäÔöäÔöäÔöäÔöäÔöäÔöäÔöäÔöäÔöäÔöäÔöäÔöäÔöäÔöäÔöä[0m
[38;5;12mÔöé ­ƒÆí [Tag] Message 153[0m
[38;5;12mÔööÔöÇÔöÇÔöÇÔöÇÔöÇÔöÇÔöÇÔöÇÔöÇÔöÇÔöÇÔöÇÔöÇÔöÇÔöÇÔöÇÔöÇÔöÇÔöÇÔöÇÔöÇÔöÇÔöÇÔöÇÔöÇÔöÇÔöÇÔöÇÔöÇÔöÇÔöÇÔöÇÔöÇÔöÇÔöÇÔöÇÔöÇÔöÇÔöÇÔöÇÔöÇÔöÇÔöÇÔöÇÔöÇÔöÇÔöÇÔöÇÔöÇÔöÇÔöÇÔöÇÔöÇÔöÇÔöÇÔöÇÔöÇÔöÇÔöÇÔöÇÔöÇÔöÇÔöÇÔöÇÔöÇÔöÇÔöÇÔöÇÔöÇÔöÇÔöÇÔöÇÔöÇÔöÇÔöÇÔöÇÔöÇÔöÇÔöÇ[0m
[38;5;12mÔöîÔöÇÔöÇÔöÇÔöÇÔöÇÔöÇÔöÇÔöÇÔöÇÔöÇÔöÇÔöÇÔöÇÔöÇÔöÇÔöÇÔöÇÔöÇÔöÇÔöÇÔöÇÔöÇÔöÇÔöÇÔöÇÔöÇÔöÇÔöÇÔöÇÔöÇÔöÇÔöÇÔöÇÔöÇÔöÇÔöÇÔöÇÔöÇÔöÇÔöÇÔöÇÔöÇÔöÇÔöÇÔöÇÔöÇÔöÇÔöÇÔöÇÔöÇÔöÇÔöÇÔöÇÔöÇÔöÇÔöÇÔöÇÔöÇÔöÇÔöÇÔöÇÔöÇÔöÇÔöÇÔöÇÔöÇÔöÇÔöÇÔöÇÔöÇÔöÇÔöÇÔöÇÔöÇÔöÇÔöÇÔöÇÔöÇÔöÇ[0m
[38;5;12mÔöé 01:00:45.882 (+0:00:00.019755)[0m
[38;5;12mÔö£ÔöäÔöäÔöäÔöäÔöäÔöäÔöäÔöäÔöäÔöäÔöäÔöäÔöäÔöäÔöäÔöäÔöäÔöäÔöäÔöäÔöäÔöäÔöäÔöäÔöäÔöäÔöäÔöäÔöäÔöäÔöäÔöäÔöäÔöäÔöäÔöäÔöäÔöäÔöäÔöäÔöäÔöäÔöäÔöäÔöäÔöäÔöäÔöäÔöäÔöäÔöäÔöäÔöäÔöäÔöäÔöäÔöäÔöäÔöäÔöäÔöäÔöäÔöäÔöäÔöäÔöäÔöäÔöäÔöäÔöäÔöäÔöäÔöäÔöäÔöäÔöäÔöäÔöäÔöä[0m
[38;5;12mÔöé ­ƒÆí [Tag] Message 154[0m
[38;5;12mÔööÔöÇÔöÇÔöÇÔöÇÔöÇÔöÇÔöÇÔöÇÔöÇÔöÇÔöÇÔöÇÔöÇÔöÇÔöÇÔöÇÔöÇÔöÇÔöÇÔöÇÔöÇÔöÇÔöÇÔöÇÔöÇÔöÇÔöÇÔöÇÔöÇÔöÇÔöÇÔöÇÔöÇÔöÇÔöÇÔöÇÔöÇÔöÇÔöÇÔöÇÔöÇÔöÇÔöÇÔöÇÔöÇÔöÇÔöÇÔöÇÔöÇÔöÇÔöÇÔöÇÔöÇÔöÇÔöÇÔöÇÔöÇÔöÇÔöÇÔöÇÔöÇÔöÇÔöÇÔöÇÔöÇÔöÇÔöÇÔöÇÔöÇÔöÇÔöÇÔöÇÔöÇÔöÇÔöÇÔöÇÔöÇÔöÇÔöÇ[0m
[38;5;12mÔöîÔöÇÔöÇÔöÇÔöÇÔöÇÔöÇÔöÇÔöÇÔöÇÔöÇÔöÇÔöÇÔöÇÔöÇÔöÇÔöÇÔöÇÔöÇÔöÇÔöÇÔöÇÔöÇÔöÇÔöÇÔöÇÔöÇÔöÇÔöÇÔöÇÔöÇÔöÇÔöÇÔöÇÔöÇÔöÇÔöÇÔöÇÔöÇÔöÇÔöÇÔöÇÔöÇÔöÇÔöÇÔöÇÔöÇÔöÇÔöÇÔöÇÔöÇÔöÇÔöÇÔöÇÔöÇÔöÇÔöÇÔöÇÔöÇÔöÇÔöÇÔöÇÔöÇÔöÇÔöÇÔöÇÔöÇÔöÇÔöÇÔöÇÔöÇÔöÇÔöÇÔöÇÔöÇÔöÇÔöÇÔöÇÔöÇÔöÇ[0m
[38;5;12mÔöé 01:00:45.882 (+0:00:00.019755)[0m
[38;5;12mÔö£ÔöäÔöäÔöäÔöäÔöäÔöäÔöäÔöäÔöäÔöäÔöäÔöäÔöäÔöäÔöäÔöäÔöäÔöäÔöäÔöäÔöäÔöäÔöäÔöäÔöäÔöäÔöäÔöäÔöäÔöäÔöäÔöäÔöäÔöäÔöäÔöäÔöäÔöäÔöäÔöäÔöäÔöäÔöäÔöäÔöäÔöäÔöäÔöäÔöäÔöäÔöäÔöäÔöäÔöäÔöäÔöäÔöäÔöäÔöäÔöäÔöäÔöäÔöäÔöäÔöäÔöäÔöäÔöäÔöäÔöäÔöäÔöäÔöäÔöäÔöäÔöäÔöäÔöäÔöä[0m
[38;5;12mÔöé ­ƒÆí [Tag] Message 155[0m
[38;5;12mÔööÔöÇÔöÇÔöÇÔöÇÔöÇÔöÇÔöÇÔöÇÔöÇÔöÇÔöÇÔöÇÔöÇÔöÇÔöÇÔöÇÔöÇÔöÇÔöÇÔöÇÔöÇÔöÇÔöÇÔöÇÔöÇÔöÇÔöÇÔöÇÔöÇÔöÇÔöÇÔöÇÔöÇÔöÇÔöÇÔöÇÔöÇÔöÇÔöÇÔöÇÔöÇÔöÇÔöÇÔöÇÔöÇÔöÇÔöÇÔöÇÔöÇÔöÇÔöÇÔöÇÔöÇÔöÇÔöÇÔöÇÔöÇÔöÇÔöÇÔöÇÔöÇÔöÇÔöÇÔöÇÔöÇÔöÇÔöÇÔöÇÔöÇÔöÇÔöÇÔöÇÔöÇÔöÇÔöÇÔöÇÔöÇÔöÇÔöÇ[0m
[38;5;12mÔöîÔöÇÔöÇÔöÇÔöÇÔöÇÔöÇÔöÇÔöÇÔöÇÔöÇÔöÇÔöÇÔöÇÔöÇÔöÇÔöÇÔöÇÔöÇÔöÇÔöÇÔöÇÔöÇÔöÇÔöÇÔöÇÔöÇÔöÇÔöÇÔöÇÔöÇÔöÇÔöÇÔöÇÔöÇÔöÇÔöÇÔöÇÔöÇÔöÇÔöÇÔöÇÔöÇÔöÇÔöÇÔöÇÔöÇÔöÇÔöÇÔöÇÔöÇÔöÇÔöÇÔöÇÔöÇÔöÇÔöÇÔöÇÔöÇÔöÇÔöÇÔöÇÔöÇÔöÇÔöÇÔöÇÔöÇÔöÇÔöÇÔöÇÔöÇÔöÇÔöÇÔöÇÔöÇÔöÇÔöÇÔöÇÔöÇÔöÇ[0m
[38;5;12mÔöé 01:00:45.882 (+0:00:00.019755)[0m
[38;5;12mÔö£ÔöäÔöäÔöäÔöäÔöäÔöäÔöäÔöäÔöäÔöäÔöäÔöäÔöäÔöäÔöäÔöäÔöäÔöäÔöäÔöäÔöäÔöäÔöäÔöäÔöäÔöäÔöäÔöäÔöäÔöäÔöäÔöäÔöäÔöäÔöäÔöäÔöäÔöäÔöäÔöäÔöäÔöäÔöäÔöäÔöäÔöäÔöäÔöäÔöäÔöäÔöäÔöäÔöäÔöäÔöäÔöäÔöäÔöäÔöäÔöäÔöäÔöäÔöäÔöäÔöäÔöäÔöäÔöäÔöäÔöäÔöäÔöäÔöäÔöäÔöäÔöäÔöäÔöäÔöä[0m
[38;5;12mÔöé ­ƒÆí [Tag] Message 156[0m
[38;5;12mÔööÔöÇÔöÇÔöÇÔöÇÔöÇÔöÇÔöÇÔöÇÔöÇÔöÇÔöÇÔöÇÔöÇÔöÇÔöÇÔöÇÔöÇÔöÇÔöÇÔöÇÔöÇÔöÇÔöÇÔöÇÔöÇÔöÇÔöÇÔöÇÔöÇÔöÇÔöÇÔöÇÔöÇÔöÇÔöÇÔöÇÔöÇÔöÇÔöÇÔöÇÔöÇÔöÇÔöÇÔöÇÔöÇÔöÇÔöÇÔöÇÔöÇÔöÇÔöÇÔöÇÔöÇÔöÇÔöÇÔöÇÔöÇÔöÇÔöÇÔöÇÔöÇÔöÇÔöÇÔöÇÔöÇÔöÇÔöÇÔöÇÔöÇÔöÇÔöÇÔöÇÔöÇÔöÇÔöÇÔöÇÔöÇÔöÇÔöÇ[0m
[38;5;12mÔöîÔöÇÔöÇÔöÇÔöÇÔöÇÔöÇÔöÇÔöÇÔöÇÔöÇÔöÇÔöÇÔöÇÔöÇÔöÇÔöÇÔöÇÔöÇÔöÇÔöÇÔöÇÔöÇÔöÇÔöÇÔöÇÔöÇÔöÇÔöÇÔöÇÔöÇÔöÇÔöÇÔöÇÔöÇÔöÇÔöÇÔöÇÔöÇÔöÇÔöÇÔöÇÔöÇÔöÇÔöÇÔöÇÔöÇÔöÇÔöÇÔöÇÔöÇÔöÇÔöÇÔöÇÔöÇÔöÇÔöÇÔöÇÔöÇÔöÇÔöÇÔöÇÔöÇÔöÇÔöÇÔöÇÔöÇÔöÇÔöÇÔöÇÔöÇÔöÇÔöÇÔöÇÔöÇÔöÇÔöÇÔöÇÔöÇÔöÇ[0m
[38;5;12mÔöé 01:00:45.882 (+0:00:00.019755)[0m
[38;5;12mÔö£ÔöäÔöäÔöäÔöäÔöäÔöäÔöäÔöäÔöäÔöäÔöäÔöäÔöäÔöäÔöäÔöäÔöäÔöäÔöäÔöäÔöäÔöäÔöäÔöäÔöäÔöäÔöäÔöäÔöäÔöäÔöäÔöäÔöäÔöäÔöäÔöäÔöäÔöäÔöäÔöäÔöäÔöäÔöäÔöäÔöäÔöäÔöäÔöäÔöäÔöäÔöäÔöäÔöäÔöäÔöäÔöäÔöäÔöäÔöäÔöäÔöäÔöäÔöäÔöäÔöäÔöäÔöäÔöäÔöäÔöäÔöäÔöäÔöäÔöäÔöäÔöäÔöäÔöäÔöä[0m
[38;5;12mÔöé ­ƒÆí [Tag] Message 157[0m
[38;5;12mÔööÔöÇÔöÇÔöÇÔöÇÔöÇÔöÇÔöÇÔöÇÔöÇÔöÇÔöÇÔöÇÔöÇÔöÇÔöÇÔöÇÔöÇÔöÇÔöÇÔöÇÔöÇÔöÇÔöÇÔöÇÔöÇÔöÇÔöÇÔöÇÔöÇÔöÇÔöÇÔöÇÔöÇÔöÇÔöÇÔöÇÔöÇÔöÇÔöÇÔöÇÔöÇÔöÇÔöÇÔöÇÔöÇÔöÇÔöÇÔöÇÔöÇÔöÇÔöÇÔöÇÔöÇÔöÇÔöÇÔöÇÔöÇÔöÇÔöÇÔöÇÔöÇÔöÇÔöÇÔöÇÔöÇÔöÇÔöÇÔöÇÔöÇÔöÇÔöÇÔöÇÔöÇÔöÇÔöÇÔöÇÔöÇÔöÇÔöÇ[0m
[38;5;12mÔöîÔöÇÔöÇÔöÇÔöÇÔöÇÔöÇÔöÇÔöÇÔöÇÔöÇÔöÇÔöÇÔöÇÔöÇÔöÇÔöÇÔöÇÔöÇÔöÇÔöÇÔöÇÔöÇÔöÇÔöÇÔöÇÔöÇÔöÇÔöÇÔöÇÔöÇÔöÇÔöÇÔöÇÔöÇÔöÇÔöÇÔöÇÔöÇÔöÇÔöÇÔöÇÔöÇÔöÇÔöÇÔöÇÔöÇÔöÇÔöÇÔöÇÔöÇÔöÇÔöÇÔöÇÔöÇÔöÇÔöÇÔöÇÔöÇÔöÇÔöÇÔöÇÔöÇÔöÇÔöÇÔöÇÔöÇÔöÇÔöÇÔöÇÔöÇÔöÇÔöÇÔöÇÔöÇÔöÇÔöÇÔöÇÔöÇÔöÇ[0m
[38;5;12mÔöé 01:00:45.882 (+0:00:00.019755)[0m
[38;5;12mÔö£ÔöäÔöäÔöäÔöäÔöäÔöäÔöäÔöäÔöäÔöäÔöäÔöäÔöäÔöäÔöäÔöäÔöäÔöäÔöäÔöäÔöäÔöäÔöäÔöäÔöäÔöäÔöäÔöäÔöäÔöäÔöäÔöäÔöäÔöäÔöäÔöäÔöäÔöäÔöäÔöäÔöäÔöäÔöäÔöäÔöäÔöäÔöäÔöäÔöäÔöäÔöäÔöäÔöäÔöäÔöäÔöäÔöäÔöäÔöäÔöäÔöäÔöäÔöäÔöäÔöäÔöäÔöäÔöäÔöäÔöäÔöäÔöäÔöäÔöäÔöäÔöäÔöäÔöäÔöä[0m
[38;5;12mÔöé ­ƒÆí [Tag] Message 158[0m
[38;5;12mÔööÔöÇÔöÇÔöÇÔöÇÔöÇÔöÇÔöÇÔöÇÔöÇÔöÇÔöÇÔöÇÔöÇÔöÇÔöÇÔöÇÔöÇÔöÇÔöÇÔöÇÔöÇÔöÇÔöÇÔöÇÔöÇÔöÇÔöÇÔöÇÔöÇÔöÇÔöÇÔöÇÔöÇÔöÇÔöÇÔöÇÔöÇÔöÇÔöÇÔöÇÔöÇÔöÇÔöÇÔöÇÔöÇÔöÇÔöÇÔöÇÔöÇÔöÇÔöÇÔöÇÔöÇÔöÇÔöÇÔöÇÔöÇÔöÇÔöÇÔöÇÔöÇÔöÇÔöÇÔöÇÔöÇÔöÇÔöÇÔöÇÔöÇÔöÇÔöÇÔöÇÔöÇÔöÇÔöÇÔöÇÔöÇÔöÇÔöÇ[0m
[38;5;12mÔöîÔöÇÔöÇÔöÇÔöÇÔöÇÔöÇÔöÇÔöÇÔöÇÔöÇÔöÇÔöÇÔöÇÔöÇÔöÇÔöÇÔöÇÔöÇÔöÇÔöÇÔöÇÔöÇÔöÇÔöÇÔöÇÔöÇÔöÇÔöÇÔöÇÔöÇÔöÇÔöÇÔöÇÔöÇÔöÇÔöÇÔöÇÔöÇÔöÇÔöÇÔöÇÔöÇÔöÇÔöÇÔöÇÔöÇÔöÇÔöÇÔöÇÔöÇÔöÇÔöÇÔöÇÔöÇÔöÇÔöÇÔöÇÔöÇÔöÇÔöÇÔöÇÔöÇÔöÇÔöÇÔöÇÔöÇÔöÇÔöÇÔöÇÔöÇÔöÇÔöÇÔöÇÔöÇÔöÇÔöÇÔöÇÔöÇÔöÇ[0m
[38;5;12mÔöé 01:00:45.882 (+0:00:00.019755)[0m
[38;5;12mÔö£ÔöäÔöäÔöäÔöäÔöäÔöäÔöäÔöäÔöäÔöäÔöäÔöäÔöäÔöäÔöäÔöäÔöäÔöäÔöäÔöäÔöäÔöäÔöäÔöäÔöäÔöäÔöäÔöäÔöäÔöäÔöäÔöäÔöäÔöäÔöäÔöäÔöäÔöäÔöäÔöäÔöäÔöäÔöäÔöäÔöäÔöäÔöäÔöäÔöäÔöäÔöäÔöäÔöäÔöäÔöäÔöäÔöäÔöäÔöäÔöäÔöäÔöäÔöäÔöäÔöäÔöäÔöäÔöäÔöäÔöäÔöäÔöäÔöäÔöäÔöäÔöäÔöäÔöäÔöä[0m
[38;5;12mÔöé ­ƒÆí [Tag] Message 159[0m
[38;5;12mÔööÔöÇÔöÇÔöÇÔöÇÔöÇÔöÇÔöÇÔöÇÔöÇÔöÇÔöÇÔöÇÔöÇÔöÇÔöÇÔöÇÔöÇÔöÇÔöÇÔöÇÔöÇÔöÇÔöÇÔöÇÔöÇÔöÇÔöÇÔöÇÔöÇÔöÇÔöÇÔöÇÔöÇÔöÇÔöÇÔöÇÔöÇÔöÇÔöÇÔöÇÔöÇÔöÇÔöÇÔöÇÔöÇÔöÇÔöÇÔöÇÔöÇÔöÇÔöÇÔöÇÔöÇÔöÇÔöÇÔöÇÔöÇÔöÇÔöÇÔöÇÔöÇÔöÇÔöÇÔöÇÔöÇÔöÇÔöÇÔöÇÔöÇÔöÇÔöÇÔöÇÔöÇÔöÇÔöÇÔöÇÔöÇÔöÇÔöÇ[0m
[38;5;12mÔöîÔöÇÔöÇÔöÇÔöÇÔöÇÔöÇÔöÇÔöÇÔöÇÔöÇÔöÇÔöÇÔöÇÔöÇÔöÇÔöÇÔöÇÔöÇÔöÇÔöÇÔöÇÔöÇÔöÇÔöÇÔöÇÔöÇÔöÇÔöÇÔöÇÔöÇÔöÇÔöÇÔöÇÔöÇÔöÇÔöÇÔöÇÔöÇÔöÇÔöÇÔöÇÔöÇÔöÇÔöÇÔöÇÔöÇÔöÇÔöÇÔöÇÔöÇÔöÇÔöÇÔöÇÔöÇÔöÇÔöÇÔöÇÔöÇÔöÇÔöÇÔöÇÔöÇÔöÇÔöÇÔöÇÔöÇÔöÇÔöÇÔöÇÔöÇÔöÇÔöÇÔöÇÔöÇÔöÇÔöÇÔöÇÔöÇÔöÇ[0m
[38;5;12mÔöé 01:00:45.882 (+0:00:00.019755)[0m
[38;5;12mÔö£ÔöäÔöäÔöäÔöäÔöäÔöäÔöäÔöäÔöäÔöäÔöäÔöäÔöäÔöäÔöäÔöäÔöäÔöäÔöäÔöäÔöäÔöäÔöäÔöäÔöäÔöäÔöäÔöäÔöäÔöäÔöäÔöäÔöäÔöäÔöäÔöäÔöäÔöäÔöäÔöäÔöäÔöäÔöäÔöäÔöäÔöäÔöäÔöäÔöäÔöäÔöäÔöäÔöäÔöäÔöäÔöäÔöäÔöäÔöäÔöäÔöäÔöäÔöäÔöäÔöäÔöäÔöäÔöäÔöäÔöäÔöäÔöäÔöäÔöäÔöäÔöäÔöäÔöäÔöä[0m
[38;5;12mÔöé ­ƒÆí [Tag] Message 160[0m
[38;5;12mÔööÔöÇÔöÇÔöÇÔöÇÔöÇÔöÇÔöÇÔöÇÔöÇÔöÇÔöÇÔöÇÔöÇÔöÇÔöÇÔöÇÔöÇÔöÇÔöÇÔöÇÔöÇÔöÇÔöÇÔöÇÔöÇÔöÇÔöÇÔöÇÔöÇÔöÇÔöÇÔöÇÔöÇÔöÇÔöÇÔöÇÔöÇÔöÇÔöÇÔöÇÔöÇÔöÇÔöÇÔöÇÔöÇÔöÇÔöÇÔöÇÔöÇÔöÇÔöÇÔöÇÔöÇÔöÇÔöÇÔöÇÔöÇÔöÇÔöÇÔöÇÔöÇÔöÇÔöÇÔöÇÔöÇÔöÇÔöÇÔöÇÔöÇÔöÇÔöÇÔöÇÔöÇÔöÇÔöÇÔöÇÔöÇÔöÇÔöÇ[0m
[38;5;12mÔöîÔöÇÔöÇÔöÇÔöÇÔöÇÔöÇÔöÇÔöÇÔöÇÔöÇÔöÇÔöÇÔöÇÔöÇÔöÇÔöÇÔöÇÔöÇÔöÇÔöÇÔöÇÔöÇÔöÇÔöÇÔöÇÔöÇÔöÇÔöÇÔöÇÔöÇÔöÇÔöÇÔöÇÔöÇÔöÇÔöÇÔöÇÔöÇÔöÇÔöÇÔöÇÔöÇÔöÇÔöÇÔöÇÔöÇÔöÇÔöÇÔöÇÔöÇÔöÇÔöÇÔöÇÔöÇÔöÇÔöÇÔöÇÔöÇÔöÇÔöÇÔöÇÔöÇÔöÇÔöÇÔöÇÔöÇÔöÇÔöÇÔöÇÔöÇÔöÇÔöÇÔöÇÔöÇÔöÇÔöÇÔöÇÔöÇÔöÇ[0m
[38;5;12mÔöé 01:00:45.882 (+0:00:00.020312)[0m
[38;5;12mÔö£ÔöäÔöäÔöäÔöäÔöäÔöäÔöäÔöäÔöäÔöäÔöäÔöäÔöäÔöäÔöäÔöäÔöäÔöäÔöäÔöäÔöäÔöäÔöäÔöäÔöäÔöäÔöäÔöäÔöäÔöäÔöäÔöäÔöäÔöäÔöäÔöäÔöäÔöäÔöäÔöäÔöäÔöäÔöäÔöäÔöäÔöäÔöäÔöäÔöäÔöäÔöäÔöäÔöäÔöäÔöäÔöäÔöäÔöäÔöäÔöäÔöäÔöäÔöäÔöäÔöäÔöäÔöäÔöäÔöäÔöäÔöäÔöäÔöäÔöäÔöäÔöäÔöäÔöäÔöä[0m
[38;5;12mÔöé ­ƒÆí [Tag] Message 161[0m
[38;5;12mÔööÔöÇÔöÇÔöÇÔöÇÔöÇÔöÇÔöÇÔöÇÔöÇÔöÇÔöÇÔöÇÔöÇÔöÇÔöÇÔöÇÔöÇÔöÇÔöÇÔöÇÔöÇÔöÇÔöÇÔöÇÔöÇÔöÇÔöÇÔöÇÔöÇÔöÇÔöÇÔöÇÔöÇÔöÇÔöÇÔöÇÔöÇÔöÇÔöÇÔöÇÔöÇÔöÇÔöÇÔöÇÔöÇÔöÇÔöÇÔöÇÔöÇÔöÇÔöÇÔöÇÔöÇÔöÇÔöÇÔöÇÔöÇÔöÇÔöÇÔöÇÔöÇÔöÇÔöÇÔöÇÔöÇÔöÇÔöÇÔöÇÔöÇÔöÇÔöÇÔöÇÔöÇÔöÇÔöÇÔöÇÔöÇÔöÇÔöÇ[0m
[38;5;12mÔöîÔöÇÔöÇÔöÇÔöÇÔöÇÔöÇÔöÇÔöÇÔöÇÔöÇÔöÇÔöÇÔöÇÔöÇÔöÇÔöÇÔöÇÔöÇÔöÇÔöÇÔöÇÔöÇÔöÇÔöÇÔöÇÔöÇÔöÇÔöÇÔöÇÔöÇÔöÇÔöÇÔöÇÔöÇÔöÇÔöÇÔöÇÔöÇÔöÇÔöÇÔöÇÔöÇÔöÇÔöÇÔöÇÔöÇÔöÇÔöÇÔöÇÔöÇÔöÇÔöÇÔöÇÔöÇÔöÇÔöÇÔöÇÔöÇÔöÇÔöÇÔöÇÔöÇÔöÇÔöÇÔöÇÔöÇÔöÇÔöÇÔöÇÔöÇÔöÇÔöÇÔöÇÔöÇÔöÇÔöÇÔöÇÔöÇÔöÇ[0m
[38;5;12mÔöé 01:00:45.882 (+0:00:00.020312)[0m
[38;5;12mÔö£ÔöäÔöäÔöäÔöäÔöäÔöäÔöäÔöäÔöäÔöäÔöäÔöäÔöäÔöäÔöäÔöäÔöäÔöäÔöäÔöäÔöäÔöäÔöäÔöäÔöäÔöäÔöäÔöäÔöäÔöäÔöäÔöäÔöäÔöäÔöäÔöäÔöäÔöäÔöäÔöäÔöäÔöäÔöäÔöäÔöäÔöäÔöäÔöäÔöäÔöäÔöäÔöäÔöäÔöäÔöäÔöäÔöäÔöäÔöäÔöäÔöäÔöäÔöäÔöäÔöäÔöäÔöäÔöäÔöäÔöäÔöäÔöäÔöäÔöäÔöäÔöäÔöäÔöäÔöä[0m
[38;5;12mÔöé ­ƒÆí [Tag] Message 162[0m
[38;5;12mÔööÔöÇÔöÇÔöÇÔöÇÔöÇÔöÇÔöÇÔöÇÔöÇÔöÇÔöÇÔöÇÔöÇÔöÇÔöÇÔöÇÔöÇÔöÇÔöÇÔöÇÔöÇÔöÇÔöÇÔöÇÔöÇÔöÇÔöÇÔöÇÔöÇÔöÇÔöÇÔöÇÔöÇÔöÇÔöÇÔöÇÔöÇÔöÇÔöÇÔöÇÔöÇÔöÇÔöÇÔöÇÔöÇÔöÇÔöÇÔöÇÔöÇÔöÇÔöÇÔöÇÔöÇÔöÇÔöÇÔöÇÔöÇÔöÇÔöÇÔöÇÔöÇÔöÇÔöÇÔöÇÔöÇÔöÇÔöÇÔöÇÔöÇÔöÇÔöÇÔöÇÔöÇÔöÇÔöÇÔöÇÔöÇÔöÇÔöÇ[0m
[38;5;12mÔöîÔöÇÔöÇÔöÇÔöÇÔöÇÔöÇÔöÇÔöÇÔöÇÔöÇÔöÇÔöÇÔöÇÔöÇÔöÇÔöÇÔöÇÔöÇÔöÇÔöÇÔöÇÔöÇÔöÇÔöÇÔöÇÔöÇÔöÇÔöÇÔöÇÔöÇÔöÇÔöÇÔöÇÔöÇÔöÇÔöÇÔöÇÔöÇÔöÇÔöÇÔöÇÔöÇÔöÇÔöÇÔöÇÔöÇÔöÇÔöÇÔöÇÔöÇÔöÇÔöÇÔöÇÔöÇÔöÇÔöÇÔöÇÔöÇÔöÇÔöÇÔöÇÔöÇÔöÇÔöÇÔöÇÔöÇÔöÇÔöÇÔöÇÔöÇÔöÇÔöÇÔöÇÔöÇÔöÇÔöÇÔöÇÔöÇÔöÇ[0m
[38;5;12mÔöé 01:00:45.882 (+0:00:00.020312)[0m
[38;5;12mÔö£ÔöäÔöäÔöäÔöäÔöäÔöäÔöäÔöäÔöäÔöäÔöäÔöäÔöäÔöäÔöäÔöäÔöäÔöäÔöäÔöäÔöäÔöäÔöäÔöäÔöäÔöäÔöäÔöäÔöäÔöäÔöäÔöäÔöäÔöäÔöäÔöäÔöäÔöäÔöäÔöäÔöäÔöäÔöäÔöäÔöäÔöäÔöäÔöäÔöäÔöäÔöäÔöäÔöäÔöäÔöäÔöäÔöäÔöäÔöäÔöäÔöäÔöäÔöäÔöäÔöäÔöäÔöäÔöäÔöäÔöäÔöäÔöäÔöäÔöäÔöäÔöäÔöäÔöäÔöä[0m
[38;5;12mÔöé ­ƒÆí [Tag] Message 163[0m
[38;5;12mÔööÔöÇÔöÇÔöÇÔöÇÔöÇÔöÇÔöÇÔöÇÔöÇÔöÇÔöÇÔöÇÔöÇÔöÇÔöÇÔöÇÔöÇÔöÇÔöÇÔöÇÔöÇÔöÇÔöÇÔöÇÔöÇÔöÇÔöÇÔöÇÔöÇÔöÇÔöÇÔöÇÔöÇÔöÇÔöÇÔöÇÔöÇÔöÇÔöÇÔöÇÔöÇÔöÇÔöÇÔöÇÔöÇÔöÇÔöÇÔöÇÔöÇÔöÇÔöÇÔöÇÔöÇÔöÇÔöÇÔöÇÔöÇÔöÇÔöÇÔöÇÔöÇÔöÇÔöÇÔöÇÔöÇÔöÇÔöÇÔöÇÔöÇÔöÇÔöÇÔöÇÔöÇÔöÇÔöÇÔöÇÔöÇÔöÇÔöÇ[0m
[38;5;12mÔöîÔöÇÔöÇÔöÇÔöÇÔöÇÔöÇÔöÇÔöÇÔöÇÔöÇÔöÇÔöÇÔöÇÔöÇÔöÇÔöÇÔöÇÔöÇÔöÇÔöÇÔöÇÔöÇÔöÇÔöÇÔöÇÔöÇÔöÇÔöÇÔöÇÔöÇÔöÇÔöÇÔöÇÔöÇÔöÇÔöÇÔöÇÔöÇÔöÇÔöÇÔöÇÔöÇÔöÇÔöÇÔöÇÔöÇÔöÇÔöÇÔöÇÔöÇÔöÇÔöÇÔöÇÔöÇÔöÇÔöÇÔöÇÔöÇÔöÇÔöÇÔöÇÔöÇÔöÇÔöÇÔöÇÔöÇÔöÇÔöÇÔöÇÔöÇÔöÇÔöÇÔöÇÔöÇÔöÇÔöÇÔöÇÔöÇÔöÇ[0m
[38;5;12mÔöé 01:00:45.882 (+0:00:00.020312)[0m
[38;5;12mÔö£ÔöäÔöäÔöäÔöäÔöäÔöäÔöäÔöäÔöäÔöäÔöäÔöäÔöäÔöäÔöäÔöäÔöäÔöäÔöäÔöäÔöäÔöäÔöäÔöäÔöäÔöäÔöäÔöäÔöäÔöäÔöäÔöäÔöäÔöäÔöäÔöäÔöäÔöäÔöäÔöäÔöäÔöäÔöäÔöäÔöäÔöäÔöäÔöäÔöäÔöäÔöäÔöäÔöäÔöäÔöäÔöäÔöäÔöäÔöäÔöäÔöäÔöäÔöäÔöäÔöäÔöäÔöäÔöäÔöäÔöäÔöäÔöäÔöäÔöäÔöäÔöäÔöäÔöäÔöä[0m
[38;5;12mÔöé ­ƒÆí [Tag] Message 164[0m
[38;5;12mÔööÔöÇÔöÇÔöÇÔöÇÔöÇÔöÇÔöÇÔöÇÔöÇÔöÇÔöÇÔöÇÔöÇÔöÇÔöÇÔöÇÔöÇÔöÇÔöÇÔöÇÔöÇÔöÇÔöÇÔöÇÔöÇÔöÇÔöÇÔöÇÔöÇÔöÇÔöÇÔöÇÔöÇÔöÇÔöÇÔöÇÔöÇÔöÇÔöÇÔöÇÔöÇÔöÇÔöÇÔöÇÔöÇÔöÇÔöÇÔöÇÔöÇÔöÇÔöÇÔöÇÔöÇÔöÇÔöÇÔöÇÔöÇÔöÇÔöÇÔöÇÔöÇÔöÇÔöÇÔöÇÔöÇÔöÇÔöÇÔöÇÔöÇÔöÇÔöÇÔöÇÔöÇÔöÇÔöÇÔöÇÔöÇÔöÇÔöÇ[0m
[38;5;12mÔöîÔöÇÔöÇÔöÇÔöÇÔöÇÔöÇÔöÇÔöÇÔöÇÔöÇÔöÇÔöÇÔöÇÔöÇÔöÇÔöÇÔöÇÔöÇÔöÇÔöÇÔöÇÔöÇÔöÇÔöÇÔöÇÔöÇÔöÇÔöÇÔöÇÔöÇÔöÇÔöÇÔöÇÔöÇÔöÇÔöÇÔöÇÔöÇÔöÇÔöÇÔöÇÔöÇÔöÇÔöÇÔöÇÔöÇÔöÇÔöÇÔöÇÔöÇÔöÇÔöÇÔöÇÔöÇÔöÇÔöÇÔöÇÔöÇÔöÇÔöÇÔöÇÔöÇÔöÇÔöÇÔöÇÔöÇÔöÇÔöÇÔöÇÔöÇÔöÇÔöÇÔöÇÔöÇÔöÇÔöÇÔöÇÔöÇÔöÇ[0m
[38;5;12mÔöé 01:00:45.882 (+0:00:00.020312)[0m
[38;5;12mÔö£ÔöäÔöäÔöäÔöäÔöäÔöäÔöäÔöäÔöäÔöäÔöäÔöäÔöäÔöäÔöäÔöäÔöäÔöäÔöäÔöäÔöäÔöäÔöäÔöäÔöäÔöäÔöäÔöäÔöäÔöäÔöäÔöäÔöäÔöäÔöäÔöäÔöäÔöäÔöäÔöäÔöäÔöäÔöäÔöäÔöäÔöäÔöäÔöäÔöäÔöäÔöäÔöäÔöäÔöäÔöäÔöäÔöäÔöäÔöäÔöäÔöäÔöäÔöäÔöäÔöäÔöäÔöäÔöäÔöäÔöäÔöäÔöäÔöäÔöäÔöäÔöäÔöäÔöäÔöä[0m
[38;5;12mÔöé ­ƒÆí [Tag] Message 165[0m
[38;5;12mÔööÔöÇÔöÇÔöÇÔöÇÔöÇÔöÇÔöÇÔöÇÔöÇÔöÇÔöÇÔöÇÔöÇÔöÇÔöÇÔöÇÔöÇÔöÇÔöÇÔöÇÔöÇÔöÇÔöÇÔöÇÔöÇÔöÇÔöÇÔöÇÔöÇÔöÇÔöÇÔöÇÔöÇÔöÇÔöÇÔöÇÔöÇÔöÇÔöÇÔöÇÔöÇÔöÇÔöÇÔöÇÔöÇÔöÇÔöÇÔöÇÔöÇÔöÇÔöÇÔöÇÔöÇÔöÇÔöÇÔöÇÔöÇÔöÇÔöÇÔöÇÔöÇÔöÇÔöÇÔöÇÔöÇÔöÇÔöÇÔöÇÔöÇÔöÇÔöÇÔöÇÔöÇÔöÇÔöÇÔöÇÔöÇÔöÇÔöÇ[0m
[38;5;12mÔöîÔöÇÔöÇÔöÇÔöÇÔöÇÔöÇÔöÇÔöÇÔöÇÔöÇÔöÇÔöÇÔöÇÔöÇÔöÇÔöÇÔöÇÔöÇÔöÇÔöÇÔöÇÔöÇÔöÇÔöÇÔöÇÔöÇÔöÇÔöÇÔöÇÔöÇÔöÇÔöÇÔöÇÔöÇÔöÇÔöÇÔöÇÔöÇÔöÇÔöÇÔöÇÔöÇÔöÇÔöÇÔöÇÔöÇÔöÇÔöÇÔöÇÔöÇÔöÇÔöÇÔöÇÔöÇÔöÇÔöÇÔöÇÔöÇÔöÇÔöÇÔöÇÔöÇÔöÇÔöÇÔöÇÔöÇÔöÇÔöÇÔöÇÔöÇÔöÇÔöÇÔöÇÔöÇÔöÇÔöÇÔöÇÔöÇÔöÇ[0m
[38;5;12mÔöé 01:00:45.882 (+0:00:00.020312)[0m
[38;5;12mÔö£ÔöäÔöäÔöäÔöäÔöäÔöäÔöäÔöäÔöäÔöäÔöäÔöäÔöäÔöäÔöäÔöäÔöäÔöäÔöäÔöäÔöäÔöäÔöäÔöäÔöäÔöäÔöäÔöäÔöäÔöäÔöäÔöäÔöäÔöäÔöäÔöäÔöäÔöäÔöäÔöäÔöäÔöäÔöäÔöäÔöäÔöäÔöäÔöäÔöäÔöäÔöäÔöäÔöäÔöäÔöäÔöäÔöäÔöäÔöäÔöäÔöäÔöäÔöäÔöäÔöäÔöäÔöäÔöäÔöäÔöäÔöäÔöäÔöäÔöäÔöäÔöäÔöäÔöäÔöä[0m
[38;5;12mÔöé ­ƒÆí [Tag] Message 166[0m
[38;5;12mÔööÔöÇÔöÇÔöÇÔöÇÔöÇÔöÇÔöÇÔöÇÔöÇÔöÇÔöÇÔöÇÔöÇÔöÇÔöÇÔöÇÔöÇÔöÇÔöÇÔöÇÔöÇÔöÇÔöÇÔöÇÔöÇÔöÇÔöÇÔöÇÔöÇÔöÇÔöÇÔöÇÔöÇÔöÇÔöÇÔöÇÔöÇÔöÇÔöÇÔöÇÔöÇÔöÇÔöÇÔöÇÔöÇÔöÇÔöÇÔöÇÔöÇÔöÇÔöÇÔöÇÔöÇÔöÇÔöÇÔöÇÔöÇÔöÇÔöÇÔöÇÔöÇÔöÇÔöÇÔöÇÔöÇÔöÇÔöÇÔöÇÔöÇÔöÇÔöÇÔöÇÔöÇÔöÇÔöÇÔöÇÔöÇÔöÇÔöÇ[0m
[38;5;12mÔöîÔöÇÔöÇÔöÇÔöÇÔöÇÔöÇÔöÇÔöÇÔöÇÔöÇÔöÇÔöÇÔöÇÔöÇÔöÇÔöÇÔöÇÔöÇÔöÇÔöÇÔöÇÔöÇÔöÇÔöÇÔöÇÔöÇÔöÇÔöÇÔöÇÔöÇÔöÇÔöÇÔöÇÔöÇÔöÇÔöÇÔöÇÔöÇÔöÇÔöÇÔöÇÔöÇÔöÇÔöÇÔöÇÔöÇÔöÇÔöÇÔöÇÔöÇÔöÇÔöÇÔöÇÔöÇÔöÇÔöÇÔöÇÔöÇÔöÇÔöÇÔöÇÔöÇÔöÇÔöÇÔöÇÔöÇÔöÇÔöÇÔöÇÔöÇÔöÇÔöÇÔöÇÔöÇÔöÇÔöÇÔöÇÔöÇÔöÇ[0m
[38;5;12mÔöé 01:00:45.882 (+0:00:00.020312)[0m
[38;5;12mÔö£ÔöäÔöäÔöäÔöäÔöäÔöäÔöäÔöäÔöäÔöäÔöäÔöäÔöäÔöäÔöäÔöäÔöäÔöäÔöäÔöäÔöäÔöäÔöäÔöäÔöäÔöäÔöäÔöäÔöäÔöäÔöäÔöäÔöäÔöäÔöäÔöäÔöäÔöäÔöäÔöäÔöäÔöäÔöäÔöäÔöäÔöäÔöäÔöäÔöäÔöäÔöäÔöäÔöäÔöäÔöäÔöäÔöäÔöäÔöäÔöäÔöäÔöäÔöäÔöäÔöäÔöäÔöäÔöäÔöäÔöäÔöäÔöäÔöäÔöäÔöäÔöäÔöäÔöäÔöä[0m
[38;5;12mÔöé ­ƒÆí [Tag] Message 167[0m
[38;5;12mÔööÔöÇÔöÇÔöÇÔöÇÔöÇÔöÇÔöÇÔöÇÔöÇÔöÇÔöÇÔöÇÔöÇÔöÇÔöÇÔöÇÔöÇÔöÇÔöÇÔöÇÔöÇÔöÇÔöÇÔöÇÔöÇÔöÇÔöÇÔöÇÔöÇÔöÇÔöÇÔöÇÔöÇÔöÇÔöÇÔöÇÔöÇÔöÇÔöÇÔöÇÔöÇÔöÇÔöÇÔöÇÔöÇÔöÇÔöÇÔöÇÔöÇÔöÇÔöÇÔöÇÔöÇÔöÇÔöÇÔöÇÔöÇÔöÇÔöÇÔöÇÔöÇÔöÇÔöÇÔöÇÔöÇÔöÇÔöÇÔöÇÔöÇÔöÇÔöÇÔöÇÔöÇÔöÇÔöÇÔöÇÔöÇÔöÇÔöÇ[0m
[38;5;12mÔöîÔöÇÔöÇÔöÇÔöÇÔöÇÔöÇÔöÇÔöÇÔöÇÔöÇÔöÇÔöÇÔöÇÔöÇÔöÇÔöÇÔöÇÔöÇÔöÇÔöÇÔöÇÔöÇÔöÇÔöÇÔöÇÔöÇÔöÇÔöÇÔöÇÔöÇÔöÇÔöÇÔöÇÔöÇÔöÇÔöÇÔöÇÔöÇÔöÇÔöÇÔöÇÔöÇÔöÇÔöÇÔöÇÔöÇÔöÇÔöÇÔöÇÔöÇÔöÇÔöÇÔöÇÔöÇÔöÇÔöÇÔöÇÔöÇÔöÇÔöÇÔöÇÔöÇÔöÇÔöÇÔöÇÔöÇÔöÇÔöÇÔöÇÔöÇÔöÇÔöÇÔöÇÔöÇÔöÇÔöÇÔöÇÔöÇÔöÇ[0m
[38;5;12mÔöé 01:00:45.882 (+0:00:00.020312)[0m
[38;5;12mÔö£ÔöäÔöäÔöäÔöäÔöäÔöäÔöäÔöäÔöäÔöäÔöäÔöäÔöäÔöäÔöäÔöäÔöäÔöäÔöäÔöäÔöäÔöäÔöäÔöäÔöäÔöäÔöäÔöäÔöäÔöäÔöäÔöäÔöäÔöäÔöäÔöäÔöäÔöäÔöäÔöäÔöäÔöäÔöäÔöäÔöäÔöäÔöäÔöäÔöäÔöäÔöäÔöäÔöäÔöäÔöäÔöäÔöäÔöäÔöäÔöäÔöäÔöäÔöäÔöäÔöäÔöäÔöäÔöäÔöäÔöäÔöäÔöäÔöäÔöäÔöäÔöäÔöäÔöäÔöä[0m
[38;5;12mÔöé ­ƒÆí [Tag] Message 168[0m
[38;5;12mÔööÔöÇÔöÇÔöÇÔöÇÔöÇÔöÇÔöÇÔöÇÔöÇÔöÇÔöÇÔöÇÔöÇÔöÇÔöÇÔöÇÔöÇÔöÇÔöÇÔöÇÔöÇÔöÇÔöÇÔöÇÔöÇÔöÇÔöÇÔöÇÔöÇÔöÇÔöÇÔöÇÔöÇÔöÇÔöÇÔöÇÔöÇÔöÇÔöÇÔöÇÔöÇÔöÇÔöÇÔöÇÔöÇÔöÇÔöÇÔöÇÔöÇÔöÇÔöÇÔöÇÔöÇÔöÇÔöÇÔöÇÔöÇÔöÇÔöÇÔöÇÔöÇÔöÇÔöÇÔöÇÔöÇÔöÇÔöÇÔöÇÔöÇÔöÇÔöÇÔöÇÔöÇÔöÇÔöÇÔöÇÔöÇÔöÇÔöÇ[0m
[38;5;12mÔöîÔöÇÔöÇÔöÇÔöÇÔöÇÔöÇÔöÇÔöÇÔöÇÔöÇÔöÇÔöÇÔöÇÔöÇÔöÇÔöÇÔöÇÔöÇÔöÇÔöÇÔöÇÔöÇÔöÇÔöÇÔöÇÔöÇÔöÇÔöÇÔöÇÔöÇÔöÇÔöÇÔöÇÔöÇÔöÇÔöÇÔöÇÔöÇÔöÇÔöÇÔöÇÔöÇÔöÇÔöÇÔöÇÔöÇÔöÇÔöÇÔöÇÔöÇÔöÇÔöÇÔöÇÔöÇÔöÇÔöÇÔöÇÔöÇÔöÇÔöÇÔöÇÔöÇÔöÇÔöÇÔöÇÔöÇÔöÇÔöÇÔöÇÔöÇÔöÇÔöÇÔöÇÔöÇÔöÇÔöÇÔöÇÔöÇÔöÇ[0m
[38;5;12mÔöé 01:00:45.882 (+0:00:00.020312)[0m
[38;5;12mÔö£ÔöäÔöäÔöäÔöäÔöäÔöäÔöäÔöäÔöäÔöäÔöäÔöäÔöäÔöäÔöäÔöäÔöäÔöäÔöäÔöäÔöäÔöäÔöäÔöäÔöäÔöäÔöäÔöäÔöäÔöäÔöäÔöäÔöäÔöäÔöäÔöäÔöäÔöäÔöäÔöäÔöäÔöäÔöäÔöäÔöäÔöäÔöäÔöäÔöäÔöäÔöäÔöäÔöäÔöäÔöäÔöäÔöäÔöäÔöäÔöäÔöäÔöäÔöäÔöäÔöäÔöäÔöäÔöäÔöäÔöäÔöäÔöäÔöäÔöäÔöäÔöäÔöäÔöäÔöä[0m
[38;5;12mÔöé ­ƒÆí [Tag] Message 169[0m
[38;5;12mÔööÔöÇÔöÇÔöÇÔöÇÔöÇÔöÇÔöÇÔöÇÔöÇÔöÇÔöÇÔöÇÔöÇÔöÇÔöÇÔöÇÔöÇÔöÇÔöÇÔöÇÔöÇÔöÇÔöÇÔöÇÔöÇÔöÇÔöÇÔöÇÔöÇÔöÇÔöÇÔöÇÔöÇÔöÇÔöÇÔöÇÔöÇÔöÇÔöÇÔöÇÔöÇÔöÇÔöÇÔöÇÔöÇÔöÇÔöÇÔöÇÔöÇÔöÇÔöÇÔöÇÔöÇÔöÇÔöÇÔöÇÔöÇÔöÇÔöÇÔöÇÔöÇÔöÇÔöÇÔöÇÔöÇÔöÇÔöÇÔöÇÔöÇÔöÇÔöÇÔöÇÔöÇÔöÇÔöÇÔöÇÔöÇÔöÇÔöÇ[0m
[38;5;12mÔöîÔöÇÔöÇÔöÇÔöÇÔöÇÔöÇÔöÇÔöÇÔöÇÔöÇÔöÇÔöÇÔöÇÔöÇÔöÇÔöÇÔöÇÔöÇÔöÇÔöÇÔöÇÔöÇÔöÇÔöÇÔöÇÔöÇÔöÇÔöÇÔöÇÔöÇÔöÇÔöÇÔöÇÔöÇÔöÇÔöÇÔöÇÔöÇÔöÇÔöÇÔöÇÔöÇÔöÇÔöÇÔöÇÔöÇÔöÇÔöÇÔöÇÔöÇÔöÇÔöÇÔöÇÔöÇÔöÇÔöÇÔöÇÔöÇÔöÇÔöÇÔöÇÔöÇÔöÇÔöÇÔöÇÔöÇÔöÇÔöÇÔöÇÔöÇÔöÇÔöÇÔöÇÔöÇÔöÇÔöÇÔöÇÔöÇÔöÇ[0m
[38;5;12mÔöé 01:00:45.882 (+0:00:00.020312)[0m
[38;5;12mÔö£ÔöäÔöäÔöäÔöäÔöäÔöäÔöäÔöäÔöäÔöäÔöäÔöäÔöäÔöäÔöäÔöäÔöäÔöäÔöäÔöäÔöäÔöäÔöäÔöäÔöäÔöäÔöäÔöäÔöäÔöäÔöäÔöäÔöäÔöäÔöäÔöäÔöäÔöäÔöäÔöäÔöäÔöäÔöäÔöäÔöäÔöäÔöäÔöäÔöäÔöäÔöäÔöäÔöäÔöäÔöäÔöäÔöäÔöäÔöäÔöäÔöäÔöäÔöäÔöäÔöäÔöäÔöäÔöäÔöäÔöäÔöäÔöäÔöäÔöäÔöäÔöäÔöäÔöäÔöä[0m
[38;5;12mÔöé ­ƒÆí [Tag] Message 170[0m
[38;5;12mÔööÔöÇÔöÇÔöÇÔöÇÔöÇÔöÇÔöÇÔöÇÔöÇÔöÇÔöÇÔöÇÔöÇÔöÇÔöÇÔöÇÔöÇÔöÇÔöÇÔöÇÔöÇÔöÇÔöÇÔöÇÔöÇÔöÇÔöÇÔöÇÔöÇÔöÇÔöÇÔöÇÔöÇÔöÇÔöÇÔöÇÔöÇÔöÇÔöÇÔöÇÔöÇÔöÇÔöÇÔöÇÔöÇÔöÇÔöÇÔöÇÔöÇÔöÇÔöÇÔöÇÔöÇÔöÇÔöÇÔöÇÔöÇÔöÇÔöÇÔöÇÔöÇÔöÇÔöÇÔöÇÔöÇÔöÇÔöÇÔöÇÔöÇÔöÇÔöÇÔöÇÔöÇÔöÇÔöÇÔöÇÔöÇÔöÇÔöÇ[0m
[38;5;12mÔöîÔöÇÔöÇÔöÇÔöÇÔöÇÔöÇÔöÇÔöÇÔöÇÔöÇÔöÇÔöÇÔöÇÔöÇÔöÇÔöÇÔöÇÔöÇÔöÇÔöÇÔöÇÔöÇÔöÇÔöÇÔöÇÔöÇÔöÇÔöÇÔöÇÔöÇÔöÇÔöÇÔöÇÔöÇÔöÇÔöÇÔöÇÔöÇÔöÇÔöÇÔöÇÔöÇÔöÇÔöÇÔöÇÔöÇÔöÇÔöÇÔöÇÔöÇÔöÇÔöÇÔöÇÔöÇÔöÇÔöÇÔöÇÔöÇÔöÇÔöÇÔöÇÔöÇÔöÇÔöÇÔöÇÔöÇÔöÇÔöÇÔöÇÔöÇÔöÇÔöÇÔöÇÔöÇÔöÇÔöÇÔöÇÔöÇÔöÇ[0m
[38;5;12mÔöé 01:00:45.882 (+0:00:00.020312)[0m
[38;5;12mÔö£ÔöäÔöäÔöäÔöäÔöäÔöäÔöäÔöäÔöäÔöäÔöäÔöäÔöäÔöäÔöäÔöäÔöäÔöäÔöäÔöäÔöäÔöäÔöäÔöäÔöäÔöäÔöäÔöäÔöäÔöäÔöäÔöäÔöäÔöäÔöäÔöäÔöäÔöäÔöäÔöäÔöäÔöäÔöäÔöäÔöäÔöäÔöäÔöäÔöäÔöäÔöäÔöäÔöäÔöäÔöäÔöäÔöäÔöäÔöäÔöäÔöäÔöäÔöäÔöäÔöäÔöäÔöäÔöäÔöäÔöäÔöäÔöäÔöäÔöäÔöäÔöäÔöäÔöäÔöä[0m
[38;5;12mÔöé ­ƒÆí [Tag] Message 171[0m
[38;5;12mÔööÔöÇÔöÇÔöÇÔöÇÔöÇÔöÇÔöÇÔöÇÔöÇÔöÇÔöÇÔöÇÔöÇÔöÇÔöÇÔöÇÔöÇÔöÇÔöÇÔöÇÔöÇÔöÇÔöÇÔöÇÔöÇÔöÇÔöÇÔöÇÔöÇÔöÇÔöÇÔöÇÔöÇÔöÇÔöÇÔöÇÔöÇÔöÇÔöÇÔöÇÔöÇÔöÇÔöÇÔöÇÔöÇÔöÇÔöÇÔöÇÔöÇÔöÇÔöÇÔöÇÔöÇÔöÇÔöÇÔöÇÔöÇÔöÇÔöÇÔöÇÔöÇÔöÇÔöÇÔöÇÔöÇÔöÇÔöÇÔöÇÔöÇÔöÇÔöÇÔöÇÔöÇÔöÇÔöÇÔöÇÔöÇÔöÇÔöÇ[0m
[38;5;12mÔöîÔöÇÔöÇÔöÇÔöÇÔöÇÔöÇÔöÇÔöÇÔöÇÔöÇÔöÇÔöÇÔöÇÔöÇÔöÇÔöÇÔöÇÔöÇÔöÇÔöÇÔöÇÔöÇÔöÇÔöÇÔöÇÔöÇÔöÇÔöÇÔöÇÔöÇÔöÇÔöÇÔöÇÔöÇÔöÇÔöÇÔöÇÔöÇÔöÇÔöÇÔöÇÔöÇÔöÇÔöÇÔöÇÔöÇÔöÇÔöÇÔöÇÔöÇÔöÇÔöÇÔöÇÔöÇÔöÇÔöÇÔöÇÔöÇÔöÇÔöÇÔöÇÔöÇÔöÇÔöÇÔöÇÔöÇÔöÇÔöÇÔöÇÔöÇÔöÇÔöÇÔöÇÔöÇÔöÇÔöÇÔöÇÔöÇÔöÇ[0m
[38;5;12mÔöé 01:00:45.882 (+0:00:00.020312)[0m
[38;5;12mÔö£ÔöäÔöäÔöäÔöäÔöäÔöäÔöäÔöäÔöäÔöäÔöäÔöäÔöäÔöäÔöäÔöäÔöäÔöäÔöäÔöäÔöäÔöäÔöäÔöäÔöäÔöäÔöäÔöäÔöäÔöäÔöäÔöäÔöäÔöäÔöäÔöäÔöäÔöäÔöäÔöäÔöäÔöäÔöäÔöäÔöäÔöäÔöäÔöäÔöäÔöäÔöäÔöäÔöäÔöäÔöäÔöäÔöäÔöäÔöäÔöäÔöäÔöäÔöäÔöäÔöäÔöäÔöäÔöäÔöäÔöäÔöäÔöäÔöäÔöäÔöäÔöäÔöäÔöäÔöä[0m
[38;5;12mÔöé ­ƒÆí [Tag] Message 172[0m
[38;5;12mÔööÔöÇÔöÇÔöÇÔöÇÔöÇÔöÇÔöÇÔöÇÔöÇÔöÇÔöÇÔöÇÔöÇÔöÇÔöÇÔöÇÔöÇÔöÇÔöÇÔöÇÔöÇÔöÇÔöÇÔöÇÔöÇÔöÇÔöÇÔöÇÔöÇÔöÇÔöÇÔöÇÔöÇÔöÇÔöÇÔöÇÔöÇÔöÇÔöÇÔöÇÔöÇÔöÇÔöÇÔöÇÔöÇÔöÇÔöÇÔöÇÔöÇÔöÇÔöÇÔöÇÔöÇÔöÇÔöÇÔöÇÔöÇÔöÇÔöÇÔöÇÔöÇÔöÇÔöÇÔöÇÔöÇÔöÇÔöÇÔöÇÔöÇÔöÇÔöÇÔöÇÔöÇÔöÇÔöÇÔöÇÔöÇÔöÇÔöÇ[0m
[38;5;12mÔöîÔöÇÔöÇÔöÇÔöÇÔöÇÔöÇÔöÇÔöÇÔöÇÔöÇÔöÇÔöÇÔöÇÔöÇÔöÇÔöÇÔöÇÔöÇÔöÇÔöÇÔöÇÔöÇÔöÇÔöÇÔöÇÔöÇÔöÇÔöÇÔöÇÔöÇÔöÇÔöÇÔöÇÔöÇÔöÇÔöÇÔöÇÔöÇÔöÇÔöÇÔöÇÔöÇÔöÇÔöÇÔöÇÔöÇÔöÇÔöÇÔöÇÔöÇÔöÇÔöÇÔöÇÔöÇÔöÇÔöÇÔöÇÔöÇÔöÇÔöÇÔöÇÔöÇÔöÇÔöÇÔöÇÔöÇÔöÇÔöÇÔöÇÔöÇÔöÇÔöÇÔöÇÔöÇÔöÇÔöÇÔöÇÔöÇÔöÇ[0m
[38;5;12mÔöé 01:00:45.883 (+0:00:00.020890)[0m
[38;5;12mÔö£ÔöäÔöäÔöäÔöäÔöäÔöäÔöäÔöäÔöäÔöäÔöäÔöäÔöäÔöäÔöäÔöäÔöäÔöäÔöäÔöäÔöäÔöäÔöäÔöäÔöäÔöäÔöäÔöäÔöäÔöäÔöäÔöäÔöäÔöäÔöäÔöäÔöäÔöäÔöäÔöäÔöäÔöäÔöäÔöäÔöäÔöäÔöäÔöäÔöäÔöäÔöäÔöäÔöäÔöäÔöäÔöäÔöäÔöäÔöäÔöäÔöäÔöäÔöäÔöäÔöäÔöäÔöäÔöäÔöäÔöäÔöäÔöäÔöäÔöäÔöäÔöäÔöäÔöäÔöä[0m
[38;5;12mÔöé ­ƒÆí [Tag] Message 173[0m
[38;5;12mÔööÔöÇÔöÇÔöÇÔöÇÔöÇÔöÇÔöÇÔöÇÔöÇÔöÇÔöÇÔöÇÔöÇÔöÇÔöÇÔöÇÔöÇÔöÇÔöÇÔöÇÔöÇÔöÇÔöÇÔöÇÔöÇÔöÇÔöÇÔöÇÔöÇÔöÇÔöÇÔöÇÔöÇÔöÇÔöÇÔöÇÔöÇÔöÇÔöÇÔöÇÔöÇÔöÇÔöÇÔöÇÔöÇÔöÇÔöÇÔöÇÔöÇÔöÇÔöÇÔöÇÔöÇÔöÇÔöÇÔöÇÔöÇÔöÇÔöÇÔöÇÔöÇÔöÇÔöÇÔöÇÔöÇÔöÇÔöÇÔöÇÔöÇÔöÇÔöÇÔöÇÔöÇÔöÇÔöÇÔöÇÔöÇÔöÇÔöÇ[0m
[38;5;12mÔöîÔöÇÔöÇÔöÇÔöÇÔöÇÔöÇÔöÇÔöÇÔöÇÔöÇÔöÇÔöÇÔöÇÔöÇÔöÇÔöÇÔöÇÔöÇÔöÇÔöÇÔöÇÔöÇÔöÇÔöÇÔöÇÔöÇÔöÇÔöÇÔöÇÔöÇÔöÇÔöÇÔöÇÔöÇÔöÇÔöÇÔöÇÔöÇÔöÇÔöÇÔöÇÔöÇÔöÇÔöÇÔöÇÔöÇÔöÇÔöÇÔöÇÔöÇÔöÇÔöÇÔöÇÔöÇÔöÇÔöÇÔöÇÔöÇÔöÇÔöÇÔöÇÔöÇÔöÇÔöÇÔöÇÔöÇÔöÇÔöÇÔöÇÔöÇÔöÇÔöÇÔöÇÔöÇÔöÇÔöÇÔöÇÔöÇÔöÇ[0m
[38;5;12mÔöé 01:00:45.883 (+0:00:00.020890)[0m
[38;5;12mÔö£ÔöäÔöäÔöäÔöäÔöäÔöäÔöäÔöäÔöäÔöäÔöäÔöäÔöäÔöäÔöäÔöäÔöäÔöäÔöäÔöäÔöäÔöäÔöäÔöäÔöäÔöäÔöäÔöäÔöäÔöäÔöäÔöäÔöäÔöäÔöäÔöäÔöäÔöäÔöäÔöäÔöäÔöäÔöäÔöäÔöäÔöäÔöäÔöäÔöäÔöäÔöäÔöäÔöäÔöäÔöäÔöäÔöäÔöäÔöäÔöäÔöäÔöäÔöäÔöäÔöäÔöäÔöäÔöäÔöäÔöäÔöäÔöäÔöäÔöäÔöäÔöäÔöäÔöäÔöä[0m
[38;5;12mÔöé ­ƒÆí [Tag] Message 174[0m
[38;5;12mÔööÔöÇÔöÇÔöÇÔöÇÔöÇÔöÇÔöÇÔöÇÔöÇÔöÇÔöÇÔöÇÔöÇÔöÇÔöÇÔöÇÔöÇÔöÇÔöÇÔöÇÔöÇÔöÇÔöÇÔöÇÔöÇÔöÇÔöÇÔöÇÔöÇÔöÇÔöÇÔöÇÔöÇÔöÇÔöÇÔöÇÔöÇÔöÇÔöÇÔöÇÔöÇÔöÇÔöÇÔöÇÔöÇÔöÇÔöÇÔöÇÔöÇÔöÇÔöÇÔöÇÔöÇÔöÇÔöÇÔöÇÔöÇÔöÇÔöÇÔöÇÔöÇÔöÇÔöÇÔöÇÔöÇÔöÇÔöÇÔöÇÔöÇÔöÇÔöÇÔöÇÔöÇÔöÇÔöÇÔöÇÔöÇÔöÇÔöÇ[0m
[38;5;12mÔöîÔöÇÔöÇÔöÇÔöÇÔöÇÔöÇÔöÇÔöÇÔöÇÔöÇÔöÇÔöÇÔöÇÔöÇÔöÇÔöÇÔöÇÔöÇÔöÇÔöÇÔöÇÔöÇÔöÇÔöÇÔöÇÔöÇÔöÇÔöÇÔöÇÔöÇÔöÇÔöÇÔöÇÔöÇÔöÇÔöÇÔöÇÔöÇÔöÇÔöÇÔöÇÔöÇÔöÇÔöÇÔöÇÔöÇÔöÇÔöÇÔöÇÔöÇÔöÇÔöÇÔöÇÔöÇÔöÇÔöÇÔöÇÔöÇÔöÇÔöÇÔöÇÔöÇÔöÇÔöÇÔöÇÔöÇÔöÇÔöÇÔöÇÔöÇÔöÇÔöÇÔöÇÔöÇÔöÇÔöÇÔöÇÔöÇÔöÇ[0m
[38;5;12mÔöé 01:00:45.883 (+0:00:00.020890)[0m
[38;5;12mÔö£ÔöäÔöäÔöäÔöäÔöäÔöäÔöäÔöäÔöäÔöäÔöäÔöäÔöäÔöäÔöäÔöäÔöäÔöäÔöäÔöäÔöäÔöäÔöäÔöäÔöäÔöäÔöäÔöäÔöäÔöäÔöäÔöäÔöäÔöäÔöäÔöäÔöäÔöäÔöäÔöäÔöäÔöäÔöäÔöäÔöäÔöäÔöäÔöäÔöäÔöäÔöäÔöäÔöäÔöäÔöäÔöäÔöäÔöäÔöäÔöäÔöäÔöäÔöäÔöäÔöäÔöäÔöäÔöäÔöäÔöäÔöäÔöäÔöäÔöäÔöäÔöäÔöäÔöäÔöä[0m
[38;5;12mÔöé ­ƒÆí [Tag] Message 175[0m
[38;5;12mÔööÔöÇÔöÇÔöÇÔöÇÔöÇÔöÇÔöÇÔöÇÔöÇÔöÇÔöÇÔöÇÔöÇÔöÇÔöÇÔöÇÔöÇÔöÇÔöÇÔöÇÔöÇÔöÇÔöÇÔöÇÔöÇÔöÇÔöÇÔöÇÔöÇÔöÇÔöÇÔöÇÔöÇÔöÇÔöÇÔöÇÔöÇÔöÇÔöÇÔöÇÔöÇÔöÇÔöÇÔöÇÔöÇÔöÇÔöÇÔöÇÔöÇÔöÇÔöÇÔöÇÔöÇÔöÇÔöÇÔöÇÔöÇÔöÇÔöÇÔöÇÔöÇÔöÇÔöÇÔöÇÔöÇÔöÇÔöÇÔöÇÔöÇÔöÇÔöÇÔöÇÔöÇÔöÇÔöÇÔöÇÔöÇÔöÇÔöÇ[0m
[38;5;12mÔöîÔöÇÔöÇÔöÇÔöÇÔöÇÔöÇÔöÇÔöÇÔöÇÔöÇÔöÇÔöÇÔöÇÔöÇÔöÇÔöÇÔöÇÔöÇÔöÇÔöÇÔöÇÔöÇÔöÇÔöÇÔöÇÔöÇÔöÇÔöÇÔöÇÔöÇÔöÇÔöÇÔöÇÔöÇÔöÇÔöÇÔöÇÔöÇÔöÇÔöÇÔöÇÔöÇÔöÇÔöÇÔöÇÔöÇÔöÇÔöÇÔöÇÔöÇÔöÇÔöÇÔöÇÔöÇÔöÇÔöÇÔöÇÔöÇÔöÇÔöÇÔöÇÔöÇÔöÇÔöÇÔöÇÔöÇÔöÇÔöÇÔöÇÔöÇÔöÇÔöÇÔöÇÔöÇÔöÇÔöÇÔöÇÔöÇÔöÇ[0m
[38;5;12mÔöé 01:00:45.883 (+0:00:00.020890)[0m
[38;5;12mÔö£ÔöäÔöäÔöäÔöäÔöäÔöäÔöäÔöäÔöäÔöäÔöäÔöäÔöäÔöäÔöäÔöäÔöäÔöäÔöäÔöäÔöäÔöäÔöäÔöäÔöäÔöäÔöäÔöäÔöäÔöäÔöäÔöäÔöäÔöäÔöäÔöäÔöäÔöäÔöäÔöäÔöäÔöäÔöäÔöäÔöäÔöäÔöäÔöäÔöäÔöäÔöäÔöäÔöäÔöäÔöäÔöäÔöäÔöäÔöäÔöäÔöäÔöäÔöäÔöäÔöäÔöäÔöäÔöäÔöäÔöäÔöäÔöäÔöäÔöäÔöäÔöäÔöäÔöäÔöä[0m
[38;5;12mÔöé ­ƒÆí [Tag] Message 176[0m
[38;5;12mÔööÔöÇÔöÇÔöÇÔöÇÔöÇÔöÇÔöÇÔöÇÔöÇÔöÇÔöÇÔöÇÔöÇÔöÇÔöÇÔöÇÔöÇÔöÇÔöÇÔöÇÔöÇÔöÇÔöÇÔöÇÔöÇÔöÇÔöÇÔöÇÔöÇÔöÇÔöÇÔöÇÔöÇÔöÇÔöÇÔöÇÔöÇÔöÇÔöÇÔöÇÔöÇÔöÇÔöÇÔöÇÔöÇÔöÇÔöÇÔöÇÔöÇÔöÇÔöÇÔöÇÔöÇÔöÇÔöÇÔöÇÔöÇÔöÇÔöÇÔöÇÔöÇÔöÇÔöÇÔöÇÔöÇÔöÇÔöÇÔöÇÔöÇÔöÇÔöÇÔöÇÔöÇÔöÇÔöÇÔöÇÔöÇÔöÇÔöÇ[0m
[38;5;12mÔöîÔöÇÔöÇÔöÇÔöÇÔöÇÔöÇÔöÇÔöÇÔöÇÔöÇÔöÇÔöÇÔöÇÔöÇÔöÇÔöÇÔöÇÔöÇÔöÇÔöÇÔöÇÔöÇÔöÇÔöÇÔöÇÔöÇÔöÇÔöÇÔöÇÔöÇÔöÇÔöÇÔöÇÔöÇÔöÇÔöÇÔöÇÔöÇÔöÇÔöÇÔöÇÔöÇÔöÇÔöÇÔöÇÔöÇÔöÇÔöÇÔöÇÔöÇÔöÇÔöÇÔöÇÔöÇÔöÇÔöÇÔöÇÔöÇÔöÇÔöÇÔöÇÔöÇÔöÇÔöÇÔöÇÔöÇÔöÇÔöÇÔöÇÔöÇÔöÇÔöÇÔöÇÔöÇÔöÇÔöÇÔöÇÔöÇÔöÇ[0m
[38;5;12mÔöé 01:00:45.883 (+0:00:00.020890)[0m
[38;5;12mÔö£ÔöäÔöäÔöäÔöäÔöäÔöäÔöäÔöäÔöäÔöäÔöäÔöäÔöäÔöäÔöäÔöäÔöäÔöäÔöäÔöäÔöäÔöäÔöäÔöäÔöäÔöäÔöäÔöäÔöäÔöäÔöäÔöäÔöäÔöäÔöäÔöäÔöäÔöäÔöäÔöäÔöäÔöäÔöäÔöäÔöäÔöäÔöäÔöäÔöäÔöäÔöäÔöäÔöäÔöäÔöäÔöäÔöäÔöäÔöäÔöäÔöäÔöäÔöäÔöäÔöäÔöäÔöäÔöäÔöäÔöäÔöäÔöäÔöäÔöäÔöäÔöäÔöäÔöäÔöä[0m
[38;5;12mÔöé ­ƒÆí [Tag] Message 177[0m
[38;5;12mÔööÔöÇÔöÇÔöÇÔöÇÔöÇÔöÇÔöÇÔöÇÔöÇÔöÇÔöÇÔöÇÔöÇÔöÇÔöÇÔöÇÔöÇÔöÇÔöÇÔöÇÔöÇÔöÇÔöÇÔöÇÔöÇÔöÇÔöÇÔöÇÔöÇÔöÇÔöÇÔöÇÔöÇÔöÇÔöÇÔöÇÔöÇÔöÇÔöÇÔöÇÔöÇÔöÇÔöÇÔöÇÔöÇÔöÇÔöÇÔöÇÔöÇÔöÇÔöÇÔöÇÔöÇÔöÇÔöÇÔöÇÔöÇÔöÇÔöÇÔöÇÔöÇÔöÇÔöÇÔöÇÔöÇÔöÇÔöÇÔöÇÔöÇÔöÇÔöÇÔöÇÔöÇÔöÇÔöÇÔöÇÔöÇÔöÇÔöÇ[0m
[38;5;12mÔöîÔöÇÔöÇÔöÇÔöÇÔöÇÔöÇÔöÇÔöÇÔöÇÔöÇÔöÇÔöÇÔöÇÔöÇÔöÇÔöÇÔöÇÔöÇÔöÇÔöÇÔöÇÔöÇÔöÇÔöÇÔöÇÔöÇÔöÇÔöÇÔöÇÔöÇÔöÇÔöÇÔöÇÔöÇÔöÇÔöÇÔöÇÔöÇÔöÇÔöÇÔöÇÔöÇÔöÇÔöÇÔöÇÔöÇÔöÇÔöÇÔöÇÔöÇÔöÇÔöÇÔöÇÔöÇÔöÇÔöÇÔöÇÔöÇÔöÇÔöÇÔöÇÔöÇÔöÇÔöÇÔöÇÔöÇÔöÇÔöÇÔöÇÔöÇÔöÇÔöÇÔöÇÔöÇÔöÇÔöÇÔöÇÔöÇÔöÇ[0m
[38;5;12mÔöé 01:00:45.883 (+0:00:00.020890)[0m
[38;5;12mÔö£ÔöäÔöäÔöäÔöäÔöäÔöäÔöäÔöäÔöäÔöäÔöäÔöäÔöäÔöäÔöäÔöäÔöäÔöäÔöäÔöäÔöäÔöäÔöäÔöäÔöäÔöäÔöäÔöäÔöäÔöäÔöäÔöäÔöäÔöäÔöäÔöäÔöäÔöäÔöäÔöäÔöäÔöäÔöäÔöäÔöäÔöäÔöäÔöäÔöäÔöäÔöäÔöäÔöäÔöäÔöäÔöäÔöäÔöäÔöäÔöäÔöäÔöäÔöäÔöäÔöäÔöäÔöäÔöäÔöäÔöäÔöäÔöäÔöäÔöäÔöäÔöäÔöäÔöäÔöä[0m
[38;5;12mÔöé ­ƒÆí [Tag] Message 178[0m
[38;5;12mÔööÔöÇÔöÇÔöÇÔöÇÔöÇÔöÇÔöÇÔöÇÔöÇÔöÇÔöÇÔöÇÔöÇÔöÇÔöÇÔöÇÔöÇÔöÇÔöÇÔöÇÔöÇÔöÇÔöÇÔöÇÔöÇÔöÇÔöÇÔöÇÔöÇÔöÇÔöÇÔöÇÔöÇÔöÇÔöÇÔöÇÔöÇÔöÇÔöÇÔöÇÔöÇÔöÇÔöÇÔöÇÔöÇÔöÇÔöÇÔöÇÔöÇÔöÇÔöÇÔöÇÔöÇÔöÇÔöÇÔöÇÔöÇÔöÇÔöÇÔöÇÔöÇÔöÇÔöÇÔöÇÔöÇÔöÇÔöÇÔöÇÔöÇÔöÇÔöÇÔöÇÔöÇÔöÇÔöÇÔöÇÔöÇÔöÇÔöÇ[0m
[38;5;12mÔöîÔöÇÔöÇÔöÇÔöÇÔöÇÔöÇÔöÇÔöÇÔöÇÔöÇÔöÇÔöÇÔöÇÔöÇÔöÇÔöÇÔöÇÔöÇÔöÇÔöÇÔöÇÔöÇÔöÇÔöÇÔöÇÔöÇÔöÇÔöÇÔöÇÔöÇÔöÇÔöÇÔöÇÔöÇÔöÇÔöÇÔöÇÔöÇÔöÇÔöÇÔöÇÔöÇÔöÇÔöÇÔöÇÔöÇÔöÇÔöÇÔöÇÔöÇÔöÇÔöÇÔöÇÔöÇÔöÇÔöÇÔöÇÔöÇÔöÇÔöÇÔöÇÔöÇÔöÇÔöÇÔöÇÔöÇÔöÇÔöÇÔöÇÔöÇÔöÇÔöÇÔöÇÔöÇÔöÇÔöÇÔöÇÔöÇÔöÇ[0m
[38;5;12mÔöé 01:00:45.883 (+0:00:00.020890)[0m
[38;5;12mÔö£ÔöäÔöäÔöäÔöäÔöäÔöäÔöäÔöäÔöäÔöäÔöäÔöäÔöäÔöäÔöäÔöäÔöäÔöäÔöäÔöäÔöäÔöäÔöäÔöäÔöäÔöäÔöäÔöäÔöäÔöäÔöäÔöäÔöäÔöäÔöäÔöäÔöäÔöäÔöäÔöäÔöäÔöäÔöäÔöäÔöäÔöäÔöäÔöäÔöäÔöäÔöäÔöäÔöäÔöäÔöäÔöäÔöäÔöäÔöäÔöäÔöäÔöäÔöäÔöäÔöäÔöäÔöäÔöäÔöäÔöäÔöäÔöäÔöäÔöäÔöäÔöäÔöäÔöäÔöä[0m
[38;5;12mÔöé ­ƒÆí [Tag] Message 179[0m
[38;5;12mÔööÔöÇÔöÇÔöÇÔöÇÔöÇÔöÇÔöÇÔöÇÔöÇÔöÇÔöÇÔöÇÔöÇÔöÇÔöÇÔöÇÔöÇÔöÇÔöÇÔöÇÔöÇÔöÇÔöÇÔöÇÔöÇÔöÇÔöÇÔöÇÔöÇÔöÇÔöÇÔöÇÔöÇÔöÇÔöÇÔöÇÔöÇÔöÇÔöÇÔöÇÔöÇÔöÇÔöÇÔöÇÔöÇÔöÇÔöÇÔöÇÔöÇÔöÇÔöÇÔöÇÔöÇÔöÇÔöÇÔöÇÔöÇÔöÇÔöÇÔöÇÔöÇÔöÇÔöÇÔöÇÔöÇÔöÇÔöÇÔöÇÔöÇÔöÇÔöÇÔöÇÔöÇÔöÇÔöÇÔöÇÔöÇÔöÇÔöÇ[0m
[38;5;12mÔöîÔöÇÔöÇÔöÇÔöÇÔöÇÔöÇÔöÇÔöÇÔöÇÔöÇÔöÇÔöÇÔöÇÔöÇÔöÇÔöÇÔöÇÔöÇÔöÇÔöÇÔöÇÔöÇÔöÇÔöÇÔöÇÔöÇÔöÇÔöÇÔöÇÔöÇÔöÇÔöÇÔöÇÔöÇÔöÇÔöÇÔöÇÔöÇÔöÇÔöÇÔöÇÔöÇÔöÇÔöÇÔöÇÔöÇÔöÇÔöÇÔöÇÔöÇÔöÇÔöÇÔöÇÔöÇÔöÇÔöÇÔöÇÔöÇÔöÇÔöÇÔöÇÔöÇÔöÇÔöÇÔöÇÔöÇÔöÇÔöÇÔöÇÔöÇÔöÇÔöÇÔöÇÔöÇÔöÇÔöÇÔöÇÔöÇÔöÇ[0m
[38;5;12mÔöé 01:00:45.883 (+0:00:00.020890)[0m
[38;5;12mÔö£ÔöäÔöäÔöäÔöäÔöäÔöäÔöäÔöäÔöäÔöäÔöäÔöäÔöäÔöäÔöäÔöäÔöäÔöäÔöäÔöäÔöäÔöäÔöäÔöäÔöäÔöäÔöäÔöäÔöäÔöäÔöäÔöäÔöäÔöäÔöäÔöäÔöäÔöäÔöäÔöäÔöäÔöäÔöäÔöäÔöäÔöäÔöäÔöäÔöäÔöäÔöäÔöäÔöäÔöäÔöäÔöäÔöäÔöäÔöäÔöäÔöäÔöäÔöäÔöäÔöäÔöäÔöäÔöäÔöäÔöäÔöäÔöäÔöäÔöäÔöäÔöäÔöäÔöäÔöä[0m
[38;5;12mÔöé ­ƒÆí [Tag] Message 180[0m
[38;5;12mÔööÔöÇÔöÇÔöÇÔöÇÔöÇÔöÇÔöÇÔöÇÔöÇÔöÇÔöÇÔöÇÔöÇÔöÇÔöÇÔöÇÔöÇÔöÇÔöÇÔöÇÔöÇÔöÇÔöÇÔöÇÔöÇÔöÇÔöÇÔöÇÔöÇÔöÇÔöÇÔöÇÔöÇÔöÇÔöÇÔöÇÔöÇÔöÇÔöÇÔöÇÔöÇÔöÇÔöÇÔöÇÔöÇÔöÇÔöÇÔöÇÔöÇÔöÇÔöÇÔöÇÔöÇÔöÇÔöÇÔöÇÔöÇÔöÇÔöÇÔöÇÔöÇÔöÇÔöÇÔöÇÔöÇÔöÇÔöÇÔöÇÔöÇÔöÇÔöÇÔöÇÔöÇÔöÇÔöÇÔöÇÔöÇÔöÇÔöÇ[0m
[38;5;12mÔöîÔöÇÔöÇÔöÇÔöÇÔöÇÔöÇÔöÇÔöÇÔöÇÔöÇÔöÇÔöÇÔöÇÔöÇÔöÇÔöÇÔöÇÔöÇÔöÇÔöÇÔöÇÔöÇÔöÇÔöÇÔöÇÔöÇÔöÇÔöÇÔöÇÔöÇÔöÇÔöÇÔöÇÔöÇÔöÇÔöÇÔöÇÔöÇÔöÇÔöÇÔöÇÔöÇÔöÇÔöÇÔöÇÔöÇÔöÇÔöÇÔöÇÔöÇÔöÇÔöÇÔöÇÔöÇÔöÇÔöÇÔöÇÔöÇÔöÇÔöÇÔöÇÔöÇÔöÇÔöÇÔöÇÔöÇÔöÇÔöÇÔöÇÔöÇÔöÇÔöÇÔöÇÔöÇÔöÇÔöÇÔöÇÔöÇÔöÇ[0m
[38;5;12mÔöé 01:00:45.883 (+0:00:00.020890)[0m
[38;5;12mÔö£ÔöäÔöäÔöäÔöäÔöäÔöäÔöäÔöäÔöäÔöäÔöäÔöäÔöäÔöäÔöäÔöäÔöäÔöäÔöäÔöäÔöäÔöäÔöäÔöäÔöäÔöäÔöäÔöäÔöäÔöäÔöäÔöäÔöäÔöäÔöäÔöäÔöäÔöäÔöäÔöäÔöäÔöäÔöäÔöäÔöäÔöäÔöäÔöäÔöäÔöäÔöäÔöäÔöäÔöäÔöäÔöäÔöäÔöäÔöäÔöäÔöäÔöäÔöäÔöäÔöäÔöäÔöäÔöäÔöäÔöäÔöäÔöäÔöäÔöäÔöäÔöäÔöäÔöäÔöä[0m
[38;5;12mÔöé ­ƒÆí [Tag] Message 181[0m
[38;5;12mÔööÔöÇÔöÇÔöÇÔöÇÔöÇÔöÇÔöÇÔöÇÔöÇÔöÇÔöÇÔöÇÔöÇÔöÇÔöÇÔöÇÔöÇÔöÇÔöÇÔöÇÔöÇÔöÇÔöÇÔöÇÔöÇÔöÇÔöÇÔöÇÔöÇÔöÇÔöÇÔöÇÔöÇÔöÇÔöÇÔöÇÔöÇÔöÇÔöÇÔöÇÔöÇÔöÇÔöÇÔöÇÔöÇÔöÇÔöÇÔöÇÔöÇÔöÇÔöÇÔöÇÔöÇÔöÇÔöÇÔöÇÔöÇÔöÇÔöÇÔöÇÔöÇÔöÇÔöÇÔöÇÔöÇÔöÇÔöÇÔöÇÔöÇÔöÇÔöÇÔöÇÔöÇÔöÇÔöÇÔöÇÔöÇÔöÇÔöÇ[0m
[38;5;12mÔöîÔöÇÔöÇÔöÇÔöÇÔöÇÔöÇÔöÇÔöÇÔöÇÔöÇÔöÇÔöÇÔöÇÔöÇÔöÇÔöÇÔöÇÔöÇÔöÇÔöÇÔöÇÔöÇÔöÇÔöÇÔöÇÔöÇÔöÇÔöÇÔöÇÔöÇÔöÇÔöÇÔöÇÔöÇÔöÇÔöÇÔöÇÔöÇÔöÇÔöÇÔöÇÔöÇÔöÇÔöÇÔöÇÔöÇÔöÇÔöÇÔöÇÔöÇÔöÇÔöÇÔöÇÔöÇÔöÇÔöÇÔöÇÔöÇÔöÇÔöÇÔöÇÔöÇÔöÇÔöÇÔöÇÔöÇÔöÇÔöÇÔöÇÔöÇÔöÇÔöÇÔöÇÔöÇÔöÇÔöÇÔöÇÔöÇÔöÇ[0m
[38;5;12mÔöé 01:00:45.883 (+0:00:00.020890)[0m
[38;5;12mÔö£ÔöäÔöäÔöäÔöäÔöäÔöäÔöäÔöäÔöäÔöäÔöäÔöäÔöäÔöäÔöäÔöäÔöäÔöäÔöäÔöäÔöäÔöäÔöäÔöäÔöäÔöäÔöäÔöäÔöäÔöäÔöäÔöäÔöäÔöäÔöäÔöäÔöäÔöäÔöäÔöäÔöäÔöäÔöäÔöäÔöäÔöäÔöäÔöäÔöäÔöäÔöäÔöäÔöäÔöäÔöäÔöäÔöäÔöäÔöäÔöäÔöäÔöäÔöäÔöäÔöäÔöäÔöäÔöäÔöäÔöäÔöäÔöäÔöäÔöäÔöäÔöäÔöäÔöäÔöä[0m
[38;5;12mÔöé ­ƒÆí [Tag] Message 182[0m
[38;5;12mÔööÔöÇÔöÇÔöÇÔöÇÔöÇÔöÇÔöÇÔöÇÔöÇÔöÇÔöÇÔöÇÔöÇÔöÇÔöÇÔöÇÔöÇÔöÇÔöÇÔöÇÔöÇÔöÇÔöÇÔöÇÔöÇÔöÇÔöÇÔöÇÔöÇÔöÇÔöÇÔöÇÔöÇÔöÇÔöÇÔöÇÔöÇÔöÇÔöÇÔöÇÔöÇÔöÇÔöÇÔöÇÔöÇÔöÇÔöÇÔöÇÔöÇÔöÇÔöÇÔöÇÔöÇÔöÇÔöÇÔöÇÔöÇÔöÇÔöÇÔöÇÔöÇÔöÇÔöÇÔöÇÔöÇÔöÇÔöÇÔöÇÔöÇÔöÇÔöÇÔöÇÔöÇÔöÇÔöÇÔöÇÔöÇÔöÇÔöÇ[0m
[38;5;12mÔöîÔöÇÔöÇÔöÇÔöÇÔöÇÔöÇÔöÇÔöÇÔöÇÔöÇÔöÇÔöÇÔöÇÔöÇÔöÇÔöÇÔöÇÔöÇÔöÇÔöÇÔöÇÔöÇÔöÇÔöÇÔöÇÔöÇÔöÇÔöÇÔöÇÔöÇÔöÇÔöÇÔöÇÔöÇÔöÇÔöÇÔöÇÔöÇÔöÇÔöÇÔöÇÔöÇÔöÇÔöÇÔöÇÔöÇÔöÇÔöÇÔöÇÔöÇÔöÇÔöÇÔöÇÔöÇÔöÇÔöÇÔöÇÔöÇÔöÇÔöÇÔöÇÔöÇÔöÇÔöÇÔöÇÔöÇÔöÇÔöÇÔöÇÔöÇÔöÇÔöÇÔöÇÔöÇÔöÇÔöÇÔöÇÔöÇÔöÇ[0m
[38;5;12mÔöé 01:00:45.883 (+0:00:00.020890)[0m
[38;5;12mÔö£ÔöäÔöäÔöäÔöäÔöäÔöäÔöäÔöäÔöäÔöäÔöäÔöäÔöäÔöäÔöäÔöäÔöäÔöäÔöäÔöäÔöäÔöäÔöäÔöäÔöäÔöäÔöäÔöäÔöäÔöäÔöäÔöäÔöäÔöäÔöäÔöäÔöäÔöäÔöäÔöäÔöäÔöäÔöäÔöäÔöäÔöäÔöäÔöäÔöäÔöäÔöäÔöäÔöäÔöäÔöäÔöäÔöäÔöäÔöäÔöäÔöäÔöäÔöäÔöäÔöäÔöäÔöäÔöäÔöäÔöäÔöäÔöäÔöäÔöäÔöäÔöäÔöäÔöäÔöä[0m
[38;5;12mÔöé ­ƒÆí [Tag] Message 183[0m
[38;5;12mÔööÔöÇÔöÇÔöÇÔöÇÔöÇÔöÇÔöÇÔöÇÔöÇÔöÇÔöÇÔöÇÔöÇÔöÇÔöÇÔöÇÔöÇÔöÇÔöÇÔöÇÔöÇÔöÇÔöÇÔöÇÔöÇÔöÇÔöÇÔöÇÔöÇÔöÇÔöÇÔöÇÔöÇÔöÇÔöÇÔöÇÔöÇÔöÇÔöÇÔöÇÔöÇÔöÇÔöÇÔöÇÔöÇÔöÇÔöÇÔöÇÔöÇÔöÇÔöÇÔöÇÔöÇÔöÇÔöÇÔöÇÔöÇÔöÇÔöÇÔöÇÔöÇÔöÇÔöÇÔöÇÔöÇÔöÇÔöÇÔöÇÔöÇÔöÇÔöÇÔöÇÔöÇÔöÇÔöÇÔöÇÔöÇÔöÇÔöÇ[0m
[38;5;12mÔöîÔöÇÔöÇÔöÇÔöÇÔöÇÔöÇÔöÇÔöÇÔöÇÔöÇÔöÇÔöÇÔöÇÔöÇÔöÇÔöÇÔöÇÔöÇÔöÇÔöÇÔöÇÔöÇÔöÇÔöÇÔöÇÔöÇÔöÇÔöÇÔöÇÔöÇÔöÇÔöÇÔöÇÔöÇÔöÇÔöÇÔöÇÔöÇÔöÇÔöÇÔöÇÔöÇÔöÇÔöÇÔöÇÔöÇÔöÇÔöÇÔöÇÔöÇÔöÇÔöÇÔöÇÔöÇÔöÇÔöÇÔöÇÔöÇÔöÇÔöÇÔöÇÔöÇÔöÇÔöÇÔöÇÔöÇÔöÇÔöÇÔöÇÔöÇÔöÇÔöÇÔöÇÔöÇÔöÇÔöÇÔöÇÔöÇÔöÇ[0m
[38;5;12mÔöé 01:00:45.883 (+0:00:00.020890)[0m
[38;5;12mÔö£ÔöäÔöäÔöäÔöäÔöäÔöäÔöäÔöäÔöäÔöäÔöäÔöäÔöäÔöäÔöäÔöäÔöäÔöäÔöäÔöäÔöäÔöäÔöäÔöäÔöäÔöäÔöäÔöäÔöäÔöäÔöäÔöäÔöäÔöäÔöäÔöäÔöäÔöäÔöäÔöäÔöäÔöäÔöäÔöäÔöäÔöäÔöäÔöäÔöäÔöäÔöäÔöäÔöäÔöäÔöäÔöäÔöäÔöäÔöäÔöäÔöäÔöäÔöäÔöäÔöäÔöäÔöäÔöäÔöäÔöäÔöäÔöäÔöäÔöäÔöäÔöäÔöäÔöäÔöä[0m
[38;5;12mÔöé ­ƒÆí [Tag] Message 184[0m
[38;5;12mÔööÔöÇÔöÇÔöÇÔöÇÔöÇÔöÇÔöÇÔöÇÔöÇÔöÇÔöÇÔöÇÔöÇÔöÇÔöÇÔöÇÔöÇÔöÇÔöÇÔöÇÔöÇÔöÇÔöÇÔöÇÔöÇÔöÇÔöÇÔöÇÔöÇÔöÇÔöÇÔöÇÔöÇÔöÇÔöÇÔöÇÔöÇÔöÇÔöÇÔöÇÔöÇÔöÇÔöÇÔöÇÔöÇÔöÇÔöÇÔöÇÔöÇÔöÇÔöÇÔöÇÔöÇÔöÇÔöÇÔöÇÔöÇÔöÇÔöÇÔöÇÔöÇÔöÇÔöÇÔöÇÔöÇÔöÇÔöÇÔöÇÔöÇÔöÇÔöÇÔöÇÔöÇÔöÇÔöÇÔöÇÔöÇÔöÇÔöÇ[0m
[38;5;12mÔöîÔöÇÔöÇÔöÇÔöÇÔöÇÔöÇÔöÇÔöÇÔöÇÔöÇÔöÇÔöÇÔöÇÔöÇÔöÇÔöÇÔöÇÔöÇÔöÇÔöÇÔöÇÔöÇÔöÇÔöÇÔöÇÔöÇÔöÇÔöÇÔöÇÔöÇÔöÇÔöÇÔöÇÔöÇÔöÇÔöÇÔöÇÔöÇÔöÇÔöÇÔöÇÔöÇÔöÇÔöÇÔöÇÔöÇÔöÇÔöÇÔöÇÔöÇÔöÇÔöÇÔöÇÔöÇÔöÇÔöÇÔöÇÔöÇÔöÇÔöÇÔöÇÔöÇÔöÇÔöÇÔöÇÔöÇÔöÇÔöÇÔöÇÔöÇÔöÇÔöÇÔöÇÔöÇÔöÇÔöÇÔöÇÔöÇÔöÇ[0m
[38;5;12mÔöé 01:00:45.883 (+0:00:00.020890)[0m
[38;5;12mÔö£ÔöäÔöäÔöäÔöäÔöäÔöäÔöäÔöäÔöäÔöäÔöäÔöäÔöäÔöäÔöäÔöäÔöäÔöäÔöäÔöäÔöäÔöäÔöäÔöäÔöäÔöäÔöäÔöäÔöäÔöäÔöäÔöäÔöäÔöäÔöäÔöäÔöäÔöäÔöäÔöäÔöäÔöäÔöäÔöäÔöäÔöäÔöäÔöäÔöäÔöäÔöäÔöäÔöäÔöäÔöäÔöäÔöäÔöäÔöäÔöäÔöäÔöäÔöäÔöäÔöäÔöäÔöäÔöäÔöäÔöäÔöäÔöäÔöäÔöäÔöäÔöäÔöäÔöäÔöä[0m
[38;5;12mÔöé ­ƒÆí [Tag] Message 185[0m
[38;5;12mÔööÔöÇÔöÇÔöÇÔöÇÔöÇÔöÇÔöÇÔöÇÔöÇÔöÇÔöÇÔöÇÔöÇÔöÇÔöÇÔöÇÔöÇÔöÇÔöÇÔöÇÔöÇÔöÇÔöÇÔöÇÔöÇÔöÇÔöÇÔöÇÔöÇÔöÇÔöÇÔöÇÔöÇÔöÇÔöÇÔöÇÔöÇÔöÇÔöÇÔöÇÔöÇÔöÇÔöÇÔöÇÔöÇÔöÇÔöÇÔöÇÔöÇÔöÇÔöÇÔöÇÔöÇÔöÇÔöÇÔöÇÔöÇÔöÇÔöÇÔöÇÔöÇÔöÇÔöÇÔöÇÔöÇÔöÇÔöÇÔöÇÔöÇÔöÇÔöÇÔöÇÔöÇÔöÇÔöÇÔöÇÔöÇÔöÇÔöÇ[0m
[38;5;12mÔöîÔöÇÔöÇÔöÇÔöÇÔöÇÔöÇÔöÇÔöÇÔöÇÔöÇÔöÇÔöÇÔöÇÔöÇÔöÇÔöÇÔöÇÔöÇÔöÇÔöÇÔöÇÔöÇÔöÇÔöÇÔöÇÔöÇÔöÇÔöÇÔöÇÔöÇÔöÇÔöÇÔöÇÔöÇÔöÇÔöÇÔöÇÔöÇÔöÇÔöÇÔöÇÔöÇÔöÇÔöÇÔöÇÔöÇÔöÇÔöÇÔöÇÔöÇÔöÇÔöÇÔöÇÔöÇÔöÇÔöÇÔöÇÔöÇÔöÇÔöÇÔöÇÔöÇÔöÇÔöÇÔöÇÔöÇÔöÇÔöÇÔöÇÔöÇÔöÇÔöÇÔöÇÔöÇÔöÇÔöÇÔöÇÔöÇÔöÇ[0m
[38;5;12mÔöé 01:00:45.883 (+0:00:00.020890)[0m
[38;5;12mÔö£ÔöäÔöäÔöäÔöäÔöäÔöäÔöäÔöäÔöäÔöäÔöäÔöäÔöäÔöäÔöäÔöäÔöäÔöäÔöäÔöäÔöäÔöäÔöäÔöäÔöäÔöäÔöäÔöäÔöäÔöäÔöäÔöäÔöäÔöäÔöäÔöäÔöäÔöäÔöäÔöäÔöäÔöäÔöäÔöäÔöäÔöäÔöäÔöäÔöäÔöäÔöäÔöäÔöäÔöäÔöäÔöäÔöäÔöäÔöäÔöäÔöäÔöäÔöäÔöäÔöäÔöäÔöäÔöäÔöäÔöäÔöäÔöäÔöäÔöäÔöäÔöäÔöäÔöäÔöä[0m
[38;5;12mÔöé ­ƒÆí [Tag] Message 186[0m
[38;5;12mÔööÔöÇÔöÇÔöÇÔöÇÔöÇÔöÇÔöÇÔöÇÔöÇÔöÇÔöÇÔöÇÔöÇÔöÇÔöÇÔöÇÔöÇÔöÇÔöÇÔöÇÔöÇÔöÇÔöÇÔöÇÔöÇÔöÇÔöÇÔöÇÔöÇÔöÇÔöÇÔöÇÔöÇÔöÇÔöÇÔöÇÔöÇÔöÇÔöÇÔöÇÔöÇÔöÇÔöÇÔöÇÔöÇÔöÇÔöÇÔöÇÔöÇÔöÇÔöÇÔöÇÔöÇÔöÇÔöÇÔöÇÔöÇÔöÇÔöÇÔöÇÔöÇÔöÇÔöÇÔöÇÔöÇÔöÇÔöÇÔöÇÔöÇÔöÇÔöÇÔöÇÔöÇÔöÇÔöÇÔöÇÔöÇÔöÇÔöÇ[0m
[38;5;12mÔöîÔöÇÔöÇÔöÇÔöÇÔöÇÔöÇÔöÇÔöÇÔöÇÔöÇÔöÇÔöÇÔöÇÔöÇÔöÇÔöÇÔöÇÔöÇÔöÇÔöÇÔöÇÔöÇÔöÇÔöÇÔöÇÔöÇÔöÇÔöÇÔöÇÔöÇÔöÇÔöÇÔöÇÔöÇÔöÇÔöÇÔöÇÔöÇÔöÇÔöÇÔöÇÔöÇÔöÇÔöÇÔöÇÔöÇÔöÇÔöÇÔöÇÔöÇÔöÇÔöÇÔöÇÔöÇÔöÇÔöÇÔöÇÔöÇÔöÇÔöÇÔöÇÔöÇÔöÇÔöÇÔöÇÔöÇÔöÇÔöÇÔöÇÔöÇÔöÇÔöÇÔöÇÔöÇÔöÇÔöÇÔöÇÔöÇÔöÇ[0m
[38;5;12mÔöé 01:00:45.883 (+0:00:00.020890)[0m
[38;5;12mÔö£ÔöäÔöäÔöäÔöäÔöäÔöäÔöäÔöäÔöäÔöäÔöäÔöäÔöäÔöäÔöäÔöäÔöäÔöäÔöäÔöäÔöäÔöäÔöäÔöäÔöäÔöäÔöäÔöäÔöäÔöäÔöäÔöäÔöäÔöäÔöäÔöäÔöäÔöäÔöäÔöäÔöäÔöäÔöäÔöäÔöäÔöäÔöäÔöäÔöäÔöäÔöäÔöäÔöäÔöäÔöäÔöäÔöäÔöäÔöäÔöäÔöäÔöäÔöäÔöäÔöäÔöäÔöäÔöäÔöäÔöäÔöäÔöäÔöäÔöäÔöäÔöäÔöäÔöäÔöä[0m
[38;5;12mÔöé ­ƒÆí [Tag] Message 187[0m
[38;5;12mÔööÔöÇÔöÇÔöÇÔöÇÔöÇÔöÇÔöÇÔöÇÔöÇÔöÇÔöÇÔöÇÔöÇÔöÇÔöÇÔöÇÔöÇÔöÇÔöÇÔöÇÔöÇÔöÇÔöÇÔöÇÔöÇÔöÇÔöÇÔöÇÔöÇÔöÇÔöÇÔöÇÔöÇÔöÇÔöÇÔöÇÔöÇÔöÇÔöÇÔöÇÔöÇÔöÇÔöÇÔöÇÔöÇÔöÇÔöÇÔöÇÔöÇÔöÇÔöÇÔöÇÔöÇÔöÇÔöÇÔöÇÔöÇÔöÇÔöÇÔöÇÔöÇÔöÇÔöÇÔöÇÔöÇÔöÇÔöÇÔöÇÔöÇÔöÇÔöÇÔöÇÔöÇÔöÇÔöÇÔöÇÔöÇÔöÇÔöÇ[0m
[38;5;12mÔöîÔöÇÔöÇÔöÇÔöÇÔöÇÔöÇÔöÇÔöÇÔöÇÔöÇÔöÇÔöÇÔöÇÔöÇÔöÇÔöÇÔöÇÔöÇÔöÇÔöÇÔöÇÔöÇÔöÇÔöÇÔöÇÔöÇÔöÇÔöÇÔöÇÔöÇÔöÇÔöÇÔöÇÔöÇÔöÇÔöÇÔöÇÔöÇÔöÇÔöÇÔöÇÔöÇÔöÇÔöÇÔöÇÔöÇÔöÇÔöÇÔöÇÔöÇÔöÇÔöÇÔöÇÔöÇÔöÇÔöÇÔöÇÔöÇÔöÇÔöÇÔöÇÔöÇÔöÇÔöÇÔöÇÔöÇÔöÇÔöÇÔöÇÔöÇÔöÇÔöÇÔöÇÔöÇÔöÇÔöÇÔöÇÔöÇÔöÇ[0m
[38;5;12mÔöé 01:00:45.883 (+0:00:00.020890)[0m
[38;5;12mÔö£ÔöäÔöäÔöäÔöäÔöäÔöäÔöäÔöäÔöäÔöäÔöäÔöäÔöäÔöäÔöäÔöäÔöäÔöäÔöäÔöäÔöäÔöäÔöäÔöäÔöäÔöäÔöäÔöäÔöäÔöäÔöäÔöäÔöäÔöäÔöäÔöäÔöäÔöäÔöäÔöäÔöäÔöäÔöäÔöäÔöäÔöäÔöäÔöäÔöäÔöäÔöäÔöäÔöäÔöäÔöäÔöäÔöäÔöäÔöäÔöäÔöäÔöäÔöäÔöäÔöäÔöäÔöäÔöäÔöäÔöäÔöäÔöäÔöäÔöäÔöäÔöäÔöäÔöäÔöä[0m
[38;5;12mÔöé ­ƒÆí [Tag] Message 188[0m
[38;5;12mÔööÔöÇÔöÇÔöÇÔöÇÔöÇÔöÇÔöÇÔöÇÔöÇÔöÇÔöÇÔöÇÔöÇÔöÇÔöÇÔöÇÔöÇÔöÇÔöÇÔöÇÔöÇÔöÇÔöÇÔöÇÔöÇÔöÇÔöÇÔöÇÔöÇÔöÇÔöÇÔöÇÔöÇÔöÇÔöÇÔöÇÔöÇÔöÇÔöÇÔöÇÔöÇÔöÇÔöÇÔöÇÔöÇÔöÇÔöÇÔöÇÔöÇÔöÇÔöÇÔöÇÔöÇÔöÇÔöÇÔöÇÔöÇÔöÇÔöÇÔöÇÔöÇÔöÇÔöÇÔöÇÔöÇÔöÇÔöÇÔöÇÔöÇÔöÇÔöÇÔöÇÔöÇÔöÇÔöÇÔöÇÔöÇÔöÇÔöÇ[0m
[38;5;12mÔöîÔöÇÔöÇÔöÇÔöÇÔöÇÔöÇÔöÇÔöÇÔöÇÔöÇÔöÇÔöÇÔöÇÔöÇÔöÇÔöÇÔöÇÔöÇÔöÇÔöÇÔöÇÔöÇÔöÇÔöÇÔöÇÔöÇÔöÇÔöÇÔöÇÔöÇÔöÇÔöÇÔöÇÔöÇÔöÇÔöÇÔöÇÔöÇÔöÇÔöÇÔöÇÔöÇÔöÇÔöÇÔöÇÔöÇÔöÇÔöÇÔöÇÔöÇÔöÇÔöÇÔöÇÔöÇÔöÇÔöÇÔöÇÔöÇÔöÇÔöÇÔöÇÔöÇÔöÇÔöÇÔöÇÔöÇÔöÇÔöÇÔöÇÔöÇÔöÇÔöÇÔöÇÔöÇÔöÇÔöÇÔöÇÔöÇÔöÇ[0m
[38;5;12mÔöé 01:00:45.883 (+0:00:00.020890)[0m
[38;5;12mÔö£ÔöäÔöäÔöäÔöäÔöäÔöäÔöäÔöäÔöäÔöäÔöäÔöäÔöäÔöäÔöäÔöäÔöäÔöäÔöäÔöäÔöäÔöäÔöäÔöäÔöäÔöäÔöäÔöäÔöäÔöäÔöäÔöäÔöäÔöäÔöäÔöäÔöäÔöäÔöäÔöäÔöäÔöäÔöäÔöäÔöäÔöäÔöäÔöäÔöäÔöäÔöäÔöäÔöäÔöäÔöäÔöäÔöäÔöäÔöäÔöäÔöäÔöäÔöäÔöäÔöäÔöäÔöäÔöäÔöäÔöäÔöäÔöäÔöäÔöäÔöäÔöäÔöäÔöäÔöä[0m
[38;5;12mÔöé ­ƒÆí [Tag] Message 189[0m
[38;5;12mÔööÔöÇÔöÇÔöÇÔöÇÔöÇÔöÇÔöÇÔöÇÔöÇÔöÇÔöÇÔöÇÔöÇÔöÇÔöÇÔöÇÔöÇÔöÇÔöÇÔöÇÔöÇÔöÇÔöÇÔöÇÔöÇÔöÇÔöÇÔöÇÔöÇÔöÇÔöÇÔöÇÔöÇÔöÇÔöÇÔöÇÔöÇÔöÇÔöÇÔöÇÔöÇÔöÇÔöÇÔöÇÔöÇÔöÇÔöÇÔöÇÔöÇÔöÇÔöÇÔöÇÔöÇÔöÇÔöÇÔöÇÔöÇÔöÇÔöÇÔöÇÔöÇÔöÇÔöÇÔöÇÔöÇÔöÇÔöÇÔöÇÔöÇÔöÇÔöÇÔöÇÔöÇÔöÇÔöÇÔöÇÔöÇÔöÇÔöÇ[0m
[38;5;12mÔöîÔöÇÔöÇÔöÇÔöÇÔöÇÔöÇÔöÇÔöÇÔöÇÔöÇÔöÇÔöÇÔöÇÔöÇÔöÇÔöÇÔöÇÔöÇÔöÇÔöÇÔöÇÔöÇÔöÇÔöÇÔöÇÔöÇÔöÇÔöÇÔöÇÔöÇÔöÇÔöÇÔöÇÔöÇÔöÇÔöÇÔöÇÔöÇÔöÇÔöÇÔöÇÔöÇÔöÇÔöÇÔöÇÔöÇÔöÇÔöÇÔöÇÔöÇÔöÇÔöÇÔöÇÔöÇÔöÇÔöÇÔöÇÔöÇÔöÇÔöÇÔöÇÔöÇÔöÇÔöÇÔöÇÔöÇÔöÇÔöÇÔöÇÔöÇÔöÇÔöÇÔöÇÔöÇÔöÇÔöÇÔöÇÔöÇÔöÇ[0m
[38;5;12mÔöé 01:00:45.883 (+0:00:00.020890)[0m
[38;5;12mÔö£ÔöäÔöäÔöäÔöäÔöäÔöäÔöäÔöäÔöäÔöäÔöäÔöäÔöäÔöäÔöäÔöäÔöäÔöäÔöäÔöäÔöäÔöäÔöäÔöäÔöäÔöäÔöäÔöäÔöäÔöäÔöäÔöäÔöäÔöäÔöäÔöäÔöäÔöäÔöäÔöäÔöäÔöäÔöäÔöäÔöäÔöäÔöäÔöäÔöäÔöäÔöäÔöäÔöäÔöäÔöäÔöäÔöäÔöäÔöäÔöäÔöäÔöäÔöäÔöäÔöäÔöäÔöäÔöäÔöäÔöäÔöäÔöäÔöäÔöäÔöäÔöäÔöäÔöäÔöä[0m
[38;5;12mÔöé ­ƒÆí [Tag] Message 190[0m
[38;5;12mÔööÔöÇÔöÇÔöÇÔöÇÔöÇÔöÇÔöÇÔöÇÔöÇÔöÇÔöÇÔöÇÔöÇÔöÇÔöÇÔöÇÔöÇÔöÇÔöÇÔöÇÔöÇÔöÇÔöÇÔöÇÔöÇÔöÇÔöÇÔöÇÔöÇÔöÇÔöÇÔöÇÔöÇÔöÇÔöÇÔöÇÔöÇÔöÇÔöÇÔöÇÔöÇÔöÇÔöÇÔöÇÔöÇÔöÇÔöÇÔöÇÔöÇÔöÇÔöÇÔöÇÔöÇÔöÇÔöÇÔöÇÔöÇÔöÇÔöÇÔöÇÔöÇÔöÇÔöÇÔöÇÔöÇÔöÇÔöÇÔöÇÔöÇÔöÇÔöÇÔöÇÔöÇÔöÇÔöÇÔöÇÔöÇÔöÇÔöÇ[0m
[38;5;12mÔöîÔöÇÔöÇÔöÇÔöÇÔöÇÔöÇÔöÇÔöÇÔöÇÔöÇÔöÇÔöÇÔöÇÔöÇÔöÇÔöÇÔöÇÔöÇÔöÇÔöÇÔöÇÔöÇÔöÇÔöÇÔöÇÔöÇÔöÇÔöÇÔöÇÔöÇÔöÇÔöÇÔöÇÔöÇÔöÇÔöÇÔöÇÔöÇÔöÇÔöÇÔöÇÔöÇÔöÇÔöÇÔöÇÔöÇÔöÇÔöÇÔöÇÔöÇÔöÇÔöÇÔöÇÔöÇÔöÇÔöÇÔöÇÔöÇÔöÇÔöÇÔöÇÔöÇÔöÇÔöÇÔöÇÔöÇÔöÇÔöÇÔöÇÔöÇÔöÇÔöÇÔöÇÔöÇÔöÇÔöÇÔöÇÔöÇÔöÇ[0m
[38;5;12mÔöé 01:00:45.883 (+0:00:00.020890)[0m
[38;5;12mÔö£ÔöäÔöäÔöäÔöäÔöäÔöäÔöäÔöäÔöäÔöäÔöäÔöäÔöäÔöäÔöäÔöäÔöäÔöäÔöäÔöäÔöäÔöäÔöäÔöäÔöäÔöäÔöäÔöäÔöäÔöäÔöäÔöäÔöäÔöäÔöäÔöäÔöäÔöäÔöäÔöäÔöäÔöäÔöäÔöäÔöäÔöäÔöäÔöäÔöäÔöäÔöäÔöäÔöäÔöäÔöäÔöäÔöäÔöäÔöäÔöäÔöäÔöäÔöäÔöäÔöäÔöäÔöäÔöäÔöäÔöäÔöäÔöäÔöäÔöäÔöäÔöäÔöäÔöäÔöä[0m
[38;5;12mÔöé ­ƒÆí [Tag] Message 191[0m
[38;5;12mÔööÔöÇÔöÇÔöÇÔöÇÔöÇÔöÇÔöÇÔöÇÔöÇÔöÇÔöÇÔöÇÔöÇÔöÇÔöÇÔöÇÔöÇÔöÇÔöÇÔöÇÔöÇÔöÇÔöÇÔöÇÔöÇÔöÇÔöÇÔöÇÔöÇÔöÇÔöÇÔöÇÔöÇÔöÇÔöÇÔöÇÔöÇÔöÇÔöÇÔöÇÔöÇÔöÇÔöÇÔöÇÔöÇÔöÇÔöÇÔöÇÔöÇÔöÇÔöÇÔöÇÔöÇÔöÇÔöÇÔöÇÔöÇÔöÇÔöÇÔöÇÔöÇÔöÇÔöÇÔöÇÔöÇÔöÇÔöÇÔöÇÔöÇÔöÇÔöÇÔöÇÔöÇÔöÇÔöÇÔöÇÔöÇÔöÇÔöÇ[0m
[38;5;12mÔöîÔöÇÔöÇÔöÇÔöÇÔöÇÔöÇÔöÇÔöÇÔöÇÔöÇÔöÇÔöÇÔöÇÔöÇÔöÇÔöÇÔöÇÔöÇÔöÇÔöÇÔöÇÔöÇÔöÇÔöÇÔöÇÔöÇÔöÇÔöÇÔöÇÔöÇÔöÇÔöÇÔöÇÔöÇÔöÇÔöÇÔöÇÔöÇÔöÇÔöÇÔöÇÔöÇÔöÇÔöÇÔöÇÔöÇÔöÇÔöÇÔöÇÔöÇÔöÇÔöÇÔöÇÔöÇÔöÇÔöÇÔöÇÔöÇÔöÇÔöÇÔöÇÔöÇÔöÇÔöÇÔöÇÔöÇÔöÇÔöÇÔöÇÔöÇÔöÇÔöÇÔöÇÔöÇÔöÇÔöÇÔöÇÔöÇÔöÇ[0m
[38;5;12mÔöé 01:00:45.883 (+0:00:00.020890)[0m
[38;5;12mÔö£ÔöäÔöäÔöäÔöäÔöäÔöäÔöäÔöäÔöäÔöäÔöäÔöäÔöäÔöäÔöäÔöäÔöäÔöäÔöäÔöäÔöäÔöäÔöäÔöäÔöäÔöäÔöäÔöäÔöäÔöäÔöäÔöäÔöäÔöäÔöäÔöäÔöäÔöäÔöäÔöäÔöäÔöäÔöäÔöäÔöäÔöäÔöäÔöäÔöäÔöäÔöäÔöäÔöäÔöäÔöäÔöäÔöäÔöäÔöäÔöäÔöäÔöäÔöäÔöäÔöäÔöäÔöäÔöäÔöäÔöäÔöäÔöäÔöäÔöäÔöäÔöäÔöäÔöäÔöä[0m
[38;5;12mÔöé ­ƒÆí [Tag] Message 192[0m
[38;5;12mÔööÔöÇÔöÇÔöÇÔöÇÔöÇÔöÇÔöÇÔöÇÔöÇÔöÇÔöÇÔöÇÔöÇÔöÇÔöÇÔöÇÔöÇÔöÇÔöÇÔöÇÔöÇÔöÇÔöÇÔöÇÔöÇÔöÇÔöÇÔöÇÔöÇÔöÇÔöÇÔöÇÔöÇÔöÇÔöÇÔöÇÔöÇÔöÇÔöÇÔöÇÔöÇÔöÇÔöÇÔöÇÔöÇÔöÇÔöÇÔöÇÔöÇÔöÇÔöÇÔöÇÔöÇÔöÇÔöÇÔöÇÔöÇÔöÇÔöÇÔöÇÔöÇÔöÇÔöÇÔöÇÔöÇÔöÇÔöÇÔöÇÔöÇÔöÇÔöÇÔöÇÔöÇÔöÇÔöÇÔöÇÔöÇÔöÇÔöÇ[0m
[38;5;12mÔöîÔöÇÔöÇÔöÇÔöÇÔöÇÔöÇÔöÇÔöÇÔöÇÔöÇÔöÇÔöÇÔöÇÔöÇÔöÇÔöÇÔöÇÔöÇÔöÇÔöÇÔöÇÔöÇÔöÇÔöÇÔöÇÔöÇÔöÇÔöÇÔöÇÔöÇÔöÇÔöÇÔöÇÔöÇÔöÇÔöÇÔöÇÔöÇÔöÇÔöÇÔöÇÔöÇÔöÇÔöÇÔöÇÔöÇÔöÇÔöÇÔöÇÔöÇÔöÇÔöÇÔöÇÔöÇÔöÇÔöÇÔöÇÔöÇÔöÇÔöÇÔöÇÔöÇÔöÇÔöÇÔöÇÔöÇÔöÇÔöÇÔöÇÔöÇÔöÇÔöÇÔöÇÔöÇÔöÇÔöÇÔöÇÔöÇÔöÇ[0m
[38;5;12mÔöé 01:00:45.883 (+0:00:00.020890)[0m
[38;5;12mÔö£ÔöäÔöäÔöäÔöäÔöäÔöäÔöäÔöäÔöäÔöäÔöäÔöäÔöäÔöäÔöäÔöäÔöäÔöäÔöäÔöäÔöäÔöäÔöäÔöäÔöäÔöäÔöäÔöäÔöäÔöäÔöäÔöäÔöäÔöäÔöäÔöäÔöäÔöäÔöäÔöäÔöäÔöäÔöäÔöäÔöäÔöäÔöäÔöäÔöäÔöäÔöäÔöäÔöäÔöäÔöäÔöäÔöäÔöäÔöäÔöäÔöäÔöäÔöäÔöäÔöäÔöäÔöäÔöäÔöäÔöäÔöäÔöäÔöäÔöäÔöäÔöäÔöäÔöäÔöä[0m
[38;5;12mÔöé ­ƒÆí [Tag] Message 193[0m
[38;5;12mÔööÔöÇÔöÇÔöÇÔöÇÔöÇÔöÇÔöÇÔöÇÔöÇÔöÇÔöÇÔöÇÔöÇÔöÇÔöÇÔöÇÔöÇÔöÇÔöÇÔöÇÔöÇÔöÇÔöÇÔöÇÔöÇÔöÇÔöÇÔöÇÔöÇÔöÇÔöÇÔöÇÔöÇÔöÇÔöÇÔöÇÔöÇÔöÇÔöÇÔöÇÔöÇÔöÇÔöÇÔöÇÔöÇÔöÇÔöÇÔöÇÔöÇÔöÇÔöÇÔöÇÔöÇÔöÇÔöÇÔöÇÔöÇÔöÇÔöÇÔöÇÔöÇÔöÇÔöÇÔöÇÔöÇÔöÇÔöÇÔöÇÔöÇÔöÇÔöÇÔöÇÔöÇÔöÇÔöÇÔöÇÔöÇÔöÇÔöÇ[0m
[38;5;12mÔöîÔöÇÔöÇÔöÇÔöÇÔöÇÔöÇÔöÇÔöÇÔöÇÔöÇÔöÇÔöÇÔöÇÔöÇÔöÇÔöÇÔöÇÔöÇÔöÇÔöÇÔöÇÔöÇÔöÇÔöÇÔöÇÔöÇÔöÇÔöÇÔöÇÔöÇÔöÇÔöÇÔöÇÔöÇÔöÇÔöÇÔöÇÔöÇÔöÇÔöÇÔöÇÔöÇÔöÇÔöÇÔöÇÔöÇÔöÇÔöÇÔöÇÔöÇÔöÇÔöÇÔöÇÔöÇÔöÇÔöÇÔöÇÔöÇÔöÇÔöÇÔöÇÔöÇÔöÇÔöÇÔöÇÔöÇÔöÇÔöÇÔöÇÔöÇÔöÇÔöÇÔöÇÔöÇÔöÇÔöÇÔöÇÔöÇÔöÇ[0m
[38;5;12mÔöé 01:00:45.883 (+0:00:00.020890)[0m
[38;5;12mÔö£ÔöäÔöäÔöäÔöäÔöäÔöäÔöäÔöäÔöäÔöäÔöäÔöäÔöäÔöäÔöäÔöäÔöäÔöäÔöäÔöäÔöäÔöäÔöäÔöäÔöäÔöäÔöäÔöäÔöäÔöäÔöäÔöäÔöäÔöäÔöäÔöäÔöäÔöäÔöäÔöäÔöäÔöäÔöäÔöäÔöäÔöäÔöäÔöäÔöäÔöäÔöäÔöäÔöäÔöäÔöäÔöäÔöäÔöäÔöäÔöäÔöäÔöäÔöäÔöäÔöäÔöäÔöäÔöäÔöäÔöäÔöäÔöäÔöäÔöäÔöäÔöäÔöäÔöäÔöä[0m
[38;5;12mÔöé ­ƒÆí [Tag] Message 194[0m
[38;5;12mÔööÔöÇÔöÇÔöÇÔöÇÔöÇÔöÇÔöÇÔöÇÔöÇÔöÇÔöÇÔöÇÔöÇÔöÇÔöÇÔöÇÔöÇÔöÇÔöÇÔöÇÔöÇÔöÇÔöÇÔöÇÔöÇÔöÇÔöÇÔöÇÔöÇÔöÇÔöÇÔöÇÔöÇÔöÇÔöÇÔöÇÔöÇÔöÇÔöÇÔöÇÔöÇÔöÇÔöÇÔöÇÔöÇÔöÇÔöÇÔöÇÔöÇÔöÇÔöÇÔöÇÔöÇÔöÇÔöÇÔöÇÔöÇÔöÇÔöÇÔöÇÔöÇÔöÇÔöÇÔöÇÔöÇÔöÇÔöÇÔöÇÔöÇÔöÇÔöÇÔöÇÔöÇÔöÇÔöÇÔöÇÔöÇÔöÇÔöÇ[0m
[38;5;12mÔöîÔöÇÔöÇÔöÇÔöÇÔöÇÔöÇÔöÇÔöÇÔöÇÔöÇÔöÇÔöÇÔöÇÔöÇÔöÇÔöÇÔöÇÔöÇÔöÇÔöÇÔöÇÔöÇÔöÇÔöÇÔöÇÔöÇÔöÇÔöÇÔöÇÔöÇÔöÇÔöÇÔöÇÔöÇÔöÇÔöÇÔöÇÔöÇÔöÇÔöÇÔöÇÔöÇÔöÇÔöÇÔöÇÔöÇÔöÇÔöÇÔöÇÔöÇÔöÇÔöÇÔöÇÔöÇÔöÇÔöÇÔöÇÔöÇÔöÇÔöÇÔöÇÔöÇÔöÇÔöÇÔöÇÔöÇÔöÇÔöÇÔöÇÔöÇÔöÇÔöÇÔöÇÔöÇÔöÇÔöÇÔöÇÔöÇÔöÇ[0m
[38;5;12mÔöé 01:00:45.883 (+0:00:00.021435)[0m
[38;5;12mÔö£ÔöäÔöäÔöäÔöäÔöäÔöäÔöäÔöäÔöäÔöäÔöäÔöäÔöäÔöäÔöäÔöäÔöäÔöäÔöäÔöäÔöäÔöäÔöäÔöäÔöäÔöäÔöäÔöäÔöäÔöäÔöäÔöäÔöäÔöäÔöäÔöäÔöäÔöäÔöäÔöäÔöäÔöäÔöäÔöäÔöäÔöäÔöäÔöäÔöäÔöäÔöäÔöäÔöäÔöäÔöäÔöäÔöäÔöäÔöäÔöäÔöäÔöäÔöäÔöäÔöäÔöäÔöäÔöäÔöäÔöäÔöäÔöäÔöäÔöäÔöäÔöäÔöäÔöäÔöä[0m
[38;5;12mÔöé ­ƒÆí [Tag] Message 195[0m
[38;5;12mÔööÔöÇÔöÇÔöÇÔöÇÔöÇÔöÇÔöÇÔöÇÔöÇÔöÇÔöÇÔöÇÔöÇÔöÇÔöÇÔöÇÔöÇÔöÇÔöÇÔöÇÔöÇÔöÇÔöÇÔöÇÔöÇÔöÇÔöÇÔöÇÔöÇÔöÇÔöÇÔöÇÔöÇÔöÇÔöÇÔöÇÔöÇÔöÇÔöÇÔöÇÔöÇÔöÇÔöÇÔöÇÔöÇÔöÇÔöÇÔöÇÔöÇÔöÇÔöÇÔöÇÔöÇÔöÇÔöÇÔöÇÔöÇÔöÇÔöÇÔöÇÔöÇÔöÇÔöÇÔöÇÔöÇÔöÇÔöÇÔöÇÔöÇÔöÇÔöÇÔöÇÔöÇÔöÇÔöÇÔöÇÔöÇÔöÇÔöÇ[0m
[38;5;12mÔöîÔöÇÔöÇÔöÇÔöÇÔöÇÔöÇÔöÇÔöÇÔöÇÔöÇÔöÇÔöÇÔöÇÔöÇÔöÇÔöÇÔöÇÔöÇÔöÇÔöÇÔöÇÔöÇÔöÇÔöÇÔöÇÔöÇÔöÇÔöÇÔöÇÔöÇÔöÇÔöÇÔöÇÔöÇÔöÇÔöÇÔöÇÔöÇÔöÇÔöÇÔöÇÔöÇÔöÇÔöÇÔöÇÔöÇÔöÇÔöÇÔöÇÔöÇÔöÇÔöÇÔöÇÔöÇÔöÇÔöÇÔöÇÔöÇÔöÇÔöÇÔöÇÔöÇÔöÇÔöÇÔöÇÔöÇÔöÇÔöÇÔöÇÔöÇÔöÇÔöÇÔöÇÔöÇÔöÇÔöÇÔöÇÔöÇÔöÇ[0m
[38;5;12mÔöé 01:00:45.883 (+0:00:00.021435)[0m
[38;5;12mÔö£ÔöäÔöäÔöäÔöäÔöäÔöäÔöäÔöäÔöäÔöäÔöäÔöäÔöäÔöäÔöäÔöäÔöäÔöäÔöäÔöäÔöäÔöäÔöäÔöäÔöäÔöäÔöäÔöäÔöäÔöäÔöäÔöäÔöäÔöäÔöäÔöäÔöäÔöäÔöäÔöäÔöäÔöäÔöäÔöäÔöäÔöäÔöäÔöäÔöäÔöäÔöäÔöäÔöäÔöäÔöäÔöäÔöäÔöäÔöäÔöäÔöäÔöäÔöäÔöäÔöäÔöäÔöäÔöäÔöäÔöäÔöäÔöäÔöäÔöäÔöäÔöäÔöäÔöäÔöä[0m
[38;5;12mÔöé ­ƒÆí [Tag] Message 196[0m
[38;5;12mÔööÔöÇÔöÇÔöÇÔöÇÔöÇÔöÇÔöÇÔöÇÔöÇÔöÇÔöÇÔöÇÔöÇÔöÇÔöÇÔöÇÔöÇÔöÇÔöÇÔöÇÔöÇÔöÇÔöÇÔöÇÔöÇÔöÇÔöÇÔöÇÔöÇÔöÇÔöÇÔöÇÔöÇÔöÇÔöÇÔöÇÔöÇÔöÇÔöÇÔöÇÔöÇÔöÇÔöÇÔöÇÔöÇÔöÇÔöÇÔöÇÔöÇÔöÇÔöÇÔöÇÔöÇÔöÇÔöÇÔöÇÔöÇÔöÇÔöÇÔöÇÔöÇÔöÇÔöÇÔöÇÔöÇÔöÇÔöÇÔöÇÔöÇÔöÇÔöÇÔöÇÔöÇÔöÇÔöÇÔöÇÔöÇÔöÇÔöÇ[0m
[38;5;12mÔöîÔöÇÔöÇÔöÇÔöÇÔöÇÔöÇÔöÇÔöÇÔöÇÔöÇÔöÇÔöÇÔöÇÔöÇÔöÇÔöÇÔöÇÔöÇÔöÇÔöÇÔöÇÔöÇÔöÇÔöÇÔöÇÔöÇÔöÇÔöÇÔöÇÔöÇÔöÇÔöÇÔöÇÔöÇÔöÇÔöÇÔöÇÔöÇÔöÇÔöÇÔöÇÔöÇÔöÇÔöÇÔöÇÔöÇÔöÇÔöÇÔöÇÔöÇÔöÇÔöÇÔöÇÔöÇÔöÇÔöÇÔöÇÔöÇÔöÇÔöÇÔöÇÔöÇÔöÇÔöÇÔöÇÔöÇÔöÇÔöÇÔöÇÔöÇÔöÇÔöÇÔöÇÔöÇÔöÇÔöÇÔöÇÔöÇÔöÇ[0m
[38;5;12mÔöé 01:00:45.883 (+0:00:00.021435)[0m
[38;5;12mÔö£ÔöäÔöäÔöäÔöäÔöäÔöäÔöäÔöäÔöäÔöäÔöäÔöäÔöäÔöäÔöäÔöäÔöäÔöäÔöäÔöäÔöäÔöäÔöäÔöäÔöäÔöäÔöäÔöäÔöäÔöäÔöäÔöäÔöäÔöäÔöäÔöäÔöäÔöäÔöäÔöäÔöäÔöäÔöäÔöäÔöäÔöäÔöäÔöäÔöäÔöäÔöäÔöäÔöäÔöäÔöäÔöäÔöäÔöäÔöäÔöäÔöäÔöäÔöäÔöäÔöäÔöäÔöäÔöäÔöäÔöäÔöäÔöäÔöäÔöäÔöäÔöäÔöäÔöäÔöä[0m
[38;5;12mÔöé ­ƒÆí [Tag] Message 197[0m
[38;5;12mÔööÔöÇÔöÇÔöÇÔöÇÔöÇÔöÇÔöÇÔöÇÔöÇÔöÇÔöÇÔöÇÔöÇÔöÇÔöÇÔöÇÔöÇÔöÇÔöÇÔöÇÔöÇÔöÇÔöÇÔöÇÔöÇÔöÇÔöÇÔöÇÔöÇÔöÇÔöÇÔöÇÔöÇÔöÇÔöÇÔöÇÔöÇÔöÇÔöÇÔöÇÔöÇÔöÇÔöÇÔöÇÔöÇÔöÇÔöÇÔöÇÔöÇÔöÇÔöÇÔöÇÔöÇÔöÇÔöÇÔöÇÔöÇÔöÇÔöÇÔöÇÔöÇÔöÇÔöÇÔöÇÔöÇÔöÇÔöÇÔöÇÔöÇÔöÇÔöÇÔöÇÔöÇÔöÇÔöÇÔöÇÔöÇÔöÇÔöÇ[0m
[38;5;12mÔöîÔöÇÔöÇÔöÇÔöÇÔöÇÔöÇÔöÇÔöÇÔöÇÔöÇÔöÇÔöÇÔöÇÔöÇÔöÇÔöÇÔöÇÔöÇÔöÇÔöÇÔöÇÔöÇÔöÇÔöÇÔöÇÔöÇÔöÇÔöÇÔöÇÔöÇÔöÇÔöÇÔöÇÔöÇÔöÇÔöÇÔöÇÔöÇÔöÇÔöÇÔöÇÔöÇÔöÇÔöÇÔöÇÔöÇÔöÇÔöÇÔöÇÔöÇÔöÇÔöÇÔöÇÔöÇÔöÇÔöÇÔöÇÔöÇÔöÇÔöÇÔöÇÔöÇÔöÇÔöÇÔöÇÔöÇÔöÇÔöÇÔöÇÔöÇÔöÇÔöÇÔöÇÔöÇÔöÇÔöÇÔöÇÔöÇÔöÇ[0m
[38;5;12mÔöé 01:00:45.883 (+0:00:00.021435)[0m
[38;5;12mÔö£ÔöäÔöäÔöäÔöäÔöäÔöäÔöäÔöäÔöäÔöäÔöäÔöäÔöäÔöäÔöäÔöäÔöäÔöäÔöäÔöäÔöäÔöäÔöäÔöäÔöäÔöäÔöäÔöäÔöäÔöäÔöäÔöäÔöäÔöäÔöäÔöäÔöäÔöäÔöäÔöäÔöäÔöäÔöäÔöäÔöäÔöäÔöäÔöäÔöäÔöäÔöäÔöäÔöäÔöäÔöäÔöäÔöäÔöäÔöäÔöäÔöäÔöäÔöäÔöäÔöäÔöäÔöäÔöäÔöäÔöäÔöäÔöäÔöäÔöäÔöäÔöäÔöäÔöäÔöä[0m
[38;5;12mÔöé ­ƒÆí [Tag] Message 198[0m
[38;5;12mÔööÔöÇÔöÇÔöÇÔöÇÔöÇÔöÇÔöÇÔöÇÔöÇÔöÇÔöÇÔöÇÔöÇÔöÇÔöÇÔöÇÔöÇÔöÇÔöÇÔöÇÔöÇÔöÇÔöÇÔöÇÔöÇÔöÇÔöÇÔöÇÔöÇÔöÇÔöÇÔöÇÔöÇÔöÇÔöÇÔöÇÔöÇÔöÇÔöÇÔöÇÔöÇÔöÇÔöÇÔöÇÔöÇÔöÇÔöÇÔöÇÔöÇÔöÇÔöÇÔöÇÔöÇÔöÇÔöÇÔöÇÔöÇÔöÇÔöÇÔöÇÔöÇÔöÇÔöÇÔöÇÔöÇÔöÇÔöÇÔöÇÔöÇÔöÇÔöÇÔöÇÔöÇÔöÇÔöÇÔöÇÔöÇÔöÇÔöÇ[0m
[38;5;12mÔöîÔöÇÔöÇÔöÇÔöÇÔöÇÔöÇÔöÇÔöÇÔöÇÔöÇÔöÇÔöÇÔöÇÔöÇÔöÇÔöÇÔöÇÔöÇÔöÇÔöÇÔöÇÔöÇÔöÇÔöÇÔöÇÔöÇÔöÇÔöÇÔöÇÔöÇÔöÇÔöÇÔöÇÔöÇÔöÇÔöÇÔöÇÔöÇÔöÇÔöÇÔöÇÔöÇÔöÇÔöÇÔöÇÔöÇÔöÇÔöÇÔöÇÔöÇÔöÇÔöÇÔöÇÔöÇÔöÇÔöÇÔöÇÔöÇÔöÇÔöÇÔöÇÔöÇÔöÇÔöÇÔöÇÔöÇÔöÇÔöÇÔöÇÔöÇÔöÇÔöÇÔöÇÔöÇÔöÇÔöÇÔöÇÔöÇÔöÇ[0m
[38;5;12mÔöé 01:00:45.883 (+0:00:00.021435)[0m
[38;5;12mÔö£ÔöäÔöäÔöäÔöäÔöäÔöäÔöäÔöäÔöäÔöäÔöäÔöäÔöäÔöäÔöäÔöäÔöäÔöäÔöäÔöäÔöäÔöäÔöäÔöäÔöäÔöäÔöäÔöäÔöäÔöäÔöäÔöäÔöäÔöäÔöäÔöäÔöäÔöäÔöäÔöäÔöäÔöäÔöäÔöäÔöäÔöäÔöäÔöäÔöäÔöäÔöäÔöäÔöäÔöäÔöäÔöäÔöäÔöäÔöäÔöäÔöäÔöäÔöäÔöäÔöäÔöäÔöäÔöäÔöäÔöäÔöäÔöäÔöäÔöäÔöäÔöäÔöäÔöäÔöä[0m
[38;5;12mÔöé ­ƒÆí [Tag] Message 199[0m
[38;5;12mÔööÔöÇÔöÇÔöÇÔöÇÔöÇÔöÇÔöÇÔöÇÔöÇÔöÇÔöÇÔöÇÔöÇÔöÇÔöÇÔöÇÔöÇÔöÇÔöÇÔöÇÔöÇÔöÇÔöÇÔöÇÔöÇÔöÇÔöÇÔöÇÔöÇÔöÇÔöÇÔöÇÔöÇÔöÇÔöÇÔöÇÔöÇÔöÇÔöÇÔöÇÔöÇÔöÇÔöÇÔöÇÔöÇÔöÇÔöÇÔöÇÔöÇÔöÇÔöÇÔöÇÔöÇÔöÇÔöÇÔöÇÔöÇÔöÇÔöÇÔöÇÔöÇÔöÇÔöÇÔöÇÔöÇÔöÇÔöÇÔöÇÔöÇÔöÇÔöÇÔöÇÔöÇÔöÇÔöÇÔöÇÔöÇÔöÇÔöÇ[0m
[38;5;12mÔöîÔöÇÔöÇÔöÇÔöÇÔöÇÔöÇÔöÇÔöÇÔöÇÔöÇÔöÇÔöÇÔöÇÔöÇÔöÇÔöÇÔöÇÔöÇÔöÇÔöÇÔöÇÔöÇÔöÇÔöÇÔöÇÔöÇÔöÇÔöÇÔöÇÔöÇÔöÇÔöÇÔöÇÔöÇÔöÇÔöÇÔöÇÔöÇÔöÇÔöÇÔöÇÔöÇÔöÇÔöÇÔöÇÔöÇÔöÇÔöÇÔöÇÔöÇÔöÇÔöÇÔöÇÔöÇÔöÇÔöÇÔöÇÔöÇÔöÇÔöÇÔöÇÔöÇÔöÇÔöÇÔöÇÔöÇÔöÇÔöÇÔöÇÔöÇÔöÇÔöÇÔöÇÔöÇÔöÇÔöÇÔöÇÔöÇÔöÇ[0m
[38;5;12mÔöé 01:00:45.883 (+0:00:00.021435)[0m
[38;5;12mÔö£ÔöäÔöäÔöäÔöäÔöäÔöäÔöäÔöäÔöäÔöäÔöäÔöäÔöäÔöäÔöäÔöäÔöäÔöäÔöäÔöäÔöäÔöäÔöäÔöäÔöäÔöäÔöäÔöäÔöäÔöäÔöäÔöäÔöäÔöäÔöäÔöäÔöäÔöäÔöäÔöäÔöäÔöäÔöäÔöäÔöäÔöäÔöäÔöäÔöäÔöäÔöäÔöäÔöäÔöäÔöäÔöäÔöäÔöäÔöäÔöäÔöäÔöäÔöäÔöäÔöäÔöäÔöäÔöäÔöäÔöäÔöäÔöäÔöäÔöäÔöäÔöäÔöäÔöäÔöä[0m
[38;5;12mÔöé ­ƒÆí [Tag] Message 200[0m
[38;5;12mÔööÔöÇÔöÇÔöÇÔöÇÔöÇÔöÇÔöÇÔöÇÔöÇÔöÇÔöÇÔöÇÔöÇÔöÇÔöÇÔöÇÔöÇÔöÇÔöÇÔöÇÔöÇÔöÇÔöÇÔöÇÔöÇÔöÇÔöÇÔöÇÔöÇÔöÇÔöÇÔöÇÔöÇÔöÇÔöÇÔöÇÔöÇÔöÇÔöÇÔöÇÔöÇÔöÇÔöÇÔöÇÔöÇÔöÇÔöÇÔöÇÔöÇÔöÇÔöÇÔöÇÔöÇÔöÇÔöÇÔöÇÔöÇÔöÇÔöÇÔöÇÔöÇÔöÇÔöÇÔöÇÔöÇÔöÇÔöÇÔöÇÔöÇÔöÇÔöÇÔöÇÔöÇÔöÇÔöÇÔöÇÔöÇÔöÇÔöÇ[0m
[38;5;12mÔöîÔöÇÔöÇÔöÇÔöÇÔöÇÔöÇÔöÇÔöÇÔöÇÔöÇÔöÇÔöÇÔöÇÔöÇÔöÇÔöÇÔöÇÔöÇÔöÇÔöÇÔöÇÔöÇÔöÇÔöÇÔöÇÔöÇÔöÇÔöÇÔöÇÔöÇÔöÇÔöÇÔöÇÔöÇÔöÇÔöÇÔöÇÔöÇÔöÇÔöÇÔöÇÔöÇÔöÇÔöÇÔöÇÔöÇÔöÇÔöÇÔöÇÔöÇÔöÇÔöÇÔöÇÔöÇÔöÇÔöÇÔöÇÔöÇÔöÇÔöÇÔöÇÔöÇÔöÇÔöÇÔöÇÔöÇÔöÇÔöÇÔöÇÔöÇÔöÇÔöÇÔöÇÔöÇÔöÇÔöÇÔöÇÔöÇÔöÇ[0m
[38;5;12mÔöé 01:00:45.883 (+0:00:00.021435)[0m
[38;5;12mÔö£ÔöäÔöäÔöäÔöäÔöäÔöäÔöäÔöäÔöäÔöäÔöäÔöäÔöäÔöäÔöäÔöäÔöäÔöäÔöäÔöäÔöäÔöäÔöäÔöäÔöäÔöäÔöäÔöäÔöäÔöäÔöäÔöäÔöäÔöäÔöäÔöäÔöäÔöäÔöäÔöäÔöäÔöäÔöäÔöäÔöäÔöäÔöäÔöäÔöäÔöäÔöäÔöäÔöäÔöäÔöäÔöäÔöäÔöäÔöäÔöäÔöäÔöäÔöäÔöäÔöäÔöäÔöäÔöäÔöäÔöäÔöäÔöäÔöäÔöäÔöäÔöäÔöäÔöäÔöä[0m
[38;5;12mÔöé ­ƒÆí [Tag] Message 201[0m
[38;5;12mÔööÔöÇÔöÇÔöÇÔöÇÔöÇÔöÇÔöÇÔöÇÔöÇÔöÇÔöÇÔöÇÔöÇÔöÇÔöÇÔöÇÔöÇÔöÇÔöÇÔöÇÔöÇÔöÇÔöÇÔöÇÔöÇÔöÇÔöÇÔöÇÔöÇÔöÇÔöÇÔöÇÔöÇÔöÇÔöÇÔöÇÔöÇÔöÇÔöÇÔöÇÔöÇÔöÇÔöÇÔöÇÔöÇÔöÇÔöÇÔöÇÔöÇÔöÇÔöÇÔöÇÔöÇÔöÇÔöÇÔöÇÔöÇÔöÇÔöÇÔöÇÔöÇÔöÇÔöÇÔöÇÔöÇÔöÇÔöÇÔöÇÔöÇÔöÇÔöÇÔöÇÔöÇÔöÇÔöÇÔöÇÔöÇÔöÇÔöÇ[0m
[38;5;12mÔöîÔöÇÔöÇÔöÇÔöÇÔöÇÔöÇÔöÇÔöÇÔöÇÔöÇÔöÇÔöÇÔöÇÔöÇÔöÇÔöÇÔöÇÔöÇÔöÇÔöÇÔöÇÔöÇÔöÇÔöÇÔöÇÔöÇÔöÇÔöÇÔöÇÔöÇÔöÇÔöÇÔöÇÔöÇÔöÇÔöÇÔöÇÔöÇÔöÇÔöÇÔöÇÔöÇÔöÇÔöÇÔöÇÔöÇÔöÇÔöÇÔöÇÔöÇÔöÇÔöÇÔöÇÔöÇÔöÇÔöÇÔöÇÔöÇÔöÇÔöÇÔöÇÔöÇÔöÇÔöÇÔöÇÔöÇÔöÇÔöÇÔöÇÔöÇÔöÇÔöÇÔöÇÔöÇÔöÇÔöÇÔöÇÔöÇÔöÇ[0m
[38;5;12mÔöé 01:00:45.883 (+0:00:00.021435)[0m
[38;5;12mÔö£ÔöäÔöäÔöäÔöäÔöäÔöäÔöäÔöäÔöäÔöäÔöäÔöäÔöäÔöäÔöäÔöäÔöäÔöäÔöäÔöäÔöäÔöäÔöäÔöäÔöäÔöäÔöäÔöäÔöäÔöäÔöäÔöäÔöäÔöäÔöäÔöäÔöäÔöäÔöäÔöäÔöäÔöäÔöäÔöäÔöäÔöäÔöäÔöäÔöäÔöäÔöäÔöäÔöäÔöäÔöäÔöäÔöäÔöäÔöäÔöäÔöäÔöäÔöäÔöäÔöäÔöäÔöäÔöäÔöäÔöäÔöäÔöäÔöäÔöäÔöäÔöäÔöäÔöäÔöä[0m
[38;5;12mÔöé ­ƒÆí [Tag] Message 202[0m
[38;5;12mÔööÔöÇÔöÇÔöÇÔöÇÔöÇÔöÇÔöÇÔöÇÔöÇÔöÇÔöÇÔöÇÔöÇÔöÇÔöÇÔöÇÔöÇÔöÇÔöÇÔöÇÔöÇÔöÇÔöÇÔöÇÔöÇÔöÇÔöÇÔöÇÔöÇÔöÇÔöÇÔöÇÔöÇÔöÇÔöÇÔöÇÔöÇÔöÇÔöÇÔöÇÔöÇÔöÇÔöÇÔöÇÔöÇÔöÇÔöÇÔöÇÔöÇÔöÇÔöÇÔöÇÔöÇÔöÇÔöÇÔöÇÔöÇÔöÇÔöÇÔöÇÔöÇÔöÇÔöÇÔöÇÔöÇÔöÇÔöÇÔöÇÔöÇÔöÇÔöÇÔöÇÔöÇÔöÇÔöÇÔöÇÔöÇÔöÇÔöÇ[0m
[38;5;12mÔöîÔöÇÔöÇÔöÇÔöÇÔöÇÔöÇÔöÇÔöÇÔöÇÔöÇÔöÇÔöÇÔöÇÔöÇÔöÇÔöÇÔöÇÔöÇÔöÇÔöÇÔöÇÔöÇÔöÇÔöÇÔöÇÔöÇÔöÇÔöÇÔöÇÔöÇÔöÇÔöÇÔöÇÔöÇÔöÇÔöÇÔöÇÔöÇÔöÇÔöÇÔöÇÔöÇÔöÇÔöÇÔöÇÔöÇÔöÇÔöÇÔöÇÔöÇÔöÇÔöÇÔöÇÔöÇÔöÇÔöÇÔöÇÔöÇÔöÇÔöÇÔöÇÔöÇÔöÇÔöÇÔöÇÔöÇÔöÇÔöÇÔöÇÔöÇÔöÇÔöÇÔöÇÔöÇÔöÇÔöÇÔöÇÔöÇÔöÇ[0m
[38;5;12mÔöé 01:00:45.883 (+0:00:00.021435)[0m
[38;5;12mÔö£ÔöäÔöäÔöäÔöäÔöäÔöäÔöäÔöäÔöäÔöäÔöäÔöäÔöäÔöäÔöäÔöäÔöäÔöäÔöäÔöäÔöäÔöäÔöäÔöäÔöäÔöäÔöäÔöäÔöäÔöäÔöäÔöäÔöäÔöäÔöäÔöäÔöäÔöäÔöäÔöäÔöäÔöäÔöäÔöäÔöäÔöäÔöäÔöäÔöäÔöäÔöäÔöäÔöäÔöäÔöäÔöäÔöäÔöäÔöäÔöäÔöäÔöäÔöäÔöäÔöäÔöäÔöäÔöäÔöäÔöäÔöäÔöäÔöäÔöäÔöäÔöäÔöäÔöäÔöä[0m
[38;5;12mÔöé ­ƒÆí [Tag] Message 203[0m
[38;5;12mÔööÔöÇÔöÇÔöÇÔöÇÔöÇÔöÇÔöÇÔöÇÔöÇÔöÇÔöÇÔöÇÔöÇÔöÇÔöÇÔöÇÔöÇÔöÇÔöÇÔöÇÔöÇÔöÇÔöÇÔöÇÔöÇÔöÇÔöÇÔöÇÔöÇÔöÇÔöÇÔöÇÔöÇÔöÇÔöÇÔöÇÔöÇÔöÇÔöÇÔöÇÔöÇÔöÇÔöÇÔöÇÔöÇÔöÇÔöÇÔöÇÔöÇÔöÇÔöÇÔöÇÔöÇÔöÇÔöÇÔöÇÔöÇÔöÇÔöÇÔöÇÔöÇÔöÇÔöÇÔöÇÔöÇÔöÇÔöÇÔöÇÔöÇÔöÇÔöÇÔöÇÔöÇÔöÇÔöÇÔöÇÔöÇÔöÇÔöÇ[0m
[38;5;12mÔöîÔöÇÔöÇÔöÇÔöÇÔöÇÔöÇÔöÇÔöÇÔöÇÔöÇÔöÇÔöÇÔöÇÔöÇÔöÇÔöÇÔöÇÔöÇÔöÇÔöÇÔöÇÔöÇÔöÇÔöÇÔöÇÔöÇÔöÇÔöÇÔöÇÔöÇÔöÇÔöÇÔöÇÔöÇÔöÇÔöÇÔöÇÔöÇÔöÇÔöÇÔöÇÔöÇÔöÇÔöÇÔöÇÔöÇÔöÇÔöÇÔöÇÔöÇÔöÇÔöÇÔöÇÔöÇÔöÇÔöÇÔöÇÔöÇÔöÇÔöÇÔöÇÔöÇÔöÇÔöÇÔöÇÔöÇÔöÇÔöÇÔöÇÔöÇÔöÇÔöÇÔöÇÔöÇÔöÇÔöÇÔöÇÔöÇÔöÇ[0m
[38;5;12mÔöé 01:00:45.883 (+0:00:00.021435)[0m
[38;5;12mÔö£ÔöäÔöäÔöäÔöäÔöäÔöäÔöäÔöäÔöäÔöäÔöäÔöäÔöäÔöäÔöäÔöäÔöäÔöäÔöäÔöäÔöäÔöäÔöäÔöäÔöäÔöäÔöäÔöäÔöäÔöäÔöäÔöäÔöäÔöäÔöäÔöäÔöäÔöäÔöäÔöäÔöäÔöäÔöäÔöäÔöäÔöäÔöäÔöäÔöäÔöäÔöäÔöäÔöäÔöäÔöäÔöäÔöäÔöäÔöäÔöäÔöäÔöäÔöäÔöäÔöäÔöäÔöäÔöäÔöäÔöäÔöäÔöäÔöäÔöäÔöäÔöäÔöäÔöäÔöä[0m
[38;5;12mÔöé ­ƒÆí [Tag] Message 204[0m
[38;5;12mÔööÔöÇÔöÇÔöÇÔöÇÔöÇÔöÇÔöÇÔöÇÔöÇÔöÇÔöÇÔöÇÔöÇÔöÇÔöÇÔöÇÔöÇÔöÇÔöÇÔöÇÔöÇÔöÇÔöÇÔöÇÔöÇÔöÇÔöÇÔöÇÔöÇÔöÇÔöÇÔöÇÔöÇÔöÇÔöÇÔöÇÔöÇÔöÇÔöÇÔöÇÔöÇÔöÇÔöÇÔöÇÔöÇÔöÇÔöÇÔöÇÔöÇÔöÇÔöÇÔöÇÔöÇÔöÇÔöÇÔöÇÔöÇÔöÇÔöÇÔöÇÔöÇÔöÇÔöÇÔöÇÔöÇÔöÇÔöÇÔöÇÔöÇÔöÇÔöÇÔöÇÔöÇÔöÇÔöÇÔöÇÔöÇÔöÇÔöÇ[0m
[38;5;12mÔöîÔöÇÔöÇÔöÇÔöÇÔöÇÔöÇÔöÇÔöÇÔöÇÔöÇÔöÇÔöÇÔöÇÔöÇÔöÇÔöÇÔöÇÔöÇÔöÇÔöÇÔöÇÔöÇÔöÇÔöÇÔöÇÔöÇÔöÇÔöÇÔöÇÔöÇÔöÇÔöÇÔöÇÔöÇÔöÇÔöÇÔöÇÔöÇÔöÇÔöÇÔöÇÔöÇÔöÇÔöÇÔöÇÔöÇÔöÇÔöÇÔöÇÔöÇÔöÇÔöÇÔöÇÔöÇÔöÇÔöÇÔöÇÔöÇÔöÇÔöÇÔöÇÔöÇÔöÇÔöÇÔöÇÔöÇÔöÇÔöÇÔöÇÔöÇÔöÇÔöÇÔöÇÔöÇÔöÇÔöÇÔöÇÔöÇÔöÇ[0m
[38;5;12mÔöé 01:00:45.883 (+0:00:00.021435)[0m
[38;5;12mÔö£ÔöäÔöäÔöäÔöäÔöäÔöäÔöäÔöäÔöäÔöäÔöäÔöäÔöäÔöäÔöäÔöäÔöäÔöäÔöäÔöäÔöäÔöäÔöäÔöäÔöäÔöäÔöäÔöäÔöäÔöäÔöäÔöäÔöäÔöäÔöäÔöäÔöäÔöäÔöäÔöäÔöäÔöäÔöäÔöäÔöäÔöäÔöäÔöäÔöäÔöäÔöäÔöäÔöäÔöäÔöäÔöäÔöäÔöäÔöäÔöäÔöäÔöäÔöäÔöäÔöäÔöäÔöäÔöäÔöäÔöäÔöäÔöäÔöäÔöäÔöäÔöäÔöäÔöäÔöä[0m
[38;5;12mÔöé ­ƒÆí [Tag] Message 205[0m
[38;5;12mÔööÔöÇÔöÇÔöÇÔöÇÔöÇÔöÇÔöÇÔöÇÔöÇÔöÇÔöÇÔöÇÔöÇÔöÇÔöÇÔöÇÔöÇÔöÇÔöÇÔöÇÔöÇÔöÇÔöÇÔöÇÔöÇÔöÇÔöÇÔöÇÔöÇÔöÇÔöÇÔöÇÔöÇÔöÇÔöÇÔöÇÔöÇÔöÇÔöÇÔöÇÔöÇÔöÇÔöÇÔöÇÔöÇÔöÇÔöÇÔöÇÔöÇÔöÇÔöÇÔöÇÔöÇÔöÇÔöÇÔöÇÔöÇÔöÇÔöÇÔöÇÔöÇÔöÇÔöÇÔöÇÔöÇÔöÇÔöÇÔöÇÔöÇÔöÇÔöÇÔöÇÔöÇÔöÇÔöÇÔöÇÔöÇÔöÇÔöÇ[0m
[38;5;12mÔöîÔöÇÔöÇÔöÇÔöÇÔöÇÔöÇÔöÇÔöÇÔöÇÔöÇÔöÇÔöÇÔöÇÔöÇÔöÇÔöÇÔöÇÔöÇÔöÇÔöÇÔöÇÔöÇÔöÇÔöÇÔöÇÔöÇÔöÇÔöÇÔöÇÔöÇÔöÇÔöÇÔöÇÔöÇÔöÇÔöÇÔöÇÔöÇÔöÇÔöÇÔöÇÔöÇÔöÇÔöÇÔöÇÔöÇÔöÇÔöÇÔöÇÔöÇÔöÇÔöÇÔöÇÔöÇÔöÇÔöÇÔöÇÔöÇÔöÇÔöÇÔöÇÔöÇÔöÇÔöÇÔöÇÔöÇÔöÇÔöÇÔöÇÔöÇÔöÇÔöÇÔöÇÔöÇÔöÇÔöÇÔöÇÔöÇÔöÇ[0m
[38;5;12mÔöé 01:00:45.883 (+0:00:00.021435)[0m
[38;5;12mÔö£ÔöäÔöäÔöäÔöäÔöäÔöäÔöäÔöäÔöäÔöäÔöäÔöäÔöäÔöäÔöäÔöäÔöäÔöäÔöäÔöäÔöäÔöäÔöäÔöäÔöäÔöäÔöäÔöäÔöäÔöäÔöäÔöäÔöäÔöäÔöäÔöäÔöäÔöäÔöäÔöäÔöäÔöäÔöäÔöäÔöäÔöäÔöäÔöäÔöäÔöäÔöäÔöäÔöäÔöäÔöäÔöäÔöäÔöäÔöäÔöäÔöäÔöäÔöäÔöäÔöäÔöäÔöäÔöäÔöäÔöäÔöäÔöäÔöäÔöäÔöäÔöäÔöäÔöäÔöä[0m
[38;5;12mÔöé ­ƒÆí [Tag] Message 206[0m
[38;5;12mÔööÔöÇÔöÇÔöÇÔöÇÔöÇÔöÇÔöÇÔöÇÔöÇÔöÇÔöÇÔöÇÔöÇÔöÇÔöÇÔöÇÔöÇÔöÇÔöÇÔöÇÔöÇÔöÇÔöÇÔöÇÔöÇÔöÇÔöÇÔöÇÔöÇÔöÇÔöÇÔöÇÔöÇÔöÇÔöÇÔöÇÔöÇÔöÇÔöÇÔöÇÔöÇÔöÇÔöÇÔöÇÔöÇÔöÇÔöÇÔöÇÔöÇÔöÇÔöÇÔöÇÔöÇÔöÇÔöÇÔöÇÔöÇÔöÇÔöÇÔöÇÔöÇÔöÇÔöÇÔöÇÔöÇÔöÇÔöÇÔöÇÔöÇÔöÇÔöÇÔöÇÔöÇÔöÇÔöÇÔöÇÔöÇÔöÇÔöÇ[0m
[38;5;12mÔöîÔöÇÔöÇÔöÇÔöÇÔöÇÔöÇÔöÇÔöÇÔöÇÔöÇÔöÇÔöÇÔöÇÔöÇÔöÇÔöÇÔöÇÔöÇÔöÇÔöÇÔöÇÔöÇÔöÇÔöÇÔöÇÔöÇÔöÇÔöÇÔöÇÔöÇÔöÇÔöÇÔöÇÔöÇÔöÇÔöÇÔöÇÔöÇÔöÇÔöÇÔöÇÔöÇÔöÇÔöÇÔöÇÔöÇÔöÇÔöÇÔöÇÔöÇÔöÇÔöÇÔöÇÔöÇÔöÇÔöÇÔöÇÔöÇÔöÇÔöÇÔöÇÔöÇÔöÇÔöÇÔöÇÔöÇÔöÇÔöÇÔöÇÔöÇÔöÇÔöÇÔöÇÔöÇÔöÇÔöÇÔöÇÔöÇÔöÇ[0m
[38;5;12mÔöé 01:00:45.883 (+0:00:00.021435)[0m
[38;5;12mÔö£ÔöäÔöäÔöäÔöäÔöäÔöäÔöäÔöäÔöäÔöäÔöäÔöäÔöäÔöäÔöäÔöäÔöäÔöäÔöäÔöäÔöäÔöäÔöäÔöäÔöäÔöäÔöäÔöäÔöäÔöäÔöäÔöäÔöäÔöäÔöäÔöäÔöäÔöäÔöäÔöäÔöäÔöäÔöäÔöäÔöäÔöäÔöäÔöäÔöäÔöäÔöäÔöäÔöäÔöäÔöäÔöäÔöäÔöäÔöäÔöäÔöäÔöäÔöäÔöäÔöäÔöäÔöäÔöäÔöäÔöäÔöäÔöäÔöäÔöäÔöäÔöäÔöäÔöäÔöä[0m
[38;5;12mÔöé ­ƒÆí [Tag] Message 207[0m
[38;5;12mÔööÔöÇÔöÇÔöÇÔöÇÔöÇÔöÇÔöÇÔöÇÔöÇÔöÇÔöÇÔöÇÔöÇÔöÇÔöÇÔöÇÔöÇÔöÇÔöÇÔöÇÔöÇÔöÇÔöÇÔöÇÔöÇÔöÇÔöÇÔöÇÔöÇÔöÇÔöÇÔöÇÔöÇÔöÇÔöÇÔöÇÔöÇÔöÇÔöÇÔöÇÔöÇÔöÇÔöÇÔöÇÔöÇÔöÇÔöÇÔöÇÔöÇÔöÇÔöÇÔöÇÔöÇÔöÇÔöÇÔöÇÔöÇÔöÇÔöÇÔöÇÔöÇÔöÇÔöÇÔöÇÔöÇÔöÇÔöÇÔöÇÔöÇÔöÇÔöÇÔöÇÔöÇÔöÇÔöÇÔöÇÔöÇÔöÇÔöÇ[0m
[38;5;12mÔöîÔöÇÔöÇÔöÇÔöÇÔöÇÔöÇÔöÇÔöÇÔöÇÔöÇÔöÇÔöÇÔöÇÔöÇÔöÇÔöÇÔöÇÔöÇÔöÇÔöÇÔöÇÔöÇÔöÇÔöÇÔöÇÔöÇÔöÇÔöÇÔöÇÔöÇÔöÇÔöÇÔöÇÔöÇÔöÇÔöÇÔöÇÔöÇÔöÇÔöÇÔöÇÔöÇÔöÇÔöÇÔöÇÔöÇÔöÇÔöÇÔöÇÔöÇÔöÇÔöÇÔöÇÔöÇÔöÇÔöÇÔöÇÔöÇÔöÇÔöÇÔöÇÔöÇÔöÇÔöÇÔöÇÔöÇÔöÇÔöÇÔöÇÔöÇÔöÇÔöÇÔöÇÔöÇÔöÇÔöÇÔöÇÔöÇÔöÇ[0m
[38;5;12mÔöé 01:00:45.883 (+0:00:00.021435)[0m
[38;5;12mÔö£ÔöäÔöäÔöäÔöäÔöäÔöäÔöäÔöäÔöäÔöäÔöäÔöäÔöäÔöäÔöäÔöäÔöäÔöäÔöäÔöäÔöäÔöäÔöäÔöäÔöäÔöäÔöäÔöäÔöäÔöäÔöäÔöäÔöäÔöäÔöäÔöäÔöäÔöäÔöäÔöäÔöäÔöäÔöäÔöäÔöäÔöäÔöäÔöäÔöäÔöäÔöäÔöäÔöäÔöäÔöäÔöäÔöäÔöäÔöäÔöäÔöäÔöäÔöäÔöäÔöäÔöäÔöäÔöäÔöäÔöäÔöäÔöäÔöäÔöäÔöäÔöäÔöäÔöäÔöä[0m
[38;5;12mÔöé ­ƒÆí [Tag] Message 208[0m
[38;5;12mÔööÔöÇÔöÇÔöÇÔöÇÔöÇÔöÇÔöÇÔöÇÔöÇÔöÇÔöÇÔöÇÔöÇÔöÇÔöÇÔöÇÔöÇÔöÇÔöÇÔöÇÔöÇÔöÇÔöÇÔöÇÔöÇÔöÇÔöÇÔöÇÔöÇÔöÇÔöÇÔöÇÔöÇÔöÇÔöÇÔöÇÔöÇÔöÇÔöÇÔöÇÔöÇÔöÇÔöÇÔöÇÔöÇÔöÇÔöÇÔöÇÔöÇÔöÇÔöÇÔöÇÔöÇÔöÇÔöÇÔöÇÔöÇÔöÇÔöÇÔöÇÔöÇÔöÇÔöÇÔöÇÔöÇÔöÇÔöÇÔöÇÔöÇÔöÇÔöÇÔöÇÔöÇÔöÇÔöÇÔöÇÔöÇÔöÇÔöÇ[0m
[38;5;12mÔöîÔöÇÔöÇÔöÇÔöÇÔöÇÔöÇÔöÇÔöÇÔöÇÔöÇÔöÇÔöÇÔöÇÔöÇÔöÇÔöÇÔöÇÔöÇÔöÇÔöÇÔöÇÔöÇÔöÇÔöÇÔöÇÔöÇÔöÇÔöÇÔöÇÔöÇÔöÇÔöÇÔöÇÔöÇÔöÇÔöÇÔöÇÔöÇÔöÇÔöÇÔöÇÔöÇÔöÇÔöÇÔöÇÔöÇÔöÇÔöÇÔöÇÔöÇÔöÇÔöÇÔöÇÔöÇÔöÇÔöÇÔöÇÔöÇÔöÇÔöÇÔöÇÔöÇÔöÇÔöÇÔöÇÔöÇÔöÇÔöÇÔöÇÔöÇÔöÇÔöÇÔöÇÔöÇÔöÇÔöÇÔöÇÔöÇÔöÇ[0m
[38;5;12mÔöé 01:00:45.883 (+0:00:00.021435)[0m
[38;5;12mÔö£ÔöäÔöäÔöäÔöäÔöäÔöäÔöäÔöäÔöäÔöäÔöäÔöäÔöäÔöäÔöäÔöäÔöäÔöäÔöäÔöäÔöäÔöäÔöäÔöäÔöäÔöäÔöäÔöäÔöäÔöäÔöäÔöäÔöäÔöäÔöäÔöäÔöäÔöäÔöäÔöäÔöäÔöäÔöäÔöäÔöäÔöäÔöäÔöäÔöäÔöäÔöäÔöäÔöäÔöäÔöäÔöäÔöäÔöäÔöäÔöäÔöäÔöäÔöäÔöäÔöäÔöäÔöäÔöäÔöäÔöäÔöäÔöäÔöäÔöäÔöäÔöäÔöäÔöäÔöä[0m
[38;5;12mÔöé ­ƒÆí [Tag] Message 209[0m
[38;5;12mÔööÔöÇÔöÇÔöÇÔöÇÔöÇÔöÇÔöÇÔöÇÔöÇÔöÇÔöÇÔöÇÔöÇÔöÇÔöÇÔöÇÔöÇÔöÇÔöÇÔöÇÔöÇÔöÇÔöÇÔöÇÔöÇÔöÇÔöÇÔöÇÔöÇÔöÇÔöÇÔöÇÔöÇÔöÇÔöÇÔöÇÔöÇÔöÇÔöÇÔöÇÔöÇÔöÇÔöÇÔöÇÔöÇÔöÇÔöÇÔöÇÔöÇÔöÇÔöÇÔöÇÔöÇÔöÇÔöÇÔöÇÔöÇÔöÇÔöÇÔöÇÔöÇÔöÇÔöÇÔöÇÔöÇÔöÇÔöÇÔöÇÔöÇÔöÇÔöÇÔöÇÔöÇÔöÇÔöÇÔöÇÔöÇÔöÇÔöÇ[0m
[38;5;12mÔöîÔöÇÔöÇÔöÇÔöÇÔöÇÔöÇÔöÇÔöÇÔöÇÔöÇÔöÇÔöÇÔöÇÔöÇÔöÇÔöÇÔöÇÔöÇÔöÇÔöÇÔöÇÔöÇÔöÇÔöÇÔöÇÔöÇÔöÇÔöÇÔöÇÔöÇÔöÇÔöÇÔöÇÔöÇÔöÇÔöÇÔöÇÔöÇÔöÇÔöÇÔöÇÔöÇÔöÇÔöÇÔöÇÔöÇÔöÇÔöÇÔöÇÔöÇÔöÇÔöÇÔöÇÔöÇÔöÇÔöÇÔöÇÔöÇÔöÇÔöÇÔöÇÔöÇÔöÇÔöÇÔöÇÔöÇÔöÇÔöÇÔöÇÔöÇÔöÇÔöÇÔöÇÔöÇÔöÇÔöÇÔöÇÔöÇÔöÇ[0m
[38;5;12mÔöé 01:00:45.883 (+0:00:00.021435)[0m
[38;5;12mÔö£ÔöäÔöäÔöäÔöäÔöäÔöäÔöäÔöäÔöäÔöäÔöäÔöäÔöäÔöäÔöäÔöäÔöäÔöäÔöäÔöäÔöäÔöäÔöäÔöäÔöäÔöäÔöäÔöäÔöäÔöäÔöäÔöäÔöäÔöäÔöäÔöäÔöäÔöäÔöäÔöäÔöäÔöäÔöäÔöäÔöäÔöäÔöäÔöäÔöäÔöäÔöäÔöäÔöäÔöäÔöäÔöäÔöäÔöäÔöäÔöäÔöäÔöäÔöäÔöäÔöäÔöäÔöäÔöäÔöäÔöäÔöäÔöäÔöäÔöäÔöäÔöäÔöäÔöäÔöä[0m
[38;5;12mÔöé ­ƒÆí [Tag] Message 210[0m
[38;5;12mÔööÔöÇÔöÇÔöÇÔöÇÔöÇÔöÇÔöÇÔöÇÔöÇÔöÇÔöÇÔöÇÔöÇÔöÇÔöÇÔöÇÔöÇÔöÇÔöÇÔöÇÔöÇÔöÇÔöÇÔöÇÔöÇÔöÇÔöÇÔöÇÔöÇÔöÇÔöÇÔöÇÔöÇÔöÇÔöÇÔöÇÔöÇÔöÇÔöÇÔöÇÔöÇÔöÇÔöÇÔöÇÔöÇÔöÇÔöÇÔöÇÔöÇÔöÇÔöÇÔöÇÔöÇÔöÇÔöÇÔöÇÔöÇÔöÇÔöÇÔöÇÔöÇÔöÇÔöÇÔöÇÔöÇÔöÇÔöÇÔöÇÔöÇÔöÇÔöÇÔöÇÔöÇÔöÇÔöÇÔöÇÔöÇÔöÇÔöÇ[0m
[38;5;12mÔöîÔöÇÔöÇÔöÇÔöÇÔöÇÔöÇÔöÇÔöÇÔöÇÔöÇÔöÇÔöÇÔöÇÔöÇÔöÇÔöÇÔöÇÔöÇÔöÇÔöÇÔöÇÔöÇÔöÇÔöÇÔöÇÔöÇÔöÇÔöÇÔöÇÔöÇÔöÇÔöÇÔöÇÔöÇÔöÇÔöÇÔöÇÔöÇÔöÇÔöÇÔöÇÔöÇÔöÇÔöÇÔöÇÔöÇÔöÇÔöÇÔöÇÔöÇÔöÇÔöÇÔöÇÔöÇÔöÇÔöÇÔöÇÔöÇÔöÇÔöÇÔöÇÔöÇÔöÇÔöÇÔöÇÔöÇÔöÇÔöÇÔöÇÔöÇÔöÇÔöÇÔöÇÔöÇÔöÇÔöÇÔöÇÔöÇÔöÇ[0m
[38;5;12mÔöé 01:00:45.883 (+0:00:00.021435)[0m
[38;5;12mÔö£ÔöäÔöäÔöäÔöäÔöäÔöäÔöäÔöäÔöäÔöäÔöäÔöäÔöäÔöäÔöäÔöäÔöäÔöäÔöäÔöäÔöäÔöäÔöäÔöäÔöäÔöäÔöäÔöäÔöäÔöäÔöäÔöäÔöäÔöäÔöäÔöäÔöäÔöäÔöäÔöäÔöäÔöäÔöäÔöäÔöäÔöäÔöäÔöäÔöäÔöäÔöäÔöäÔöäÔöäÔöäÔöäÔöäÔöäÔöäÔöäÔöäÔöäÔöäÔöäÔöäÔöäÔöäÔöäÔöäÔöäÔöäÔöäÔöäÔöäÔöäÔöäÔöäÔöäÔöä[0m
[38;5;12mÔöé ­ƒÆí [Tag] Message 211[0m
[38;5;12mÔööÔöÇÔöÇÔöÇÔöÇÔöÇÔöÇÔöÇÔöÇÔöÇÔöÇÔöÇÔöÇÔöÇÔöÇÔöÇÔöÇÔöÇÔöÇÔöÇÔöÇÔöÇÔöÇÔöÇÔöÇÔöÇÔöÇÔöÇÔöÇÔöÇÔöÇÔöÇÔöÇÔöÇÔöÇÔöÇÔöÇÔöÇÔöÇÔöÇÔöÇÔöÇÔöÇÔöÇÔöÇÔöÇÔöÇÔöÇÔöÇÔöÇÔöÇÔöÇÔöÇÔöÇÔöÇÔöÇÔöÇÔöÇÔöÇÔöÇÔöÇÔöÇÔöÇÔöÇÔöÇÔöÇÔöÇÔöÇÔöÇÔöÇÔöÇÔöÇÔöÇÔöÇÔöÇÔöÇÔöÇÔöÇÔöÇÔöÇ[0m
[38;5;12mÔöîÔöÇÔöÇÔöÇÔöÇÔöÇÔöÇÔöÇÔöÇÔöÇÔöÇÔöÇÔöÇÔöÇÔöÇÔöÇÔöÇÔöÇÔöÇÔöÇÔöÇÔöÇÔöÇÔöÇÔöÇÔöÇÔöÇÔöÇÔöÇÔöÇÔöÇÔöÇÔöÇÔöÇÔöÇÔöÇÔöÇÔöÇÔöÇÔöÇÔöÇÔöÇÔöÇÔöÇÔöÇÔöÇÔöÇÔöÇÔöÇÔöÇÔöÇÔöÇÔöÇÔöÇÔöÇÔöÇÔöÇÔöÇÔöÇÔöÇÔöÇÔöÇÔöÇÔöÇÔöÇÔöÇÔöÇÔöÇÔöÇÔöÇÔöÇÔöÇÔöÇÔöÇÔöÇÔöÇÔöÇÔöÇÔöÇÔöÇ[0m
[38;5;12mÔöé 01:00:45.883 (+0:00:00.021435)[0m
[38;5;12mÔö£ÔöäÔöäÔöäÔöäÔöäÔöäÔöäÔöäÔöäÔöäÔöäÔöäÔöäÔöäÔöäÔöäÔöäÔöäÔöäÔöäÔöäÔöäÔöäÔöäÔöäÔöäÔöäÔöäÔöäÔöäÔöäÔöäÔöäÔöäÔöäÔöäÔöäÔöäÔöäÔöäÔöäÔöäÔöäÔöäÔöäÔöäÔöäÔöäÔöäÔöäÔöäÔöäÔöäÔöäÔöäÔöäÔöäÔöäÔöäÔöäÔöäÔöäÔöäÔöäÔöäÔöäÔöäÔöäÔöäÔöäÔöäÔöäÔöäÔöäÔöäÔöäÔöäÔöäÔöä[0m
[38;5;12mÔöé ­ƒÆí [Tag] Message 212[0m
[38;5;12mÔööÔöÇÔöÇÔöÇÔöÇÔöÇÔöÇÔöÇÔöÇÔöÇÔöÇÔöÇÔöÇÔöÇÔöÇÔöÇÔöÇÔöÇÔöÇÔöÇÔöÇÔöÇÔöÇÔöÇÔöÇÔöÇÔöÇÔöÇÔöÇÔöÇÔöÇÔöÇÔöÇÔöÇÔöÇÔöÇÔöÇÔöÇÔöÇÔöÇÔöÇÔöÇÔöÇÔöÇÔöÇÔöÇÔöÇÔöÇÔöÇÔöÇÔöÇÔöÇÔöÇÔöÇÔöÇÔöÇÔöÇÔöÇÔöÇÔöÇÔöÇÔöÇÔöÇÔöÇÔöÇÔöÇÔöÇÔöÇÔöÇÔöÇÔöÇÔöÇÔöÇÔöÇÔöÇÔöÇÔöÇÔöÇÔöÇÔöÇ[0m
[38;5;12mÔöîÔöÇÔöÇÔöÇÔöÇÔöÇÔöÇÔöÇÔöÇÔöÇÔöÇÔöÇÔöÇÔöÇÔöÇÔöÇÔöÇÔöÇÔöÇÔöÇÔöÇÔöÇÔöÇÔöÇÔöÇÔöÇÔöÇÔöÇÔöÇÔöÇÔöÇÔöÇÔöÇÔöÇÔöÇÔöÇÔöÇÔöÇÔöÇÔöÇÔöÇÔöÇÔöÇÔöÇÔöÇÔöÇÔöÇÔöÇÔöÇÔöÇÔöÇÔöÇÔöÇÔöÇÔöÇÔöÇÔöÇÔöÇÔöÇÔöÇÔöÇÔöÇÔöÇÔöÇÔöÇÔöÇÔöÇÔöÇÔöÇÔöÇÔöÇÔöÇÔöÇÔöÇÔöÇÔöÇÔöÇÔöÇÔöÇÔöÇ[0m
[38;5;12mÔöé 01:00:45.883 (+0:00:00.021435)[0m
[38;5;12mÔö£ÔöäÔöäÔöäÔöäÔöäÔöäÔöäÔöäÔöäÔöäÔöäÔöäÔöäÔöäÔöäÔöäÔöäÔöäÔöäÔöäÔöäÔöäÔöäÔöäÔöäÔöäÔöäÔöäÔöäÔöäÔöäÔöäÔöäÔöäÔöäÔöäÔöäÔöäÔöäÔöäÔöäÔöäÔöäÔöäÔöäÔöäÔöäÔöäÔöäÔöäÔöäÔöäÔöäÔöäÔöäÔöäÔöäÔöäÔöäÔöäÔöäÔöäÔöäÔöäÔöäÔöäÔöäÔöäÔöäÔöäÔöäÔöäÔöäÔöäÔöäÔöäÔöäÔöäÔöä[0m
[38;5;12mÔöé ­ƒÆí [Tag] Message 213[0m
[38;5;12mÔööÔöÇÔöÇÔöÇÔöÇÔöÇÔöÇÔöÇÔöÇÔöÇÔöÇÔöÇÔöÇÔöÇÔöÇÔöÇÔöÇÔöÇÔöÇÔöÇÔöÇÔöÇÔöÇÔöÇÔöÇÔöÇÔöÇÔöÇÔöÇÔöÇÔöÇÔöÇÔöÇÔöÇÔöÇÔöÇÔöÇÔöÇÔöÇÔöÇÔöÇÔöÇÔöÇÔöÇÔöÇÔöÇÔöÇÔöÇÔöÇÔöÇÔöÇÔöÇÔöÇÔöÇÔöÇÔöÇÔöÇÔöÇÔöÇÔöÇÔöÇÔöÇÔöÇÔöÇÔöÇÔöÇÔöÇÔöÇÔöÇÔöÇÔöÇÔöÇÔöÇÔöÇÔöÇÔöÇÔöÇÔöÇÔöÇÔöÇ[0m
[38;5;12mÔöîÔöÇÔöÇÔöÇÔöÇÔöÇÔöÇÔöÇÔöÇÔöÇÔöÇÔöÇÔöÇÔöÇÔöÇÔöÇÔöÇÔöÇÔöÇÔöÇÔöÇÔöÇÔöÇÔöÇÔöÇÔöÇÔöÇÔöÇÔöÇÔöÇÔöÇÔöÇÔöÇÔöÇÔöÇÔöÇÔöÇÔöÇÔöÇÔöÇÔöÇÔöÇÔöÇÔöÇÔöÇÔöÇÔöÇÔöÇÔöÇÔöÇÔöÇÔöÇÔöÇÔöÇÔöÇÔöÇÔöÇÔöÇÔöÇÔöÇÔöÇÔöÇÔöÇÔöÇÔöÇÔöÇÔöÇÔöÇÔöÇÔöÇÔöÇÔöÇÔöÇÔöÇÔöÇÔöÇÔöÇÔöÇÔöÇÔöÇ[0m
[38;5;12mÔöé 01:00:45.883 (+0:00:00.021435)[0m
[38;5;12mÔö£ÔöäÔöäÔöäÔöäÔöäÔöäÔöäÔöäÔöäÔöäÔöäÔöäÔöäÔöäÔöäÔöäÔöäÔöäÔöäÔöäÔöäÔöäÔöäÔöäÔöäÔöäÔöäÔöäÔöäÔöäÔöäÔöäÔöäÔöäÔöäÔöäÔöäÔöäÔöäÔöäÔöäÔöäÔöäÔöäÔöäÔöäÔöäÔöäÔöäÔöäÔöäÔöäÔöäÔöäÔöäÔöäÔöäÔöäÔöäÔöäÔöäÔöäÔöäÔöäÔöäÔöäÔöäÔöäÔöäÔöäÔöäÔöäÔöäÔöäÔöäÔöäÔöäÔöäÔöä[0m
[38;5;12mÔöé ­ƒÆí [Tag] Message 214[0m
[38;5;12mÔööÔöÇÔöÇÔöÇÔöÇÔöÇÔöÇÔöÇÔöÇÔöÇÔöÇÔöÇÔöÇÔöÇÔöÇÔöÇÔöÇÔöÇÔöÇÔöÇÔöÇÔöÇÔöÇÔöÇÔöÇÔöÇÔöÇÔöÇÔöÇÔöÇÔöÇÔöÇÔöÇÔöÇÔöÇÔöÇÔöÇÔöÇÔöÇÔöÇÔöÇÔöÇÔöÇÔöÇÔöÇÔöÇÔöÇÔöÇÔöÇÔöÇÔöÇÔöÇÔöÇÔöÇÔöÇÔöÇÔöÇÔöÇÔöÇÔöÇÔöÇÔöÇÔöÇÔöÇÔöÇÔöÇÔöÇÔöÇÔöÇÔöÇÔöÇÔöÇÔöÇÔöÇÔöÇÔöÇÔöÇÔöÇÔöÇÔöÇ[0m
[38;5;12mÔöîÔöÇÔöÇÔöÇÔöÇÔöÇÔöÇÔöÇÔöÇÔöÇÔöÇÔöÇÔöÇÔöÇÔöÇÔöÇÔöÇÔöÇÔöÇÔöÇÔöÇÔöÇÔöÇÔöÇÔöÇÔöÇÔöÇÔöÇÔöÇÔöÇÔöÇÔöÇÔöÇÔöÇÔöÇÔöÇÔöÇÔöÇÔöÇÔöÇÔöÇÔöÇÔöÇÔöÇÔöÇÔöÇÔöÇÔöÇÔöÇÔöÇÔöÇÔöÇÔöÇÔöÇÔöÇÔöÇÔöÇÔöÇÔöÇÔöÇÔöÇÔöÇÔöÇÔöÇÔöÇÔöÇÔöÇÔöÇÔöÇÔöÇÔöÇÔöÇÔöÇÔöÇÔöÇÔöÇÔöÇÔöÇÔöÇÔöÇ[0m
[38;5;12mÔöé 01:00:45.883 (+0:00:00.021435)[0m
[38;5;12mÔö£ÔöäÔöäÔöäÔöäÔöäÔöäÔöäÔöäÔöäÔöäÔöäÔöäÔöäÔöäÔöäÔöäÔöäÔöäÔöäÔöäÔöäÔöäÔöäÔöäÔöäÔöäÔöäÔöäÔöäÔöäÔöäÔöäÔöäÔöäÔöäÔöäÔöäÔöäÔöäÔöäÔöäÔöäÔöäÔöäÔöäÔöäÔöäÔöäÔöäÔöäÔöäÔöäÔöäÔöäÔöäÔöäÔöäÔöäÔöäÔöäÔöäÔöäÔöäÔöäÔöäÔöäÔöäÔöäÔöäÔöäÔöäÔöäÔöäÔöäÔöäÔöäÔöäÔöäÔöä[0m
[38;5;12mÔöé ­ƒÆí [Tag] Message 215[0m
[38;5;12mÔööÔöÇÔöÇÔöÇÔöÇÔöÇÔöÇÔöÇÔöÇÔöÇÔöÇÔöÇÔöÇÔöÇÔöÇÔöÇÔöÇÔöÇÔöÇÔöÇÔöÇÔöÇÔöÇÔöÇÔöÇÔöÇÔöÇÔöÇÔöÇÔöÇÔöÇÔöÇÔöÇÔöÇÔöÇÔöÇÔöÇÔöÇÔöÇÔöÇÔöÇÔöÇÔöÇÔöÇÔöÇÔöÇÔöÇÔöÇÔöÇÔöÇÔöÇÔöÇÔöÇÔöÇÔöÇÔöÇÔöÇÔöÇÔöÇÔöÇÔöÇÔöÇÔöÇÔöÇÔöÇÔöÇÔöÇÔöÇÔöÇÔöÇÔöÇÔöÇÔöÇÔöÇÔöÇÔöÇÔöÇÔöÇÔöÇÔöÇ[0m
[38;5;12mÔöîÔöÇÔöÇÔöÇÔöÇÔöÇÔöÇÔöÇÔöÇÔöÇÔöÇÔöÇÔöÇÔöÇÔöÇÔöÇÔöÇÔöÇÔöÇÔöÇÔöÇÔöÇÔöÇÔöÇÔöÇÔöÇÔöÇÔöÇÔöÇÔöÇÔöÇÔöÇÔöÇÔöÇÔöÇÔöÇÔöÇÔöÇÔöÇÔöÇÔöÇÔöÇÔöÇÔöÇÔöÇÔöÇÔöÇÔöÇÔöÇÔöÇÔöÇÔöÇÔöÇÔöÇÔöÇÔöÇÔöÇÔöÇÔöÇÔöÇÔöÇÔöÇÔöÇÔöÇÔöÇÔöÇÔöÇÔöÇÔöÇÔöÇÔöÇÔöÇÔöÇÔöÇÔöÇÔöÇÔöÇÔöÇÔöÇÔöÇ[0m
[38;5;12mÔöé 01:00:45.883 (+0:00:00.021435)[0m
[38;5;12mÔö£ÔöäÔöäÔöäÔöäÔöäÔöäÔöäÔöäÔöäÔöäÔöäÔöäÔöäÔöäÔöäÔöäÔöäÔöäÔöäÔöäÔöäÔöäÔöäÔöäÔöäÔöäÔöäÔöäÔöäÔöäÔöäÔöäÔöäÔöäÔöäÔöäÔöäÔöäÔöäÔöäÔöäÔöäÔöäÔöäÔöäÔöäÔöäÔöäÔöäÔöäÔöäÔöäÔöäÔöäÔöäÔöäÔöäÔöäÔöäÔöäÔöäÔöäÔöäÔöäÔöäÔöäÔöäÔöäÔöäÔöäÔöäÔöäÔöäÔöäÔöäÔöäÔöäÔöäÔöä[0m
[38;5;12mÔöé ­ƒÆí [Tag] Message 216[0m
[38;5;12mÔööÔöÇÔöÇÔöÇÔöÇÔöÇÔöÇÔöÇÔöÇÔöÇÔöÇÔöÇÔöÇÔöÇÔöÇÔöÇÔöÇÔöÇÔöÇÔöÇÔöÇÔöÇÔöÇÔöÇÔöÇÔöÇÔöÇÔöÇÔöÇÔöÇÔöÇÔöÇÔöÇÔöÇÔöÇÔöÇÔöÇÔöÇÔöÇÔöÇÔöÇÔöÇÔöÇÔöÇÔöÇÔöÇÔöÇÔöÇÔöÇÔöÇÔöÇÔöÇÔöÇÔöÇÔöÇÔöÇÔöÇÔöÇÔöÇÔöÇÔöÇÔöÇÔöÇÔöÇÔöÇÔöÇÔöÇÔöÇÔöÇÔöÇÔöÇÔöÇÔöÇÔöÇÔöÇÔöÇÔöÇÔöÇÔöÇÔöÇ[0m
[38;5;12mÔöîÔöÇÔöÇÔöÇÔöÇÔöÇÔöÇÔöÇÔöÇÔöÇÔöÇÔöÇÔöÇÔöÇÔöÇÔöÇÔöÇÔöÇÔöÇÔöÇÔöÇÔöÇÔöÇÔöÇÔöÇÔöÇÔöÇÔöÇÔöÇÔöÇÔöÇÔöÇÔöÇÔöÇÔöÇÔöÇÔöÇÔöÇÔöÇÔöÇÔöÇÔöÇÔöÇÔöÇÔöÇÔöÇÔöÇÔöÇÔöÇÔöÇÔöÇÔöÇÔöÇÔöÇÔöÇÔöÇÔöÇÔöÇÔöÇÔöÇÔöÇÔöÇÔöÇÔöÇÔöÇÔöÇÔöÇÔöÇÔöÇÔöÇÔöÇÔöÇÔöÇÔöÇÔöÇÔöÇÔöÇÔöÇÔöÇÔöÇ[0m
[38;5;12mÔöé 01:00:45.883 (+0:00:00.021435)[0m
[38;5;12mÔö£ÔöäÔöäÔöäÔöäÔöäÔöäÔöäÔöäÔöäÔöäÔöäÔöäÔöäÔöäÔöäÔöäÔöäÔöäÔöäÔöäÔöäÔöäÔöäÔöäÔöäÔöäÔöäÔöäÔöäÔöäÔöäÔöäÔöäÔöäÔöäÔöäÔöäÔöäÔöäÔöäÔöäÔöäÔöäÔöäÔöäÔöäÔöäÔöäÔöäÔöäÔöäÔöäÔöäÔöäÔöäÔöäÔöäÔöäÔöäÔöäÔöäÔöäÔöäÔöäÔöäÔöäÔöäÔöäÔöäÔöäÔöäÔöäÔöäÔöäÔöäÔöäÔöäÔöäÔöä[0m
[38;5;12mÔöé ­ƒÆí [Tag] Message 217[0m
[38;5;12mÔööÔöÇÔöÇÔöÇÔöÇÔöÇÔöÇÔöÇÔöÇÔöÇÔöÇÔöÇÔöÇÔöÇÔöÇÔöÇÔöÇÔöÇÔöÇÔöÇÔöÇÔöÇÔöÇÔöÇÔöÇÔöÇÔöÇÔöÇÔöÇÔöÇÔöÇÔöÇÔöÇÔöÇÔöÇÔöÇÔöÇÔöÇÔöÇÔöÇÔöÇÔöÇÔöÇÔöÇÔöÇÔöÇÔöÇÔöÇÔöÇÔöÇÔöÇÔöÇÔöÇÔöÇÔöÇÔöÇÔöÇÔöÇÔöÇÔöÇÔöÇÔöÇÔöÇÔöÇÔöÇÔöÇÔöÇÔöÇÔöÇÔöÇÔöÇÔöÇÔöÇÔöÇÔöÇÔöÇÔöÇÔöÇÔöÇÔöÇ[0m
[38;5;12mÔöîÔöÇÔöÇÔöÇÔöÇÔöÇÔöÇÔöÇÔöÇÔöÇÔöÇÔöÇÔöÇÔöÇÔöÇÔöÇÔöÇÔöÇÔöÇÔöÇÔöÇÔöÇÔöÇÔöÇÔöÇÔöÇÔöÇÔöÇÔöÇÔöÇÔöÇÔöÇÔöÇÔöÇÔöÇÔöÇÔöÇÔöÇÔöÇÔöÇÔöÇÔöÇÔöÇÔöÇÔöÇÔöÇÔöÇÔöÇÔöÇÔöÇÔöÇÔöÇÔöÇÔöÇÔöÇÔöÇÔöÇÔöÇÔöÇÔöÇÔöÇÔöÇÔöÇÔöÇÔöÇÔöÇÔöÇÔöÇÔöÇÔöÇÔöÇÔöÇÔöÇÔöÇÔöÇÔöÇÔöÇÔöÇÔöÇÔöÇ[0m
[38;5;12mÔöé 01:00:45.883 (+0:00:00.021435)[0m
[38;5;12mÔö£ÔöäÔöäÔöäÔöäÔöäÔöäÔöäÔöäÔöäÔöäÔöäÔöäÔöäÔöäÔöäÔöäÔöäÔöäÔöäÔöäÔöäÔöäÔöäÔöäÔöäÔöäÔöäÔöäÔöäÔöäÔöäÔöäÔöäÔöäÔöäÔöäÔöäÔöäÔöäÔöäÔöäÔöäÔöäÔöäÔöäÔöäÔöäÔöäÔöäÔöäÔöäÔöäÔöäÔöäÔöäÔöäÔöäÔöäÔöäÔöäÔöäÔöäÔöäÔöäÔöäÔöäÔöäÔöäÔöäÔöäÔöäÔöäÔöäÔöäÔöäÔöäÔöäÔöäÔöä[0m
[38;5;12mÔöé ­ƒÆí [Tag] Message 218[0m
[38;5;12mÔööÔöÇÔöÇÔöÇÔöÇÔöÇÔöÇÔöÇÔöÇÔöÇÔöÇÔöÇÔöÇÔöÇÔöÇÔöÇÔöÇÔöÇÔöÇÔöÇÔöÇÔöÇÔöÇÔöÇÔöÇÔöÇÔöÇÔöÇÔöÇÔöÇÔöÇÔöÇÔöÇÔöÇÔöÇÔöÇÔöÇÔöÇÔöÇÔöÇÔöÇÔöÇÔöÇÔöÇÔöÇÔöÇÔöÇÔöÇÔöÇÔöÇÔöÇÔöÇÔöÇÔöÇÔöÇÔöÇÔöÇÔöÇÔöÇÔöÇÔöÇÔöÇÔöÇÔöÇÔöÇÔöÇÔöÇÔöÇÔöÇÔöÇÔöÇÔöÇÔöÇÔöÇÔöÇÔöÇÔöÇÔöÇÔöÇÔöÇ[0m
[38;5;12mÔöîÔöÇÔöÇÔöÇÔöÇÔöÇÔöÇÔöÇÔöÇÔöÇÔöÇÔöÇÔöÇÔöÇÔöÇÔöÇÔöÇÔöÇÔöÇÔöÇÔöÇÔöÇÔöÇÔöÇÔöÇÔöÇÔöÇÔöÇÔöÇÔöÇÔöÇÔöÇÔöÇÔöÇÔöÇÔöÇÔöÇÔöÇÔöÇÔöÇÔöÇÔöÇÔöÇÔöÇÔöÇÔöÇÔöÇÔöÇÔöÇÔöÇÔöÇÔöÇÔöÇÔöÇÔöÇÔöÇÔöÇÔöÇÔöÇÔöÇÔöÇÔöÇÔöÇÔöÇÔöÇÔöÇÔöÇÔöÇÔöÇÔöÇÔöÇÔöÇÔöÇÔöÇÔöÇÔöÇÔöÇÔöÇÔöÇÔöÇ[0m
[38;5;12mÔöé 01:00:45.883 (+0:00:00.021435)[0m
[38;5;12mÔö£ÔöäÔöäÔöäÔöäÔöäÔöäÔöäÔöäÔöäÔöäÔöäÔöäÔöäÔöäÔöäÔöäÔöäÔöäÔöäÔöäÔöäÔöäÔöäÔöäÔöäÔöäÔöäÔöäÔöäÔöäÔöäÔöäÔöäÔöäÔöäÔöäÔöäÔöäÔöäÔöäÔöäÔöäÔöäÔöäÔöäÔöäÔöäÔöäÔöäÔöäÔöäÔöäÔöäÔöäÔöäÔöäÔöäÔöäÔöäÔöäÔöäÔöäÔöäÔöäÔöäÔöäÔöäÔöäÔöäÔöäÔöäÔöäÔöäÔöäÔöäÔöäÔöäÔöäÔöä[0m
[38;5;12mÔöé ­ƒÆí [Tag] Message 219[0m
[38;5;12mÔööÔöÇÔöÇÔöÇÔöÇÔöÇÔöÇÔöÇÔöÇÔöÇÔöÇÔöÇÔöÇÔöÇÔöÇÔöÇÔöÇÔöÇÔöÇÔöÇÔöÇÔöÇÔöÇÔöÇÔöÇÔöÇÔöÇÔöÇÔöÇÔöÇÔöÇÔöÇÔöÇÔöÇÔöÇÔöÇÔöÇÔöÇÔöÇÔöÇÔöÇÔöÇÔöÇÔöÇÔöÇÔöÇÔöÇÔöÇÔöÇÔöÇÔöÇÔöÇÔöÇÔöÇÔöÇÔöÇÔöÇÔöÇÔöÇÔöÇÔöÇÔöÇÔöÇÔöÇÔöÇÔöÇÔöÇÔöÇÔöÇÔöÇÔöÇÔöÇÔöÇÔöÇÔöÇÔöÇÔöÇÔöÇÔöÇÔöÇ[0m
[38;5;12mÔöîÔöÇÔöÇÔöÇÔöÇÔöÇÔöÇÔöÇÔöÇÔöÇÔöÇÔöÇÔöÇÔöÇÔöÇÔöÇÔöÇÔöÇÔöÇÔöÇÔöÇÔöÇÔöÇÔöÇÔöÇÔöÇÔöÇÔöÇÔöÇÔöÇÔöÇÔöÇÔöÇÔöÇÔöÇÔöÇÔöÇÔöÇÔöÇÔöÇÔöÇÔöÇÔöÇÔöÇÔöÇÔöÇÔöÇÔöÇÔöÇÔöÇÔöÇÔöÇÔöÇÔöÇÔöÇÔöÇÔöÇÔöÇÔöÇÔöÇÔöÇÔöÇÔöÇÔöÇÔöÇÔöÇÔöÇÔöÇÔöÇÔöÇÔöÇÔöÇÔöÇÔöÇÔöÇÔöÇÔöÇÔöÇÔöÇÔöÇ[0m
[38;5;12mÔöé 01:00:45.883 (+0:00:00.021435)[0m
[38;5;12mÔö£ÔöäÔöäÔöäÔöäÔöäÔöäÔöäÔöäÔöäÔöäÔöäÔöäÔöäÔöäÔöäÔöäÔöäÔöäÔöäÔöäÔöäÔöäÔöäÔöäÔöäÔöäÔöäÔöäÔöäÔöäÔöäÔöäÔöäÔöäÔöäÔöäÔöäÔöäÔöäÔöäÔöäÔöäÔöäÔöäÔöäÔöäÔöäÔöäÔöäÔöäÔöäÔöäÔöäÔöäÔöäÔöäÔöäÔöäÔöäÔöäÔöäÔöäÔöäÔöäÔöäÔöäÔöäÔöäÔöäÔöäÔöäÔöäÔöäÔöäÔöäÔöäÔöäÔöäÔöä[0m
[38;5;12mÔöé ­ƒÆí [Tag] Message 220[0m
[38;5;12mÔööÔöÇÔöÇÔöÇÔöÇÔöÇÔöÇÔöÇÔöÇÔöÇÔöÇÔöÇÔöÇÔöÇÔöÇÔöÇÔöÇÔöÇÔöÇÔöÇÔöÇÔöÇÔöÇÔöÇÔöÇÔöÇÔöÇÔöÇÔöÇÔöÇÔöÇÔöÇÔöÇÔöÇÔöÇÔöÇÔöÇÔöÇÔöÇÔöÇÔöÇÔöÇÔöÇÔöÇÔöÇÔöÇÔöÇÔöÇÔöÇÔöÇÔöÇÔöÇÔöÇÔöÇÔöÇÔöÇÔöÇÔöÇÔöÇÔöÇÔöÇÔöÇÔöÇÔöÇÔöÇÔöÇÔöÇÔöÇÔöÇÔöÇÔöÇÔöÇÔöÇÔöÇÔöÇÔöÇÔöÇÔöÇÔöÇÔöÇ[0m
[38;5;12mÔöîÔöÇÔöÇÔöÇÔöÇÔöÇÔöÇÔöÇÔöÇÔöÇÔöÇÔöÇÔöÇÔöÇÔöÇÔöÇÔöÇÔöÇÔöÇÔöÇÔöÇÔöÇÔöÇÔöÇÔöÇÔöÇÔöÇÔöÇÔöÇÔöÇÔöÇÔöÇÔöÇÔöÇÔöÇÔöÇÔöÇÔöÇÔöÇÔöÇÔöÇÔöÇÔöÇÔöÇÔöÇÔöÇÔöÇÔöÇÔöÇÔöÇÔöÇÔöÇÔöÇÔöÇÔöÇÔöÇÔöÇÔöÇÔöÇÔöÇÔöÇÔöÇÔöÇÔöÇÔöÇÔöÇÔöÇÔöÇÔöÇÔöÇÔöÇÔöÇÔöÇÔöÇÔöÇÔöÇÔöÇÔöÇÔöÇÔöÇ[0m
[38;5;12mÔöé 01:00:45.883 (+0:00:00.021435)[0m
[38;5;12mÔö£ÔöäÔöäÔöäÔöäÔöäÔöäÔöäÔöäÔöäÔöäÔöäÔöäÔöäÔöäÔöäÔöäÔöäÔöäÔöäÔöäÔöäÔöäÔöäÔöäÔöäÔöäÔöäÔöäÔöäÔöäÔöäÔöäÔöäÔöäÔöäÔöäÔöäÔöäÔöäÔöäÔöäÔöäÔöäÔöäÔöäÔöäÔöäÔöäÔöäÔöäÔöäÔöäÔöäÔöäÔöäÔöäÔöäÔöäÔöäÔöäÔöäÔöäÔöäÔöäÔöäÔöäÔöäÔöäÔöäÔöäÔöäÔöäÔöäÔöäÔöäÔöäÔöäÔöäÔöä[0m
[38;5;12mÔöé ­ƒÆí [Tag] Message 221[0m
[38;5;12mÔööÔöÇÔöÇÔöÇÔöÇÔöÇÔöÇÔöÇÔöÇÔöÇÔöÇÔöÇÔöÇÔöÇÔöÇÔöÇÔöÇÔöÇÔöÇÔöÇÔöÇÔöÇÔöÇÔöÇÔöÇÔöÇÔöÇÔöÇÔöÇÔöÇÔöÇÔöÇÔöÇÔöÇÔöÇÔöÇÔöÇÔöÇÔöÇÔöÇÔöÇÔöÇÔöÇÔöÇÔöÇÔöÇÔöÇÔöÇÔöÇÔöÇÔöÇÔöÇÔöÇÔöÇÔöÇÔöÇÔöÇÔöÇÔöÇÔöÇÔöÇÔöÇÔöÇÔöÇÔöÇÔöÇÔöÇÔöÇÔöÇÔöÇÔöÇÔöÇÔöÇÔöÇÔöÇÔöÇÔöÇÔöÇÔöÇÔöÇ[0m
[38;5;12mÔöîÔöÇÔöÇÔöÇÔöÇÔöÇÔöÇÔöÇÔöÇÔöÇÔöÇÔöÇÔöÇÔöÇÔöÇÔöÇÔöÇÔöÇÔöÇÔöÇÔöÇÔöÇÔöÇÔöÇÔöÇÔöÇÔöÇÔöÇÔöÇÔöÇÔöÇÔöÇÔöÇÔöÇÔöÇÔöÇÔöÇÔöÇÔöÇÔöÇÔöÇÔöÇÔöÇÔöÇÔöÇÔöÇÔöÇÔöÇÔöÇÔöÇÔöÇÔöÇÔöÇÔöÇÔöÇÔöÇÔöÇÔöÇÔöÇÔöÇÔöÇÔöÇÔöÇÔöÇÔöÇÔöÇÔöÇÔöÇÔöÇÔöÇÔöÇÔöÇÔöÇÔöÇÔöÇÔöÇÔöÇÔöÇÔöÇÔöÇ[0m
[38;5;12mÔöé 01:00:45.883 (+0:00:00.021435)[0m
[38;5;12mÔö£ÔöäÔöäÔöäÔöäÔöäÔöäÔöäÔöäÔöäÔöäÔöäÔöäÔöäÔöäÔöäÔöäÔöäÔöäÔöäÔöäÔöäÔöäÔöäÔöäÔöäÔöäÔöäÔöäÔöäÔöäÔöäÔöäÔöäÔöäÔöäÔöäÔöäÔöäÔöäÔöäÔöäÔöäÔöäÔöäÔöäÔöäÔöäÔöäÔöäÔöäÔöäÔöäÔöäÔöäÔöäÔöäÔöäÔöäÔöäÔöäÔöäÔöäÔöäÔöäÔöäÔöäÔöäÔöäÔöäÔöäÔöäÔöäÔöäÔöäÔöäÔöäÔöäÔöäÔöä[0m
[38;5;12mÔöé ­ƒÆí [Tag] Message 222[0m
[38;5;12mÔööÔöÇÔöÇÔöÇÔöÇÔöÇÔöÇÔöÇÔöÇÔöÇÔöÇÔöÇÔöÇÔöÇÔöÇÔöÇÔöÇÔöÇÔöÇÔöÇÔöÇÔöÇÔöÇÔöÇÔöÇÔöÇÔöÇÔöÇÔöÇÔöÇÔöÇÔöÇÔöÇÔöÇÔöÇÔöÇÔöÇÔöÇÔöÇÔöÇÔöÇÔöÇÔöÇÔöÇÔöÇÔöÇÔöÇÔöÇÔöÇÔöÇÔöÇÔöÇÔöÇÔöÇÔöÇÔöÇÔöÇÔöÇÔöÇÔöÇÔöÇÔöÇÔöÇÔöÇÔöÇÔöÇÔöÇÔöÇÔöÇÔöÇÔöÇÔöÇÔöÇÔöÇÔöÇÔöÇÔöÇÔöÇÔöÇÔöÇ[0m
[38;5;12mÔöîÔöÇÔöÇÔöÇÔöÇÔöÇÔöÇÔöÇÔöÇÔöÇÔöÇÔöÇÔöÇÔöÇÔöÇÔöÇÔöÇÔöÇÔöÇÔöÇÔöÇÔöÇÔöÇÔöÇÔöÇÔöÇÔöÇÔöÇÔöÇÔöÇÔöÇÔöÇÔöÇÔöÇÔöÇÔöÇÔöÇÔöÇÔöÇÔöÇÔöÇÔöÇÔöÇÔöÇÔöÇÔöÇÔöÇÔöÇÔöÇÔöÇÔöÇÔöÇÔöÇÔöÇÔöÇÔöÇÔöÇÔöÇÔöÇÔöÇÔöÇÔöÇÔöÇÔöÇÔöÇÔöÇÔöÇÔöÇÔöÇÔöÇÔöÇÔöÇÔöÇÔöÇÔöÇÔöÇÔöÇÔöÇÔöÇÔöÇ[0m
[38;5;12mÔöé 01:00:45.884 (+0:00:00.022021)[0m
[38;5;12mÔö£ÔöäÔöäÔöäÔöäÔöäÔöäÔöäÔöäÔöäÔöäÔöäÔöäÔöäÔöäÔöäÔöäÔöäÔöäÔöäÔöäÔöäÔöäÔöäÔöäÔöäÔöäÔöäÔöäÔöäÔöäÔöäÔöäÔöäÔöäÔöäÔöäÔöäÔöäÔöäÔöäÔöäÔöäÔöäÔöäÔöäÔöäÔöäÔöäÔöäÔöäÔöäÔöäÔöäÔöäÔöäÔöäÔöäÔöäÔöäÔöäÔöäÔöäÔöäÔöäÔöäÔöäÔöäÔöäÔöäÔöäÔöäÔöäÔöäÔöäÔöäÔöäÔöäÔöäÔöä[0m
[38;5;12mÔöé ­ƒÆí [Tag] Message 223[0m
[38;5;12mÔööÔöÇÔöÇÔöÇÔöÇÔöÇÔöÇÔöÇÔöÇÔöÇÔöÇÔöÇÔöÇÔöÇÔöÇÔöÇÔöÇÔöÇÔöÇÔöÇÔöÇÔöÇÔöÇÔöÇÔöÇÔöÇÔöÇÔöÇÔöÇÔöÇÔöÇÔöÇÔöÇÔöÇÔöÇÔöÇÔöÇÔöÇÔöÇÔöÇÔöÇÔöÇÔöÇÔöÇÔöÇÔöÇÔöÇÔöÇÔöÇÔöÇÔöÇÔöÇÔöÇÔöÇÔöÇÔöÇÔöÇÔöÇÔöÇÔöÇÔöÇÔöÇÔöÇÔöÇÔöÇÔöÇÔöÇÔöÇÔöÇÔöÇÔöÇÔöÇÔöÇÔöÇÔöÇÔöÇÔöÇÔöÇÔöÇÔöÇ[0m
[38;5;12mÔöîÔöÇÔöÇÔöÇÔöÇÔöÇÔöÇÔöÇÔöÇÔöÇÔöÇÔöÇÔöÇÔöÇÔöÇÔöÇÔöÇÔöÇÔöÇÔöÇÔöÇÔöÇÔöÇÔöÇÔöÇÔöÇÔöÇÔöÇÔöÇÔöÇÔöÇÔöÇÔöÇÔöÇÔöÇÔöÇÔöÇÔöÇÔöÇÔöÇÔöÇÔöÇÔöÇÔöÇÔöÇÔöÇÔöÇÔöÇÔöÇÔöÇÔöÇÔöÇÔöÇÔöÇÔöÇÔöÇÔöÇÔöÇÔöÇÔöÇÔöÇÔöÇÔöÇÔöÇÔöÇÔöÇÔöÇÔöÇÔöÇÔöÇÔöÇÔöÇÔöÇÔöÇÔöÇÔöÇÔöÇÔöÇÔöÇÔöÇ[0m
[38;5;12mÔöé 01:00:45.884 (+0:00:00.022021)[0m
[38;5;12mÔö£ÔöäÔöäÔöäÔöäÔöäÔöäÔöäÔöäÔöäÔöäÔöäÔöäÔöäÔöäÔöäÔöäÔöäÔöäÔöäÔöäÔöäÔöäÔöäÔöäÔöäÔöäÔöäÔöäÔöäÔöäÔöäÔöäÔöäÔöäÔöäÔöäÔöäÔöäÔöäÔöäÔöäÔöäÔöäÔöäÔöäÔöäÔöäÔöäÔöäÔöäÔöäÔöäÔöäÔöäÔöäÔöäÔöäÔöäÔöäÔöäÔöäÔöäÔöäÔöäÔöäÔöäÔöäÔöäÔöäÔöäÔöäÔöäÔöäÔöäÔöäÔöäÔöäÔöäÔöä[0m
[38;5;12mÔöé ­ƒÆí [Tag] Message 224[0m
[38;5;12mÔööÔöÇÔöÇÔöÇÔöÇÔöÇÔöÇÔöÇÔöÇÔöÇÔöÇÔöÇÔöÇÔöÇÔöÇÔöÇÔöÇÔöÇÔöÇÔöÇÔöÇÔöÇÔöÇÔöÇÔöÇÔöÇÔöÇÔöÇÔöÇÔöÇÔöÇÔöÇÔöÇÔöÇÔöÇÔöÇÔöÇÔöÇÔöÇÔöÇÔöÇÔöÇÔöÇÔöÇÔöÇÔöÇÔöÇÔöÇÔöÇÔöÇÔöÇÔöÇÔöÇÔöÇÔöÇÔöÇÔöÇÔöÇÔöÇÔöÇÔöÇÔöÇÔöÇÔöÇÔöÇÔöÇÔöÇÔöÇÔöÇÔöÇÔöÇÔöÇÔöÇÔöÇÔöÇÔöÇÔöÇÔöÇÔöÇÔöÇ[0m
[38;5;12mÔöîÔöÇÔöÇÔöÇÔöÇÔöÇÔöÇÔöÇÔöÇÔöÇÔöÇÔöÇÔöÇÔöÇÔöÇÔöÇÔöÇÔöÇÔöÇÔöÇÔöÇÔöÇÔöÇÔöÇÔöÇÔöÇÔöÇÔöÇÔöÇÔöÇÔöÇÔöÇÔöÇÔöÇÔöÇÔöÇÔöÇÔöÇÔöÇÔöÇÔöÇÔöÇÔöÇÔöÇÔöÇÔöÇÔöÇÔöÇÔöÇÔöÇÔöÇÔöÇÔöÇÔöÇÔöÇÔöÇÔöÇÔöÇÔöÇÔöÇÔöÇÔöÇÔöÇÔöÇÔöÇÔöÇÔöÇÔöÇÔöÇÔöÇÔöÇÔöÇÔöÇÔöÇÔöÇÔöÇÔöÇÔöÇÔöÇÔöÇ[0m
[38;5;12mÔöé 01:00:45.884 (+0:00:00.022021)[0m
[38;5;12mÔö£ÔöäÔöäÔöäÔöäÔöäÔöäÔöäÔöäÔöäÔöäÔöäÔöäÔöäÔöäÔöäÔöäÔöäÔöäÔöäÔöäÔöäÔöäÔöäÔöäÔöäÔöäÔöäÔöäÔöäÔöäÔöäÔöäÔöäÔöäÔöäÔöäÔöäÔöäÔöäÔöäÔöäÔöäÔöäÔöäÔöäÔöäÔöäÔöäÔöäÔöäÔöäÔöäÔöäÔöäÔöäÔöäÔöäÔöäÔöäÔöäÔöäÔöäÔöäÔöäÔöäÔöäÔöäÔöäÔöäÔöäÔöäÔöäÔöäÔöäÔöäÔöäÔöäÔöäÔöä[0m
[38;5;12mÔöé ­ƒÆí [Tag] Message 225[0m
[38;5;12mÔööÔöÇÔöÇÔöÇÔöÇÔöÇÔöÇÔöÇÔöÇÔöÇÔöÇÔöÇÔöÇÔöÇÔöÇÔöÇÔöÇÔöÇÔöÇÔöÇÔöÇÔöÇÔöÇÔöÇÔöÇÔöÇÔöÇÔöÇÔöÇÔöÇÔöÇÔöÇÔöÇÔöÇÔöÇÔöÇÔöÇÔöÇÔöÇÔöÇÔöÇÔöÇÔöÇÔöÇÔöÇÔöÇÔöÇÔöÇÔöÇÔöÇÔöÇÔöÇÔöÇÔöÇÔöÇÔöÇÔöÇÔöÇÔöÇÔöÇÔöÇÔöÇÔöÇÔöÇÔöÇÔöÇÔöÇÔöÇÔöÇÔöÇÔöÇÔöÇÔöÇÔöÇÔöÇÔöÇÔöÇÔöÇÔöÇÔöÇ[0m
[38;5;12mÔöîÔöÇÔöÇÔöÇÔöÇÔöÇÔöÇÔöÇÔöÇÔöÇÔöÇÔöÇÔöÇÔöÇÔöÇÔöÇÔöÇÔöÇÔöÇÔöÇÔöÇÔöÇÔöÇÔöÇÔöÇÔöÇÔöÇÔöÇÔöÇÔöÇÔöÇÔöÇÔöÇÔöÇÔöÇÔöÇÔöÇÔöÇÔöÇÔöÇÔöÇÔöÇÔöÇÔöÇÔöÇÔöÇÔöÇÔöÇÔöÇÔöÇÔöÇÔöÇÔöÇÔöÇÔöÇÔöÇÔöÇÔöÇÔöÇÔöÇÔöÇÔöÇÔöÇÔöÇÔöÇÔöÇÔöÇÔöÇÔöÇÔöÇÔöÇÔöÇÔöÇÔöÇÔöÇÔöÇÔöÇÔöÇÔöÇÔöÇ[0m
[38;5;12mÔöé 01:00:45.884 (+0:00:00.022021)[0m
[38;5;12mÔö£ÔöäÔöäÔöäÔöäÔöäÔöäÔöäÔöäÔöäÔöäÔöäÔöäÔöäÔöäÔöäÔöäÔöäÔöäÔöäÔöäÔöäÔöäÔöäÔöäÔöäÔöäÔöäÔöäÔöäÔöäÔöäÔöäÔöäÔöäÔöäÔöäÔöäÔöäÔöäÔöäÔöäÔöäÔöäÔöäÔöäÔöäÔöäÔöäÔöäÔöäÔöäÔöäÔöäÔöäÔöäÔöäÔöäÔöäÔöäÔöäÔöäÔöäÔöäÔöäÔöäÔöäÔöäÔöäÔöäÔöäÔöäÔöäÔöäÔöäÔöäÔöäÔöäÔöäÔöä[0m
[38;5;12mÔöé ­ƒÆí [Tag] Message 226[0m
[38;5;12mÔööÔöÇÔöÇÔöÇÔöÇÔöÇÔöÇÔöÇÔöÇÔöÇÔöÇÔöÇÔöÇÔöÇÔöÇÔöÇÔöÇÔöÇÔöÇÔöÇÔöÇÔöÇÔöÇÔöÇÔöÇÔöÇÔöÇÔöÇÔöÇÔöÇÔöÇÔöÇÔöÇÔöÇÔöÇÔöÇÔöÇÔöÇÔöÇÔöÇÔöÇÔöÇÔöÇÔöÇÔöÇÔöÇÔöÇÔöÇÔöÇÔöÇÔöÇÔöÇÔöÇÔöÇÔöÇÔöÇÔöÇÔöÇÔöÇÔöÇÔöÇÔöÇÔöÇÔöÇÔöÇÔöÇÔöÇÔöÇÔöÇÔöÇÔöÇÔöÇÔöÇÔöÇÔöÇÔöÇÔöÇÔöÇÔöÇÔöÇ[0m
[38;5;12mÔöîÔöÇÔöÇÔöÇÔöÇÔöÇÔöÇÔöÇÔöÇÔöÇÔöÇÔöÇÔöÇÔöÇÔöÇÔöÇÔöÇÔöÇÔöÇÔöÇÔöÇÔöÇÔöÇÔöÇÔöÇÔöÇÔöÇÔöÇÔöÇÔöÇÔöÇÔöÇÔöÇÔöÇÔöÇÔöÇÔöÇÔöÇÔöÇÔöÇÔöÇÔöÇÔöÇÔöÇÔöÇÔöÇÔöÇÔöÇÔöÇÔöÇÔöÇÔöÇÔöÇÔöÇÔöÇÔöÇÔöÇÔöÇÔöÇÔöÇÔöÇÔöÇÔöÇÔöÇÔöÇÔöÇÔöÇÔöÇÔöÇÔöÇÔöÇÔöÇÔöÇÔöÇÔöÇÔöÇÔöÇÔöÇÔöÇÔöÇ[0m
[38;5;12mÔöé 01:00:45.884 (+0:00:00.022021)[0m
[38;5;12mÔö£ÔöäÔöäÔöäÔöäÔöäÔöäÔöäÔöäÔöäÔöäÔöäÔöäÔöäÔöäÔöäÔöäÔöäÔöäÔöäÔöäÔöäÔöäÔöäÔöäÔöäÔöäÔöäÔöäÔöäÔöäÔöäÔöäÔöäÔöäÔöäÔöäÔöäÔöäÔöäÔöäÔöäÔöäÔöäÔöäÔöäÔöäÔöäÔöäÔöäÔöäÔöäÔöäÔöäÔöäÔöäÔöäÔöäÔöäÔöäÔöäÔöäÔöäÔöäÔöäÔöäÔöäÔöäÔöäÔöäÔöäÔöäÔöäÔöäÔöäÔöäÔöäÔöäÔöäÔöä[0m
[38;5;12mÔöé ­ƒÆí [Tag] Message 227[0m
[38;5;12mÔööÔöÇÔöÇÔöÇÔöÇÔöÇÔöÇÔöÇÔöÇÔöÇÔöÇÔöÇÔöÇÔöÇÔöÇÔöÇÔöÇÔöÇÔöÇÔöÇÔöÇÔöÇÔöÇÔöÇÔöÇÔöÇÔöÇÔöÇÔöÇÔöÇÔöÇÔöÇÔöÇÔöÇÔöÇÔöÇÔöÇÔöÇÔöÇÔöÇÔöÇÔöÇÔöÇÔöÇÔöÇÔöÇÔöÇÔöÇÔöÇÔöÇÔöÇÔöÇÔöÇÔöÇÔöÇÔöÇÔöÇÔöÇÔöÇÔöÇÔöÇÔöÇÔöÇÔöÇÔöÇÔöÇÔöÇÔöÇÔöÇÔöÇÔöÇÔöÇÔöÇÔöÇÔöÇÔöÇÔöÇÔöÇÔöÇÔöÇ[0m
[38;5;12mÔöîÔöÇÔöÇÔöÇÔöÇÔöÇÔöÇÔöÇÔöÇÔöÇÔöÇÔöÇÔöÇÔöÇÔöÇÔöÇÔöÇÔöÇÔöÇÔöÇÔöÇÔöÇÔöÇÔöÇÔöÇÔöÇÔöÇÔöÇÔöÇÔöÇÔöÇÔöÇÔöÇÔöÇÔöÇÔöÇÔöÇÔöÇÔöÇÔöÇÔöÇÔöÇÔöÇÔöÇÔöÇÔöÇÔöÇÔöÇÔöÇÔöÇÔöÇÔöÇÔöÇÔöÇÔöÇÔöÇÔöÇÔöÇÔöÇÔöÇÔöÇÔöÇÔöÇÔöÇÔöÇÔöÇÔöÇÔöÇÔöÇÔöÇÔöÇÔöÇÔöÇÔöÇÔöÇÔöÇÔöÇÔöÇÔöÇÔöÇ[0m
[38;5;12mÔöé 01:00:45.884 (+0:00:00.022021)[0m
[38;5;12mÔö£ÔöäÔöäÔöäÔöäÔöäÔöäÔöäÔöäÔöäÔöäÔöäÔöäÔöäÔöäÔöäÔöäÔöäÔöäÔöäÔöäÔöäÔöäÔöäÔöäÔöäÔöäÔöäÔöäÔöäÔöäÔöäÔöäÔöäÔöäÔöäÔöäÔöäÔöäÔöäÔöäÔöäÔöäÔöäÔöäÔöäÔöäÔöäÔöäÔöäÔöäÔöäÔöäÔöäÔöäÔöäÔöäÔöäÔöäÔöäÔöäÔöäÔöäÔöäÔöäÔöäÔöäÔöäÔöäÔöäÔöäÔöäÔöäÔöäÔöäÔöäÔöäÔöäÔöäÔöä[0m
[38;5;12mÔöé ­ƒÆí [Tag] Message 228[0m
[38;5;12mÔööÔöÇÔöÇÔöÇÔöÇÔöÇÔöÇÔöÇÔöÇÔöÇÔöÇÔöÇÔöÇÔöÇÔöÇÔöÇÔöÇÔöÇÔöÇÔöÇÔöÇÔöÇÔöÇÔöÇÔöÇÔöÇÔöÇÔöÇÔöÇÔöÇÔöÇÔöÇÔöÇÔöÇÔöÇÔöÇÔöÇÔöÇÔöÇÔöÇÔöÇÔöÇÔöÇÔöÇÔöÇÔöÇÔöÇÔöÇÔöÇÔöÇÔöÇÔöÇÔöÇÔöÇÔöÇÔöÇÔöÇÔöÇÔöÇÔöÇÔöÇÔöÇÔöÇÔöÇÔöÇÔöÇÔöÇÔöÇÔöÇÔöÇÔöÇÔöÇÔöÇÔöÇÔöÇÔöÇÔöÇÔöÇÔöÇÔöÇ[0m
[38;5;12mÔöîÔöÇÔöÇÔöÇÔöÇÔöÇÔöÇÔöÇÔöÇÔöÇÔöÇÔöÇÔöÇÔöÇÔöÇÔöÇÔöÇÔöÇÔöÇÔöÇÔöÇÔöÇÔöÇÔöÇÔöÇÔöÇÔöÇÔöÇÔöÇÔöÇÔöÇÔöÇÔöÇÔöÇÔöÇÔöÇÔöÇÔöÇÔöÇÔöÇÔöÇÔöÇÔöÇÔöÇÔöÇÔöÇÔöÇÔöÇÔöÇÔöÇÔöÇÔöÇÔöÇÔöÇÔöÇÔöÇÔöÇÔöÇÔöÇÔöÇÔöÇÔöÇÔöÇÔöÇÔöÇÔöÇÔöÇÔöÇÔöÇÔöÇÔöÇÔöÇÔöÇÔöÇÔöÇÔöÇÔöÇÔöÇÔöÇÔöÇ[0m
[38;5;12mÔöé 01:00:45.884 (+0:00:00.022021)[0m
[38;5;12mÔö£ÔöäÔöäÔöäÔöäÔöäÔöäÔöäÔöäÔöäÔöäÔöäÔöäÔöäÔöäÔöäÔöäÔöäÔöäÔöäÔöäÔöäÔöäÔöäÔöäÔöäÔöäÔöäÔöäÔöäÔöäÔöäÔöäÔöäÔöäÔöäÔöäÔöäÔöäÔöäÔöäÔöäÔöäÔöäÔöäÔöäÔöäÔöäÔöäÔöäÔöäÔöäÔöäÔöäÔöäÔöäÔöäÔöäÔöäÔöäÔöäÔöäÔöäÔöäÔöäÔöäÔöäÔöäÔöäÔöäÔöäÔöäÔöäÔöäÔöäÔöäÔöäÔöäÔöäÔöä[0m
[38;5;12mÔöé ­ƒÆí [Tag] Message 229[0m
[38;5;12mÔööÔöÇÔöÇÔöÇÔöÇÔöÇÔöÇÔöÇÔöÇÔöÇÔöÇÔöÇÔöÇÔöÇÔöÇÔöÇÔöÇÔöÇÔöÇÔöÇÔöÇÔöÇÔöÇÔöÇÔöÇÔöÇÔöÇÔöÇÔöÇÔöÇÔöÇÔöÇÔöÇÔöÇÔöÇÔöÇÔöÇÔöÇÔöÇÔöÇÔöÇÔöÇÔöÇÔöÇÔöÇÔöÇÔöÇÔöÇÔöÇÔöÇÔöÇÔöÇÔöÇÔöÇÔöÇÔöÇÔöÇÔöÇÔöÇÔöÇÔöÇÔöÇÔöÇÔöÇÔöÇÔöÇÔöÇÔöÇÔöÇÔöÇÔöÇÔöÇÔöÇÔöÇÔöÇÔöÇÔöÇÔöÇÔöÇÔöÇ[0m
[38;5;12mÔöîÔöÇÔöÇÔöÇÔöÇÔöÇÔöÇÔöÇÔöÇÔöÇÔöÇÔöÇÔöÇÔöÇÔöÇÔöÇÔöÇÔöÇÔöÇÔöÇÔöÇÔöÇÔöÇÔöÇÔöÇÔöÇÔöÇÔöÇÔöÇÔöÇÔöÇÔöÇÔöÇÔöÇÔöÇÔöÇÔöÇÔöÇÔöÇÔöÇÔöÇÔöÇÔöÇÔöÇÔöÇÔöÇÔöÇÔöÇÔöÇÔöÇÔöÇÔöÇÔöÇÔöÇÔöÇÔöÇÔöÇÔöÇÔöÇÔöÇÔöÇÔöÇÔöÇÔöÇÔöÇÔöÇÔöÇÔöÇÔöÇÔöÇÔöÇÔöÇÔöÇÔöÇÔöÇÔöÇÔöÇÔöÇÔöÇÔöÇ[0m
[38;5;12mÔöé 01:00:45.884 (+0:00:00.022021)[0m
[38;5;12mÔö£ÔöäÔöäÔöäÔöäÔöäÔöäÔöäÔöäÔöäÔöäÔöäÔöäÔöäÔöäÔöäÔöäÔöäÔöäÔöäÔöäÔöäÔöäÔöäÔöäÔöäÔöäÔöäÔöäÔöäÔöäÔöäÔöäÔöäÔöäÔöäÔöäÔöäÔöäÔöäÔöäÔöäÔöäÔöäÔöäÔöäÔöäÔöäÔöäÔöäÔöäÔöäÔöäÔöäÔöäÔöäÔöäÔöäÔöäÔöäÔöäÔöäÔöäÔöäÔöäÔöäÔöäÔöäÔöäÔöäÔöäÔöäÔöäÔöäÔöäÔöäÔöäÔöäÔöäÔöä[0m
[38;5;12mÔöé ­ƒÆí [Tag] Message 230[0m
[38;5;12mÔööÔöÇÔöÇÔöÇÔöÇÔöÇÔöÇÔöÇÔöÇÔöÇÔöÇÔöÇÔöÇÔöÇÔöÇÔöÇÔöÇÔöÇÔöÇÔöÇÔöÇÔöÇÔöÇÔöÇÔöÇÔöÇÔöÇÔöÇÔöÇÔöÇÔöÇÔöÇÔöÇÔöÇÔöÇÔöÇÔöÇÔöÇÔöÇÔöÇÔöÇÔöÇÔöÇÔöÇÔöÇÔöÇÔöÇÔöÇÔöÇÔöÇÔöÇÔöÇÔöÇÔöÇÔöÇÔöÇÔöÇÔöÇÔöÇÔöÇÔöÇÔöÇÔöÇÔöÇÔöÇÔöÇÔöÇÔöÇÔöÇÔöÇÔöÇÔöÇÔöÇÔöÇÔöÇÔöÇÔöÇÔöÇÔöÇÔöÇ[0m
[38;5;12mÔöîÔöÇÔöÇÔöÇÔöÇÔöÇÔöÇÔöÇÔöÇÔöÇÔöÇÔöÇÔöÇÔöÇÔöÇÔöÇÔöÇÔöÇÔöÇÔöÇÔöÇÔöÇÔöÇÔöÇÔöÇÔöÇÔöÇÔöÇÔöÇÔöÇÔöÇÔöÇÔöÇÔöÇÔöÇÔöÇÔöÇÔöÇÔöÇÔöÇÔöÇÔöÇÔöÇÔöÇÔöÇÔöÇÔöÇÔöÇÔöÇÔöÇÔöÇÔöÇÔöÇÔöÇÔöÇÔöÇÔöÇÔöÇÔöÇÔöÇÔöÇÔöÇÔöÇÔöÇÔöÇÔöÇÔöÇÔöÇÔöÇÔöÇÔöÇÔöÇÔöÇÔöÇÔöÇÔöÇÔöÇÔöÇÔöÇÔöÇ[0m
[38;5;12mÔöé 01:00:45.884 (+0:00:00.022021)[0m
[38;5;12mÔö£ÔöäÔöäÔöäÔöäÔöäÔöäÔöäÔöäÔöäÔöäÔöäÔöäÔöäÔöäÔöäÔöäÔöäÔöäÔöäÔöäÔöäÔöäÔöäÔöäÔöäÔöäÔöäÔöäÔöäÔöäÔöäÔöäÔöäÔöäÔöäÔöäÔöäÔöäÔöäÔöäÔöäÔöäÔöäÔöäÔöäÔöäÔöäÔöäÔöäÔöäÔöäÔöäÔöäÔöäÔöäÔöäÔöäÔöäÔöäÔöäÔöäÔöäÔöäÔöäÔöäÔöäÔöäÔöäÔöäÔöäÔöäÔöäÔöäÔöäÔöäÔöäÔöäÔöäÔöä[0m
[38;5;12mÔöé ­ƒÆí [Tag] Message 231[0m
[38;5;12mÔööÔöÇÔöÇÔöÇÔöÇÔöÇÔöÇÔöÇÔöÇÔöÇÔöÇÔöÇÔöÇÔöÇÔöÇÔöÇÔöÇÔöÇÔöÇÔöÇÔöÇÔöÇÔöÇÔöÇÔöÇÔöÇÔöÇÔöÇÔöÇÔöÇÔöÇÔöÇÔöÇÔöÇÔöÇÔöÇÔöÇÔöÇÔöÇÔöÇÔöÇÔöÇÔöÇÔöÇÔöÇÔöÇÔöÇÔöÇÔöÇÔöÇÔöÇÔöÇÔöÇÔöÇÔöÇÔöÇÔöÇÔöÇÔöÇÔöÇÔöÇÔöÇÔöÇÔöÇÔöÇÔöÇÔöÇÔöÇÔöÇÔöÇÔöÇÔöÇÔöÇÔöÇÔöÇÔöÇÔöÇÔöÇÔöÇÔöÇ[0m
[38;5;12mÔöîÔöÇÔöÇÔöÇÔöÇÔöÇÔöÇÔöÇÔöÇÔöÇÔöÇÔöÇÔöÇÔöÇÔöÇÔöÇÔöÇÔöÇÔöÇÔöÇÔöÇÔöÇÔöÇÔöÇÔöÇÔöÇÔöÇÔöÇÔöÇÔöÇÔöÇÔöÇÔöÇÔöÇÔöÇÔöÇÔöÇÔöÇÔöÇÔöÇÔöÇÔöÇÔöÇÔöÇÔöÇÔöÇÔöÇÔöÇÔöÇÔöÇÔöÇÔöÇÔöÇÔöÇÔöÇÔöÇÔöÇÔöÇÔöÇÔöÇÔöÇÔöÇÔöÇÔöÇÔöÇÔöÇÔöÇÔöÇÔöÇÔöÇÔöÇÔöÇÔöÇÔöÇÔöÇÔöÇÔöÇÔöÇÔöÇÔöÇ[0m
[38;5;12mÔöé 01:00:45.884 (+0:00:00.022021)[0m
[38;5;12mÔö£ÔöäÔöäÔöäÔöäÔöäÔöäÔöäÔöäÔöäÔöäÔöäÔöäÔöäÔöäÔöäÔöäÔöäÔöäÔöäÔöäÔöäÔöäÔöäÔöäÔöäÔöäÔöäÔöäÔöäÔöäÔöäÔöäÔöäÔöäÔöäÔöäÔöäÔöäÔöäÔöäÔöäÔöäÔöäÔöäÔöäÔöäÔöäÔöäÔöäÔöäÔöäÔöäÔöäÔöäÔöäÔöäÔöäÔöäÔöäÔöäÔöäÔöäÔöäÔöäÔöäÔöäÔöäÔöäÔöäÔöäÔöäÔöäÔöäÔöäÔöäÔöäÔöäÔöäÔöä[0m
[38;5;12mÔöé ­ƒÆí [Tag] Message 232[0m
[38;5;12mÔööÔöÇÔöÇÔöÇÔöÇÔöÇÔöÇÔöÇÔöÇÔöÇÔöÇÔöÇÔöÇÔöÇÔöÇÔöÇÔöÇÔöÇÔöÇÔöÇÔöÇÔöÇÔöÇÔöÇÔöÇÔöÇÔöÇÔöÇÔöÇÔöÇÔöÇÔöÇÔöÇÔöÇÔöÇÔöÇÔöÇÔöÇÔöÇÔöÇÔöÇÔöÇÔöÇÔöÇÔöÇÔöÇÔöÇÔöÇÔöÇÔöÇÔöÇÔöÇÔöÇÔöÇÔöÇÔöÇÔöÇÔöÇÔöÇÔöÇÔöÇÔöÇÔöÇÔöÇÔöÇÔöÇÔöÇÔöÇÔöÇÔöÇÔöÇÔöÇÔöÇÔöÇÔöÇÔöÇÔöÇÔöÇÔöÇÔöÇ[0m
[38;5;12mÔöîÔöÇÔöÇÔöÇÔöÇÔöÇÔöÇÔöÇÔöÇÔöÇÔöÇÔöÇÔöÇÔöÇÔöÇÔöÇÔöÇÔöÇÔöÇÔöÇÔöÇÔöÇÔöÇÔöÇÔöÇÔöÇÔöÇÔöÇÔöÇÔöÇÔöÇÔöÇÔöÇÔöÇÔöÇÔöÇÔöÇÔöÇÔöÇÔöÇÔöÇÔöÇÔöÇÔöÇÔöÇÔöÇÔöÇÔöÇÔöÇÔöÇÔöÇÔöÇÔöÇÔöÇÔöÇÔöÇÔöÇÔöÇÔöÇÔöÇÔöÇÔöÇÔöÇÔöÇÔöÇÔöÇÔöÇÔöÇÔöÇÔöÇÔöÇÔöÇÔöÇÔöÇÔöÇÔöÇÔöÇÔöÇÔöÇÔöÇ[0m
[38;5;12mÔöé 01:00:45.884 (+0:00:00.022021)[0m
[38;5;12mÔö£ÔöäÔöäÔöäÔöäÔöäÔöäÔöäÔöäÔöäÔöäÔöäÔöäÔöäÔöäÔöäÔöäÔöäÔöäÔöäÔöäÔöäÔöäÔöäÔöäÔöäÔöäÔöäÔöäÔöäÔöäÔöäÔöäÔöäÔöäÔöäÔöäÔöäÔöäÔöäÔöäÔöäÔöäÔöäÔöäÔöäÔöäÔöäÔöäÔöäÔöäÔöäÔöäÔöäÔöäÔöäÔöäÔöäÔöäÔöäÔöäÔöäÔöäÔöäÔöäÔöäÔöäÔöäÔöäÔöäÔöäÔöäÔöäÔöäÔöäÔöäÔöäÔöäÔöäÔöä[0m
[38;5;12mÔöé ­ƒÆí [Tag] Message 233[0m
[38;5;12mÔööÔöÇÔöÇÔöÇÔöÇÔöÇÔöÇÔöÇÔöÇÔöÇÔöÇÔöÇÔöÇÔöÇÔöÇÔöÇÔöÇÔöÇÔöÇÔöÇÔöÇÔöÇÔöÇÔöÇÔöÇÔöÇÔöÇÔöÇÔöÇÔöÇÔöÇÔöÇÔöÇÔöÇÔöÇÔöÇÔöÇÔöÇÔöÇÔöÇÔöÇÔöÇÔöÇÔöÇÔöÇÔöÇÔöÇÔöÇÔöÇÔöÇÔöÇÔöÇÔöÇÔöÇÔöÇÔöÇÔöÇÔöÇÔöÇÔöÇÔöÇÔöÇÔöÇÔöÇÔöÇÔöÇÔöÇÔöÇÔöÇÔöÇÔöÇÔöÇÔöÇÔöÇÔöÇÔöÇÔöÇÔöÇÔöÇÔöÇ[0m
[38;5;12mÔöîÔöÇÔöÇÔöÇÔöÇÔöÇÔöÇÔöÇÔöÇÔöÇÔöÇÔöÇÔöÇÔöÇÔöÇÔöÇÔöÇÔöÇÔöÇÔöÇÔöÇÔöÇÔöÇÔöÇÔöÇÔöÇÔöÇÔöÇÔöÇÔöÇÔöÇÔöÇÔöÇÔöÇÔöÇÔöÇÔöÇÔöÇÔöÇÔöÇÔöÇÔöÇÔöÇÔöÇÔöÇÔöÇÔöÇÔöÇÔöÇÔöÇÔöÇÔöÇÔöÇÔöÇÔöÇÔöÇÔöÇÔöÇÔöÇÔöÇÔöÇÔöÇÔöÇÔöÇÔöÇÔöÇÔöÇÔöÇÔöÇÔöÇÔöÇÔöÇÔöÇÔöÇÔöÇÔöÇÔöÇÔöÇÔöÇÔöÇ[0m
[38;5;12mÔöé 01:00:45.884 (+0:00:00.022021)[0m
[38;5;12mÔö£ÔöäÔöäÔöäÔöäÔöäÔöäÔöäÔöäÔöäÔöäÔöäÔöäÔöäÔöäÔöäÔöäÔöäÔöäÔöäÔöäÔöäÔöäÔöäÔöäÔöäÔöäÔöäÔöäÔöäÔöäÔöäÔöäÔöäÔöäÔöäÔöäÔöäÔöäÔöäÔöäÔöäÔöäÔöäÔöäÔöäÔöäÔöäÔöäÔöäÔöäÔöäÔöäÔöäÔöäÔöäÔöäÔöäÔöäÔöäÔöäÔöäÔöäÔöäÔöäÔöäÔöäÔöäÔöäÔöäÔöäÔöäÔöäÔöäÔöäÔöäÔöäÔöäÔöäÔöä[0m
[38;5;12mÔöé ­ƒÆí [Tag] Message 234[0m
[38;5;12mÔööÔöÇÔöÇÔöÇÔöÇÔöÇÔöÇÔöÇÔöÇÔöÇÔöÇÔöÇÔöÇÔöÇÔöÇÔöÇÔöÇÔöÇÔöÇÔöÇÔöÇÔöÇÔöÇÔöÇÔöÇÔöÇÔöÇÔöÇÔöÇÔöÇÔöÇÔöÇÔöÇÔöÇÔöÇÔöÇÔöÇÔöÇÔöÇÔöÇÔöÇÔöÇÔöÇÔöÇÔöÇÔöÇÔöÇÔöÇÔöÇÔöÇÔöÇÔöÇÔöÇÔöÇÔöÇÔöÇÔöÇÔöÇÔöÇÔöÇÔöÇÔöÇÔöÇÔöÇÔöÇÔöÇÔöÇÔöÇÔöÇÔöÇÔöÇÔöÇÔöÇÔöÇÔöÇÔöÇÔöÇÔöÇÔöÇÔöÇ[0m
[38;5;12mÔöîÔöÇÔöÇÔöÇÔöÇÔöÇÔöÇÔöÇÔöÇÔöÇÔöÇÔöÇÔöÇÔöÇÔöÇÔöÇÔöÇÔöÇÔöÇÔöÇÔöÇÔöÇÔöÇÔöÇÔöÇÔöÇÔöÇÔöÇÔöÇÔöÇÔöÇÔöÇÔöÇÔöÇÔöÇÔöÇÔöÇÔöÇÔöÇÔöÇÔöÇÔöÇÔöÇÔöÇÔöÇÔöÇÔöÇÔöÇÔöÇÔöÇÔöÇÔöÇÔöÇÔöÇÔöÇÔöÇÔöÇÔöÇÔöÇÔöÇÔöÇÔöÇÔöÇÔöÇÔöÇÔöÇÔöÇÔöÇÔöÇÔöÇÔöÇÔöÇÔöÇÔöÇÔöÇÔöÇÔöÇÔöÇÔöÇÔöÇ[0m
[38;5;12mÔöé 01:00:45.884 (+0:00:00.022021)[0m
[38;5;12mÔö£ÔöäÔöäÔöäÔöäÔöäÔöäÔöäÔöäÔöäÔöäÔöäÔöäÔöäÔöäÔöäÔöäÔöäÔöäÔöäÔöäÔöäÔöäÔöäÔöäÔöäÔöäÔöäÔöäÔöäÔöäÔöäÔöäÔöäÔöäÔöäÔöäÔöäÔöäÔöäÔöäÔöäÔöäÔöäÔöäÔöäÔöäÔöäÔöäÔöäÔöäÔöäÔöäÔöäÔöäÔöäÔöäÔöäÔöäÔöäÔöäÔöäÔöäÔöäÔöäÔöäÔöäÔöäÔöäÔöäÔöäÔöäÔöäÔöäÔöäÔöäÔöäÔöäÔöäÔöä[0m
[38;5;12mÔöé ­ƒÆí [Tag] Message 235[0m
[38;5;12mÔööÔöÇÔöÇÔöÇÔöÇÔöÇÔöÇÔöÇÔöÇÔöÇÔöÇÔöÇÔöÇÔöÇÔöÇÔöÇÔöÇÔöÇÔöÇÔöÇÔöÇÔöÇÔöÇÔöÇÔöÇÔöÇÔöÇÔöÇÔöÇÔöÇÔöÇÔöÇÔöÇÔöÇÔöÇÔöÇÔöÇÔöÇÔöÇÔöÇÔöÇÔöÇÔöÇÔöÇÔöÇÔöÇÔöÇÔöÇÔöÇÔöÇÔöÇÔöÇÔöÇÔöÇÔöÇÔöÇÔöÇÔöÇÔöÇÔöÇÔöÇÔöÇÔöÇÔöÇÔöÇÔöÇÔöÇÔöÇÔöÇÔöÇÔöÇÔöÇÔöÇÔöÇÔöÇÔöÇÔöÇÔöÇÔöÇÔöÇ[0m
[38;5;12mÔöîÔöÇÔöÇÔöÇÔöÇÔöÇÔöÇÔöÇÔöÇÔöÇÔöÇÔöÇÔöÇÔöÇÔöÇÔöÇÔöÇÔöÇÔöÇÔöÇÔöÇÔöÇÔöÇÔöÇÔöÇÔöÇÔöÇÔöÇÔöÇÔöÇÔöÇÔöÇÔöÇÔöÇÔöÇÔöÇÔöÇÔöÇÔöÇÔöÇÔöÇÔöÇÔöÇÔöÇÔöÇÔöÇÔöÇÔöÇÔöÇÔöÇÔöÇÔöÇÔöÇÔöÇÔöÇÔöÇÔöÇÔöÇÔöÇÔöÇÔöÇÔöÇÔöÇÔöÇÔöÇÔöÇÔöÇÔöÇÔöÇÔöÇÔöÇÔöÇÔöÇÔöÇÔöÇÔöÇÔöÇÔöÇÔöÇÔöÇ[0m
[38;5;12mÔöé 01:00:45.884 (+0:00:00.022021)[0m
[38;5;12mÔö£ÔöäÔöäÔöäÔöäÔöäÔöäÔöäÔöäÔöäÔöäÔöäÔöäÔöäÔöäÔöäÔöäÔöäÔöäÔöäÔöäÔöäÔöäÔöäÔöäÔöäÔöäÔöäÔöäÔöäÔöäÔöäÔöäÔöäÔöäÔöäÔöäÔöäÔöäÔöäÔöäÔöäÔöäÔöäÔöäÔöäÔöäÔöäÔöäÔöäÔöäÔöäÔöäÔöäÔöäÔöäÔöäÔöäÔöäÔöäÔöäÔöäÔöäÔöäÔöäÔöäÔöäÔöäÔöäÔöäÔöäÔöäÔöäÔöäÔöäÔöäÔöäÔöäÔöäÔöä[0m
[38;5;12mÔöé ­ƒÆí [Tag] Message 236[0m
[38;5;12mÔööÔöÇÔöÇÔöÇÔöÇÔöÇÔöÇÔöÇÔöÇÔöÇÔöÇÔöÇÔöÇÔöÇÔöÇÔöÇÔöÇÔöÇÔöÇÔöÇÔöÇÔöÇÔöÇÔöÇÔöÇÔöÇÔöÇÔöÇÔöÇÔöÇÔöÇÔöÇÔöÇÔöÇÔöÇÔöÇÔöÇÔöÇÔöÇÔöÇÔöÇÔöÇÔöÇÔöÇÔöÇÔöÇÔöÇÔöÇÔöÇÔöÇÔöÇÔöÇÔöÇÔöÇÔöÇÔöÇÔöÇÔöÇÔöÇÔöÇÔöÇÔöÇÔöÇÔöÇÔöÇÔöÇÔöÇÔöÇÔöÇÔöÇÔöÇÔöÇÔöÇÔöÇÔöÇÔöÇÔöÇÔöÇÔöÇÔöÇ[0m
[38;5;12mÔöîÔöÇÔöÇÔöÇÔöÇÔöÇÔöÇÔöÇÔöÇÔöÇÔöÇÔöÇÔöÇÔöÇÔöÇÔöÇÔöÇÔöÇÔöÇÔöÇÔöÇÔöÇÔöÇÔöÇÔöÇÔöÇÔöÇÔöÇÔöÇÔöÇÔöÇÔöÇÔöÇÔöÇÔöÇÔöÇÔöÇÔöÇÔöÇÔöÇÔöÇÔöÇÔöÇÔöÇÔöÇÔöÇÔöÇÔöÇÔöÇÔöÇÔöÇÔöÇÔöÇÔöÇÔöÇÔöÇÔöÇÔöÇÔöÇÔöÇÔöÇÔöÇÔöÇÔöÇÔöÇÔöÇÔöÇÔöÇÔöÇÔöÇÔöÇÔöÇÔöÇÔöÇÔöÇÔöÇÔöÇÔöÇÔöÇÔöÇ[0m
[38;5;12mÔöé 01:00:45.884 (+0:00:00.022021)[0m
[38;5;12mÔö£ÔöäÔöäÔöäÔöäÔöäÔöäÔöäÔöäÔöäÔöäÔöäÔöäÔöäÔöäÔöäÔöäÔöäÔöäÔöäÔöäÔöäÔöäÔöäÔöäÔöäÔöäÔöäÔöäÔöäÔöäÔöäÔöäÔöäÔöäÔöäÔöäÔöäÔöäÔöäÔöäÔöäÔöäÔöäÔöäÔöäÔöäÔöäÔöäÔöäÔöäÔöäÔöäÔöäÔöäÔöäÔöäÔöäÔöäÔöäÔöäÔöäÔöäÔöäÔöäÔöäÔöäÔöäÔöäÔöäÔöäÔöäÔöäÔöäÔöäÔöäÔöäÔöäÔöäÔöä[0m
[38;5;12mÔöé ­ƒÆí [Tag] Message 237[0m
[38;5;12mÔööÔöÇÔöÇÔöÇÔöÇÔöÇÔöÇÔöÇÔöÇÔöÇÔöÇÔöÇÔöÇÔöÇÔöÇÔöÇÔöÇÔöÇÔöÇÔöÇÔöÇÔöÇÔöÇÔöÇÔöÇÔöÇÔöÇÔöÇÔöÇÔöÇÔöÇÔöÇÔöÇÔöÇÔöÇÔöÇÔöÇÔöÇÔöÇÔöÇÔöÇÔöÇÔöÇÔöÇÔöÇÔöÇÔöÇÔöÇÔöÇÔöÇÔöÇÔöÇÔöÇÔöÇÔöÇÔöÇÔöÇÔöÇÔöÇÔöÇÔöÇÔöÇÔöÇÔöÇÔöÇÔöÇÔöÇÔöÇÔöÇÔöÇÔöÇÔöÇÔöÇÔöÇÔöÇÔöÇÔöÇÔöÇÔöÇÔöÇ[0m
[38;5;12mÔöîÔöÇÔöÇÔöÇÔöÇÔöÇÔöÇÔöÇÔöÇÔöÇÔöÇÔöÇÔöÇÔöÇÔöÇÔöÇÔöÇÔöÇÔöÇÔöÇÔöÇÔöÇÔöÇÔöÇÔöÇÔöÇÔöÇÔöÇÔöÇÔöÇÔöÇÔöÇÔöÇÔöÇÔöÇÔöÇÔöÇÔöÇÔöÇÔöÇÔöÇÔöÇÔöÇÔöÇÔöÇÔöÇÔöÇÔöÇÔöÇÔöÇÔöÇÔöÇÔöÇÔöÇÔöÇÔöÇÔöÇÔöÇÔöÇÔöÇÔöÇÔöÇÔöÇÔöÇÔöÇÔöÇÔöÇÔöÇÔöÇÔöÇÔöÇÔöÇÔöÇÔöÇÔöÇÔöÇÔöÇÔöÇÔöÇÔöÇ[0m
[38;5;12mÔöé 01:00:45.884 (+0:00:00.022021)[0m
[38;5;12mÔö£ÔöäÔöäÔöäÔöäÔöäÔöäÔöäÔöäÔöäÔöäÔöäÔöäÔöäÔöäÔöäÔöäÔöäÔöäÔöäÔöäÔöäÔöäÔöäÔöäÔöäÔöäÔöäÔöäÔöäÔöäÔöäÔöäÔöäÔöäÔöäÔöäÔöäÔöäÔöäÔöäÔöäÔöäÔöäÔöäÔöäÔöäÔöäÔöäÔöäÔöäÔöäÔöäÔöäÔöäÔöäÔöäÔöäÔöäÔöäÔöäÔöäÔöäÔöäÔöäÔöäÔöäÔöäÔöäÔöäÔöäÔöäÔöäÔöäÔöäÔöäÔöäÔöäÔöäÔöä[0m
[38;5;12mÔöé ­ƒÆí [Tag] Message 238[0m
[38;5;12mÔööÔöÇÔöÇÔöÇÔöÇÔöÇÔöÇÔöÇÔöÇÔöÇÔöÇÔöÇÔöÇÔöÇÔöÇÔöÇÔöÇÔöÇÔöÇÔöÇÔöÇÔöÇÔöÇÔöÇÔöÇÔöÇÔöÇÔöÇÔöÇÔöÇÔöÇÔöÇÔöÇÔöÇÔöÇÔöÇÔöÇÔöÇÔöÇÔöÇÔöÇÔöÇÔöÇÔöÇÔöÇÔöÇÔöÇÔöÇÔöÇÔöÇÔöÇÔöÇÔöÇÔöÇÔöÇÔöÇÔöÇÔöÇÔöÇÔöÇÔöÇÔöÇÔöÇÔöÇÔöÇÔöÇÔöÇÔöÇÔöÇÔöÇÔöÇÔöÇÔöÇÔöÇÔöÇÔöÇÔöÇÔöÇÔöÇÔöÇ[0m
[38;5;12mÔöîÔöÇÔöÇÔöÇÔöÇÔöÇÔöÇÔöÇÔöÇÔöÇÔöÇÔöÇÔöÇÔöÇÔöÇÔöÇÔöÇÔöÇÔöÇÔöÇÔöÇÔöÇÔöÇÔöÇÔöÇÔöÇÔöÇÔöÇÔöÇÔöÇÔöÇÔöÇÔöÇÔöÇÔöÇÔöÇÔöÇÔöÇÔöÇÔöÇÔöÇÔöÇÔöÇÔöÇÔöÇÔöÇÔöÇÔöÇÔöÇÔöÇÔöÇÔöÇÔöÇÔöÇÔöÇÔöÇÔöÇÔöÇÔöÇÔöÇÔöÇÔöÇÔöÇÔöÇÔöÇÔöÇÔöÇÔöÇÔöÇÔöÇÔöÇÔöÇÔöÇÔöÇÔöÇÔöÇÔöÇÔöÇÔöÇÔöÇ[0m
[38;5;12mÔöé 01:00:45.884 (+0:00:00.022021)[0m
[38;5;12mÔö£ÔöäÔöäÔöäÔöäÔöäÔöäÔöäÔöäÔöäÔöäÔöäÔöäÔöäÔöäÔöäÔöäÔöäÔöäÔöäÔöäÔöäÔöäÔöäÔöäÔöäÔöäÔöäÔöäÔöäÔöäÔöäÔöäÔöäÔöäÔöäÔöäÔöäÔöäÔöäÔöäÔöäÔöäÔöäÔöäÔöäÔöäÔöäÔöäÔöäÔöäÔöäÔöäÔöäÔöäÔöäÔöäÔöäÔöäÔöäÔöäÔöäÔöäÔöäÔöäÔöäÔöäÔöäÔöäÔöäÔöäÔöäÔöäÔöäÔöäÔöäÔöäÔöäÔöäÔöä[0m
[38;5;12mÔöé ­ƒÆí [Tag] Message 239[0m
[38;5;12mÔööÔöÇÔöÇÔöÇÔöÇÔöÇÔöÇÔöÇÔöÇÔöÇÔöÇÔöÇÔöÇÔöÇÔöÇÔöÇÔöÇÔöÇÔöÇÔöÇÔöÇÔöÇÔöÇÔöÇÔöÇÔöÇÔöÇÔöÇÔöÇÔöÇÔöÇÔöÇÔöÇÔöÇÔöÇÔöÇÔöÇÔöÇÔöÇÔöÇÔöÇÔöÇÔöÇÔöÇÔöÇÔöÇÔöÇÔöÇÔöÇÔöÇÔöÇÔöÇÔöÇÔöÇÔöÇÔöÇÔöÇÔöÇÔöÇÔöÇÔöÇÔöÇÔöÇÔöÇÔöÇÔöÇÔöÇÔöÇÔöÇÔöÇÔöÇÔöÇÔöÇÔöÇÔöÇÔöÇÔöÇÔöÇÔöÇÔöÇ[0m
[38;5;12mÔöîÔöÇÔöÇÔöÇÔöÇÔöÇÔöÇÔöÇÔöÇÔöÇÔöÇÔöÇÔöÇÔöÇÔöÇÔöÇÔöÇÔöÇÔöÇÔöÇÔöÇÔöÇÔöÇÔöÇÔöÇÔöÇÔöÇÔöÇÔöÇÔöÇÔöÇÔöÇÔöÇÔöÇÔöÇÔöÇÔöÇÔöÇÔöÇÔöÇÔöÇÔöÇÔöÇÔöÇÔöÇÔöÇÔöÇÔöÇÔöÇÔöÇÔöÇÔöÇÔöÇÔöÇÔöÇÔöÇÔöÇÔöÇÔöÇÔöÇÔöÇÔöÇÔöÇÔöÇÔöÇÔöÇÔöÇÔöÇÔöÇÔöÇÔöÇÔöÇÔöÇÔöÇÔöÇÔöÇÔöÇÔöÇÔöÇÔöÇ[0m
[38;5;12mÔöé 01:00:45.884 (+0:00:00.022021)[0m
[38;5;12mÔö£ÔöäÔöäÔöäÔöäÔöäÔöäÔöäÔöäÔöäÔöäÔöäÔöäÔöäÔöäÔöäÔöäÔöäÔöäÔöäÔöäÔöäÔöäÔöäÔöäÔöäÔöäÔöäÔöäÔöäÔöäÔöäÔöäÔöäÔöäÔöäÔöäÔöäÔöäÔöäÔöäÔöäÔöäÔöäÔöäÔöäÔöäÔöäÔöäÔöäÔöäÔöäÔöäÔöäÔöäÔöäÔöäÔöäÔöäÔöäÔöäÔöäÔöäÔöäÔöäÔöäÔöäÔöäÔöäÔöäÔöäÔöäÔöäÔöäÔöäÔöäÔöäÔöäÔöäÔöä[0m
[38;5;12mÔöé ­ƒÆí [Tag] Message 240[0m
[38;5;12mÔööÔöÇÔöÇÔöÇÔöÇÔöÇÔöÇÔöÇÔöÇÔöÇÔöÇÔöÇÔöÇÔöÇÔöÇÔöÇÔöÇÔöÇÔöÇÔöÇÔöÇÔöÇÔöÇÔöÇÔöÇÔöÇÔöÇÔöÇÔöÇÔöÇÔöÇÔöÇÔöÇÔöÇÔöÇÔöÇÔöÇÔöÇÔöÇÔöÇÔöÇÔöÇÔöÇÔöÇÔöÇÔöÇÔöÇÔöÇÔöÇÔöÇÔöÇÔöÇÔöÇÔöÇÔöÇÔöÇÔöÇÔöÇÔöÇÔöÇÔöÇÔöÇÔöÇÔöÇÔöÇÔöÇÔöÇÔöÇÔöÇÔöÇÔöÇÔöÇÔöÇÔöÇÔöÇÔöÇÔöÇÔöÇÔöÇÔöÇ[0m
[38;5;12mÔöîÔöÇÔöÇÔöÇÔöÇÔöÇÔöÇÔöÇÔöÇÔöÇÔöÇÔöÇÔöÇÔöÇÔöÇÔöÇÔöÇÔöÇÔöÇÔöÇÔöÇÔöÇÔöÇÔöÇÔöÇÔöÇÔöÇÔöÇÔöÇÔöÇÔöÇÔöÇÔöÇÔöÇÔöÇÔöÇÔöÇÔöÇÔöÇÔöÇÔöÇÔöÇÔöÇÔöÇÔöÇÔöÇÔöÇÔöÇÔöÇÔöÇÔöÇÔöÇÔöÇÔöÇÔöÇÔöÇÔöÇÔöÇÔöÇÔöÇÔöÇÔöÇÔöÇÔöÇÔöÇÔöÇÔöÇÔöÇÔöÇÔöÇÔöÇÔöÇÔöÇÔöÇÔöÇÔöÇÔöÇÔöÇÔöÇÔöÇ[0m
[38;5;12mÔöé 01:00:45.884 (+0:00:00.022021)[0m
[38;5;12mÔö£ÔöäÔöäÔöäÔöäÔöäÔöäÔöäÔöäÔöäÔöäÔöäÔöäÔöäÔöäÔöäÔöäÔöäÔöäÔöäÔöäÔöäÔöäÔöäÔöäÔöäÔöäÔöäÔöäÔöäÔöäÔöäÔöäÔöäÔöäÔöäÔöäÔöäÔöäÔöäÔöäÔöäÔöäÔöäÔöäÔöäÔöäÔöäÔöäÔöäÔöäÔöäÔöäÔöäÔöäÔöäÔöäÔöäÔöäÔöäÔöäÔöäÔöäÔöäÔöäÔöäÔöäÔöäÔöäÔöäÔöäÔöäÔöäÔöäÔöäÔöäÔöäÔöäÔöäÔöä[0m
[38;5;12mÔöé ­ƒÆí [Tag] Message 241[0m
[38;5;12mÔööÔöÇÔöÇÔöÇÔöÇÔöÇÔöÇÔöÇÔöÇÔöÇÔöÇÔöÇÔöÇÔöÇÔöÇÔöÇÔöÇÔöÇÔöÇÔöÇÔöÇÔöÇÔöÇÔöÇÔöÇÔöÇÔöÇÔöÇÔöÇÔöÇÔöÇÔöÇÔöÇÔöÇÔöÇÔöÇÔöÇÔöÇÔöÇÔöÇÔöÇÔöÇÔöÇÔöÇÔöÇÔöÇÔöÇÔöÇÔöÇÔöÇÔöÇÔöÇÔöÇÔöÇÔöÇÔöÇÔöÇÔöÇÔöÇÔöÇÔöÇÔöÇÔöÇÔöÇÔöÇÔöÇÔöÇÔöÇÔöÇÔöÇÔöÇÔöÇÔöÇÔöÇÔöÇÔöÇÔöÇÔöÇÔöÇÔöÇ[0m
[38;5;12mÔöîÔöÇÔöÇÔöÇÔöÇÔöÇÔöÇÔöÇÔöÇÔöÇÔöÇÔöÇÔöÇÔöÇÔöÇÔöÇÔöÇÔöÇÔöÇÔöÇÔöÇÔöÇÔöÇÔöÇÔöÇÔöÇÔöÇÔöÇÔöÇÔöÇÔöÇÔöÇÔöÇÔöÇÔöÇÔöÇÔöÇÔöÇÔöÇÔöÇÔöÇÔöÇÔöÇÔöÇÔöÇÔöÇÔöÇÔöÇÔöÇÔöÇÔöÇÔöÇÔöÇÔöÇÔöÇÔöÇÔöÇÔöÇÔöÇÔöÇÔöÇÔöÇÔöÇÔöÇÔöÇÔöÇÔöÇÔöÇÔöÇÔöÇÔöÇÔöÇÔöÇÔöÇÔöÇÔöÇÔöÇÔöÇÔöÇÔöÇ[0m
[38;5;12mÔöé 01:00:45.884 (+0:00:00.022021)[0m
[38;5;12mÔö£ÔöäÔöäÔöäÔöäÔöäÔöäÔöäÔöäÔöäÔöäÔöäÔöäÔöäÔöäÔöäÔöäÔöäÔöäÔöäÔöäÔöäÔöäÔöäÔöäÔöäÔöäÔöäÔöäÔöäÔöäÔöäÔöäÔöäÔöäÔöäÔöäÔöäÔöäÔöäÔöäÔöäÔöäÔöäÔöäÔöäÔöäÔöäÔöäÔöäÔöäÔöäÔöäÔöäÔöäÔöäÔöäÔöäÔöäÔöäÔöäÔöäÔöäÔöäÔöäÔöäÔöäÔöäÔöäÔöäÔöäÔöäÔöäÔöäÔöäÔöäÔöäÔöäÔöäÔöä[0m
[38;5;12mÔöé ­ƒÆí [Tag] Message 242[0m
[38;5;12mÔööÔöÇÔöÇÔöÇÔöÇÔöÇÔöÇÔöÇÔöÇÔöÇÔöÇÔöÇÔöÇÔöÇÔöÇÔöÇÔöÇÔöÇÔöÇÔöÇÔöÇÔöÇÔöÇÔöÇÔöÇÔöÇÔöÇÔöÇÔöÇÔöÇÔöÇÔöÇÔöÇÔöÇÔöÇÔöÇÔöÇÔöÇÔöÇÔöÇÔöÇÔöÇÔöÇÔöÇÔöÇÔöÇÔöÇÔöÇÔöÇÔöÇÔöÇÔöÇÔöÇÔöÇÔöÇÔöÇÔöÇÔöÇÔöÇÔöÇÔöÇÔöÇÔöÇÔöÇÔöÇÔöÇÔöÇÔöÇÔöÇÔöÇÔöÇÔöÇÔöÇÔöÇÔöÇÔöÇÔöÇÔöÇÔöÇÔöÇ[0m
[38;5;12mÔöîÔöÇÔöÇÔöÇÔöÇÔöÇÔöÇÔöÇÔöÇÔöÇÔöÇÔöÇÔöÇÔöÇÔöÇÔöÇÔöÇÔöÇÔöÇÔöÇÔöÇÔöÇÔöÇÔöÇÔöÇÔöÇÔöÇÔöÇÔöÇÔöÇÔöÇÔöÇÔöÇÔöÇÔöÇÔöÇÔöÇÔöÇÔöÇÔöÇÔöÇÔöÇÔöÇÔöÇÔöÇÔöÇÔöÇÔöÇÔöÇÔöÇÔöÇÔöÇÔöÇÔöÇÔöÇÔöÇÔöÇÔöÇÔöÇÔöÇÔöÇÔöÇÔöÇÔöÇÔöÇÔöÇÔöÇÔöÇÔöÇÔöÇÔöÇÔöÇÔöÇÔöÇÔöÇÔöÇÔöÇÔöÇÔöÇÔöÇ[0m
[38;5;12mÔöé 01:00:45.884 (+0:00:00.022021)[0m
[38;5;12mÔö£ÔöäÔöäÔöäÔöäÔöäÔöäÔöäÔöäÔöäÔöäÔöäÔöäÔöäÔöäÔöäÔöäÔöäÔöäÔöäÔöäÔöäÔöäÔöäÔöäÔöäÔöäÔöäÔöäÔöäÔöäÔöäÔöäÔöäÔöäÔöäÔöäÔöäÔöäÔöäÔöäÔöäÔöäÔöäÔöäÔöäÔöäÔöäÔöäÔöäÔöäÔöäÔöäÔöäÔöäÔöäÔöäÔöäÔöäÔöäÔöäÔöäÔöäÔöäÔöäÔöäÔöäÔöäÔöäÔöäÔöäÔöäÔöäÔöäÔöäÔöäÔöäÔöäÔöäÔöä[0m
[38;5;12mÔöé ­ƒÆí [Tag] Message 243[0m
[38;5;12mÔööÔöÇÔöÇÔöÇÔöÇÔöÇÔöÇÔöÇÔöÇÔöÇÔöÇÔöÇÔöÇÔöÇÔöÇÔöÇÔöÇÔöÇÔöÇÔöÇÔöÇÔöÇÔöÇÔöÇÔöÇÔöÇÔöÇÔöÇÔöÇÔöÇÔöÇÔöÇÔöÇÔöÇÔöÇÔöÇÔöÇÔöÇÔöÇÔöÇÔöÇÔöÇÔöÇÔöÇÔöÇÔöÇÔöÇÔöÇÔöÇÔöÇÔöÇÔöÇÔöÇÔöÇÔöÇÔöÇÔöÇÔöÇÔöÇÔöÇÔöÇÔöÇÔöÇÔöÇÔöÇÔöÇÔöÇÔöÇÔöÇÔöÇÔöÇÔöÇÔöÇÔöÇÔöÇÔöÇÔöÇÔöÇÔöÇÔöÇ[0m
[38;5;12mÔöîÔöÇÔöÇÔöÇÔöÇÔöÇÔöÇÔöÇÔöÇÔöÇÔöÇÔöÇÔöÇÔöÇÔöÇÔöÇÔöÇÔöÇÔöÇÔöÇÔöÇÔöÇÔöÇÔöÇÔöÇÔöÇÔöÇÔöÇÔöÇÔöÇÔöÇÔöÇÔöÇÔöÇÔöÇÔöÇÔöÇÔöÇÔöÇÔöÇÔöÇÔöÇÔöÇÔöÇÔöÇÔöÇÔöÇÔöÇÔöÇÔöÇÔöÇÔöÇÔöÇÔöÇÔöÇÔöÇÔöÇÔöÇÔöÇÔöÇÔöÇÔöÇÔöÇÔöÇÔöÇÔöÇÔöÇÔöÇÔöÇÔöÇÔöÇÔöÇÔöÇÔöÇÔöÇÔöÇÔöÇÔöÇÔöÇÔöÇ[0m
[38;5;12mÔöé 01:00:45.884 (+0:00:00.022021)[0m
[38;5;12mÔö£ÔöäÔöäÔöäÔöäÔöäÔöäÔöäÔöäÔöäÔöäÔöäÔöäÔöäÔöäÔöäÔöäÔöäÔöäÔöäÔöäÔöäÔöäÔöäÔöäÔöäÔöäÔöäÔöäÔöäÔöäÔöäÔöäÔöäÔöäÔöäÔöäÔöäÔöäÔöäÔöäÔöäÔöäÔöäÔöäÔöäÔöäÔöäÔöäÔöäÔöäÔöäÔöäÔöäÔöäÔöäÔöäÔöäÔöäÔöäÔöäÔöäÔöäÔöäÔöäÔöäÔöäÔöäÔöäÔöäÔöäÔöäÔöäÔöäÔöäÔöäÔöäÔöäÔöäÔöä[0m
[38;5;12mÔöé ­ƒÆí [Tag] Message 244[0m
[38;5;12mÔööÔöÇÔöÇÔöÇÔöÇÔöÇÔöÇÔöÇÔöÇÔöÇÔöÇÔöÇÔöÇÔöÇÔöÇÔöÇÔöÇÔöÇÔöÇÔöÇÔöÇÔöÇÔöÇÔöÇÔöÇÔöÇÔöÇÔöÇÔöÇÔöÇÔöÇÔöÇÔöÇÔöÇÔöÇÔöÇÔöÇÔöÇÔöÇÔöÇÔöÇÔöÇÔöÇÔöÇÔöÇÔöÇÔöÇÔöÇÔöÇÔöÇÔöÇÔöÇÔöÇÔöÇÔöÇÔöÇÔöÇÔöÇÔöÇÔöÇÔöÇÔöÇÔöÇÔöÇÔöÇÔöÇÔöÇÔöÇÔöÇÔöÇÔöÇÔöÇÔöÇÔöÇÔöÇÔöÇÔöÇÔöÇÔöÇÔöÇ[0m
[38;5;12mÔöîÔöÇÔöÇÔöÇÔöÇÔöÇÔöÇÔöÇÔöÇÔöÇÔöÇÔöÇÔöÇÔöÇÔöÇÔöÇÔöÇÔöÇÔöÇÔöÇÔöÇÔöÇÔöÇÔöÇÔöÇÔöÇÔöÇÔöÇÔöÇÔöÇÔöÇÔöÇÔöÇÔöÇÔöÇÔöÇÔöÇÔöÇÔöÇÔöÇÔöÇÔöÇÔöÇÔöÇÔöÇÔöÇÔöÇÔöÇÔöÇÔöÇÔöÇÔöÇÔöÇÔöÇÔöÇÔöÇÔöÇÔöÇÔöÇÔöÇÔöÇÔöÇÔöÇÔöÇÔöÇÔöÇÔöÇÔöÇÔöÇÔöÇÔöÇÔöÇÔöÇÔöÇÔöÇÔöÇÔöÇÔöÇÔöÇÔöÇ[0m
[38;5;12mÔöé 01:00:45.884 (+0:00:00.022021)[0m
[38;5;12mÔö£ÔöäÔöäÔöäÔöäÔöäÔöäÔöäÔöäÔöäÔöäÔöäÔöäÔöäÔöäÔöäÔöäÔöäÔöäÔöäÔöäÔöäÔöäÔöäÔöäÔöäÔöäÔöäÔöäÔöäÔöäÔöäÔöäÔöäÔöäÔöäÔöäÔöäÔöäÔöäÔöäÔöäÔöäÔöäÔöäÔöäÔöäÔöäÔöäÔöäÔöäÔöäÔöäÔöäÔöäÔöäÔöäÔöäÔöäÔöäÔöäÔöäÔöäÔöäÔöäÔöäÔöäÔöäÔöäÔöäÔöäÔöäÔöäÔöäÔöäÔöäÔöäÔöäÔöäÔöä[0m
[38;5;12mÔöé ­ƒÆí [Tag] Message 245[0m
[38;5;12mÔööÔöÇÔöÇÔöÇÔöÇÔöÇÔöÇÔöÇÔöÇÔöÇÔöÇÔöÇÔöÇÔöÇÔöÇÔöÇÔöÇÔöÇÔöÇÔöÇÔöÇÔöÇÔöÇÔöÇÔöÇÔöÇÔöÇÔöÇÔöÇÔöÇÔöÇÔöÇÔöÇÔöÇÔöÇÔöÇÔöÇÔöÇÔöÇÔöÇÔöÇÔöÇÔöÇÔöÇÔöÇÔöÇÔöÇÔöÇÔöÇÔöÇÔöÇÔöÇÔöÇÔöÇÔöÇÔöÇÔöÇÔöÇÔöÇÔöÇÔöÇÔöÇÔöÇÔöÇÔöÇÔöÇÔöÇÔöÇÔöÇÔöÇÔöÇÔöÇÔöÇÔöÇÔöÇÔöÇÔöÇÔöÇÔöÇÔöÇ[0m
[38;5;12mÔöîÔöÇÔöÇÔöÇÔöÇÔöÇÔöÇÔöÇÔöÇÔöÇÔöÇÔöÇÔöÇÔöÇÔöÇÔöÇÔöÇÔöÇÔöÇÔöÇÔöÇÔöÇÔöÇÔöÇÔöÇÔöÇÔöÇÔöÇÔöÇÔöÇÔöÇÔöÇÔöÇÔöÇÔöÇÔöÇÔöÇÔöÇÔöÇÔöÇÔöÇÔöÇÔöÇÔöÇÔöÇÔöÇÔöÇÔöÇÔöÇÔöÇÔöÇÔöÇÔöÇÔöÇÔöÇÔöÇÔöÇÔöÇÔöÇÔöÇÔöÇÔöÇÔöÇÔöÇÔöÇÔöÇÔöÇÔöÇÔöÇÔöÇÔöÇÔöÇÔöÇÔöÇÔöÇÔöÇÔöÇÔöÇÔöÇÔöÇ[0m
[38;5;12mÔöé 01:00:45.884 (+0:00:00.022021)[0m
[38;5;12mÔö£ÔöäÔöäÔöäÔöäÔöäÔöäÔöäÔöäÔöäÔöäÔöäÔöäÔöäÔöäÔöäÔöäÔöäÔöäÔöäÔöäÔöäÔöäÔöäÔöäÔöäÔöäÔöäÔöäÔöäÔöäÔöäÔöäÔöäÔöäÔöäÔöäÔöäÔöäÔöäÔöäÔöäÔöäÔöäÔöäÔöäÔöäÔöäÔöäÔöäÔöäÔöäÔöäÔöäÔöäÔöäÔöäÔöäÔöäÔöäÔöäÔöäÔöäÔöäÔöäÔöäÔöäÔöäÔöäÔöäÔöäÔöäÔöäÔöäÔöäÔöäÔöäÔöäÔöäÔöä[0m
[38;5;12mÔöé ­ƒÆí [Tag] Message 246[0m
[38;5;12mÔööÔöÇÔöÇÔöÇÔöÇÔöÇÔöÇÔöÇÔöÇÔöÇÔöÇÔöÇÔöÇÔöÇÔöÇÔöÇÔöÇÔöÇÔöÇÔöÇÔöÇÔöÇÔöÇÔöÇÔöÇÔöÇÔöÇÔöÇÔöÇÔöÇÔöÇÔöÇÔöÇÔöÇÔöÇÔöÇÔöÇÔöÇÔöÇÔöÇÔöÇÔöÇÔöÇÔöÇÔöÇÔöÇÔöÇÔöÇÔöÇÔöÇÔöÇÔöÇÔöÇÔöÇÔöÇÔöÇÔöÇÔöÇÔöÇÔöÇÔöÇÔöÇÔöÇÔöÇÔöÇÔöÇÔöÇÔöÇÔöÇÔöÇÔöÇÔöÇÔöÇÔöÇÔöÇÔöÇÔöÇÔöÇÔöÇÔöÇ[0m
[38;5;12mÔöîÔöÇÔöÇÔöÇÔöÇÔöÇÔöÇÔöÇÔöÇÔöÇÔöÇÔöÇÔöÇÔöÇÔöÇÔöÇÔöÇÔöÇÔöÇÔöÇÔöÇÔöÇÔöÇÔöÇÔöÇÔöÇÔöÇÔöÇÔöÇÔöÇÔöÇÔöÇÔöÇÔöÇÔöÇÔöÇÔöÇÔöÇÔöÇÔöÇÔöÇÔöÇÔöÇÔöÇÔöÇÔöÇÔöÇÔöÇÔöÇÔöÇÔöÇÔöÇÔöÇÔöÇÔöÇÔöÇÔöÇÔöÇÔöÇÔöÇÔöÇÔöÇÔöÇÔöÇÔöÇÔöÇÔöÇÔöÇÔöÇÔöÇÔöÇÔöÇÔöÇÔöÇÔöÇÔöÇÔöÇÔöÇÔöÇÔöÇ[0m
[38;5;12mÔöé 01:00:45.884 (+0:00:00.022021)[0m
[38;5;12mÔö£ÔöäÔöäÔöäÔöäÔöäÔöäÔöäÔöäÔöäÔöäÔöäÔöäÔöäÔöäÔöäÔöäÔöäÔöäÔöäÔöäÔöäÔöäÔöäÔöäÔöäÔöäÔöäÔöäÔöäÔöäÔöäÔöäÔöäÔöäÔöäÔöäÔöäÔöäÔöäÔöäÔöäÔöäÔöäÔöäÔöäÔöäÔöäÔöäÔöäÔöäÔöäÔöäÔöäÔöäÔöäÔöäÔöäÔöäÔöäÔöäÔöäÔöäÔöäÔöäÔöäÔöäÔöäÔöäÔöäÔöäÔöäÔöäÔöäÔöäÔöäÔöäÔöäÔöäÔöä[0m
[38;5;12mÔöé ­ƒÆí [Tag] Message 247[0m
[38;5;12mÔööÔöÇÔöÇÔöÇÔöÇÔöÇÔöÇÔöÇÔöÇÔöÇÔöÇÔöÇÔöÇÔöÇÔöÇÔöÇÔöÇÔöÇÔöÇÔöÇÔöÇÔöÇÔöÇÔöÇÔöÇÔöÇÔöÇÔöÇÔöÇÔöÇÔöÇÔöÇÔöÇÔöÇÔöÇÔöÇÔöÇÔöÇÔöÇÔöÇÔöÇÔöÇÔöÇÔöÇÔöÇÔöÇÔöÇÔöÇÔöÇÔöÇÔöÇÔöÇÔöÇÔöÇÔöÇÔöÇÔöÇÔöÇÔöÇÔöÇÔöÇÔöÇÔöÇÔöÇÔöÇÔöÇÔöÇÔöÇÔöÇÔöÇÔöÇÔöÇÔöÇÔöÇÔöÇÔöÇÔöÇÔöÇÔöÇÔöÇ[0m
[38;5;12mÔöîÔöÇÔöÇÔöÇÔöÇÔöÇÔöÇÔöÇÔöÇÔöÇÔöÇÔöÇÔöÇÔöÇÔöÇÔöÇÔöÇÔöÇÔöÇÔöÇÔöÇÔöÇÔöÇÔöÇÔöÇÔöÇÔöÇÔöÇÔöÇÔöÇÔöÇÔöÇÔöÇÔöÇÔöÇÔöÇÔöÇÔöÇÔöÇÔöÇÔöÇÔöÇÔöÇÔöÇÔöÇÔöÇÔöÇÔöÇÔöÇÔöÇÔöÇÔöÇÔöÇÔöÇÔöÇÔöÇÔöÇÔöÇÔöÇÔöÇÔöÇÔöÇÔöÇÔöÇÔöÇÔöÇÔöÇÔöÇÔöÇÔöÇÔöÇÔöÇÔöÇÔöÇÔöÇÔöÇÔöÇÔöÇÔöÇÔöÇ[0m
[38;5;12mÔöé 01:00:45.884 (+0:00:00.022021)[0m
[38;5;12mÔö£ÔöäÔöäÔöäÔöäÔöäÔöäÔöäÔöäÔöäÔöäÔöäÔöäÔöäÔöäÔöäÔöäÔöäÔöäÔöäÔöäÔöäÔöäÔöäÔöäÔöäÔöäÔöäÔöäÔöäÔöäÔöäÔöäÔöäÔöäÔöäÔöäÔöäÔöäÔöäÔöäÔöäÔöäÔöäÔöäÔöäÔöäÔöäÔöäÔöäÔöäÔöäÔöäÔöäÔöäÔöäÔöäÔöäÔöäÔöäÔöäÔöäÔöäÔöäÔöäÔöäÔöäÔöäÔöäÔöäÔöäÔöäÔöäÔöäÔöäÔöäÔöäÔöäÔöäÔöä[0m
[38;5;12mÔöé ­ƒÆí [Tag] Message 248[0m
[38;5;12mÔööÔöÇÔöÇÔöÇÔöÇÔöÇÔöÇÔöÇÔöÇÔöÇÔöÇÔöÇÔöÇÔöÇÔöÇÔöÇÔöÇÔöÇÔöÇÔöÇÔöÇÔöÇÔöÇÔöÇÔöÇÔöÇÔöÇÔöÇÔöÇÔöÇÔöÇÔöÇÔöÇÔöÇÔöÇÔöÇÔöÇÔöÇÔöÇÔöÇÔöÇÔöÇÔöÇÔöÇÔöÇÔöÇÔöÇÔöÇÔöÇÔöÇÔöÇÔöÇÔöÇÔöÇÔöÇÔöÇÔöÇÔöÇÔöÇÔöÇÔöÇÔöÇÔöÇÔöÇÔöÇÔöÇÔöÇÔöÇÔöÇÔöÇÔöÇÔöÇÔöÇÔöÇÔöÇÔöÇÔöÇÔöÇÔöÇÔöÇ[0m
[38;5;12mÔöîÔöÇÔöÇÔöÇÔöÇÔöÇÔöÇÔöÇÔöÇÔöÇÔöÇÔöÇÔöÇÔöÇÔöÇÔöÇÔöÇÔöÇÔöÇÔöÇÔöÇÔöÇÔöÇÔöÇÔöÇÔöÇÔöÇÔöÇÔöÇÔöÇÔöÇÔöÇÔöÇÔöÇÔöÇÔöÇÔöÇÔöÇÔöÇÔöÇÔöÇÔöÇÔöÇÔöÇÔöÇÔöÇÔöÇÔöÇÔöÇÔöÇÔöÇÔöÇÔöÇÔöÇÔöÇÔöÇÔöÇÔöÇÔöÇÔöÇÔöÇÔöÇÔöÇÔöÇÔöÇÔöÇÔöÇÔöÇÔöÇÔöÇÔöÇÔöÇÔöÇÔöÇÔöÇÔöÇÔöÇÔöÇÔöÇÔöÇ[0m
[38;5;12mÔöé 01:00:45.884 (+0:00:00.022021)[0m
[38;5;12mÔö£ÔöäÔöäÔöäÔöäÔöäÔöäÔöäÔöäÔöäÔöäÔöäÔöäÔöäÔöäÔöäÔöäÔöäÔöäÔöäÔöäÔöäÔöäÔöäÔöäÔöäÔöäÔöäÔöäÔöäÔöäÔöäÔöäÔöäÔöäÔöäÔöäÔöäÔöäÔöäÔöäÔöäÔöäÔöäÔöäÔöäÔöäÔöäÔöäÔöäÔöäÔöäÔöäÔöäÔöäÔöäÔöäÔöäÔöäÔöäÔöäÔöäÔöäÔöäÔöäÔöäÔöäÔöäÔöäÔöäÔöäÔöäÔöäÔöäÔöäÔöäÔöäÔöäÔöäÔöä[0m
[38;5;12mÔöé ­ƒÆí [Tag] Message 249[0m
[38;5;12mÔööÔöÇÔöÇÔöÇÔöÇÔöÇÔöÇÔöÇÔöÇÔöÇÔöÇÔöÇÔöÇÔöÇÔöÇÔöÇÔöÇÔöÇÔöÇÔöÇÔöÇÔöÇÔöÇÔöÇÔöÇÔöÇÔöÇÔöÇÔöÇÔöÇÔöÇÔöÇÔöÇÔöÇÔöÇÔöÇÔöÇÔöÇÔöÇÔöÇÔöÇÔöÇÔöÇÔöÇÔöÇÔöÇÔöÇÔöÇÔöÇÔöÇÔöÇÔöÇÔöÇÔöÇÔöÇÔöÇÔöÇÔöÇÔöÇÔöÇÔöÇÔöÇÔöÇÔöÇÔöÇÔöÇÔöÇÔöÇÔöÇÔöÇÔöÇÔöÇÔöÇÔöÇÔöÇÔöÇÔöÇÔöÇÔöÇÔöÇ[0m
[38;5;12mÔöîÔöÇÔöÇÔöÇÔöÇÔöÇÔöÇÔöÇÔöÇÔöÇÔöÇÔöÇÔöÇÔöÇÔöÇÔöÇÔöÇÔöÇÔöÇÔöÇÔöÇÔöÇÔöÇÔöÇÔöÇÔöÇÔöÇÔöÇÔöÇÔöÇÔöÇÔöÇÔöÇÔöÇÔöÇÔöÇÔöÇÔöÇÔöÇÔöÇÔöÇÔöÇÔöÇÔöÇÔöÇÔöÇÔöÇÔöÇÔöÇÔöÇÔöÇÔöÇÔöÇÔöÇÔöÇÔöÇÔöÇÔöÇÔöÇÔöÇÔöÇÔöÇÔöÇÔöÇÔöÇÔöÇÔöÇÔöÇÔöÇÔöÇÔöÇÔöÇÔöÇÔöÇÔöÇÔöÇÔöÇÔöÇÔöÇÔöÇ[0m
[38;5;12mÔöé 01:00:45.884 (+0:00:00.022021)[0m
[38;5;12mÔö£ÔöäÔöäÔöäÔöäÔöäÔöäÔöäÔöäÔöäÔöäÔöäÔöäÔöäÔöäÔöäÔöäÔöäÔöäÔöäÔöäÔöäÔöäÔöäÔöäÔöäÔöäÔöäÔöäÔöäÔöäÔöäÔöäÔöäÔöäÔöäÔöäÔöäÔöäÔöäÔöäÔöäÔöäÔöäÔöäÔöäÔöäÔöäÔöäÔöäÔöäÔöäÔöäÔöäÔöäÔöäÔöäÔöäÔöäÔöäÔöäÔöäÔöäÔöäÔöäÔöäÔöäÔöäÔöäÔöäÔöäÔöäÔöäÔöäÔöäÔöäÔöäÔöäÔöäÔöä[0m
[38;5;12mÔöé ­ƒÆí [Tag] Message 250[0m
[38;5;12mÔööÔöÇÔöÇÔöÇÔöÇÔöÇÔöÇÔöÇÔöÇÔöÇÔöÇÔöÇÔöÇÔöÇÔöÇÔöÇÔöÇÔöÇÔöÇÔöÇÔöÇÔöÇÔöÇÔöÇÔöÇÔöÇÔöÇÔöÇÔöÇÔöÇÔöÇÔöÇÔöÇÔöÇÔöÇÔöÇÔöÇÔöÇÔöÇÔöÇÔöÇÔöÇÔöÇÔöÇÔöÇÔöÇÔöÇÔöÇÔöÇÔöÇÔöÇÔöÇÔöÇÔöÇÔöÇÔöÇÔöÇÔöÇÔöÇÔöÇÔöÇÔöÇÔöÇÔöÇÔöÇÔöÇÔöÇÔöÇÔöÇÔöÇÔöÇÔöÇÔöÇÔöÇÔöÇÔöÇÔöÇÔöÇÔöÇÔöÇ[0m
[38;5;12mÔöîÔöÇÔöÇÔöÇÔöÇÔöÇÔöÇÔöÇÔöÇÔöÇÔöÇÔöÇÔöÇÔöÇÔöÇÔöÇÔöÇÔöÇÔöÇÔöÇÔöÇÔöÇÔöÇÔöÇÔöÇÔöÇÔöÇÔöÇÔöÇÔöÇÔöÇÔöÇÔöÇÔöÇÔöÇÔöÇÔöÇÔöÇÔöÇÔöÇÔöÇÔöÇÔöÇÔöÇÔöÇÔöÇÔöÇÔöÇÔöÇÔöÇÔöÇÔöÇÔöÇÔöÇÔöÇÔöÇÔöÇÔöÇÔöÇÔöÇÔöÇÔöÇÔöÇÔöÇÔöÇÔöÇÔöÇÔöÇÔöÇÔöÇÔöÇÔöÇÔöÇÔöÇÔöÇÔöÇÔöÇÔöÇÔöÇÔöÇ[0m
[38;5;12mÔöé 01:00:45.884 (+0:00:00.022021)[0m
[38;5;12mÔö£ÔöäÔöäÔöäÔöäÔöäÔöäÔöäÔöäÔöäÔöäÔöäÔöäÔöäÔöäÔöäÔöäÔöäÔöäÔöäÔöäÔöäÔöäÔöäÔöäÔöäÔöäÔöäÔöäÔöäÔöäÔöäÔöäÔöäÔöäÔöäÔöäÔöäÔöäÔöäÔöäÔöäÔöäÔöäÔöäÔöäÔöäÔöäÔöäÔöäÔöäÔöäÔöäÔöäÔöäÔöäÔöäÔöäÔöäÔöäÔöäÔöäÔöäÔöäÔöäÔöäÔöäÔöäÔöäÔöäÔöäÔöäÔöäÔöäÔöäÔöäÔöäÔöäÔöäÔöä[0m
[38;5;12mÔöé ­ƒÆí [Tag] Message 251[0m
[38;5;12mÔööÔöÇÔöÇÔöÇÔöÇÔöÇÔöÇÔöÇÔöÇÔöÇÔöÇÔöÇÔöÇÔöÇÔöÇÔöÇÔöÇÔöÇÔöÇÔöÇÔöÇÔöÇÔöÇÔöÇÔöÇÔöÇÔöÇÔöÇÔöÇÔöÇÔöÇÔöÇÔöÇÔöÇÔöÇÔöÇÔöÇÔöÇÔöÇÔöÇÔöÇÔöÇÔöÇÔöÇÔöÇÔöÇÔöÇÔöÇÔöÇÔöÇÔöÇÔöÇÔöÇÔöÇÔöÇÔöÇÔöÇÔöÇÔöÇÔöÇÔöÇÔöÇÔöÇÔöÇÔöÇÔöÇÔöÇÔöÇÔöÇÔöÇÔöÇÔöÇÔöÇÔöÇÔöÇÔöÇÔöÇÔöÇÔöÇÔöÇ[0m
[38;5;12mÔöîÔöÇÔöÇÔöÇÔöÇÔöÇÔöÇÔöÇÔöÇÔöÇÔöÇÔöÇÔöÇÔöÇÔöÇÔöÇÔöÇÔöÇÔöÇÔöÇÔöÇÔöÇÔöÇÔöÇÔöÇÔöÇÔöÇÔöÇÔöÇÔöÇÔöÇÔöÇÔöÇÔöÇÔöÇÔöÇÔöÇÔöÇÔöÇÔöÇÔöÇÔöÇÔöÇÔöÇÔöÇÔöÇÔöÇÔöÇÔöÇÔöÇÔöÇÔöÇÔöÇÔöÇÔöÇÔöÇÔöÇÔöÇÔöÇÔöÇÔöÇÔöÇÔöÇÔöÇÔöÇÔöÇÔöÇÔöÇÔöÇÔöÇÔöÇÔöÇÔöÇÔöÇÔöÇÔöÇÔöÇÔöÇÔöÇÔöÇ[0m
[38;5;12mÔöé 01:00:45.884 (+0:00:00.022021)[0m
[38;5;12mÔö£ÔöäÔöäÔöäÔöäÔöäÔöäÔöäÔöäÔöäÔöäÔöäÔöäÔöäÔöäÔöäÔöäÔöäÔöäÔöäÔöäÔöäÔöäÔöäÔöäÔöäÔöäÔöäÔöäÔöäÔöäÔöäÔöäÔöäÔöäÔöäÔöäÔöäÔöäÔöäÔöäÔöäÔöäÔöäÔöäÔöäÔöäÔöäÔöäÔöäÔöäÔöäÔöäÔöäÔöäÔöäÔöäÔöäÔöäÔöäÔöäÔöäÔöäÔöäÔöäÔöäÔöäÔöäÔöäÔöäÔöäÔöäÔöäÔöäÔöäÔöäÔöäÔöäÔöäÔöä[0m
[38;5;12mÔöé ­ƒÆí [Tag] Message 252[0m
[38;5;12mÔööÔöÇÔöÇÔöÇÔöÇÔöÇÔöÇÔöÇÔöÇÔöÇÔöÇÔöÇÔöÇÔöÇÔöÇÔöÇÔöÇÔöÇÔöÇÔöÇÔöÇÔöÇÔöÇÔöÇÔöÇÔöÇÔöÇÔöÇÔöÇÔöÇÔöÇÔöÇÔöÇÔöÇÔöÇÔöÇÔöÇÔöÇÔöÇÔöÇÔöÇÔöÇÔöÇÔöÇÔöÇÔöÇÔöÇÔöÇÔöÇÔöÇÔöÇÔöÇÔöÇÔöÇÔöÇÔöÇÔöÇÔöÇÔöÇÔöÇÔöÇÔöÇÔöÇÔöÇÔöÇÔöÇÔöÇÔöÇÔöÇÔöÇÔöÇÔöÇÔöÇÔöÇÔöÇÔöÇÔöÇÔöÇÔöÇÔöÇ[0m
[38;5;12mÔöîÔöÇÔöÇÔöÇÔöÇÔöÇÔöÇÔöÇÔöÇÔöÇÔöÇÔöÇÔöÇÔöÇÔöÇÔöÇÔöÇÔöÇÔöÇÔöÇÔöÇÔöÇÔöÇÔöÇÔöÇÔöÇÔöÇÔöÇÔöÇÔöÇÔöÇÔöÇÔöÇÔöÇÔöÇÔöÇÔöÇÔöÇÔöÇÔöÇÔöÇÔöÇÔöÇÔöÇÔöÇÔöÇÔöÇÔöÇÔöÇÔöÇÔöÇÔöÇÔöÇÔöÇÔöÇÔöÇÔöÇÔöÇÔöÇÔöÇÔöÇÔöÇÔöÇÔöÇÔöÇÔöÇÔöÇÔöÇÔöÇÔöÇÔöÇÔöÇÔöÇÔöÇÔöÇÔöÇÔöÇÔöÇÔöÇÔöÇ[0m
[38;5;12mÔöé 01:00:45.884 (+0:00:00.022021)[0m
[38;5;12mÔö£ÔöäÔöäÔöäÔöäÔöäÔöäÔöäÔöäÔöäÔöäÔöäÔöäÔöäÔöäÔöäÔöäÔöäÔöäÔöäÔöäÔöäÔöäÔöäÔöäÔöäÔöäÔöäÔöäÔöäÔöäÔöäÔöäÔöäÔöäÔöäÔöäÔöäÔöäÔöäÔöäÔöäÔöäÔöäÔöäÔöäÔöäÔöäÔöäÔöäÔöäÔöäÔöäÔöäÔöäÔöäÔöäÔöäÔöäÔöäÔöäÔöäÔöäÔöäÔöäÔöäÔöäÔöäÔöäÔöäÔöäÔöäÔöäÔöäÔöäÔöäÔöäÔöäÔöäÔöä[0m
[38;5;12mÔöé ­ƒÆí [Tag] Message 253[0m
[38;5;12mÔööÔöÇÔöÇÔöÇÔöÇÔöÇÔöÇÔöÇÔöÇÔöÇÔöÇÔöÇÔöÇÔöÇÔöÇÔöÇÔöÇÔöÇÔöÇÔöÇÔöÇÔöÇÔöÇÔöÇÔöÇÔöÇÔöÇÔöÇÔöÇÔöÇÔöÇÔöÇÔöÇÔöÇÔöÇÔöÇÔöÇÔöÇÔöÇÔöÇÔöÇÔöÇÔöÇÔöÇÔöÇÔöÇÔöÇÔöÇÔöÇÔöÇÔöÇÔöÇÔöÇÔöÇÔöÇÔöÇÔöÇÔöÇÔöÇÔöÇÔöÇÔöÇÔöÇÔöÇÔöÇÔöÇÔöÇÔöÇÔöÇÔöÇÔöÇÔöÇÔöÇÔöÇÔöÇÔöÇÔöÇÔöÇÔöÇÔöÇ[0m
[38;5;12mÔöîÔöÇÔöÇÔöÇÔöÇÔöÇÔöÇÔöÇÔöÇÔöÇÔöÇÔöÇÔöÇÔöÇÔöÇÔöÇÔöÇÔöÇÔöÇÔöÇÔöÇÔöÇÔöÇÔöÇÔöÇÔöÇÔöÇÔöÇÔöÇÔöÇÔöÇÔöÇÔöÇÔöÇÔöÇÔöÇÔöÇÔöÇÔöÇÔöÇÔöÇÔöÇÔöÇÔöÇÔöÇÔöÇÔöÇÔöÇÔöÇÔöÇÔöÇÔöÇÔöÇÔöÇÔöÇÔöÇÔöÇÔöÇÔöÇÔöÇÔöÇÔöÇÔöÇÔöÇÔöÇÔöÇÔöÇÔöÇÔöÇÔöÇÔöÇÔöÇÔöÇÔöÇÔöÇÔöÇÔöÇÔöÇÔöÇÔöÇ[0m
[38;5;12mÔöé 01:00:45.884 (+0:00:00.022021)[0m
[38;5;12mÔö£ÔöäÔöäÔöäÔöäÔöäÔöäÔöäÔöäÔöäÔöäÔöäÔöäÔöäÔöäÔöäÔöäÔöäÔöäÔöäÔöäÔöäÔöäÔöäÔöäÔöäÔöäÔöäÔöäÔöäÔöäÔöäÔöäÔöäÔöäÔöäÔöäÔöäÔöäÔöäÔöäÔöäÔöäÔöäÔöäÔöäÔöäÔöäÔöäÔöäÔöäÔöäÔöäÔöäÔöäÔöäÔöäÔöäÔöäÔöäÔöäÔöäÔöäÔöäÔöäÔöäÔöäÔöäÔöäÔöäÔöäÔöäÔöäÔöäÔöäÔöäÔöäÔöäÔöäÔöä[0m
[38;5;12mÔöé ­ƒÆí [Tag] Message 254[0m
[38;5;12mÔööÔöÇÔöÇÔöÇÔöÇÔöÇÔöÇÔöÇÔöÇÔöÇÔöÇÔöÇÔöÇÔöÇÔöÇÔöÇÔöÇÔöÇÔöÇÔöÇÔöÇÔöÇÔöÇÔöÇÔöÇÔöÇÔöÇÔöÇÔöÇÔöÇÔöÇÔöÇÔöÇÔöÇÔöÇÔöÇÔöÇÔöÇÔöÇÔöÇÔöÇÔöÇÔöÇÔöÇÔöÇÔöÇÔöÇÔöÇÔöÇÔöÇÔöÇÔöÇÔöÇÔöÇÔöÇÔöÇÔöÇÔöÇÔöÇÔöÇÔöÇÔöÇÔöÇÔöÇÔöÇÔöÇÔöÇÔöÇÔöÇÔöÇÔöÇÔöÇÔöÇÔöÇÔöÇÔöÇÔöÇÔöÇÔöÇÔöÇ[0m
[38;5;12mÔöîÔöÇÔöÇÔöÇÔöÇÔöÇÔöÇÔöÇÔöÇÔöÇÔöÇÔöÇÔöÇÔöÇÔöÇÔöÇÔöÇÔöÇÔöÇÔöÇÔöÇÔöÇÔöÇÔöÇÔöÇÔöÇÔöÇÔöÇÔöÇÔöÇÔöÇÔöÇÔöÇÔöÇÔöÇÔöÇÔöÇÔöÇÔöÇÔöÇÔöÇÔöÇÔöÇÔöÇÔöÇÔöÇÔöÇÔöÇÔöÇÔöÇÔöÇÔöÇÔöÇÔöÇÔöÇÔöÇÔöÇÔöÇÔöÇÔöÇÔöÇÔöÇÔöÇÔöÇÔöÇÔöÇÔöÇÔöÇÔöÇÔöÇÔöÇÔöÇÔöÇÔöÇÔöÇÔöÇÔöÇÔöÇÔöÇÔöÇ[0m
[38;5;12mÔöé 01:00:45.884 (+0:00:00.022021)[0m
[38;5;12mÔö£ÔöäÔöäÔöäÔöäÔöäÔöäÔöäÔöäÔöäÔöäÔöäÔöäÔöäÔöäÔöäÔöäÔöäÔöäÔöäÔöäÔöäÔöäÔöäÔöäÔöäÔöäÔöäÔöäÔöäÔöäÔöäÔöäÔöäÔöäÔöäÔöäÔöäÔöäÔöäÔöäÔöäÔöäÔöäÔöäÔöäÔöäÔöäÔöäÔöäÔöäÔöäÔöäÔöäÔöäÔöäÔöäÔöäÔöäÔöäÔöäÔöäÔöäÔöäÔöäÔöäÔöäÔöäÔöäÔöäÔöäÔöäÔöäÔöäÔöäÔöäÔöäÔöäÔöäÔöä[0m
[38;5;12mÔöé ­ƒÆí [Tag] Message 255[0m
[38;5;12mÔööÔöÇÔöÇÔöÇÔöÇÔöÇÔöÇÔöÇÔöÇÔöÇÔöÇÔöÇÔöÇÔöÇÔöÇÔöÇÔöÇÔöÇÔöÇÔöÇÔöÇÔöÇÔöÇÔöÇÔöÇÔöÇÔöÇÔöÇÔöÇÔöÇÔöÇÔöÇÔöÇÔöÇÔöÇÔöÇÔöÇÔöÇÔöÇÔöÇÔöÇÔöÇÔöÇÔöÇÔöÇÔöÇÔöÇÔöÇÔöÇÔöÇÔöÇÔöÇÔöÇÔöÇÔöÇÔöÇÔöÇÔöÇÔöÇÔöÇÔöÇÔöÇÔöÇÔöÇÔöÇÔöÇÔöÇÔöÇÔöÇÔöÇÔöÇÔöÇÔöÇÔöÇÔöÇÔöÇÔöÇÔöÇÔöÇÔöÇ[0m
[38;5;12mÔöîÔöÇÔöÇÔöÇÔöÇÔöÇÔöÇÔöÇÔöÇÔöÇÔöÇÔöÇÔöÇÔöÇÔöÇÔöÇÔöÇÔöÇÔöÇÔöÇÔöÇÔöÇÔöÇÔöÇÔöÇÔöÇÔöÇÔöÇÔöÇÔöÇÔöÇÔöÇÔöÇÔöÇÔöÇÔöÇÔöÇÔöÇÔöÇÔöÇÔöÇÔöÇÔöÇÔöÇÔöÇÔöÇÔöÇÔöÇÔöÇÔöÇÔöÇÔöÇÔöÇÔöÇÔöÇÔöÇÔöÇÔöÇÔöÇÔöÇÔöÇÔöÇÔöÇÔöÇÔöÇÔöÇÔöÇÔöÇÔöÇÔöÇÔöÇÔöÇÔöÇÔöÇÔöÇÔöÇÔöÇÔöÇÔöÇÔöÇ[0m
[38;5;12mÔöé 01:00:45.884 (+0:00:00.022021)[0m
[38;5;12mÔö£ÔöäÔöäÔöäÔöäÔöäÔöäÔöäÔöäÔöäÔöäÔöäÔöäÔöäÔöäÔöäÔöäÔöäÔöäÔöäÔöäÔöäÔöäÔöäÔöäÔöäÔöäÔöäÔöäÔöäÔöäÔöäÔöäÔöäÔöäÔöäÔöäÔöäÔöäÔöäÔöäÔöäÔöäÔöäÔöäÔöäÔöäÔöäÔöäÔöäÔöäÔöäÔöäÔöäÔöäÔöäÔöäÔöäÔöäÔöäÔöäÔöäÔöäÔöäÔöäÔöäÔöäÔöäÔöäÔöäÔöäÔöäÔöäÔöäÔöäÔöäÔöäÔöäÔöäÔöä[0m
[38;5;12mÔöé ­ƒÆí [Tag] Message 256[0m
[38;5;12mÔööÔöÇÔöÇÔöÇÔöÇÔöÇÔöÇÔöÇÔöÇÔöÇÔöÇÔöÇÔöÇÔöÇÔöÇÔöÇÔöÇÔöÇÔöÇÔöÇÔöÇÔöÇÔöÇÔöÇÔöÇÔöÇÔöÇÔöÇÔöÇÔöÇÔöÇÔöÇÔöÇÔöÇÔöÇÔöÇÔöÇÔöÇÔöÇÔöÇÔöÇÔöÇÔöÇÔöÇÔöÇÔöÇÔöÇÔöÇÔöÇÔöÇÔöÇÔöÇÔöÇÔöÇÔöÇÔöÇÔöÇÔöÇÔöÇÔöÇÔöÇÔöÇÔöÇÔöÇÔöÇÔöÇÔöÇÔöÇÔöÇÔöÇÔöÇÔöÇÔöÇÔöÇÔöÇÔöÇÔöÇÔöÇÔöÇÔöÇ[0m
[38;5;12mÔöîÔöÇÔöÇÔöÇÔöÇÔöÇÔöÇÔöÇÔöÇÔöÇÔöÇÔöÇÔöÇÔöÇÔöÇÔöÇÔöÇÔöÇÔöÇÔöÇÔöÇÔöÇÔöÇÔöÇÔöÇÔöÇÔöÇÔöÇÔöÇÔöÇÔöÇÔöÇÔöÇÔöÇÔöÇÔöÇÔöÇÔöÇÔöÇÔöÇÔöÇÔöÇÔöÇÔöÇÔöÇÔöÇÔöÇÔöÇÔöÇÔöÇÔöÇÔöÇÔöÇÔöÇÔöÇÔöÇÔöÇÔöÇÔöÇÔöÇÔöÇÔöÇÔöÇÔöÇÔöÇÔöÇÔöÇÔöÇÔöÇÔöÇÔöÇÔöÇÔöÇÔöÇÔöÇÔöÇÔöÇÔöÇÔöÇÔöÇ[0m
[38;5;12mÔöé 01:00:45.884 (+0:00:00.022021)[0m
[38;5;12mÔö£ÔöäÔöäÔöäÔöäÔöäÔöäÔöäÔöäÔöäÔöäÔöäÔöäÔöäÔöäÔöäÔöäÔöäÔöäÔöäÔöäÔöäÔöäÔöäÔöäÔöäÔöäÔöäÔöäÔöäÔöäÔöäÔöäÔöäÔöäÔöäÔöäÔöäÔöäÔöäÔöäÔöäÔöäÔöäÔöäÔöäÔöäÔöäÔöäÔöäÔöäÔöäÔöäÔöäÔöäÔöäÔöäÔöäÔöäÔöäÔöäÔöäÔöäÔöäÔöäÔöäÔöäÔöäÔöäÔöäÔöäÔöäÔöäÔöäÔöäÔöäÔöäÔöäÔöäÔöä[0m
[38;5;12mÔöé ­ƒÆí [Tag] Message 257[0m
[38;5;12mÔööÔöÇÔöÇÔöÇÔöÇÔöÇÔöÇÔöÇÔöÇÔöÇÔöÇÔöÇÔöÇÔöÇÔöÇÔöÇÔöÇÔöÇÔöÇÔöÇÔöÇÔöÇÔöÇÔöÇÔöÇÔöÇÔöÇÔöÇÔöÇÔöÇÔöÇÔöÇÔöÇÔöÇÔöÇÔöÇÔöÇÔöÇÔöÇÔöÇÔöÇÔöÇÔöÇÔöÇÔöÇÔöÇÔöÇÔöÇÔöÇÔöÇÔöÇÔöÇÔöÇÔöÇÔöÇÔöÇÔöÇÔöÇÔöÇÔöÇÔöÇÔöÇÔöÇÔöÇÔöÇÔöÇÔöÇÔöÇÔöÇÔöÇÔöÇÔöÇÔöÇÔöÇÔöÇÔöÇÔöÇÔöÇÔöÇÔöÇ[0m
[38;5;12mÔöîÔöÇÔöÇÔöÇÔöÇÔöÇÔöÇÔöÇÔöÇÔöÇÔöÇÔöÇÔöÇÔöÇÔöÇÔöÇÔöÇÔöÇÔöÇÔöÇÔöÇÔöÇÔöÇÔöÇÔöÇÔöÇÔöÇÔöÇÔöÇÔöÇÔöÇÔöÇÔöÇÔöÇÔöÇÔöÇÔöÇÔöÇÔöÇÔöÇÔöÇÔöÇÔöÇÔöÇÔöÇÔöÇÔöÇÔöÇÔöÇÔöÇÔöÇÔöÇÔöÇÔöÇÔöÇÔöÇÔöÇÔöÇÔöÇÔöÇÔöÇÔöÇÔöÇÔöÇÔöÇÔöÇÔöÇÔöÇÔöÇÔöÇÔöÇÔöÇÔöÇÔöÇÔöÇÔöÇÔöÇÔöÇÔöÇÔöÇ[0m
[38;5;12mÔöé 01:00:45.884 (+0:00:00.022021)[0m
[38;5;12mÔö£ÔöäÔöäÔöäÔöäÔöäÔöäÔöäÔöäÔöäÔöäÔöäÔöäÔöäÔöäÔöäÔöäÔöäÔöäÔöäÔöäÔöäÔöäÔöäÔöäÔöäÔöäÔöäÔöäÔöäÔöäÔöäÔöäÔöäÔöäÔöäÔöäÔöäÔöäÔöäÔöäÔöäÔöäÔöäÔöäÔöäÔöäÔöäÔöäÔöäÔöäÔöäÔöäÔöäÔöäÔöäÔöäÔöäÔöäÔöäÔöäÔöäÔöäÔöäÔöäÔöäÔöäÔöäÔöäÔöäÔöäÔöäÔöäÔöäÔöäÔöäÔöäÔöäÔöäÔöä[0m
[38;5;12mÔöé ­ƒÆí [Tag] Message 258[0m
[38;5;12mÔööÔöÇÔöÇÔöÇÔöÇÔöÇÔöÇÔöÇÔöÇÔöÇÔöÇÔöÇÔöÇÔöÇÔöÇÔöÇÔöÇÔöÇÔöÇÔöÇÔöÇÔöÇÔöÇÔöÇÔöÇÔöÇÔöÇÔöÇÔöÇÔöÇÔöÇÔöÇÔöÇÔöÇÔöÇÔöÇÔöÇÔöÇÔöÇÔöÇÔöÇÔöÇÔöÇÔöÇÔöÇÔöÇÔöÇÔöÇÔöÇÔöÇÔöÇÔöÇÔöÇÔöÇÔöÇÔöÇÔöÇÔöÇÔöÇÔöÇÔöÇÔöÇÔöÇÔöÇÔöÇÔöÇÔöÇÔöÇÔöÇÔöÇÔöÇÔöÇÔöÇÔöÇÔöÇÔöÇÔöÇÔöÇÔöÇÔöÇ[0m
[38;5;12mÔöîÔöÇÔöÇÔöÇÔöÇÔöÇÔöÇÔöÇÔöÇÔöÇÔöÇÔöÇÔöÇÔöÇÔöÇÔöÇÔöÇÔöÇÔöÇÔöÇÔöÇÔöÇÔöÇÔöÇÔöÇÔöÇÔöÇÔöÇÔöÇÔöÇÔöÇÔöÇÔöÇÔöÇÔöÇÔöÇÔöÇÔöÇÔöÇÔöÇÔöÇÔöÇÔöÇÔöÇÔöÇÔöÇÔöÇÔöÇÔöÇÔöÇÔöÇÔöÇÔöÇÔöÇÔöÇÔöÇÔöÇÔöÇÔöÇÔöÇÔöÇÔöÇÔöÇÔöÇÔöÇÔöÇÔöÇÔöÇÔöÇÔöÇÔöÇÔöÇÔöÇÔöÇÔöÇÔöÇÔöÇÔöÇÔöÇÔöÇ[0m
[38;5;12mÔöé 01:00:45.884 (+0:00:00.022021)[0m
[38;5;12mÔö£ÔöäÔöäÔöäÔöäÔöäÔöäÔöäÔöäÔöäÔöäÔöäÔöäÔöäÔöäÔöäÔöäÔöäÔöäÔöäÔöäÔöäÔöäÔöäÔöäÔöäÔöäÔöäÔöäÔöäÔöäÔöäÔöäÔöäÔöäÔöäÔöäÔöäÔöäÔöäÔöäÔöäÔöäÔöäÔöäÔöäÔöäÔöäÔöäÔöäÔöäÔöäÔöäÔöäÔöäÔöäÔöäÔöäÔöäÔöäÔöäÔöäÔöäÔöäÔöäÔöäÔöäÔöäÔöäÔöäÔöäÔöäÔöäÔöäÔöäÔöäÔöäÔöäÔöäÔöä[0m
[38;5;12mÔöé ­ƒÆí [Tag] Message 259[0m
[38;5;12mÔööÔöÇÔöÇÔöÇÔöÇÔöÇÔöÇÔöÇÔöÇÔöÇÔöÇÔöÇÔöÇÔöÇÔöÇÔöÇÔöÇÔöÇÔöÇÔöÇÔöÇÔöÇÔöÇÔöÇÔöÇÔöÇÔöÇÔöÇÔöÇÔöÇÔöÇÔöÇÔöÇÔöÇÔöÇÔöÇÔöÇÔöÇÔöÇÔöÇÔöÇÔöÇÔöÇÔöÇÔöÇÔöÇÔöÇÔöÇÔöÇÔöÇÔöÇÔöÇÔöÇÔöÇÔöÇÔöÇÔöÇÔöÇÔöÇÔöÇÔöÇÔöÇÔöÇÔöÇÔöÇÔöÇÔöÇÔöÇÔöÇÔöÇÔöÇÔöÇÔöÇÔöÇÔöÇÔöÇÔöÇÔöÇÔöÇÔöÇ[0m
[38;5;12mÔöîÔöÇÔöÇÔöÇÔöÇÔöÇÔöÇÔöÇÔöÇÔöÇÔöÇÔöÇÔöÇÔöÇÔöÇÔöÇÔöÇÔöÇÔöÇÔöÇÔöÇÔöÇÔöÇÔöÇÔöÇÔöÇÔöÇÔöÇÔöÇÔöÇÔöÇÔöÇÔöÇÔöÇÔöÇÔöÇÔöÇÔöÇÔöÇÔöÇÔöÇÔöÇÔöÇÔöÇÔöÇÔöÇÔöÇÔöÇÔöÇÔöÇÔöÇÔöÇÔöÇÔöÇÔöÇÔöÇÔöÇÔöÇÔöÇÔöÇÔöÇÔöÇÔöÇÔöÇÔöÇÔöÇÔöÇÔöÇÔöÇÔöÇÔöÇÔöÇÔöÇÔöÇÔöÇÔöÇÔöÇÔöÇÔöÇÔöÇ[0m
[38;5;12mÔöé 01:00:45.884 (+0:00:00.022021)[0m
[38;5;12mÔö£ÔöäÔöäÔöäÔöäÔöäÔöäÔöäÔöäÔöäÔöäÔöäÔöäÔöäÔöäÔöäÔöäÔöäÔöäÔöäÔöäÔöäÔöäÔöäÔöäÔöäÔöäÔöäÔöäÔöäÔöäÔöäÔöäÔöäÔöäÔöäÔöäÔöäÔöäÔöäÔöäÔöäÔöäÔöäÔöäÔöäÔöäÔöäÔöäÔöäÔöäÔöäÔöäÔöäÔöäÔöäÔöäÔöäÔöäÔöäÔöäÔöäÔöäÔöäÔöäÔöäÔöäÔöäÔöäÔöäÔöäÔöäÔöäÔöäÔöäÔöäÔöäÔöäÔöäÔöä[0m
[38;5;12mÔöé ­ƒÆí [Tag] Message 260[0m
[38;5;12mÔööÔöÇÔöÇÔöÇÔöÇÔöÇÔöÇÔöÇÔöÇÔöÇÔöÇÔöÇÔöÇÔöÇÔöÇÔöÇÔöÇÔöÇÔöÇÔöÇÔöÇÔöÇÔöÇÔöÇÔöÇÔöÇÔöÇÔöÇÔöÇÔöÇÔöÇÔöÇÔöÇÔöÇÔöÇÔöÇÔöÇÔöÇÔöÇÔöÇÔöÇÔöÇÔöÇÔöÇÔöÇÔöÇÔöÇÔöÇÔöÇÔöÇÔöÇÔöÇÔöÇÔöÇÔöÇÔöÇÔöÇÔöÇÔöÇÔöÇÔöÇÔöÇÔöÇÔöÇÔöÇÔöÇÔöÇÔöÇÔöÇÔöÇÔöÇÔöÇÔöÇÔöÇÔöÇÔöÇÔöÇÔöÇÔöÇÔöÇ[0m
[38;5;12mÔöîÔöÇÔöÇÔöÇÔöÇÔöÇÔöÇÔöÇÔöÇÔöÇÔöÇÔöÇÔöÇÔöÇÔöÇÔöÇÔöÇÔöÇÔöÇÔöÇÔöÇÔöÇÔöÇÔöÇÔöÇÔöÇÔöÇÔöÇÔöÇÔöÇÔöÇÔöÇÔöÇÔöÇÔöÇÔöÇÔöÇÔöÇÔöÇÔöÇÔöÇÔöÇÔöÇÔöÇÔöÇÔöÇÔöÇÔöÇÔöÇÔöÇÔöÇÔöÇÔöÇÔöÇÔöÇÔöÇÔöÇÔöÇÔöÇÔöÇÔöÇÔöÇÔöÇÔöÇÔöÇÔöÇÔöÇÔöÇÔöÇÔöÇÔöÇÔöÇÔöÇÔöÇÔöÇÔöÇÔöÇÔöÇÔöÇÔöÇ[0m
[38;5;12mÔöé 01:00:45.884 (+0:00:00.022021)[0m
[38;5;12mÔö£ÔöäÔöäÔöäÔöäÔöäÔöäÔöäÔöäÔöäÔöäÔöäÔöäÔöäÔöäÔöäÔöäÔöäÔöäÔöäÔöäÔöäÔöäÔöäÔöäÔöäÔöäÔöäÔöäÔöäÔöäÔöäÔöäÔöäÔöäÔöäÔöäÔöäÔöäÔöäÔöäÔöäÔöäÔöäÔöäÔöäÔöäÔöäÔöäÔöäÔöäÔöäÔöäÔöäÔöäÔöäÔöäÔöäÔöäÔöäÔöäÔöäÔöäÔöäÔöäÔöäÔöäÔöäÔöäÔöäÔöäÔöäÔöäÔöäÔöäÔöäÔöäÔöäÔöäÔöä[0m
[38;5;12mÔöé ­ƒÆí [Tag] Message 261[0m
[38;5;12mÔööÔöÇÔöÇÔöÇÔöÇÔöÇÔöÇÔöÇÔöÇÔöÇÔöÇÔöÇÔöÇÔöÇÔöÇÔöÇÔöÇÔöÇÔöÇÔöÇÔöÇÔöÇÔöÇÔöÇÔöÇÔöÇÔöÇÔöÇÔöÇÔöÇÔöÇÔöÇÔöÇÔöÇÔöÇÔöÇÔöÇÔöÇÔöÇÔöÇÔöÇÔöÇÔöÇÔöÇÔöÇÔöÇÔöÇÔöÇÔöÇÔöÇÔöÇÔöÇÔöÇÔöÇÔöÇÔöÇÔöÇÔöÇÔöÇÔöÇÔöÇÔöÇÔöÇÔöÇÔöÇÔöÇÔöÇÔöÇÔöÇÔöÇÔöÇÔöÇÔöÇÔöÇÔöÇÔöÇÔöÇÔöÇÔöÇÔöÇ[0m
[38;5;12mÔöîÔöÇÔöÇÔöÇÔöÇÔöÇÔöÇÔöÇÔöÇÔöÇÔöÇÔöÇÔöÇÔöÇÔöÇÔöÇÔöÇÔöÇÔöÇÔöÇÔöÇÔöÇÔöÇÔöÇÔöÇÔöÇÔöÇÔöÇÔöÇÔöÇÔöÇÔöÇÔöÇÔöÇÔöÇÔöÇÔöÇÔöÇÔöÇÔöÇÔöÇÔöÇÔöÇÔöÇÔöÇÔöÇÔöÇÔöÇÔöÇÔöÇÔöÇÔöÇÔöÇÔöÇÔöÇÔöÇÔöÇÔöÇÔöÇÔöÇÔöÇÔöÇÔöÇÔöÇÔöÇÔöÇÔöÇÔöÇÔöÇÔöÇÔöÇÔöÇÔöÇÔöÇÔöÇÔöÇÔöÇÔöÇÔöÇÔöÇ[0m
[38;5;12mÔöé 01:00:45.884 (+0:00:00.022021)[0m
[38;5;12mÔö£ÔöäÔöäÔöäÔöäÔöäÔöäÔöäÔöäÔöäÔöäÔöäÔöäÔöäÔöäÔöäÔöäÔöäÔöäÔöäÔöäÔöäÔöäÔöäÔöäÔöäÔöäÔöäÔöäÔöäÔöäÔöäÔöäÔöäÔöäÔöäÔöäÔöäÔöäÔöäÔöäÔöäÔöäÔöäÔöäÔöäÔöäÔöäÔöäÔöäÔöäÔöäÔöäÔöäÔöäÔöäÔöäÔöäÔöäÔöäÔöäÔöäÔöäÔöäÔöäÔöäÔöäÔöäÔöäÔöäÔöäÔöäÔöäÔöäÔöäÔöäÔöäÔöäÔöäÔöä[0m
[38;5;12mÔöé ­ƒÆí [Tag] Message 262[0m
[38;5;12mÔööÔöÇÔöÇÔöÇÔöÇÔöÇÔöÇÔöÇÔöÇÔöÇÔöÇÔöÇÔöÇÔöÇÔöÇÔöÇÔöÇÔöÇÔöÇÔöÇÔöÇÔöÇÔöÇÔöÇÔöÇÔöÇÔöÇÔöÇÔöÇÔöÇÔöÇÔöÇÔöÇÔöÇÔöÇÔöÇÔöÇÔöÇÔöÇÔöÇÔöÇÔöÇÔöÇÔöÇÔöÇÔöÇÔöÇÔöÇÔöÇÔöÇÔöÇÔöÇÔöÇÔöÇÔöÇÔöÇÔöÇÔöÇÔöÇÔöÇÔöÇÔöÇÔöÇÔöÇÔöÇÔöÇÔöÇÔöÇÔöÇÔöÇÔöÇÔöÇÔöÇÔöÇÔöÇÔöÇÔöÇÔöÇÔöÇÔöÇ[0m
[38;5;12mÔöîÔöÇÔöÇÔöÇÔöÇÔöÇÔöÇÔöÇÔöÇÔöÇÔöÇÔöÇÔöÇÔöÇÔöÇÔöÇÔöÇÔöÇÔöÇÔöÇÔöÇÔöÇÔöÇÔöÇÔöÇÔöÇÔöÇÔöÇÔöÇÔöÇÔöÇÔöÇÔöÇÔöÇÔöÇÔöÇÔöÇÔöÇÔöÇÔöÇÔöÇÔöÇÔöÇÔöÇÔöÇÔöÇÔöÇÔöÇÔöÇÔöÇÔöÇÔöÇÔöÇÔöÇÔöÇÔöÇÔöÇÔöÇÔöÇÔöÇÔöÇÔöÇÔöÇÔöÇÔöÇÔöÇÔöÇÔöÇÔöÇÔöÇÔöÇÔöÇÔöÇÔöÇÔöÇÔöÇÔöÇÔöÇÔöÇÔöÇ[0m
[38;5;12mÔöé 01:00:45.884 (+0:00:00.022021)[0m
[38;5;12mÔö£ÔöäÔöäÔöäÔöäÔöäÔöäÔöäÔöäÔöäÔöäÔöäÔöäÔöäÔöäÔöäÔöäÔöäÔöäÔöäÔöäÔöäÔöäÔöäÔöäÔöäÔöäÔöäÔöäÔöäÔöäÔöäÔöäÔöäÔöäÔöäÔöäÔöäÔöäÔöäÔöäÔöäÔöäÔöäÔöäÔöäÔöäÔöäÔöäÔöäÔöäÔöäÔöäÔöäÔöäÔöäÔöäÔöäÔöäÔöäÔöäÔöäÔöäÔöäÔöäÔöäÔöäÔöäÔöäÔöäÔöäÔöäÔöäÔöäÔöäÔöäÔöäÔöäÔöäÔöä[0m
[38;5;12mÔöé ­ƒÆí [Tag] Message 263[0m
[38;5;12mÔööÔöÇÔöÇÔöÇÔöÇÔöÇÔöÇÔöÇÔöÇÔöÇÔöÇÔöÇÔöÇÔöÇÔöÇÔöÇÔöÇÔöÇÔöÇÔöÇÔöÇÔöÇÔöÇÔöÇÔöÇÔöÇÔöÇÔöÇÔöÇÔöÇÔöÇÔöÇÔöÇÔöÇÔöÇÔöÇÔöÇÔöÇÔöÇÔöÇÔöÇÔöÇÔöÇÔöÇÔöÇÔöÇÔöÇÔöÇÔöÇÔöÇÔöÇÔöÇÔöÇÔöÇÔöÇÔöÇÔöÇÔöÇÔöÇÔöÇÔöÇÔöÇÔöÇÔöÇÔöÇÔöÇÔöÇÔöÇÔöÇÔöÇÔöÇÔöÇÔöÇÔöÇÔöÇÔöÇÔöÇÔöÇÔöÇÔöÇ[0m
[38;5;12mÔöîÔöÇÔöÇÔöÇÔöÇÔöÇÔöÇÔöÇÔöÇÔöÇÔöÇÔöÇÔöÇÔöÇÔöÇÔöÇÔöÇÔöÇÔöÇÔöÇÔöÇÔöÇÔöÇÔöÇÔöÇÔöÇÔöÇÔöÇÔöÇÔöÇÔöÇÔöÇÔöÇÔöÇÔöÇÔöÇÔöÇÔöÇÔöÇÔöÇÔöÇÔöÇÔöÇÔöÇÔöÇÔöÇÔöÇÔöÇÔöÇÔöÇÔöÇÔöÇÔöÇÔöÇÔöÇÔöÇÔöÇÔöÇÔöÇÔöÇÔöÇÔöÇÔöÇÔöÇÔöÇÔöÇÔöÇÔöÇÔöÇÔöÇÔöÇÔöÇÔöÇÔöÇÔöÇÔöÇÔöÇÔöÇÔöÇÔöÇ[0m
[38;5;12mÔöé 01:00:45.884 (+0:00:00.022021)[0m
[38;5;12mÔö£ÔöäÔöäÔöäÔöäÔöäÔöäÔöäÔöäÔöäÔöäÔöäÔöäÔöäÔöäÔöäÔöäÔöäÔöäÔöäÔöäÔöäÔöäÔöäÔöäÔöäÔöäÔöäÔöäÔöäÔöäÔöäÔöäÔöäÔöäÔöäÔöäÔöäÔöäÔöäÔöäÔöäÔöäÔöäÔöäÔöäÔöäÔöäÔöäÔöäÔöäÔöäÔöäÔöäÔöäÔöäÔöäÔöäÔöäÔöäÔöäÔöäÔöäÔöäÔöäÔöäÔöäÔöäÔöäÔöäÔöäÔöäÔöäÔöäÔöäÔöäÔöäÔöäÔöäÔöä[0m
[38;5;12mÔöé ­ƒÆí [Tag] Message 264[0m
[38;5;12mÔööÔöÇÔöÇÔöÇÔöÇÔöÇÔöÇÔöÇÔöÇÔöÇÔöÇÔöÇÔöÇÔöÇÔöÇÔöÇÔöÇÔöÇÔöÇÔöÇÔöÇÔöÇÔöÇÔöÇÔöÇÔöÇÔöÇÔöÇÔöÇÔöÇÔöÇÔöÇÔöÇÔöÇÔöÇÔöÇÔöÇÔöÇÔöÇÔöÇÔöÇÔöÇÔöÇÔöÇÔöÇÔöÇÔöÇÔöÇÔöÇÔöÇÔöÇÔöÇÔöÇÔöÇÔöÇÔöÇÔöÇÔöÇÔöÇÔöÇÔöÇÔöÇÔöÇÔöÇÔöÇÔöÇÔöÇÔöÇÔöÇÔöÇÔöÇÔöÇÔöÇÔöÇÔöÇÔöÇÔöÇÔöÇÔöÇÔöÇ[0m
[38;5;12mÔöîÔöÇÔöÇÔöÇÔöÇÔöÇÔöÇÔöÇÔöÇÔöÇÔöÇÔöÇÔöÇÔöÇÔöÇÔöÇÔöÇÔöÇÔöÇÔöÇÔöÇÔöÇÔöÇÔöÇÔöÇÔöÇÔöÇÔöÇÔöÇÔöÇÔöÇÔöÇÔöÇÔöÇÔöÇÔöÇÔöÇÔöÇÔöÇÔöÇÔöÇÔöÇÔöÇÔöÇÔöÇÔöÇÔöÇÔöÇÔöÇÔöÇÔöÇÔöÇÔöÇÔöÇÔöÇÔöÇÔöÇÔöÇÔöÇÔöÇÔöÇÔöÇÔöÇÔöÇÔöÇÔöÇÔöÇÔöÇÔöÇÔöÇÔöÇÔöÇÔöÇÔöÇÔöÇÔöÇÔöÇÔöÇÔöÇÔöÇ[0m
[38;5;12mÔöé 01:00:45.884 (+0:00:00.022021)[0m
[38;5;12mÔö£ÔöäÔöäÔöäÔöäÔöäÔöäÔöäÔöäÔöäÔöäÔöäÔöäÔöäÔöäÔöäÔöäÔöäÔöäÔöäÔöäÔöäÔöäÔöäÔöäÔöäÔöäÔöäÔöäÔöäÔöäÔöäÔöäÔöäÔöäÔöäÔöäÔöäÔöäÔöäÔöäÔöäÔöäÔöäÔöäÔöäÔöäÔöäÔöäÔöäÔöäÔöäÔöäÔöäÔöäÔöäÔöäÔöäÔöäÔöäÔöäÔöäÔöäÔöäÔöäÔöäÔöäÔöäÔöäÔöäÔöäÔöäÔöäÔöäÔöäÔöäÔöäÔöäÔöäÔöä[0m
[38;5;12mÔöé ­ƒÆí [Tag] Message 265[0m
[38;5;12mÔööÔöÇÔöÇÔöÇÔöÇÔöÇÔöÇÔöÇÔöÇÔöÇÔöÇÔöÇÔöÇÔöÇÔöÇÔöÇÔöÇÔöÇÔöÇÔöÇÔöÇÔöÇÔöÇÔöÇÔöÇÔöÇÔöÇÔöÇÔöÇÔöÇÔöÇÔöÇÔöÇÔöÇÔöÇÔöÇÔöÇÔöÇÔöÇÔöÇÔöÇÔöÇÔöÇÔöÇÔöÇÔöÇÔöÇÔöÇÔöÇÔöÇÔöÇÔöÇÔöÇÔöÇÔöÇÔöÇÔöÇÔöÇÔöÇÔöÇÔöÇÔöÇÔöÇÔöÇÔöÇÔöÇÔöÇÔöÇÔöÇÔöÇÔöÇÔöÇÔöÇÔöÇÔöÇÔöÇÔöÇÔöÇÔöÇÔöÇ[0m
[38;5;12mÔöîÔöÇÔöÇÔöÇÔöÇÔöÇÔöÇÔöÇÔöÇÔöÇÔöÇÔöÇÔöÇÔöÇÔöÇÔöÇÔöÇÔöÇÔöÇÔöÇÔöÇÔöÇÔöÇÔöÇÔöÇÔöÇÔöÇÔöÇÔöÇÔöÇÔöÇÔöÇÔöÇÔöÇÔöÇÔöÇÔöÇÔöÇÔöÇÔöÇÔöÇÔöÇÔöÇÔöÇÔöÇÔöÇÔöÇÔöÇÔöÇÔöÇÔöÇÔöÇÔöÇÔöÇÔöÇÔöÇÔöÇÔöÇÔöÇÔöÇÔöÇÔöÇÔöÇÔöÇÔöÇÔöÇÔöÇÔöÇÔöÇÔöÇÔöÇÔöÇÔöÇÔöÇÔöÇÔöÇÔöÇÔöÇÔöÇÔöÇ[0m
[38;5;12mÔöé 01:00:45.884 (+0:00:00.022021)[0m
[38;5;12mÔö£ÔöäÔöäÔöäÔöäÔöäÔöäÔöäÔöäÔöäÔöäÔöäÔöäÔöäÔöäÔöäÔöäÔöäÔöäÔöäÔöäÔöäÔöäÔöäÔöäÔöäÔöäÔöäÔöäÔöäÔöäÔöäÔöäÔöäÔöäÔöäÔöäÔöäÔöäÔöäÔöäÔöäÔöäÔöäÔöäÔöäÔöäÔöäÔöäÔöäÔöäÔöäÔöäÔöäÔöäÔöäÔöäÔöäÔöäÔöäÔöäÔöäÔöäÔöäÔöäÔöäÔöäÔöäÔöäÔöäÔöäÔöäÔöäÔöäÔöäÔöäÔöäÔöäÔöäÔöä[0m
[38;5;12mÔöé ­ƒÆí [Tag] Message 266[0m
[38;5;12mÔööÔöÇÔöÇÔöÇÔöÇÔöÇÔöÇÔöÇÔöÇÔöÇÔöÇÔöÇÔöÇÔöÇÔöÇÔöÇÔöÇÔöÇÔöÇÔöÇÔöÇÔöÇÔöÇÔöÇÔöÇÔöÇÔöÇÔöÇÔöÇÔöÇÔöÇÔöÇÔöÇÔöÇÔöÇÔöÇÔöÇÔöÇÔöÇÔöÇÔöÇÔöÇÔöÇÔöÇÔöÇÔöÇÔöÇÔöÇÔöÇÔöÇÔöÇÔöÇÔöÇÔöÇÔöÇÔöÇÔöÇÔöÇÔöÇÔöÇÔöÇÔöÇÔöÇÔöÇÔöÇÔöÇÔöÇÔöÇÔöÇÔöÇÔöÇÔöÇÔöÇÔöÇÔöÇÔöÇÔöÇÔöÇÔöÇÔöÇ[0m
[38;5;12mÔöîÔöÇÔöÇÔöÇÔöÇÔöÇÔöÇÔöÇÔöÇÔöÇÔöÇÔöÇÔöÇÔöÇÔöÇÔöÇÔöÇÔöÇÔöÇÔöÇÔöÇÔöÇÔöÇÔöÇÔöÇÔöÇÔöÇÔöÇÔöÇÔöÇÔöÇÔöÇÔöÇÔöÇÔöÇÔöÇÔöÇÔöÇÔöÇÔöÇÔöÇÔöÇÔöÇÔöÇÔöÇÔöÇÔöÇÔöÇÔöÇÔöÇÔöÇÔöÇÔöÇÔöÇÔöÇÔöÇÔöÇÔöÇÔöÇÔöÇÔöÇÔöÇÔöÇÔöÇÔöÇÔöÇÔöÇÔöÇÔöÇÔöÇÔöÇÔöÇÔöÇÔöÇÔöÇÔöÇÔöÇÔöÇÔöÇÔöÇ[0m
[38;5;12mÔöé 01:00:45.884 (+0:00:00.022021)[0m
[38;5;12mÔö£ÔöäÔöäÔöäÔöäÔöäÔöäÔöäÔöäÔöäÔöäÔöäÔöäÔöäÔöäÔöäÔöäÔöäÔöäÔöäÔöäÔöäÔöäÔöäÔöäÔöäÔöäÔöäÔöäÔöäÔöäÔöäÔöäÔöäÔöäÔöäÔöäÔöäÔöäÔöäÔöäÔöäÔöäÔöäÔöäÔöäÔöäÔöäÔöäÔöäÔöäÔöäÔöäÔöäÔöäÔöäÔöäÔöäÔöäÔöäÔöäÔöäÔöäÔöäÔöäÔöäÔöäÔöäÔöäÔöäÔöäÔöäÔöäÔöäÔöäÔöäÔöäÔöäÔöäÔöä[0m
[38;5;12mÔöé ­ƒÆí [Tag] Message 267[0m
[38;5;12mÔööÔöÇÔöÇÔöÇÔöÇÔöÇÔöÇÔöÇÔöÇÔöÇÔöÇÔöÇÔöÇÔöÇÔöÇÔöÇÔöÇÔöÇÔöÇÔöÇÔöÇÔöÇÔöÇÔöÇÔöÇÔöÇÔöÇÔöÇÔöÇÔöÇÔöÇÔöÇÔöÇÔöÇÔöÇÔöÇÔöÇÔöÇÔöÇÔöÇÔöÇÔöÇÔöÇÔöÇÔöÇÔöÇÔöÇÔöÇÔöÇÔöÇÔöÇÔöÇÔöÇÔöÇÔöÇÔöÇÔöÇÔöÇÔöÇÔöÇÔöÇÔöÇÔöÇÔöÇÔöÇÔöÇÔöÇÔöÇÔöÇÔöÇÔöÇÔöÇÔöÇÔöÇÔöÇÔöÇÔöÇÔöÇÔöÇÔöÇ[0m
[38;5;12mÔöîÔöÇÔöÇÔöÇÔöÇÔöÇÔöÇÔöÇÔöÇÔöÇÔöÇÔöÇÔöÇÔöÇÔöÇÔöÇÔöÇÔöÇÔöÇÔöÇÔöÇÔöÇÔöÇÔöÇÔöÇÔöÇÔöÇÔöÇÔöÇÔöÇÔöÇÔöÇÔöÇÔöÇÔöÇÔöÇÔöÇÔöÇÔöÇÔöÇÔöÇÔöÇÔöÇÔöÇÔöÇÔöÇÔöÇÔöÇÔöÇÔöÇÔöÇÔöÇÔöÇÔöÇÔöÇÔöÇÔöÇÔöÇÔöÇÔöÇÔöÇÔöÇÔöÇÔöÇÔöÇÔöÇÔöÇÔöÇÔöÇÔöÇÔöÇÔöÇÔöÇÔöÇÔöÇÔöÇÔöÇÔöÇÔöÇÔöÇ[0m
[38;5;12mÔöé 01:00:45.884 (+0:00:00.022021)[0m
[38;5;12mÔö£ÔöäÔöäÔöäÔöäÔöäÔöäÔöäÔöäÔöäÔöäÔöäÔöäÔöäÔöäÔöäÔöäÔöäÔöäÔöäÔöäÔöäÔöäÔöäÔöäÔöäÔöäÔöäÔöäÔöäÔöäÔöäÔöäÔöäÔöäÔöäÔöäÔöäÔöäÔöäÔöäÔöäÔöäÔöäÔöäÔöäÔöäÔöäÔöäÔöäÔöäÔöäÔöäÔöäÔöäÔöäÔöäÔöäÔöäÔöäÔöäÔöäÔöäÔöäÔöäÔöäÔöäÔöäÔöäÔöäÔöäÔöäÔöäÔöäÔöäÔöäÔöäÔöäÔöäÔöä[0m
[38;5;12mÔöé ­ƒÆí [Tag] Message 268[0m
[38;5;12mÔööÔöÇÔöÇÔöÇÔöÇÔöÇÔöÇÔöÇÔöÇÔöÇÔöÇÔöÇÔöÇÔöÇÔöÇÔöÇÔöÇÔöÇÔöÇÔöÇÔöÇÔöÇÔöÇÔöÇÔöÇÔöÇÔöÇÔöÇÔöÇÔöÇÔöÇÔöÇÔöÇÔöÇÔöÇÔöÇÔöÇÔöÇÔöÇÔöÇÔöÇÔöÇÔöÇÔöÇÔöÇÔöÇÔöÇÔöÇÔöÇÔöÇÔöÇÔöÇÔöÇÔöÇÔöÇÔöÇÔöÇÔöÇÔöÇÔöÇÔöÇÔöÇÔöÇÔöÇÔöÇÔöÇÔöÇÔöÇÔöÇÔöÇÔöÇÔöÇÔöÇÔöÇÔöÇÔöÇÔöÇÔöÇÔöÇÔöÇ[0m
[38;5;12mÔöîÔöÇÔöÇÔöÇÔöÇÔöÇÔöÇÔöÇÔöÇÔöÇÔöÇÔöÇÔöÇÔöÇÔöÇÔöÇÔöÇÔöÇÔöÇÔöÇÔöÇÔöÇÔöÇÔöÇÔöÇÔöÇÔöÇÔöÇÔöÇÔöÇÔöÇÔöÇÔöÇÔöÇÔöÇÔöÇÔöÇÔöÇÔöÇÔöÇÔöÇÔöÇÔöÇÔöÇÔöÇÔöÇÔöÇÔöÇÔöÇÔöÇÔöÇÔöÇÔöÇÔöÇÔöÇÔöÇÔöÇÔöÇÔöÇÔöÇÔöÇÔöÇÔöÇÔöÇÔöÇÔöÇÔöÇÔöÇÔöÇÔöÇÔöÇÔöÇÔöÇÔöÇÔöÇÔöÇÔöÇÔöÇÔöÇÔöÇ[0m
[38;5;12mÔöé 01:00:45.884 (+0:00:00.022021)[0m
[38;5;12mÔö£ÔöäÔöäÔöäÔöäÔöäÔöäÔöäÔöäÔöäÔöäÔöäÔöäÔöäÔöäÔöäÔöäÔöäÔöäÔöäÔöäÔöäÔöäÔöäÔöäÔöäÔöäÔöäÔöäÔöäÔöäÔöäÔöäÔöäÔöäÔöäÔöäÔöäÔöäÔöäÔöäÔöäÔöäÔöäÔöäÔöäÔöäÔöäÔöäÔöäÔöäÔöäÔöäÔöäÔöäÔöäÔöäÔöäÔöäÔöäÔöäÔöäÔöäÔöäÔöäÔöäÔöäÔöäÔöäÔöäÔöäÔöäÔöäÔöäÔöäÔöäÔöäÔöäÔöäÔöä[0m
[38;5;12mÔöé ­ƒÆí [Tag] Message 269[0m
[38;5;12mÔööÔöÇÔöÇÔöÇÔöÇÔöÇÔöÇÔöÇÔöÇÔöÇÔöÇÔöÇÔöÇÔöÇÔöÇÔöÇÔöÇÔöÇÔöÇÔöÇÔöÇÔöÇÔöÇÔöÇÔöÇÔöÇÔöÇÔöÇÔöÇÔöÇÔöÇÔöÇÔöÇÔöÇÔöÇÔöÇÔöÇÔöÇÔöÇÔöÇÔöÇÔöÇÔöÇÔöÇÔöÇÔöÇÔöÇÔöÇÔöÇÔöÇÔöÇÔöÇÔöÇÔöÇÔöÇÔöÇÔöÇÔöÇÔöÇÔöÇÔöÇÔöÇÔöÇÔöÇÔöÇÔöÇÔöÇÔöÇÔöÇÔöÇÔöÇÔöÇÔöÇÔöÇÔöÇÔöÇÔöÇÔöÇÔöÇÔöÇ[0m
[38;5;12mÔöîÔöÇÔöÇÔöÇÔöÇÔöÇÔöÇÔöÇÔöÇÔöÇÔöÇÔöÇÔöÇÔöÇÔöÇÔöÇÔöÇÔöÇÔöÇÔöÇÔöÇÔöÇÔöÇÔöÇÔöÇÔöÇÔöÇÔöÇÔöÇÔöÇÔöÇÔöÇÔöÇÔöÇÔöÇÔöÇÔöÇÔöÇÔöÇÔöÇÔöÇÔöÇÔöÇÔöÇÔöÇÔöÇÔöÇÔöÇÔöÇÔöÇÔöÇÔöÇÔöÇÔöÇÔöÇÔöÇÔöÇÔöÇÔöÇÔöÇÔöÇÔöÇÔöÇÔöÇÔöÇÔöÇÔöÇÔöÇÔöÇÔöÇÔöÇÔöÇÔöÇÔöÇÔöÇÔöÇÔöÇÔöÇÔöÇÔöÇ[0m
[38;5;12mÔöé 01:00:45.884 (+0:00:00.022021)[0m
[38;5;12mÔö£ÔöäÔöäÔöäÔöäÔöäÔöäÔöäÔöäÔöäÔöäÔöäÔöäÔöäÔöäÔöäÔöäÔöäÔöäÔöäÔöäÔöäÔöäÔöäÔöäÔöäÔöäÔöäÔöäÔöäÔöäÔöäÔöäÔöäÔöäÔöäÔöäÔöäÔöäÔöäÔöäÔöäÔöäÔöäÔöäÔöäÔöäÔöäÔöäÔöäÔöäÔöäÔöäÔöäÔöäÔöäÔöäÔöäÔöäÔöäÔöäÔöäÔöäÔöäÔöäÔöäÔöäÔöäÔöäÔöäÔöäÔöäÔöäÔöäÔöäÔöäÔöäÔöäÔöäÔöä[0m
[38;5;12mÔöé ­ƒÆí [Tag] Message 270[0m
[38;5;12mÔööÔöÇÔöÇÔöÇÔöÇÔöÇÔöÇÔöÇÔöÇÔöÇÔöÇÔöÇÔöÇÔöÇÔöÇÔöÇÔöÇÔöÇÔöÇÔöÇÔöÇÔöÇÔöÇÔöÇÔöÇÔöÇÔöÇÔöÇÔöÇÔöÇÔöÇÔöÇÔöÇÔöÇÔöÇÔöÇÔöÇÔöÇÔöÇÔöÇÔöÇÔöÇÔöÇÔöÇÔöÇÔöÇÔöÇÔöÇÔöÇÔöÇÔöÇÔöÇÔöÇÔöÇÔöÇÔöÇÔöÇÔöÇÔöÇÔöÇÔöÇÔöÇÔöÇÔöÇÔöÇÔöÇÔöÇÔöÇÔöÇÔöÇÔöÇÔöÇÔöÇÔöÇÔöÇÔöÇÔöÇÔöÇÔöÇÔöÇ[0m
[38;5;12mÔöîÔöÇÔöÇÔöÇÔöÇÔöÇÔöÇÔöÇÔöÇÔöÇÔöÇÔöÇÔöÇÔöÇÔöÇÔöÇÔöÇÔöÇÔöÇÔöÇÔöÇÔöÇÔöÇÔöÇÔöÇÔöÇÔöÇÔöÇÔöÇÔöÇÔöÇÔöÇÔöÇÔöÇÔöÇÔöÇÔöÇÔöÇÔöÇÔöÇÔöÇÔöÇÔöÇÔöÇÔöÇÔöÇÔöÇÔöÇÔöÇÔöÇÔöÇÔöÇÔöÇÔöÇÔöÇÔöÇÔöÇÔöÇÔöÇÔöÇÔöÇÔöÇÔöÇÔöÇÔöÇÔöÇÔöÇÔöÇÔöÇÔöÇÔöÇÔöÇÔöÇÔöÇÔöÇÔöÇÔöÇÔöÇÔöÇÔöÇ[0m
[38;5;12mÔöé 01:00:45.884 (+0:00:00.022021)[0m
[38;5;12mÔö£ÔöäÔöäÔöäÔöäÔöäÔöäÔöäÔöäÔöäÔöäÔöäÔöäÔöäÔöäÔöäÔöäÔöäÔöäÔöäÔöäÔöäÔöäÔöäÔöäÔöäÔöäÔöäÔöäÔöäÔöäÔöäÔöäÔöäÔöäÔöäÔöäÔöäÔöäÔöäÔöäÔöäÔöäÔöäÔöäÔöäÔöäÔöäÔöäÔöäÔöäÔöäÔöäÔöäÔöäÔöäÔöäÔöäÔöäÔöäÔöäÔöäÔöäÔöäÔöäÔöäÔöäÔöäÔöäÔöäÔöäÔöäÔöäÔöäÔöäÔöäÔöäÔöäÔöäÔöä[0m
[38;5;12mÔöé ­ƒÆí [Tag] Message 271[0m
[38;5;12mÔööÔöÇÔöÇÔöÇÔöÇÔöÇÔöÇÔöÇÔöÇÔöÇÔöÇÔöÇÔöÇÔöÇÔöÇÔöÇÔöÇÔöÇÔöÇÔöÇÔöÇÔöÇÔöÇÔöÇÔöÇÔöÇÔöÇÔöÇÔöÇÔöÇÔöÇÔöÇÔöÇÔöÇÔöÇÔöÇÔöÇÔöÇÔöÇÔöÇÔöÇÔöÇÔöÇÔöÇÔöÇÔöÇÔöÇÔöÇÔöÇÔöÇÔöÇÔöÇÔöÇÔöÇÔöÇÔöÇÔöÇÔöÇÔöÇÔöÇÔöÇÔöÇÔöÇÔöÇÔöÇÔöÇÔöÇÔöÇÔöÇÔöÇÔöÇÔöÇÔöÇÔöÇÔöÇÔöÇÔöÇÔöÇÔöÇÔöÇ[0m
[38;5;12mÔöîÔöÇÔöÇÔöÇÔöÇÔöÇÔöÇÔöÇÔöÇÔöÇÔöÇÔöÇÔöÇÔöÇÔöÇÔöÇÔöÇÔöÇÔöÇÔöÇÔöÇÔöÇÔöÇÔöÇÔöÇÔöÇÔöÇÔöÇÔöÇÔöÇÔöÇÔöÇÔöÇÔöÇÔöÇÔöÇÔöÇÔöÇÔöÇÔöÇÔöÇÔöÇÔöÇÔöÇÔöÇÔöÇÔöÇÔöÇÔöÇÔöÇÔöÇÔöÇÔöÇÔöÇÔöÇÔöÇÔöÇÔöÇÔöÇÔöÇÔöÇÔöÇÔöÇÔöÇÔöÇÔöÇÔöÇÔöÇÔöÇÔöÇÔöÇÔöÇÔöÇÔöÇÔöÇÔöÇÔöÇÔöÇÔöÇÔöÇ[0m
[38;5;12mÔöé 01:00:45.884 (+0:00:00.022021)[0m
[38;5;12mÔö£ÔöäÔöäÔöäÔöäÔöäÔöäÔöäÔöäÔöäÔöäÔöäÔöäÔöäÔöäÔöäÔöäÔöäÔöäÔöäÔöäÔöäÔöäÔöäÔöäÔöäÔöäÔöäÔöäÔöäÔöäÔöäÔöäÔöäÔöäÔöäÔöäÔöäÔöäÔöäÔöäÔöäÔöäÔöäÔöäÔöäÔöäÔöäÔöäÔöäÔöäÔöäÔöäÔöäÔöäÔöäÔöäÔöäÔöäÔöäÔöäÔöäÔöäÔöäÔöäÔöäÔöäÔöäÔöäÔöäÔöäÔöäÔöäÔöäÔöäÔöäÔöäÔöäÔöäÔöä[0m
[38;5;12mÔöé ­ƒÆí [Tag] Message 272[0m
[38;5;12mÔööÔöÇÔöÇÔöÇÔöÇÔöÇÔöÇÔöÇÔöÇÔöÇÔöÇÔöÇÔöÇÔöÇÔöÇÔöÇÔöÇÔöÇÔöÇÔöÇÔöÇÔöÇÔöÇÔöÇÔöÇÔöÇÔöÇÔöÇÔöÇÔöÇÔöÇÔöÇÔöÇÔöÇÔöÇÔöÇÔöÇÔöÇÔöÇÔöÇÔöÇÔöÇÔöÇÔöÇÔöÇÔöÇÔöÇÔöÇÔöÇÔöÇÔöÇÔöÇÔöÇÔöÇÔöÇÔöÇÔöÇÔöÇÔöÇÔöÇÔöÇÔöÇÔöÇÔöÇÔöÇÔöÇÔöÇÔöÇÔöÇÔöÇÔöÇÔöÇÔöÇÔöÇÔöÇÔöÇÔöÇÔöÇÔöÇÔöÇ[0m
[38;5;12mÔöîÔöÇÔöÇÔöÇÔöÇÔöÇÔöÇÔöÇÔöÇÔöÇÔöÇÔöÇÔöÇÔöÇÔöÇÔöÇÔöÇÔöÇÔöÇÔöÇÔöÇÔöÇÔöÇÔöÇÔöÇÔöÇÔöÇÔöÇÔöÇÔöÇÔöÇÔöÇÔöÇÔöÇÔöÇÔöÇÔöÇÔöÇÔöÇÔöÇÔöÇÔöÇÔöÇÔöÇÔöÇÔöÇÔöÇÔöÇÔöÇÔöÇÔöÇÔöÇÔöÇÔöÇÔöÇÔöÇÔöÇÔöÇÔöÇÔöÇÔöÇÔöÇÔöÇÔöÇÔöÇÔöÇÔöÇÔöÇÔöÇÔöÇÔöÇÔöÇÔöÇÔöÇÔöÇÔöÇÔöÇÔöÇÔöÇÔöÇ[0m
[38;5;12mÔöé 01:00:45.884 (+0:00:00.022021)[0m
[38;5;12mÔö£ÔöäÔöäÔöäÔöäÔöäÔöäÔöäÔöäÔöäÔöäÔöäÔöäÔöäÔöäÔöäÔöäÔöäÔöäÔöäÔöäÔöäÔöäÔöäÔöäÔöäÔöäÔöäÔöäÔöäÔöäÔöäÔöäÔöäÔöäÔöäÔöäÔöäÔöäÔöäÔöäÔöäÔöäÔöäÔöäÔöäÔöäÔöäÔöäÔöäÔöäÔöäÔöäÔöäÔöäÔöäÔöäÔöäÔöäÔöäÔöäÔöäÔöäÔöäÔöäÔöäÔöäÔöäÔöäÔöäÔöäÔöäÔöäÔöäÔöäÔöäÔöäÔöäÔöäÔöä[0m
[38;5;12mÔöé ­ƒÆí [Tag] Message 273[0m
[38;5;12mÔööÔöÇÔöÇÔöÇÔöÇÔöÇÔöÇÔöÇÔöÇÔöÇÔöÇÔöÇÔöÇÔöÇÔöÇÔöÇÔöÇÔöÇÔöÇÔöÇÔöÇÔöÇÔöÇÔöÇÔöÇÔöÇÔöÇÔöÇÔöÇÔöÇÔöÇÔöÇÔöÇÔöÇÔöÇÔöÇÔöÇÔöÇÔöÇÔöÇÔöÇÔöÇÔöÇÔöÇÔöÇÔöÇÔöÇÔöÇÔöÇÔöÇÔöÇÔöÇÔöÇÔöÇÔöÇÔöÇÔöÇÔöÇÔöÇÔöÇÔöÇÔöÇÔöÇÔöÇÔöÇÔöÇÔöÇÔöÇÔöÇÔöÇÔöÇÔöÇÔöÇÔöÇÔöÇÔöÇÔöÇÔöÇÔöÇÔöÇ[0m
[38;5;12mÔöîÔöÇÔöÇÔöÇÔöÇÔöÇÔöÇÔöÇÔöÇÔöÇÔöÇÔöÇÔöÇÔöÇÔöÇÔöÇÔöÇÔöÇÔöÇÔöÇÔöÇÔöÇÔöÇÔöÇÔöÇÔöÇÔöÇÔöÇÔöÇÔöÇÔöÇÔöÇÔöÇÔöÇÔöÇÔöÇÔöÇÔöÇÔöÇÔöÇÔöÇÔöÇÔöÇÔöÇÔöÇÔöÇÔöÇÔöÇÔöÇÔöÇÔöÇÔöÇÔöÇÔöÇÔöÇÔöÇÔöÇÔöÇÔöÇÔöÇÔöÇÔöÇÔöÇÔöÇÔöÇÔöÇÔöÇÔöÇÔöÇÔöÇÔöÇÔöÇÔöÇÔöÇÔöÇÔöÇÔöÇÔöÇÔöÇÔöÇ[0m
[38;5;12mÔöé 01:00:45.884 (+0:00:00.022021)[0m
[38;5;12mÔö£ÔöäÔöäÔöäÔöäÔöäÔöäÔöäÔöäÔöäÔöäÔöäÔöäÔöäÔöäÔöäÔöäÔöäÔöäÔöäÔöäÔöäÔöäÔöäÔöäÔöäÔöäÔöäÔöäÔöäÔöäÔöäÔöäÔöäÔöäÔöäÔöäÔöäÔöäÔöäÔöäÔöäÔöäÔöäÔöäÔöäÔöäÔöäÔöäÔöäÔöäÔöäÔöäÔöäÔöäÔöäÔöäÔöäÔöäÔöäÔöäÔöäÔöäÔöäÔöäÔöäÔöäÔöäÔöäÔöäÔöäÔöäÔöäÔöäÔöäÔöäÔöäÔöäÔöäÔöä[0m
[38;5;12mÔöé ­ƒÆí [Tag] Message 274[0m
[38;5;12mÔööÔöÇÔöÇÔöÇÔöÇÔöÇÔöÇÔöÇÔöÇÔöÇÔöÇÔöÇÔöÇÔöÇÔöÇÔöÇÔöÇÔöÇÔöÇÔöÇÔöÇÔöÇÔöÇÔöÇÔöÇÔöÇÔöÇÔöÇÔöÇÔöÇÔöÇÔöÇÔöÇÔöÇÔöÇÔöÇÔöÇÔöÇÔöÇÔöÇÔöÇÔöÇÔöÇÔöÇÔöÇÔöÇÔöÇÔöÇÔöÇÔöÇÔöÇÔöÇÔöÇÔöÇÔöÇÔöÇÔöÇÔöÇÔöÇÔöÇÔöÇÔöÇÔöÇÔöÇÔöÇÔöÇÔöÇÔöÇÔöÇÔöÇÔöÇÔöÇÔöÇÔöÇÔöÇÔöÇÔöÇÔöÇÔöÇÔöÇ[0m
[38;5;12mÔöîÔöÇÔöÇÔöÇÔöÇÔöÇÔöÇÔöÇÔöÇÔöÇÔöÇÔöÇÔöÇÔöÇÔöÇÔöÇÔöÇÔöÇÔöÇÔöÇÔöÇÔöÇÔöÇÔöÇÔöÇÔöÇÔöÇÔöÇÔöÇÔöÇÔöÇÔöÇÔöÇÔöÇÔöÇÔöÇÔöÇÔöÇÔöÇÔöÇÔöÇÔöÇÔöÇÔöÇÔöÇÔöÇÔöÇÔöÇÔöÇÔöÇÔöÇÔöÇÔöÇÔöÇÔöÇÔöÇÔöÇÔöÇÔöÇÔöÇÔöÇÔöÇÔöÇÔöÇÔöÇÔöÇÔöÇÔöÇÔöÇÔöÇÔöÇÔöÇÔöÇÔöÇÔöÇÔöÇÔöÇÔöÇÔöÇÔöÇ[0m
[38;5;12mÔöé 01:00:45.884 (+0:00:00.022021)[0m
[38;5;12mÔö£ÔöäÔöäÔöäÔöäÔöäÔöäÔöäÔöäÔöäÔöäÔöäÔöäÔöäÔöäÔöäÔöäÔöäÔöäÔöäÔöäÔöäÔöäÔöäÔöäÔöäÔöäÔöäÔöäÔöäÔöäÔöäÔöäÔöäÔöäÔöäÔöäÔöäÔöäÔöäÔöäÔöäÔöäÔöäÔöäÔöäÔöäÔöäÔöäÔöäÔöäÔöäÔöäÔöäÔöäÔöäÔöäÔöäÔöäÔöäÔöäÔöäÔöäÔöäÔöäÔöäÔöäÔöäÔöäÔöäÔöäÔöäÔöäÔöäÔöäÔöäÔöäÔöäÔöäÔöä[0m
[38;5;12mÔöé ­ƒÆí [Tag] Message 275[0m
[38;5;12mÔööÔöÇÔöÇÔöÇÔöÇÔöÇÔöÇÔöÇÔöÇÔöÇÔöÇÔöÇÔöÇÔöÇÔöÇÔöÇÔöÇÔöÇÔöÇÔöÇÔöÇÔöÇÔöÇÔöÇÔöÇÔöÇÔöÇÔöÇÔöÇÔöÇÔöÇÔöÇÔöÇÔöÇÔöÇÔöÇÔöÇÔöÇÔöÇÔöÇÔöÇÔöÇÔöÇÔöÇÔöÇÔöÇÔöÇÔöÇÔöÇÔöÇÔöÇÔöÇÔöÇÔöÇÔöÇÔöÇÔöÇÔöÇÔöÇÔöÇÔöÇÔöÇÔöÇÔöÇÔöÇÔöÇÔöÇÔöÇÔöÇÔöÇÔöÇÔöÇÔöÇÔöÇÔöÇÔöÇÔöÇÔöÇÔöÇÔöÇ[0m
[38;5;12mÔöîÔöÇÔöÇÔöÇÔöÇÔöÇÔöÇÔöÇÔöÇÔöÇÔöÇÔöÇÔöÇÔöÇÔöÇÔöÇÔöÇÔöÇÔöÇÔöÇÔöÇÔöÇÔöÇÔöÇÔöÇÔöÇÔöÇÔöÇÔöÇÔöÇÔöÇÔöÇÔöÇÔöÇÔöÇÔöÇÔöÇÔöÇÔöÇÔöÇÔöÇÔöÇÔöÇÔöÇÔöÇÔöÇÔöÇÔöÇÔöÇÔöÇÔöÇÔöÇÔöÇÔöÇÔöÇÔöÇÔöÇÔöÇÔöÇÔöÇÔöÇÔöÇÔöÇÔöÇÔöÇÔöÇÔöÇÔöÇÔöÇÔöÇÔöÇÔöÇÔöÇÔöÇÔöÇÔöÇÔöÇÔöÇÔöÇÔöÇ[0m
[38;5;12mÔöé 01:00:45.884 (+0:00:00.022021)[0m
[38;5;12mÔö£ÔöäÔöäÔöäÔöäÔöäÔöäÔöäÔöäÔöäÔöäÔöäÔöäÔöäÔöäÔöäÔöäÔöäÔöäÔöäÔöäÔöäÔöäÔöäÔöäÔöäÔöäÔöäÔöäÔöäÔöäÔöäÔöäÔöäÔöäÔöäÔöäÔöäÔöäÔöäÔöäÔöäÔöäÔöäÔöäÔöäÔöäÔöäÔöäÔöäÔöäÔöäÔöäÔöäÔöäÔöäÔöäÔöäÔöäÔöäÔöäÔöäÔöäÔöäÔöäÔöäÔöäÔöäÔöäÔöäÔöäÔöäÔöäÔöäÔöäÔöäÔöäÔöäÔöäÔöä[0m
[38;5;12mÔöé ­ƒÆí [Tag] Message 276[0m
[38;5;12mÔööÔöÇÔöÇÔöÇÔöÇÔöÇÔöÇÔöÇÔöÇÔöÇÔöÇÔöÇÔöÇÔöÇÔöÇÔöÇÔöÇÔöÇÔöÇÔöÇÔöÇÔöÇÔöÇÔöÇÔöÇÔöÇÔöÇÔöÇÔöÇÔöÇÔöÇÔöÇÔöÇÔöÇÔöÇÔöÇÔöÇÔöÇÔöÇÔöÇÔöÇÔöÇÔöÇÔöÇÔöÇÔöÇÔöÇÔöÇÔöÇÔöÇÔöÇÔöÇÔöÇÔöÇÔöÇÔöÇÔöÇÔöÇÔöÇÔöÇÔöÇÔöÇÔöÇÔöÇÔöÇÔöÇÔöÇÔöÇÔöÇÔöÇÔöÇÔöÇÔöÇÔöÇÔöÇÔöÇÔöÇÔöÇÔöÇÔöÇ[0m
[38;5;12mÔöîÔöÇÔöÇÔöÇÔöÇÔöÇÔöÇÔöÇÔöÇÔöÇÔöÇÔöÇÔöÇÔöÇÔöÇÔöÇÔöÇÔöÇÔöÇÔöÇÔöÇÔöÇÔöÇÔöÇÔöÇÔöÇÔöÇÔöÇÔöÇÔöÇÔöÇÔöÇÔöÇÔöÇÔöÇÔöÇÔöÇÔöÇÔöÇÔöÇÔöÇÔöÇÔöÇÔöÇÔöÇÔöÇÔöÇÔöÇÔöÇÔöÇÔöÇÔöÇÔöÇÔöÇÔöÇÔöÇÔöÇÔöÇÔöÇÔöÇÔöÇÔöÇÔöÇÔöÇÔöÇÔöÇÔöÇÔöÇÔöÇÔöÇÔöÇÔöÇÔöÇÔöÇÔöÇÔöÇÔöÇÔöÇÔöÇÔöÇ[0m
[38;5;12mÔöé 01:00:45.884 (+0:00:00.022021)[0m
[38;5;12mÔö£ÔöäÔöäÔöäÔöäÔöäÔöäÔöäÔöäÔöäÔöäÔöäÔöäÔöäÔöäÔöäÔöäÔöäÔöäÔöäÔöäÔöäÔöäÔöäÔöäÔöäÔöäÔöäÔöäÔöäÔöäÔöäÔöäÔöäÔöäÔöäÔöäÔöäÔöäÔöäÔöäÔöäÔöäÔöäÔöäÔöäÔöäÔöäÔöäÔöäÔöäÔöäÔöäÔöäÔöäÔöäÔöäÔöäÔöäÔöäÔöäÔöäÔöäÔöäÔöäÔöäÔöäÔöäÔöäÔöäÔöäÔöäÔöäÔöäÔöäÔöäÔöäÔöäÔöäÔöä[0m
[38;5;12mÔöé ­ƒÆí [Tag] Message 277[0m
[38;5;12mÔööÔöÇÔöÇÔöÇÔöÇÔöÇÔöÇÔöÇÔöÇÔöÇÔöÇÔöÇÔöÇÔöÇÔöÇÔöÇÔöÇÔöÇÔöÇÔöÇÔöÇÔöÇÔöÇÔöÇÔöÇÔöÇÔöÇÔöÇÔöÇÔöÇÔöÇÔöÇÔöÇÔöÇÔöÇÔöÇÔöÇÔöÇÔöÇÔöÇÔöÇÔöÇÔöÇÔöÇÔöÇÔöÇÔöÇÔöÇÔöÇÔöÇÔöÇÔöÇÔöÇÔöÇÔöÇÔöÇÔöÇÔöÇÔöÇÔöÇÔöÇÔöÇÔöÇÔöÇÔöÇÔöÇÔöÇÔöÇÔöÇÔöÇÔöÇÔöÇÔöÇÔöÇÔöÇÔöÇÔöÇÔöÇÔöÇÔöÇ[0m
[38;5;12mÔöîÔöÇÔöÇÔöÇÔöÇÔöÇÔöÇÔöÇÔöÇÔöÇÔöÇÔöÇÔöÇÔöÇÔöÇÔöÇÔöÇÔöÇÔöÇÔöÇÔöÇÔöÇÔöÇÔöÇÔöÇÔöÇÔöÇÔöÇÔöÇÔöÇÔöÇÔöÇÔöÇÔöÇÔöÇÔöÇÔöÇÔöÇÔöÇÔöÇÔöÇÔöÇÔöÇÔöÇÔöÇÔöÇÔöÇÔöÇÔöÇÔöÇÔöÇÔöÇÔöÇÔöÇÔöÇÔöÇÔöÇÔöÇÔöÇÔöÇÔöÇÔöÇÔöÇÔöÇÔöÇÔöÇÔöÇÔöÇÔöÇÔöÇÔöÇÔöÇÔöÇÔöÇÔöÇÔöÇÔöÇÔöÇÔöÇÔöÇ[0m
[38;5;12mÔöé 01:00:45.884 (+0:00:00.022021)[0m
[38;5;12mÔö£ÔöäÔöäÔöäÔöäÔöäÔöäÔöäÔöäÔöäÔöäÔöäÔöäÔöäÔöäÔöäÔöäÔöäÔöäÔöäÔöäÔöäÔöäÔöäÔöäÔöäÔöäÔöäÔöäÔöäÔöäÔöäÔöäÔöäÔöäÔöäÔöäÔöäÔöäÔöäÔöäÔöäÔöäÔöäÔöäÔöäÔöäÔöäÔöäÔöäÔöäÔöäÔöäÔöäÔöäÔöäÔöäÔöäÔöäÔöäÔöäÔöäÔöäÔöäÔöäÔöäÔöäÔöäÔöäÔöäÔöäÔöäÔöäÔöäÔöäÔöäÔöäÔöäÔöäÔöä[0m
[38;5;12mÔöé ­ƒÆí [Tag] Message 278[0m
[38;5;12mÔööÔöÇÔöÇÔöÇÔöÇÔöÇÔöÇÔöÇÔöÇÔöÇÔöÇÔöÇÔöÇÔöÇÔöÇÔöÇÔöÇÔöÇÔöÇÔöÇÔöÇÔöÇÔöÇÔöÇÔöÇÔöÇÔöÇÔöÇÔöÇÔöÇÔöÇÔöÇÔöÇÔöÇÔöÇÔöÇÔöÇÔöÇÔöÇÔöÇÔöÇÔöÇÔöÇÔöÇÔöÇÔöÇÔöÇÔöÇÔöÇÔöÇÔöÇÔöÇÔöÇÔöÇÔöÇÔöÇÔöÇÔöÇÔöÇÔöÇÔöÇÔöÇÔöÇÔöÇÔöÇÔöÇÔöÇÔöÇÔöÇÔöÇÔöÇÔöÇÔöÇÔöÇÔöÇÔöÇÔöÇÔöÇÔöÇÔöÇ[0m
[38;5;12mÔöîÔöÇÔöÇÔöÇÔöÇÔöÇÔöÇÔöÇÔöÇÔöÇÔöÇÔöÇÔöÇÔöÇÔöÇÔöÇÔöÇÔöÇÔöÇÔöÇÔöÇÔöÇÔöÇÔöÇÔöÇÔöÇÔöÇÔöÇÔöÇÔöÇÔöÇÔöÇÔöÇÔöÇÔöÇÔöÇÔöÇÔöÇÔöÇÔöÇÔöÇÔöÇÔöÇÔöÇÔöÇÔöÇÔöÇÔöÇÔöÇÔöÇÔöÇÔöÇÔöÇÔöÇÔöÇÔöÇÔöÇÔöÇÔöÇÔöÇÔöÇÔöÇÔöÇÔöÇÔöÇÔöÇÔöÇÔöÇÔöÇÔöÇÔöÇÔöÇÔöÇÔöÇÔöÇÔöÇÔöÇÔöÇÔöÇÔöÇ[0m
[38;5;12mÔöé 01:00:45.884 (+0:00:00.022021)[0m
[38;5;12mÔö£ÔöäÔöäÔöäÔöäÔöäÔöäÔöäÔöäÔöäÔöäÔöäÔöäÔöäÔöäÔöäÔöäÔöäÔöäÔöäÔöäÔöäÔöäÔöäÔöäÔöäÔöäÔöäÔöäÔöäÔöäÔöäÔöäÔöäÔöäÔöäÔöäÔöäÔöäÔöäÔöäÔöäÔöäÔöäÔöäÔöäÔöäÔöäÔöäÔöäÔöäÔöäÔöäÔöäÔöäÔöäÔöäÔöäÔöäÔöäÔöäÔöäÔöäÔöäÔöäÔöäÔöäÔöäÔöäÔöäÔöäÔöäÔöäÔöäÔöäÔöäÔöäÔöäÔöäÔöä[0m
[38;5;12mÔöé ­ƒÆí [Tag] Message 279[0m
[38;5;12mÔööÔöÇÔöÇÔöÇÔöÇÔöÇÔöÇÔöÇÔöÇÔöÇÔöÇÔöÇÔöÇÔöÇÔöÇÔöÇÔöÇÔöÇÔöÇÔöÇÔöÇÔöÇÔöÇÔöÇÔöÇÔöÇÔöÇÔöÇÔöÇÔöÇÔöÇÔöÇÔöÇÔöÇÔöÇÔöÇÔöÇÔöÇÔöÇÔöÇÔöÇÔöÇÔöÇÔöÇÔöÇÔöÇÔöÇÔöÇÔöÇÔöÇÔöÇÔöÇÔöÇÔöÇÔöÇÔöÇÔöÇÔöÇÔöÇÔöÇÔöÇÔöÇÔöÇÔöÇÔöÇÔöÇÔöÇÔöÇÔöÇÔöÇÔöÇÔöÇÔöÇÔöÇÔöÇÔöÇÔöÇÔöÇÔöÇÔöÇ[0m
[38;5;12mÔöîÔöÇÔöÇÔöÇÔöÇÔöÇÔöÇÔöÇÔöÇÔöÇÔöÇÔöÇÔöÇÔöÇÔöÇÔöÇÔöÇÔöÇÔöÇÔöÇÔöÇÔöÇÔöÇÔöÇÔöÇÔöÇÔöÇÔöÇÔöÇÔöÇÔöÇÔöÇÔöÇÔöÇÔöÇÔöÇÔöÇÔöÇÔöÇÔöÇÔöÇÔöÇÔöÇÔöÇÔöÇÔöÇÔöÇÔöÇÔöÇÔöÇÔöÇÔöÇÔöÇÔöÇÔöÇÔöÇÔöÇÔöÇÔöÇÔöÇÔöÇÔöÇÔöÇÔöÇÔöÇÔöÇÔöÇÔöÇÔöÇÔöÇÔöÇÔöÇÔöÇÔöÇÔöÇÔöÇÔöÇÔöÇÔöÇÔöÇ[0m
[38;5;12mÔöé 01:00:45.884 (+0:00:00.022021)[0m
[38;5;12mÔö£ÔöäÔöäÔöäÔöäÔöäÔöäÔöäÔöäÔöäÔöäÔöäÔöäÔöäÔöäÔöäÔöäÔöäÔöäÔöäÔöäÔöäÔöäÔöäÔöäÔöäÔöäÔöäÔöäÔöäÔöäÔöäÔöäÔöäÔöäÔöäÔöäÔöäÔöäÔöäÔöäÔöäÔöäÔöäÔöäÔöäÔöäÔöäÔöäÔöäÔöäÔöäÔöäÔöäÔöäÔöäÔöäÔöäÔöäÔöäÔöäÔöäÔöäÔöäÔöäÔöäÔöäÔöäÔöäÔöäÔöäÔöäÔöäÔöäÔöäÔöäÔöäÔöäÔöäÔöä[0m
[38;5;12mÔöé ­ƒÆí [Tag] Message 280[0m
[38;5;12mÔööÔöÇÔöÇÔöÇÔöÇÔöÇÔöÇÔöÇÔöÇÔöÇÔöÇÔöÇÔöÇÔöÇÔöÇÔöÇÔöÇÔöÇÔöÇÔöÇÔöÇÔöÇÔöÇÔöÇÔöÇÔöÇÔöÇÔöÇÔöÇÔöÇÔöÇÔöÇÔöÇÔöÇÔöÇÔöÇÔöÇÔöÇÔöÇÔöÇÔöÇÔöÇÔöÇÔöÇÔöÇÔöÇÔöÇÔöÇÔöÇÔöÇÔöÇÔöÇÔöÇÔöÇÔöÇÔöÇÔöÇÔöÇÔöÇÔöÇÔöÇÔöÇÔöÇÔöÇÔöÇÔöÇÔöÇÔöÇÔöÇÔöÇÔöÇÔöÇÔöÇÔöÇÔöÇÔöÇÔöÇÔöÇÔöÇÔöÇ[0m
[38;5;12mÔöîÔöÇÔöÇÔöÇÔöÇÔöÇÔöÇÔöÇÔöÇÔöÇÔöÇÔöÇÔöÇÔöÇÔöÇÔöÇÔöÇÔöÇÔöÇÔöÇÔöÇÔöÇÔöÇÔöÇÔöÇÔöÇÔöÇÔöÇÔöÇÔöÇÔöÇÔöÇÔöÇÔöÇÔöÇÔöÇÔöÇÔöÇÔöÇÔöÇÔöÇÔöÇÔöÇÔöÇÔöÇÔöÇÔöÇÔöÇÔöÇÔöÇÔöÇÔöÇÔöÇÔöÇÔöÇÔöÇÔöÇÔöÇÔöÇÔöÇÔöÇÔöÇÔöÇÔöÇÔöÇÔöÇÔöÇÔöÇÔöÇÔöÇÔöÇÔöÇÔöÇÔöÇÔöÇÔöÇÔöÇÔöÇÔöÇÔöÇ[0m
[38;5;12mÔöé 01:00:45.884 (+0:00:00.022021)[0m
[38;5;12mÔö£ÔöäÔöäÔöäÔöäÔöäÔöäÔöäÔöäÔöäÔöäÔöäÔöäÔöäÔöäÔöäÔöäÔöäÔöäÔöäÔöäÔöäÔöäÔöäÔöäÔöäÔöäÔöäÔöäÔöäÔöäÔöäÔöäÔöäÔöäÔöäÔöäÔöäÔöäÔöäÔöäÔöäÔöäÔöäÔöäÔöäÔöäÔöäÔöäÔöäÔöäÔöäÔöäÔöäÔöäÔöäÔöäÔöäÔöäÔöäÔöäÔöäÔöäÔöäÔöäÔöäÔöäÔöäÔöäÔöäÔöäÔöäÔöäÔöäÔöäÔöäÔöäÔöäÔöäÔöä[0m
[38;5;12mÔöé ­ƒÆí [Tag] Message 281[0m
[38;5;12mÔööÔöÇÔöÇÔöÇÔöÇÔöÇÔöÇÔöÇÔöÇÔöÇÔöÇÔöÇÔöÇÔöÇÔöÇÔöÇÔöÇÔöÇÔöÇÔöÇÔöÇÔöÇÔöÇÔöÇÔöÇÔöÇÔöÇÔöÇÔöÇÔöÇÔöÇÔöÇÔöÇÔöÇÔöÇÔöÇÔöÇÔöÇÔöÇÔöÇÔöÇÔöÇÔöÇÔöÇÔöÇÔöÇÔöÇÔöÇÔöÇÔöÇÔöÇÔöÇÔöÇÔöÇÔöÇÔöÇÔöÇÔöÇÔöÇÔöÇÔöÇÔöÇÔöÇÔöÇÔöÇÔöÇÔöÇÔöÇÔöÇÔöÇÔöÇÔöÇÔöÇÔöÇÔöÇÔöÇÔöÇÔöÇÔöÇÔöÇ[0m
[38;5;12mÔöîÔöÇÔöÇÔöÇÔöÇÔöÇÔöÇÔöÇÔöÇÔöÇÔöÇÔöÇÔöÇÔöÇÔöÇÔöÇÔöÇÔöÇÔöÇÔöÇÔöÇÔöÇÔöÇÔöÇÔöÇÔöÇÔöÇÔöÇÔöÇÔöÇÔöÇÔöÇÔöÇÔöÇÔöÇÔöÇÔöÇÔöÇÔöÇÔöÇÔöÇÔöÇÔöÇÔöÇÔöÇÔöÇÔöÇÔöÇÔöÇÔöÇÔöÇÔöÇÔöÇÔöÇÔöÇÔöÇÔöÇÔöÇÔöÇÔöÇÔöÇÔöÇÔöÇÔöÇÔöÇÔöÇÔöÇÔöÇÔöÇÔöÇÔöÇÔöÇÔöÇÔöÇÔöÇÔöÇÔöÇÔöÇÔöÇÔöÇ[0m
[38;5;12mÔöé 01:00:45.884 (+0:00:00.022021)[0m
[38;5;12mÔö£ÔöäÔöäÔöäÔöäÔöäÔöäÔöäÔöäÔöäÔöäÔöäÔöäÔöäÔöäÔöäÔöäÔöäÔöäÔöäÔöäÔöäÔöäÔöäÔöäÔöäÔöäÔöäÔöäÔöäÔöäÔöäÔöäÔöäÔöäÔöäÔöäÔöäÔöäÔöäÔöäÔöäÔöäÔöäÔöäÔöäÔöäÔöäÔöäÔöäÔöäÔöäÔöäÔöäÔöäÔöäÔöäÔöäÔöäÔöäÔöäÔöäÔöäÔöäÔöäÔöäÔöäÔöäÔöäÔöäÔöäÔöäÔöäÔöäÔöäÔöäÔöäÔöäÔöäÔöä[0m
[38;5;12mÔöé ­ƒÆí [Tag] Message 282[0m
[38;5;12mÔööÔöÇÔöÇÔöÇÔöÇÔöÇÔöÇÔöÇÔöÇÔöÇÔöÇÔöÇÔöÇÔöÇÔöÇÔöÇÔöÇÔöÇÔöÇÔöÇÔöÇÔöÇÔöÇÔöÇÔöÇÔöÇÔöÇÔöÇÔöÇÔöÇÔöÇÔöÇÔöÇÔöÇÔöÇÔöÇÔöÇÔöÇÔöÇÔöÇÔöÇÔöÇÔöÇÔöÇÔöÇÔöÇÔöÇÔöÇÔöÇÔöÇÔöÇÔöÇÔöÇÔöÇÔöÇÔöÇÔöÇÔöÇÔöÇÔöÇÔöÇÔöÇÔöÇÔöÇÔöÇÔöÇÔöÇÔöÇÔöÇÔöÇÔöÇÔöÇÔöÇÔöÇÔöÇÔöÇÔöÇÔöÇÔöÇÔöÇ[0m
[38;5;12mÔöîÔöÇÔöÇÔöÇÔöÇÔöÇÔöÇÔöÇÔöÇÔöÇÔöÇÔöÇÔöÇÔöÇÔöÇÔöÇÔöÇÔöÇÔöÇÔöÇÔöÇÔöÇÔöÇÔöÇÔöÇÔöÇÔöÇÔöÇÔöÇÔöÇÔöÇÔöÇÔöÇÔöÇÔöÇÔöÇÔöÇÔöÇÔöÇÔöÇÔöÇÔöÇÔöÇÔöÇÔöÇÔöÇÔöÇÔöÇÔöÇÔöÇÔöÇÔöÇÔöÇÔöÇÔöÇÔöÇÔöÇÔöÇÔöÇÔöÇÔöÇÔöÇÔöÇÔöÇÔöÇÔöÇÔöÇÔöÇÔöÇÔöÇÔöÇÔöÇÔöÇÔöÇÔöÇÔöÇÔöÇÔöÇÔöÇÔöÇ[0m
[38;5;12mÔöé 01:00:45.884 (+0:00:00.022021)[0m
[38;5;12mÔö£ÔöäÔöäÔöäÔöäÔöäÔöäÔöäÔöäÔöäÔöäÔöäÔöäÔöäÔöäÔöäÔöäÔöäÔöäÔöäÔöäÔöäÔöäÔöäÔöäÔöäÔöäÔöäÔöäÔöäÔöäÔöäÔöäÔöäÔöäÔöäÔöäÔöäÔöäÔöäÔöäÔöäÔöäÔöäÔöäÔöäÔöäÔöäÔöäÔöäÔöäÔöäÔöäÔöäÔöäÔöäÔöäÔöäÔöäÔöäÔöäÔöäÔöäÔöäÔöäÔöäÔöäÔöäÔöäÔöäÔöäÔöäÔöäÔöäÔöäÔöäÔöäÔöäÔöäÔöä[0m
[38;5;12mÔöé ­ƒÆí [Tag] Message 283[0m
[38;5;12mÔööÔöÇÔöÇÔöÇÔöÇÔöÇÔöÇÔöÇÔöÇÔöÇÔöÇÔöÇÔöÇÔöÇÔöÇÔöÇÔöÇÔöÇÔöÇÔöÇÔöÇÔöÇÔöÇÔöÇÔöÇÔöÇÔöÇÔöÇÔöÇÔöÇÔöÇÔöÇÔöÇÔöÇÔöÇÔöÇÔöÇÔöÇÔöÇÔöÇÔöÇÔöÇÔöÇÔöÇÔöÇÔöÇÔöÇÔöÇÔöÇÔöÇÔöÇÔöÇÔöÇÔöÇÔöÇÔöÇÔöÇÔöÇÔöÇÔöÇÔöÇÔöÇÔöÇÔöÇÔöÇÔöÇÔöÇÔöÇÔöÇÔöÇÔöÇÔöÇÔöÇÔöÇÔöÇÔöÇÔöÇÔöÇÔöÇÔöÇ[0m
[38;5;12mÔöîÔöÇÔöÇÔöÇÔöÇÔöÇÔöÇÔöÇÔöÇÔöÇÔöÇÔöÇÔöÇÔöÇÔöÇÔöÇÔöÇÔöÇÔöÇÔöÇÔöÇÔöÇÔöÇÔöÇÔöÇÔöÇÔöÇÔöÇÔöÇÔöÇÔöÇÔöÇÔöÇÔöÇÔöÇÔöÇÔöÇÔöÇÔöÇÔöÇÔöÇÔöÇÔöÇÔöÇÔöÇÔöÇÔöÇÔöÇÔöÇÔöÇÔöÇÔöÇÔöÇÔöÇÔöÇÔöÇÔöÇÔöÇÔöÇÔöÇÔöÇÔöÇÔöÇÔöÇÔöÇÔöÇÔöÇÔöÇÔöÇÔöÇÔöÇÔöÇÔöÇÔöÇÔöÇÔöÇÔöÇÔöÇÔöÇÔöÇ[0m
[38;5;12mÔöé 01:00:45.884 (+0:00:00.022021)[0m
[38;5;12mÔö£ÔöäÔöäÔöäÔöäÔöäÔöäÔöäÔöäÔöäÔöäÔöäÔöäÔöäÔöäÔöäÔöäÔöäÔöäÔöäÔöäÔöäÔöäÔöäÔöäÔöäÔöäÔöäÔöäÔöäÔöäÔöäÔöäÔöäÔöäÔöäÔöäÔöäÔöäÔöäÔöäÔöäÔöäÔöäÔöäÔöäÔöäÔöäÔöäÔöäÔöäÔöäÔöäÔöäÔöäÔöäÔöäÔöäÔöäÔöäÔöäÔöäÔöäÔöäÔöäÔöäÔöäÔöäÔöäÔöäÔöäÔöäÔöäÔöäÔöäÔöäÔöäÔöäÔöäÔöä[0m
[38;5;12mÔöé ­ƒÆí [Tag] Message 284[0m
[38;5;12mÔööÔöÇÔöÇÔöÇÔöÇÔöÇÔöÇÔöÇÔöÇÔöÇÔöÇÔöÇÔöÇÔöÇÔöÇÔöÇÔöÇÔöÇÔöÇÔöÇÔöÇÔöÇÔöÇÔöÇÔöÇÔöÇÔöÇÔöÇÔöÇÔöÇÔöÇÔöÇÔöÇÔöÇÔöÇÔöÇÔöÇÔöÇÔöÇÔöÇÔöÇÔöÇÔöÇÔöÇÔöÇÔöÇÔöÇÔöÇÔöÇÔöÇÔöÇÔöÇÔöÇÔöÇÔöÇÔöÇÔöÇÔöÇÔöÇÔöÇÔöÇÔöÇÔöÇÔöÇÔöÇÔöÇÔöÇÔöÇÔöÇÔöÇÔöÇÔöÇÔöÇÔöÇÔöÇÔöÇÔöÇÔöÇÔöÇÔöÇ[0m
[38;5;12mÔöîÔöÇÔöÇÔöÇÔöÇÔöÇÔöÇÔöÇÔöÇÔöÇÔöÇÔöÇÔöÇÔöÇÔöÇÔöÇÔöÇÔöÇÔöÇÔöÇÔöÇÔöÇÔöÇÔöÇÔöÇÔöÇÔöÇÔöÇÔöÇÔöÇÔöÇÔöÇÔöÇÔöÇÔöÇÔöÇÔöÇÔöÇÔöÇÔöÇÔöÇÔöÇÔöÇÔöÇÔöÇÔöÇÔöÇÔöÇÔöÇÔöÇÔöÇÔöÇÔöÇÔöÇÔöÇÔöÇÔöÇÔöÇÔöÇÔöÇÔöÇÔöÇÔöÇÔöÇÔöÇÔöÇÔöÇÔöÇÔöÇÔöÇÔöÇÔöÇÔöÇÔöÇÔöÇÔöÇÔöÇÔöÇÔöÇÔöÇ[0m
[38;5;12mÔöé 01:00:45.884 (+0:00:00.022021)[0m
[38;5;12mÔö£ÔöäÔöäÔöäÔöäÔöäÔöäÔöäÔöäÔöäÔöäÔöäÔöäÔöäÔöäÔöäÔöäÔöäÔöäÔöäÔöäÔöäÔöäÔöäÔöäÔöäÔöäÔöäÔöäÔöäÔöäÔöäÔöäÔöäÔöäÔöäÔöäÔöäÔöäÔöäÔöäÔöäÔöäÔöäÔöäÔöäÔöäÔöäÔöäÔöäÔöäÔöäÔöäÔöäÔöäÔöäÔöäÔöäÔöäÔöäÔöäÔöäÔöäÔöäÔöäÔöäÔöäÔöäÔöäÔöäÔöäÔöäÔöäÔöäÔöäÔöäÔöäÔöäÔöäÔöä[0m
[38;5;12mÔöé ­ƒÆí [Tag] Message 285[0m
[38;5;12mÔööÔöÇÔöÇÔöÇÔöÇÔöÇÔöÇÔöÇÔöÇÔöÇÔöÇÔöÇÔöÇÔöÇÔöÇÔöÇÔöÇÔöÇÔöÇÔöÇÔöÇÔöÇÔöÇÔöÇÔöÇÔöÇÔöÇÔöÇÔöÇÔöÇÔöÇÔöÇÔöÇÔöÇÔöÇÔöÇÔöÇÔöÇÔöÇÔöÇÔöÇÔöÇÔöÇÔöÇÔöÇÔöÇÔöÇÔöÇÔöÇÔöÇÔöÇÔöÇÔöÇÔöÇÔöÇÔöÇÔöÇÔöÇÔöÇÔöÇÔöÇÔöÇÔöÇÔöÇÔöÇÔöÇÔöÇÔöÇÔöÇÔöÇÔöÇÔöÇÔöÇÔöÇÔöÇÔöÇÔöÇÔöÇÔöÇÔöÇ[0m
[38;5;12mÔöîÔöÇÔöÇÔöÇÔöÇÔöÇÔöÇÔöÇÔöÇÔöÇÔöÇÔöÇÔöÇÔöÇÔöÇÔöÇÔöÇÔöÇÔöÇÔöÇÔöÇÔöÇÔöÇÔöÇÔöÇÔöÇÔöÇÔöÇÔöÇÔöÇÔöÇÔöÇÔöÇÔöÇÔöÇÔöÇÔöÇÔöÇÔöÇÔöÇÔöÇÔöÇÔöÇÔöÇÔöÇÔöÇÔöÇÔöÇÔöÇÔöÇÔöÇÔöÇÔöÇÔöÇÔöÇÔöÇÔöÇÔöÇÔöÇÔöÇÔöÇÔöÇÔöÇÔöÇÔöÇÔöÇÔöÇÔöÇÔöÇÔöÇÔöÇÔöÇÔöÇÔöÇÔöÇÔöÇÔöÇÔöÇÔöÇÔöÇ[0m
[38;5;12mÔöé 01:00:45.884 (+0:00:00.022021)[0m
[38;5;12mÔö£ÔöäÔöäÔöäÔöäÔöäÔöäÔöäÔöäÔöäÔöäÔöäÔöäÔöäÔöäÔöäÔöäÔöäÔöäÔöäÔöäÔöäÔöäÔöäÔöäÔöäÔöäÔöäÔöäÔöäÔöäÔöäÔöäÔöäÔöäÔöäÔöäÔöäÔöäÔöäÔöäÔöäÔöäÔöäÔöäÔöäÔöäÔöäÔöäÔöäÔöäÔöäÔöäÔöäÔöäÔöäÔöäÔöäÔöäÔöäÔöäÔöäÔöäÔöäÔöäÔöäÔöäÔöäÔöäÔöäÔöäÔöäÔöäÔöäÔöäÔöäÔöäÔöäÔöäÔöä[0m
[38;5;12mÔöé ­ƒÆí [Tag] Message 286[0m
[38;5;12mÔööÔöÇÔöÇÔöÇÔöÇÔöÇÔöÇÔöÇÔöÇÔöÇÔöÇÔöÇÔöÇÔöÇÔöÇÔöÇÔöÇÔöÇÔöÇÔöÇÔöÇÔöÇÔöÇÔöÇÔöÇÔöÇÔöÇÔöÇÔöÇÔöÇÔöÇÔöÇÔöÇÔöÇÔöÇÔöÇÔöÇÔöÇÔöÇÔöÇÔöÇÔöÇÔöÇÔöÇÔöÇÔöÇÔöÇÔöÇÔöÇÔöÇÔöÇÔöÇÔöÇÔöÇÔöÇÔöÇÔöÇÔöÇÔöÇÔöÇÔöÇÔöÇÔöÇÔöÇÔöÇÔöÇÔöÇÔöÇÔöÇÔöÇÔöÇÔöÇÔöÇÔöÇÔöÇÔöÇÔöÇÔöÇÔöÇÔöÇ[0m
[38;5;12mÔöîÔöÇÔöÇÔöÇÔöÇÔöÇÔöÇÔöÇÔöÇÔöÇÔöÇÔöÇÔöÇÔöÇÔöÇÔöÇÔöÇÔöÇÔöÇÔöÇÔöÇÔöÇÔöÇÔöÇÔöÇÔöÇÔöÇÔöÇÔöÇÔöÇÔöÇÔöÇÔöÇÔöÇÔöÇÔöÇÔöÇÔöÇÔöÇÔöÇÔöÇÔöÇÔöÇÔöÇÔöÇÔöÇÔöÇÔöÇÔöÇÔöÇÔöÇÔöÇÔöÇÔöÇÔöÇÔöÇÔöÇÔöÇÔöÇÔöÇÔöÇÔöÇÔöÇÔöÇÔöÇÔöÇÔöÇÔöÇÔöÇÔöÇÔöÇÔöÇÔöÇÔöÇÔöÇÔöÇÔöÇÔöÇÔöÇÔöÇ[0m
[38;5;12mÔöé 01:00:45.884 (+0:00:00.022021)[0m
[38;5;12mÔö£ÔöäÔöäÔöäÔöäÔöäÔöäÔöäÔöäÔöäÔöäÔöäÔöäÔöäÔöäÔöäÔöäÔöäÔöäÔöäÔöäÔöäÔöäÔöäÔöäÔöäÔöäÔöäÔöäÔöäÔöäÔöäÔöäÔöäÔöäÔöäÔöäÔöäÔöäÔöäÔöäÔöäÔöäÔöäÔöäÔöäÔöäÔöäÔöäÔöäÔöäÔöäÔöäÔöäÔöäÔöäÔöäÔöäÔöäÔöäÔöäÔöäÔöäÔöäÔöäÔöäÔöäÔöäÔöäÔöäÔöäÔöäÔöäÔöäÔöäÔöäÔöäÔöäÔöäÔöä[0m
[38;5;12mÔöé ­ƒÆí [Tag] Message 287[0m
[38;5;12mÔööÔöÇÔöÇÔöÇÔöÇÔöÇÔöÇÔöÇÔöÇÔöÇÔöÇÔöÇÔöÇÔöÇÔöÇÔöÇÔöÇÔöÇÔöÇÔöÇÔöÇÔöÇÔöÇÔöÇÔöÇÔöÇÔöÇÔöÇÔöÇÔöÇÔöÇÔöÇÔöÇÔöÇÔöÇÔöÇÔöÇÔöÇÔöÇÔöÇÔöÇÔöÇÔöÇÔöÇÔöÇÔöÇÔöÇÔöÇÔöÇÔöÇÔöÇÔöÇÔöÇÔöÇÔöÇÔöÇÔöÇÔöÇÔöÇÔöÇÔöÇÔöÇÔöÇÔöÇÔöÇÔöÇÔöÇÔöÇÔöÇÔöÇÔöÇÔöÇÔöÇÔöÇÔöÇÔöÇÔöÇÔöÇÔöÇÔöÇ[0m
[38;5;12mÔöîÔöÇÔöÇÔöÇÔöÇÔöÇÔöÇÔöÇÔöÇÔöÇÔöÇÔöÇÔöÇÔöÇÔöÇÔöÇÔöÇÔöÇÔöÇÔöÇÔöÇÔöÇÔöÇÔöÇÔöÇÔöÇÔöÇÔöÇÔöÇÔöÇÔöÇÔöÇÔöÇÔöÇÔöÇÔöÇÔöÇÔöÇÔöÇÔöÇÔöÇÔöÇÔöÇÔöÇÔöÇÔöÇÔöÇÔöÇÔöÇÔöÇÔöÇÔöÇÔöÇÔöÇÔöÇÔöÇÔöÇÔöÇÔöÇÔöÇÔöÇÔöÇÔöÇÔöÇÔöÇÔöÇÔöÇÔöÇÔöÇÔöÇÔöÇÔöÇÔöÇÔöÇÔöÇÔöÇÔöÇÔöÇÔöÇÔöÇ[0m
[38;5;12mÔöé 01:00:45.884 (+0:00:00.022021)[0m
[38;5;12mÔö£ÔöäÔöäÔöäÔöäÔöäÔöäÔöäÔöäÔöäÔöäÔöäÔöäÔöäÔöäÔöäÔöäÔöäÔöäÔöäÔöäÔöäÔöäÔöäÔöäÔöäÔöäÔöäÔöäÔöäÔöäÔöäÔöäÔöäÔöäÔöäÔöäÔöäÔöäÔöäÔöäÔöäÔöäÔöäÔöäÔöäÔöäÔöäÔöäÔöäÔöäÔöäÔöäÔöäÔöäÔöäÔöäÔöäÔöäÔöäÔöäÔöäÔöäÔöäÔöäÔöäÔöäÔöäÔöäÔöäÔöäÔöäÔöäÔöäÔöäÔöäÔöäÔöäÔöäÔöä[0m
[38;5;12mÔöé ­ƒÆí [Tag] Message 288[0m
[38;5;12mÔööÔöÇÔöÇÔöÇÔöÇÔöÇÔöÇÔöÇÔöÇÔöÇÔöÇÔöÇÔöÇÔöÇÔöÇÔöÇÔöÇÔöÇÔöÇÔöÇÔöÇÔöÇÔöÇÔöÇÔöÇÔöÇÔöÇÔöÇÔöÇÔöÇÔöÇÔöÇÔöÇÔöÇÔöÇÔöÇÔöÇÔöÇÔöÇÔöÇÔöÇÔöÇÔöÇÔöÇÔöÇÔöÇÔöÇÔöÇÔöÇÔöÇÔöÇÔöÇÔöÇÔöÇÔöÇÔöÇÔöÇÔöÇÔöÇÔöÇÔöÇÔöÇÔöÇÔöÇÔöÇÔöÇÔöÇÔöÇÔöÇÔöÇÔöÇÔöÇÔöÇÔöÇÔöÇÔöÇÔöÇÔöÇÔöÇÔöÇ[0m
[38;5;12mÔöîÔöÇÔöÇÔöÇÔöÇÔöÇÔöÇÔöÇÔöÇÔöÇÔöÇÔöÇÔöÇÔöÇÔöÇÔöÇÔöÇÔöÇÔöÇÔöÇÔöÇÔöÇÔöÇÔöÇÔöÇÔöÇÔöÇÔöÇÔöÇÔöÇÔöÇÔöÇÔöÇÔöÇÔöÇÔöÇÔöÇÔöÇÔöÇÔöÇÔöÇÔöÇÔöÇÔöÇÔöÇÔöÇÔöÇÔöÇÔöÇÔöÇÔöÇÔöÇÔöÇÔöÇÔöÇÔöÇÔöÇÔöÇÔöÇÔöÇÔöÇÔöÇÔöÇÔöÇÔöÇÔöÇÔöÇÔöÇÔöÇÔöÇÔöÇÔöÇÔöÇÔöÇÔöÇÔöÇÔöÇÔöÇÔöÇÔöÇ[0m
[38;5;12mÔöé 01:00:45.884 (+0:00:00.022021)[0m
[38;5;12mÔö£ÔöäÔöäÔöäÔöäÔöäÔöäÔöäÔöäÔöäÔöäÔöäÔöäÔöäÔöäÔöäÔöäÔöäÔöäÔöäÔöäÔöäÔöäÔöäÔöäÔöäÔöäÔöäÔöäÔöäÔöäÔöäÔöäÔöäÔöäÔöäÔöäÔöäÔöäÔöäÔöäÔöäÔöäÔöäÔöäÔöäÔöäÔöäÔöäÔöäÔöäÔöäÔöäÔöäÔöäÔöäÔöäÔöäÔöäÔöäÔöäÔöäÔöäÔöäÔöäÔöäÔöäÔöäÔöäÔöäÔöäÔöäÔöäÔöäÔöäÔöäÔöäÔöäÔöäÔöä[0m
[38;5;12mÔöé ­ƒÆí [Tag] Message 289[0m
[38;5;12mÔööÔöÇÔöÇÔöÇÔöÇÔöÇÔöÇÔöÇÔöÇÔöÇÔöÇÔöÇÔöÇÔöÇÔöÇÔöÇÔöÇÔöÇÔöÇÔöÇÔöÇÔöÇÔöÇÔöÇÔöÇÔöÇÔöÇÔöÇÔöÇÔöÇÔöÇÔöÇÔöÇÔöÇÔöÇÔöÇÔöÇÔöÇÔöÇÔöÇÔöÇÔöÇÔöÇÔöÇÔöÇÔöÇÔöÇÔöÇÔöÇÔöÇÔöÇÔöÇÔöÇÔöÇÔöÇÔöÇÔöÇÔöÇÔöÇÔöÇÔöÇÔöÇÔöÇÔöÇÔöÇÔöÇÔöÇÔöÇÔöÇÔöÇÔöÇÔöÇÔöÇÔöÇÔöÇÔöÇÔöÇÔöÇÔöÇÔöÇ[0m
[38;5;12mÔöîÔöÇÔöÇÔöÇÔöÇÔöÇÔöÇÔöÇÔöÇÔöÇÔöÇÔöÇÔöÇÔöÇÔöÇÔöÇÔöÇÔöÇÔöÇÔöÇÔöÇÔöÇÔöÇÔöÇÔöÇÔöÇÔöÇÔöÇÔöÇÔöÇÔöÇÔöÇÔöÇÔöÇÔöÇÔöÇÔöÇÔöÇÔöÇÔöÇÔöÇÔöÇÔöÇÔöÇÔöÇÔöÇÔöÇÔöÇÔöÇÔöÇÔöÇÔöÇÔöÇÔöÇÔöÇÔöÇÔöÇÔöÇÔöÇÔöÇÔöÇÔöÇÔöÇÔöÇÔöÇÔöÇÔöÇÔöÇÔöÇÔöÇÔöÇÔöÇÔöÇÔöÇÔöÇÔöÇÔöÇÔöÇÔöÇÔöÇ[0m
[38;5;12mÔöé 01:00:45.884 (+0:00:00.022021)[0m
[38;5;12mÔö£ÔöäÔöäÔöäÔöäÔöäÔöäÔöäÔöäÔöäÔöäÔöäÔöäÔöäÔöäÔöäÔöäÔöäÔöäÔöäÔöäÔöäÔöäÔöäÔöäÔöäÔöäÔöäÔöäÔöäÔöäÔöäÔöäÔöäÔöäÔöäÔöäÔöäÔöäÔöäÔöäÔöäÔöäÔöäÔöäÔöäÔöäÔöäÔöäÔöäÔöäÔöäÔöäÔöäÔöäÔöäÔöäÔöäÔöäÔöäÔöäÔöäÔöäÔöäÔöäÔöäÔöäÔöäÔöäÔöäÔöäÔöäÔöäÔöäÔöäÔöäÔöäÔöäÔöäÔöä[0m
[38;5;12mÔöé ­ƒÆí [Tag] Message 290[0m
[38;5;12mÔööÔöÇÔöÇÔöÇÔöÇÔöÇÔöÇÔöÇÔöÇÔöÇÔöÇÔöÇÔöÇÔöÇÔöÇÔöÇÔöÇÔöÇÔöÇÔöÇÔöÇÔöÇÔöÇÔöÇÔöÇÔöÇÔöÇÔöÇÔöÇÔöÇÔöÇÔöÇÔöÇÔöÇÔöÇÔöÇÔöÇÔöÇÔöÇÔöÇÔöÇÔöÇÔöÇÔöÇÔöÇÔöÇÔöÇÔöÇÔöÇÔöÇÔöÇÔöÇÔöÇÔöÇÔöÇÔöÇÔöÇÔöÇÔöÇÔöÇÔöÇÔöÇÔöÇÔöÇÔöÇÔöÇÔöÇÔöÇÔöÇÔöÇÔöÇÔöÇÔöÇÔöÇÔöÇÔöÇÔöÇÔöÇÔöÇÔöÇ[0m
[38;5;12mÔöîÔöÇÔöÇÔöÇÔöÇÔöÇÔöÇÔöÇÔöÇÔöÇÔöÇÔöÇÔöÇÔöÇÔöÇÔöÇÔöÇÔöÇÔöÇÔöÇÔöÇÔöÇÔöÇÔöÇÔöÇÔöÇÔöÇÔöÇÔöÇÔöÇÔöÇÔöÇÔöÇÔöÇÔöÇÔöÇÔöÇÔöÇÔöÇÔöÇÔöÇÔöÇÔöÇÔöÇÔöÇÔöÇÔöÇÔöÇÔöÇÔöÇÔöÇÔöÇÔöÇÔöÇÔöÇÔöÇÔöÇÔöÇÔöÇÔöÇÔöÇÔöÇÔöÇÔöÇÔöÇÔöÇÔöÇÔöÇÔöÇÔöÇÔöÇÔöÇÔöÇÔöÇÔöÇÔöÇÔöÇÔöÇÔöÇÔöÇ[0m
[38;5;12mÔöé 01:00:45.884 (+0:00:00.022021)[0m
[38;5;12mÔö£ÔöäÔöäÔöäÔöäÔöäÔöäÔöäÔöäÔöäÔöäÔöäÔöäÔöäÔöäÔöäÔöäÔöäÔöäÔöäÔöäÔöäÔöäÔöäÔöäÔöäÔöäÔöäÔöäÔöäÔöäÔöäÔöäÔöäÔöäÔöäÔöäÔöäÔöäÔöäÔöäÔöäÔöäÔöäÔöäÔöäÔöäÔöäÔöäÔöäÔöäÔöäÔöäÔöäÔöäÔöäÔöäÔöäÔöäÔöäÔöäÔöäÔöäÔöäÔöäÔöäÔöäÔöäÔöäÔöäÔöäÔöäÔöäÔöäÔöäÔöäÔöäÔöäÔöäÔöä[0m
[38;5;12mÔöé ­ƒÆí [Tag] Message 291[0m
[38;5;12mÔööÔöÇÔöÇÔöÇÔöÇÔöÇÔöÇÔöÇÔöÇÔöÇÔöÇÔöÇÔöÇÔöÇÔöÇÔöÇÔöÇÔöÇÔöÇÔöÇÔöÇÔöÇÔöÇÔöÇÔöÇÔöÇÔöÇÔöÇÔöÇÔöÇÔöÇÔöÇÔöÇÔöÇÔöÇÔöÇÔöÇÔöÇÔöÇÔöÇÔöÇÔöÇÔöÇÔöÇÔöÇÔöÇÔöÇÔöÇÔöÇÔöÇÔöÇÔöÇÔöÇÔöÇÔöÇÔöÇÔöÇÔöÇÔöÇÔöÇÔöÇÔöÇÔöÇÔöÇÔöÇÔöÇÔöÇÔöÇÔöÇÔöÇÔöÇÔöÇÔöÇÔöÇÔöÇÔöÇÔöÇÔöÇÔöÇÔöÇ[0m
[38;5;12mÔöîÔöÇÔöÇÔöÇÔöÇÔöÇÔöÇÔöÇÔöÇÔöÇÔöÇÔöÇÔöÇÔöÇÔöÇÔöÇÔöÇÔöÇÔöÇÔöÇÔöÇÔöÇÔöÇÔöÇÔöÇÔöÇÔöÇÔöÇÔöÇÔöÇÔöÇÔöÇÔöÇÔöÇÔöÇÔöÇÔöÇÔöÇÔöÇÔöÇÔöÇÔöÇÔöÇÔöÇÔöÇÔöÇÔöÇÔöÇÔöÇÔöÇÔöÇÔöÇÔöÇÔöÇÔöÇÔöÇÔöÇÔöÇÔöÇÔöÇÔöÇÔöÇÔöÇÔöÇÔöÇÔöÇÔöÇÔöÇÔöÇÔöÇÔöÇÔöÇÔöÇÔöÇÔöÇÔöÇÔöÇÔöÇÔöÇÔöÇ[0m
[38;5;12mÔöé 01:00:45.884 (+0:00:00.022021)[0m
[38;5;12mÔö£ÔöäÔöäÔöäÔöäÔöäÔöäÔöäÔöäÔöäÔöäÔöäÔöäÔöäÔöäÔöäÔöäÔöäÔöäÔöäÔöäÔöäÔöäÔöäÔöäÔöäÔöäÔöäÔöäÔöäÔöäÔöäÔöäÔöäÔöäÔöäÔöäÔöäÔöäÔöäÔöäÔöäÔöäÔöäÔöäÔöäÔöäÔöäÔöäÔöäÔöäÔöäÔöäÔöäÔöäÔöäÔöäÔöäÔöäÔöäÔöäÔöäÔöäÔöäÔöäÔöäÔöäÔöäÔöäÔöäÔöäÔöäÔöäÔöäÔöäÔöäÔöäÔöäÔöäÔöä[0m
[38;5;12mÔöé ­ƒÆí [Tag] Message 292[0m
[38;5;12mÔööÔöÇÔöÇÔöÇÔöÇÔöÇÔöÇÔöÇÔöÇÔöÇÔöÇÔöÇÔöÇÔöÇÔöÇÔöÇÔöÇÔöÇÔöÇÔöÇÔöÇÔöÇÔöÇÔöÇÔöÇÔöÇÔöÇÔöÇÔöÇÔöÇÔöÇÔöÇÔöÇÔöÇÔöÇÔöÇÔöÇÔöÇÔöÇÔöÇÔöÇÔöÇÔöÇÔöÇÔöÇÔöÇÔöÇÔöÇÔöÇÔöÇÔöÇÔöÇÔöÇÔöÇÔöÇÔöÇÔöÇÔöÇÔöÇÔöÇÔöÇÔöÇÔöÇÔöÇÔöÇÔöÇÔöÇÔöÇÔöÇÔöÇÔöÇÔöÇÔöÇÔöÇÔöÇÔöÇÔöÇÔöÇÔöÇÔöÇ[0m
[38;5;12mÔöîÔöÇÔöÇÔöÇÔöÇÔöÇÔöÇÔöÇÔöÇÔöÇÔöÇÔöÇÔöÇÔöÇÔöÇÔöÇÔöÇÔöÇÔöÇÔöÇÔöÇÔöÇÔöÇÔöÇÔöÇÔöÇÔöÇÔöÇÔöÇÔöÇÔöÇÔöÇÔöÇÔöÇÔöÇÔöÇÔöÇÔöÇÔöÇÔöÇÔöÇÔöÇÔöÇÔöÇÔöÇÔöÇÔöÇÔöÇÔöÇÔöÇÔöÇÔöÇÔöÇÔöÇÔöÇÔöÇÔöÇÔöÇÔöÇÔöÇÔöÇÔöÇÔöÇÔöÇÔöÇÔöÇÔöÇÔöÇÔöÇÔöÇÔöÇÔöÇÔöÇÔöÇÔöÇÔöÇÔöÇÔöÇÔöÇÔöÇ[0m
[38;5;12mÔöé 01:00:45.884 (+0:00:00.022021)[0m
[38;5;12mÔö£ÔöäÔöäÔöäÔöäÔöäÔöäÔöäÔöäÔöäÔöäÔöäÔöäÔöäÔöäÔöäÔöäÔöäÔöäÔöäÔöäÔöäÔöäÔöäÔöäÔöäÔöäÔöäÔöäÔöäÔöäÔöäÔöäÔöäÔöäÔöäÔöäÔöäÔöäÔöäÔöäÔöäÔöäÔöäÔöäÔöäÔöäÔöäÔöäÔöäÔöäÔöäÔöäÔöäÔöäÔöäÔöäÔöäÔöäÔöäÔöäÔöäÔöäÔöäÔöäÔöäÔöäÔöäÔöäÔöäÔöäÔöäÔöäÔöäÔöäÔöäÔöäÔöäÔöäÔöä[0m
[38;5;12mÔöé ­ƒÆí [Tag] Message 293[0m
[38;5;12mÔööÔöÇÔöÇÔöÇÔöÇÔöÇÔöÇÔöÇÔöÇÔöÇÔöÇÔöÇÔöÇÔöÇÔöÇÔöÇÔöÇÔöÇÔöÇÔöÇÔöÇÔöÇÔöÇÔöÇÔöÇÔöÇÔöÇÔöÇÔöÇÔöÇÔöÇÔöÇÔöÇÔöÇÔöÇÔöÇÔöÇÔöÇÔöÇÔöÇÔöÇÔöÇÔöÇÔöÇÔöÇÔöÇÔöÇÔöÇÔöÇÔöÇÔöÇÔöÇÔöÇÔöÇÔöÇÔöÇÔöÇÔöÇÔöÇÔöÇÔöÇÔöÇÔöÇÔöÇÔöÇÔöÇÔöÇÔöÇÔöÇÔöÇÔöÇÔöÇÔöÇÔöÇÔöÇÔöÇÔöÇÔöÇÔöÇÔöÇ[0m
[38;5;12mÔöîÔöÇÔöÇÔöÇÔöÇÔöÇÔöÇÔöÇÔöÇÔöÇÔöÇÔöÇÔöÇÔöÇÔöÇÔöÇÔöÇÔöÇÔöÇÔöÇÔöÇÔöÇÔöÇÔöÇÔöÇÔöÇÔöÇÔöÇÔöÇÔöÇÔöÇÔöÇÔöÇÔöÇÔöÇÔöÇÔöÇÔöÇÔöÇÔöÇÔöÇÔöÇÔöÇÔöÇÔöÇÔöÇÔöÇÔöÇÔöÇÔöÇÔöÇÔöÇÔöÇÔöÇÔöÇÔöÇÔöÇÔöÇÔöÇÔöÇÔöÇÔöÇÔöÇÔöÇÔöÇÔöÇÔöÇÔöÇÔöÇÔöÇÔöÇÔöÇÔöÇÔöÇÔöÇÔöÇÔöÇÔöÇÔöÇÔöÇ[0m
[38;5;12mÔöé 01:00:45.884 (+0:00:00.022021)[0m
[38;5;12mÔö£ÔöäÔöäÔöäÔöäÔöäÔöäÔöäÔöäÔöäÔöäÔöäÔöäÔöäÔöäÔöäÔöäÔöäÔöäÔöäÔöäÔöäÔöäÔöäÔöäÔöäÔöäÔöäÔöäÔöäÔöäÔöäÔöäÔöäÔöäÔöäÔöäÔöäÔöäÔöäÔöäÔöäÔöäÔöäÔöäÔöäÔöäÔöäÔöäÔöäÔöäÔöäÔöäÔöäÔöäÔöäÔöäÔöäÔöäÔöäÔöäÔöäÔöäÔöäÔöäÔöäÔöäÔöäÔöäÔöäÔöäÔöäÔöäÔöäÔöäÔöäÔöäÔöäÔöäÔöä[0m
[38;5;12mÔöé ­ƒÆí [Tag] Message 294[0m
[38;5;12mÔööÔöÇÔöÇÔöÇÔöÇÔöÇÔöÇÔöÇÔöÇÔöÇÔöÇÔöÇÔöÇÔöÇÔöÇÔöÇÔöÇÔöÇÔöÇÔöÇÔöÇÔöÇÔöÇÔöÇÔöÇÔöÇÔöÇÔöÇÔöÇÔöÇÔöÇÔöÇÔöÇÔöÇÔöÇÔöÇÔöÇÔöÇÔöÇÔöÇÔöÇÔöÇÔöÇÔöÇÔöÇÔöÇÔöÇÔöÇÔöÇÔöÇÔöÇÔöÇÔöÇÔöÇÔöÇÔöÇÔöÇÔöÇÔöÇÔöÇÔöÇÔöÇÔöÇÔöÇÔöÇÔöÇÔöÇÔöÇÔöÇÔöÇÔöÇÔöÇÔöÇÔöÇÔöÇÔöÇÔöÇÔöÇÔöÇÔöÇ[0m
[38;5;12mÔöîÔöÇÔöÇÔöÇÔöÇÔöÇÔöÇÔöÇÔöÇÔöÇÔöÇÔöÇÔöÇÔöÇÔöÇÔöÇÔöÇÔöÇÔöÇÔöÇÔöÇÔöÇÔöÇÔöÇÔöÇÔöÇÔöÇÔöÇÔöÇÔöÇÔöÇÔöÇÔöÇÔöÇÔöÇÔöÇÔöÇÔöÇÔöÇÔöÇÔöÇÔöÇÔöÇÔöÇÔöÇÔöÇÔöÇÔöÇÔöÇÔöÇÔöÇÔöÇÔöÇÔöÇÔöÇÔöÇÔöÇÔöÇÔöÇÔöÇÔöÇÔöÇÔöÇÔöÇÔöÇÔöÇÔöÇÔöÇÔöÇÔöÇÔöÇÔöÇÔöÇÔöÇÔöÇÔöÇÔöÇÔöÇÔöÇÔöÇ[0m
[38;5;12mÔöé 01:00:45.884 (+0:00:00.022021)[0m
[38;5;12mÔö£ÔöäÔöäÔöäÔöäÔöäÔöäÔöäÔöäÔöäÔöäÔöäÔöäÔöäÔöäÔöäÔöäÔöäÔöäÔöäÔöäÔöäÔöäÔöäÔöäÔöäÔöäÔöäÔöäÔöäÔöäÔöäÔöäÔöäÔöäÔöäÔöäÔöäÔöäÔöäÔöäÔöäÔöäÔöäÔöäÔöäÔöäÔöäÔöäÔöäÔöäÔöäÔöäÔöäÔöäÔöäÔöäÔöäÔöäÔöäÔöäÔöäÔöäÔöäÔöäÔöäÔöäÔöäÔöäÔöäÔöäÔöäÔöäÔöäÔöäÔöäÔöäÔöäÔöäÔöä[0m
[38;5;12mÔöé ­ƒÆí [Tag] Message 295[0m
[38;5;12mÔööÔöÇÔöÇÔöÇÔöÇÔöÇÔöÇÔöÇÔöÇÔöÇÔöÇÔöÇÔöÇÔöÇÔöÇÔöÇÔöÇÔöÇÔöÇÔöÇÔöÇÔöÇÔöÇÔöÇÔöÇÔöÇÔöÇÔöÇÔöÇÔöÇÔöÇÔöÇÔöÇÔöÇÔöÇÔöÇÔöÇÔöÇÔöÇÔöÇÔöÇÔöÇÔöÇÔöÇÔöÇÔöÇÔöÇÔöÇÔöÇÔöÇÔöÇÔöÇÔöÇÔöÇÔöÇÔöÇÔöÇÔöÇÔöÇÔöÇÔöÇÔöÇÔöÇÔöÇÔöÇÔöÇÔöÇÔöÇÔöÇÔöÇÔöÇÔöÇÔöÇÔöÇÔöÇÔöÇÔöÇÔöÇÔöÇÔöÇ[0m
[38;5;12mÔöîÔöÇÔöÇÔöÇÔöÇÔöÇÔöÇÔöÇÔöÇÔöÇÔöÇÔöÇÔöÇÔöÇÔöÇÔöÇÔöÇÔöÇÔöÇÔöÇÔöÇÔöÇÔöÇÔöÇÔöÇÔöÇÔöÇÔöÇÔöÇÔöÇÔöÇÔöÇÔöÇÔöÇÔöÇÔöÇÔöÇÔöÇÔöÇÔöÇÔöÇÔöÇÔöÇÔöÇÔöÇÔöÇÔöÇÔöÇÔöÇÔöÇÔöÇÔöÇÔöÇÔöÇÔöÇÔöÇÔöÇÔöÇÔöÇÔöÇÔöÇÔöÇÔöÇÔöÇÔöÇÔöÇÔöÇÔöÇÔöÇÔöÇÔöÇÔöÇÔöÇÔöÇÔöÇÔöÇÔöÇÔöÇÔöÇÔöÇ[0m
[38;5;12mÔöé 01:00:45.884 (+0:00:00.022021)[0m
[38;5;12mÔö£ÔöäÔöäÔöäÔöäÔöäÔöäÔöäÔöäÔöäÔöäÔöäÔöäÔöäÔöäÔöäÔöäÔöäÔöäÔöäÔöäÔöäÔöäÔöäÔöäÔöäÔöäÔöäÔöäÔöäÔöäÔöäÔöäÔöäÔöäÔöäÔöäÔöäÔöäÔöäÔöäÔöäÔöäÔöäÔöäÔöäÔöäÔöäÔöäÔöäÔöäÔöäÔöäÔöäÔöäÔöäÔöäÔöäÔöäÔöäÔöäÔöäÔöäÔöäÔöäÔöäÔöäÔöäÔöäÔöäÔöäÔöäÔöäÔöäÔöäÔöäÔöäÔöäÔöäÔöä[0m
[38;5;12mÔöé ­ƒÆí [Tag] Message 296[0m
[38;5;12mÔööÔöÇÔöÇÔöÇÔöÇÔöÇÔöÇÔöÇÔöÇÔöÇÔöÇÔöÇÔöÇÔöÇÔöÇÔöÇÔöÇÔöÇÔöÇÔöÇÔöÇÔöÇÔöÇÔöÇÔöÇÔöÇÔöÇÔöÇÔöÇÔöÇÔöÇÔöÇÔöÇÔöÇÔöÇÔöÇÔöÇÔöÇÔöÇÔöÇÔöÇÔöÇÔöÇÔöÇÔöÇÔöÇÔöÇÔöÇÔöÇÔöÇÔöÇÔöÇÔöÇÔöÇÔöÇÔöÇÔöÇÔöÇÔöÇÔöÇÔöÇÔöÇÔöÇÔöÇÔöÇÔöÇÔöÇÔöÇÔöÇÔöÇÔöÇÔöÇÔöÇÔöÇÔöÇÔöÇÔöÇÔöÇÔöÇÔöÇ[0m
[38;5;12mÔöîÔöÇÔöÇÔöÇÔöÇÔöÇÔöÇÔöÇÔöÇÔöÇÔöÇÔöÇÔöÇÔöÇÔöÇÔöÇÔöÇÔöÇÔöÇÔöÇÔöÇÔöÇÔöÇÔöÇÔöÇÔöÇÔöÇÔöÇÔöÇÔöÇÔöÇÔöÇÔöÇÔöÇÔöÇÔöÇÔöÇÔöÇÔöÇÔöÇÔöÇÔöÇÔöÇÔöÇÔöÇÔöÇÔöÇÔöÇÔöÇÔöÇÔöÇÔöÇÔöÇÔöÇÔöÇÔöÇÔöÇÔöÇÔöÇÔöÇÔöÇÔöÇÔöÇÔöÇÔöÇÔöÇÔöÇÔöÇÔöÇÔöÇÔöÇÔöÇÔöÇÔöÇÔöÇÔöÇÔöÇÔöÇÔöÇÔöÇ[0m
[38;5;12mÔöé 01:00:45.884 (+0:00:00.022021)[0m
[38;5;12mÔö£ÔöäÔöäÔöäÔöäÔöäÔöäÔöäÔöäÔöäÔöäÔöäÔöäÔöäÔöäÔöäÔöäÔöäÔöäÔöäÔöäÔöäÔöäÔöäÔöäÔöäÔöäÔöäÔöäÔöäÔöäÔöäÔöäÔöäÔöäÔöäÔöäÔöäÔöäÔöäÔöäÔöäÔöäÔöäÔöäÔöäÔöäÔöäÔöäÔöäÔöäÔöäÔöäÔöäÔöäÔöäÔöäÔöäÔöäÔöäÔöäÔöäÔöäÔöäÔöäÔöäÔöäÔöäÔöäÔöäÔöäÔöäÔöäÔöäÔöäÔöäÔöäÔöäÔöäÔöä[0m
[38;5;12mÔöé ­ƒÆí [Tag] Message 297[0m
[38;5;12mÔööÔöÇÔöÇÔöÇÔöÇÔöÇÔöÇÔöÇÔöÇÔöÇÔöÇÔöÇÔöÇÔöÇÔöÇÔöÇÔöÇÔöÇÔöÇÔöÇÔöÇÔöÇÔöÇÔöÇÔöÇÔöÇÔöÇÔöÇÔöÇÔöÇÔöÇÔöÇÔöÇÔöÇÔöÇÔöÇÔöÇÔöÇÔöÇÔöÇÔöÇÔöÇÔöÇÔöÇÔöÇÔöÇÔöÇÔöÇÔöÇÔöÇÔöÇÔöÇÔöÇÔöÇÔöÇÔöÇÔöÇÔöÇÔöÇÔöÇÔöÇÔöÇÔöÇÔöÇÔöÇÔöÇÔöÇÔöÇÔöÇÔöÇÔöÇÔöÇÔöÇÔöÇÔöÇÔöÇÔöÇÔöÇÔöÇÔöÇ[0m
[38;5;12mÔöîÔöÇÔöÇÔöÇÔöÇÔöÇÔöÇÔöÇÔöÇÔöÇÔöÇÔöÇÔöÇÔöÇÔöÇÔöÇÔöÇÔöÇÔöÇÔöÇÔöÇÔöÇÔöÇÔöÇÔöÇÔöÇÔöÇÔöÇÔöÇÔöÇÔöÇÔöÇÔöÇÔöÇÔöÇÔöÇÔöÇÔöÇÔöÇÔöÇÔöÇÔöÇÔöÇÔöÇÔöÇÔöÇÔöÇÔöÇÔöÇÔöÇÔöÇÔöÇÔöÇÔöÇÔöÇÔöÇÔöÇÔöÇÔöÇÔöÇÔöÇÔöÇÔöÇÔöÇÔöÇÔöÇÔöÇÔöÇÔöÇÔöÇÔöÇÔöÇÔöÇÔöÇÔöÇÔöÇÔöÇÔöÇÔöÇÔöÇ[0m
[38;5;12mÔöé 01:00:45.884 (+0:00:00.022021)[0m
[38;5;12mÔö£ÔöäÔöäÔöäÔöäÔöäÔöäÔöäÔöäÔöäÔöäÔöäÔöäÔöäÔöäÔöäÔöäÔöäÔöäÔöäÔöäÔöäÔöäÔöäÔöäÔöäÔöäÔöäÔöäÔöäÔöäÔöäÔöäÔöäÔöäÔöäÔöäÔöäÔöäÔöäÔöäÔöäÔöäÔöäÔöäÔöäÔöäÔöäÔöäÔöäÔöäÔöäÔöäÔöäÔöäÔöäÔöäÔöäÔöäÔöäÔöäÔöäÔöäÔöäÔöäÔöäÔöäÔöäÔöäÔöäÔöäÔöäÔöäÔöäÔöäÔöäÔöäÔöäÔöäÔöä[0m
[38;5;12mÔöé ­ƒÆí [Tag] Message 298[0m
[38;5;12mÔööÔöÇÔöÇÔöÇÔöÇÔöÇÔöÇÔöÇÔöÇÔöÇÔöÇÔöÇÔöÇÔöÇÔöÇÔöÇÔöÇÔöÇÔöÇÔöÇÔöÇÔöÇÔöÇÔöÇÔöÇÔöÇÔöÇÔöÇÔöÇÔöÇÔöÇÔöÇÔöÇÔöÇÔöÇÔöÇÔöÇÔöÇÔöÇÔöÇÔöÇÔöÇÔöÇÔöÇÔöÇÔöÇÔöÇÔöÇÔöÇÔöÇÔöÇÔöÇÔöÇÔöÇÔöÇÔöÇÔöÇÔöÇÔöÇÔöÇÔöÇÔöÇÔöÇÔöÇÔöÇÔöÇÔöÇÔöÇÔöÇÔöÇÔöÇÔöÇÔöÇÔöÇÔöÇÔöÇÔöÇÔöÇÔöÇÔöÇ[0m
[38;5;12mÔöîÔöÇÔöÇÔöÇÔöÇÔöÇÔöÇÔöÇÔöÇÔöÇÔöÇÔöÇÔöÇÔöÇÔöÇÔöÇÔöÇÔöÇÔöÇÔöÇÔöÇÔöÇÔöÇÔöÇÔöÇÔöÇÔöÇÔöÇÔöÇÔöÇÔöÇÔöÇÔöÇÔöÇÔöÇÔöÇÔöÇÔöÇÔöÇÔöÇÔöÇÔöÇÔöÇÔöÇÔöÇÔöÇÔöÇÔöÇÔöÇÔöÇÔöÇÔöÇÔöÇÔöÇÔöÇÔöÇÔöÇÔöÇÔöÇÔöÇÔöÇÔöÇÔöÇÔöÇÔöÇÔöÇÔöÇÔöÇÔöÇÔöÇÔöÇÔöÇÔöÇÔöÇÔöÇÔöÇÔöÇÔöÇÔöÇÔöÇ[0m
[38;5;12mÔöé 01:00:45.884 (+0:00:00.022021)[0m
[38;5;12mÔö£ÔöäÔöäÔöäÔöäÔöäÔöäÔöäÔöäÔöäÔöäÔöäÔöäÔöäÔöäÔöäÔöäÔöäÔöäÔöäÔöäÔöäÔöäÔöäÔöäÔöäÔöäÔöäÔöäÔöäÔöäÔöäÔöäÔöäÔöäÔöäÔöäÔöäÔöäÔöäÔöäÔöäÔöäÔöäÔöäÔöäÔöäÔöäÔöäÔöäÔöäÔöäÔöäÔöäÔöäÔöäÔöäÔöäÔöäÔöäÔöäÔöäÔöäÔöäÔöäÔöäÔöäÔöäÔöäÔöäÔöäÔöäÔöäÔöäÔöäÔöäÔöäÔöäÔöäÔöä[0m
[38;5;12mÔöé ­ƒÆí [Tag] Message 299[0m
[38;5;12mÔööÔöÇÔöÇÔöÇÔöÇÔöÇÔöÇÔöÇÔöÇÔöÇÔöÇÔöÇÔöÇÔöÇÔöÇÔöÇÔöÇÔöÇÔöÇÔöÇÔöÇÔöÇÔöÇÔöÇÔöÇÔöÇÔöÇÔöÇÔöÇÔöÇÔöÇÔöÇÔöÇÔöÇÔöÇÔöÇÔöÇÔöÇÔöÇÔöÇÔöÇÔöÇÔöÇÔöÇÔöÇÔöÇÔöÇÔöÇÔöÇÔöÇÔöÇÔöÇÔöÇÔöÇÔöÇÔöÇÔöÇÔöÇÔöÇÔöÇÔöÇÔöÇÔöÇÔöÇÔöÇÔöÇÔöÇÔöÇÔöÇÔöÇÔöÇÔöÇÔöÇÔöÇÔöÇÔöÇÔöÇÔöÇÔöÇÔöÇ[0m
[38;5;12mÔöîÔöÇÔöÇÔöÇÔöÇÔöÇÔöÇÔöÇÔöÇÔöÇÔöÇÔöÇÔöÇÔöÇÔöÇÔöÇÔöÇÔöÇÔöÇÔöÇÔöÇÔöÇÔöÇÔöÇÔöÇÔöÇÔöÇÔöÇÔöÇÔöÇÔöÇÔöÇÔöÇÔöÇÔöÇÔöÇÔöÇÔöÇÔöÇÔöÇÔöÇÔöÇÔöÇÔöÇÔöÇÔöÇÔöÇÔöÇÔöÇÔöÇÔöÇÔöÇÔöÇÔöÇÔöÇÔöÇÔöÇÔöÇÔöÇÔöÇÔöÇÔöÇÔöÇÔöÇÔöÇÔöÇÔöÇÔöÇÔöÇÔöÇÔöÇÔöÇÔöÇÔöÇÔöÇÔöÇÔöÇÔöÇÔöÇÔöÇ[0m
[38;5;12mÔöé 01:00:45.884 (+0:00:00.022021)[0m
[38;5;12mÔö£ÔöäÔöäÔöäÔöäÔöäÔöäÔöäÔöäÔöäÔöäÔöäÔöäÔöäÔöäÔöäÔöäÔöäÔöäÔöäÔöäÔöäÔöäÔöäÔöäÔöäÔöäÔöäÔöäÔöäÔöäÔöäÔöäÔöäÔöäÔöäÔöäÔöäÔöäÔöäÔöäÔöäÔöäÔöäÔöäÔöäÔöäÔöäÔöäÔöäÔöäÔöäÔöäÔöäÔöäÔöäÔöäÔöäÔöäÔöäÔöäÔöäÔöäÔöäÔöäÔöäÔöäÔöäÔöäÔöäÔöäÔöäÔöäÔöäÔöäÔöäÔöäÔöäÔöäÔöä[0m
[38;5;12mÔöé ­ƒÆí [Tag] Message 300[0m
[38;5;12mÔööÔöÇÔöÇÔöÇÔöÇÔöÇÔöÇÔöÇÔöÇÔöÇÔöÇÔöÇÔöÇÔöÇÔöÇÔöÇÔöÇÔöÇÔöÇÔöÇÔöÇÔöÇÔöÇÔöÇÔöÇÔöÇÔöÇÔöÇÔöÇÔöÇÔöÇÔöÇÔöÇÔöÇÔöÇÔöÇÔöÇÔöÇÔöÇÔöÇÔöÇÔöÇÔöÇÔöÇÔöÇÔöÇÔöÇÔöÇÔöÇÔöÇÔöÇÔöÇÔöÇÔöÇÔöÇÔöÇÔöÇÔöÇÔöÇÔöÇÔöÇÔöÇÔöÇÔöÇÔöÇÔöÇÔöÇÔöÇÔöÇÔöÇÔöÇÔöÇÔöÇÔöÇÔöÇÔöÇÔöÇÔöÇÔöÇÔöÇ[0m
[38;5;12mÔöîÔöÇÔöÇÔöÇÔöÇÔöÇÔöÇÔöÇÔöÇÔöÇÔöÇÔöÇÔöÇÔöÇÔöÇÔöÇÔöÇÔöÇÔöÇÔöÇÔöÇÔöÇÔöÇÔöÇÔöÇÔöÇÔöÇÔöÇÔöÇÔöÇÔöÇÔöÇÔöÇÔöÇÔöÇÔöÇÔöÇÔöÇÔöÇÔöÇÔöÇÔöÇÔöÇÔöÇÔöÇÔöÇÔöÇÔöÇÔöÇÔöÇÔöÇÔöÇÔöÇÔöÇÔöÇÔöÇÔöÇÔöÇÔöÇÔöÇÔöÇÔöÇÔöÇÔöÇÔöÇÔöÇÔöÇÔöÇÔöÇÔöÇÔöÇÔöÇÔöÇÔöÇÔöÇÔöÇÔöÇÔöÇÔöÇÔöÇ[0m
[38;5;12mÔöé 01:00:45.884 (+0:00:00.022021)[0m
[38;5;12mÔö£ÔöäÔöäÔöäÔöäÔöäÔöäÔöäÔöäÔöäÔöäÔöäÔöäÔöäÔöäÔöäÔöäÔöäÔöäÔöäÔöäÔöäÔöäÔöäÔöäÔöäÔöäÔöäÔöäÔöäÔöäÔöäÔöäÔöäÔöäÔöäÔöäÔöäÔöäÔöäÔöäÔöäÔöäÔöäÔöäÔöäÔöäÔöäÔöäÔöäÔöäÔöäÔöäÔöäÔöäÔöäÔöäÔöäÔöäÔöäÔöäÔöäÔöäÔöäÔöäÔöäÔöäÔöäÔöäÔöäÔöäÔöäÔöäÔöäÔöäÔöäÔöäÔöäÔöäÔöä[0m
[38;5;12mÔöé ­ƒÆí [Tag] Message 301[0m
[38;5;12mÔööÔöÇÔöÇÔöÇÔöÇÔöÇÔöÇÔöÇÔöÇÔöÇÔöÇÔöÇÔöÇÔöÇÔöÇÔöÇÔöÇÔöÇÔöÇÔöÇÔöÇÔöÇÔöÇÔöÇÔöÇÔöÇÔöÇÔöÇÔöÇÔöÇÔöÇÔöÇÔöÇÔöÇÔöÇÔöÇÔöÇÔöÇÔöÇÔöÇÔöÇÔöÇÔöÇÔöÇÔöÇÔöÇÔöÇÔöÇÔöÇÔöÇÔöÇÔöÇÔöÇÔöÇÔöÇÔöÇÔöÇÔöÇÔöÇÔöÇÔöÇÔöÇÔöÇÔöÇÔöÇÔöÇÔöÇÔöÇÔöÇÔöÇÔöÇÔöÇÔöÇÔöÇÔöÇÔöÇÔöÇÔöÇÔöÇÔöÇ[0m
[38;5;12mÔöîÔöÇÔöÇÔöÇÔöÇÔöÇÔöÇÔöÇÔöÇÔöÇÔöÇÔöÇÔöÇÔöÇÔöÇÔöÇÔöÇÔöÇÔöÇÔöÇÔöÇÔöÇÔöÇÔöÇÔöÇÔöÇÔöÇÔöÇÔöÇÔöÇÔöÇÔöÇÔöÇÔöÇÔöÇÔöÇÔöÇÔöÇÔöÇÔöÇÔöÇÔöÇÔöÇÔöÇÔöÇÔöÇÔöÇÔöÇÔöÇÔöÇÔöÇÔöÇÔöÇÔöÇÔöÇÔöÇÔöÇÔöÇÔöÇÔöÇÔöÇÔöÇÔöÇÔöÇÔöÇÔöÇÔöÇÔöÇÔöÇÔöÇÔöÇÔöÇÔöÇÔöÇÔöÇÔöÇÔöÇÔöÇÔöÇÔöÇ[0m
[38;5;12mÔöé 01:00:45.884 (+0:00:00.022021)[0m
[38;5;12mÔö£ÔöäÔöäÔöäÔöäÔöäÔöäÔöäÔöäÔöäÔöäÔöäÔöäÔöäÔöäÔöäÔöäÔöäÔöäÔöäÔöäÔöäÔöäÔöäÔöäÔöäÔöäÔöäÔöäÔöäÔöäÔöäÔöäÔöäÔöäÔöäÔöäÔöäÔöäÔöäÔöäÔöäÔöäÔöäÔöäÔöäÔöäÔöäÔöäÔöäÔöäÔöäÔöäÔöäÔöäÔöäÔöäÔöäÔöäÔöäÔöäÔöäÔöäÔöäÔöäÔöäÔöäÔöäÔöäÔöäÔöäÔöäÔöäÔöäÔöäÔöäÔöäÔöäÔöäÔöä[0m
[38;5;12mÔöé ­ƒÆí [Tag] Message 302[0m
[38;5;12mÔööÔöÇÔöÇÔöÇÔöÇÔöÇÔöÇÔöÇÔöÇÔöÇÔöÇÔöÇÔöÇÔöÇÔöÇÔöÇÔöÇÔöÇÔöÇÔöÇÔöÇÔöÇÔöÇÔöÇÔöÇÔöÇÔöÇÔöÇÔöÇÔöÇÔöÇÔöÇÔöÇÔöÇÔöÇÔöÇÔöÇÔöÇÔöÇÔöÇÔöÇÔöÇÔöÇÔöÇÔöÇÔöÇÔöÇÔöÇÔöÇÔöÇÔöÇÔöÇÔöÇÔöÇÔöÇÔöÇÔöÇÔöÇÔöÇÔöÇÔöÇÔöÇÔöÇÔöÇÔöÇÔöÇÔöÇÔöÇÔöÇÔöÇÔöÇÔöÇÔöÇÔöÇÔöÇÔöÇÔöÇÔöÇÔöÇÔöÇ[0m
[38;5;12mÔöîÔöÇÔöÇÔöÇÔöÇÔöÇÔöÇÔöÇÔöÇÔöÇÔöÇÔöÇÔöÇÔöÇÔöÇÔöÇÔöÇÔöÇÔöÇÔöÇÔöÇÔöÇÔöÇÔöÇÔöÇÔöÇÔöÇÔöÇÔöÇÔöÇÔöÇÔöÇÔöÇÔöÇÔöÇÔöÇÔöÇÔöÇÔöÇÔöÇÔöÇÔöÇÔöÇÔöÇÔöÇÔöÇÔöÇÔöÇÔöÇÔöÇÔöÇÔöÇÔöÇÔöÇÔöÇÔöÇÔöÇÔöÇÔöÇÔöÇÔöÇÔöÇÔöÇÔöÇÔöÇÔöÇÔöÇÔöÇÔöÇÔöÇÔöÇÔöÇÔöÇÔöÇÔöÇÔöÇÔöÇÔöÇÔöÇÔöÇ[0m
[38;5;12mÔöé 01:00:45.884 (+0:00:00.022021)[0m
[38;5;12mÔö£ÔöäÔöäÔöäÔöäÔöäÔöäÔöäÔöäÔöäÔöäÔöäÔöäÔöäÔöäÔöäÔöäÔöäÔöäÔöäÔöäÔöäÔöäÔöäÔöäÔöäÔöäÔöäÔöäÔöäÔöäÔöäÔöäÔöäÔöäÔöäÔöäÔöäÔöäÔöäÔöäÔöäÔöäÔöäÔöäÔöäÔöäÔöäÔöäÔöäÔöäÔöäÔöäÔöäÔöäÔöäÔöäÔöäÔöäÔöäÔöäÔöäÔöäÔöäÔöäÔöäÔöäÔöäÔöäÔöäÔöäÔöäÔöäÔöäÔöäÔöäÔöäÔöäÔöäÔöä[0m
[38;5;12mÔöé ­ƒÆí [Tag] Message 303[0m
[38;5;12mÔööÔöÇÔöÇÔöÇÔöÇÔöÇÔöÇÔöÇÔöÇÔöÇÔöÇÔöÇÔöÇÔöÇÔöÇÔöÇÔöÇÔöÇÔöÇÔöÇÔöÇÔöÇÔöÇÔöÇÔöÇÔöÇÔöÇÔöÇÔöÇÔöÇÔöÇÔöÇÔöÇÔöÇÔöÇÔöÇÔöÇÔöÇÔöÇÔöÇÔöÇÔöÇÔöÇÔöÇÔöÇÔöÇÔöÇÔöÇÔöÇÔöÇÔöÇÔöÇÔöÇÔöÇÔöÇÔöÇÔöÇÔöÇÔöÇÔöÇÔöÇÔöÇÔöÇÔöÇÔöÇÔöÇÔöÇÔöÇÔöÇÔöÇÔöÇÔöÇÔöÇÔöÇÔöÇÔöÇÔöÇÔöÇÔöÇÔöÇ[0m
[38;5;12mÔöîÔöÇÔöÇÔöÇÔöÇÔöÇÔöÇÔöÇÔöÇÔöÇÔöÇÔöÇÔöÇÔöÇÔöÇÔöÇÔöÇÔöÇÔöÇÔöÇÔöÇÔöÇÔöÇÔöÇÔöÇÔöÇÔöÇÔöÇÔöÇÔöÇÔöÇÔöÇÔöÇÔöÇÔöÇÔöÇÔöÇÔöÇÔöÇÔöÇÔöÇÔöÇÔöÇÔöÇÔöÇÔöÇÔöÇÔöÇÔöÇÔöÇÔöÇÔöÇÔöÇÔöÇÔöÇÔöÇÔöÇÔöÇÔöÇÔöÇÔöÇÔöÇÔöÇÔöÇÔöÇÔöÇÔöÇÔöÇÔöÇÔöÇÔöÇÔöÇÔöÇÔöÇÔöÇÔöÇÔöÇÔöÇÔöÇÔöÇ[0m
[38;5;12mÔöé 01:00:45.884 (+0:00:00.022021)[0m
[38;5;12mÔö£ÔöäÔöäÔöäÔöäÔöäÔöäÔöäÔöäÔöäÔöäÔöäÔöäÔöäÔöäÔöäÔöäÔöäÔöäÔöäÔöäÔöäÔöäÔöäÔöäÔöäÔöäÔöäÔöäÔöäÔöäÔöäÔöäÔöäÔöäÔöäÔöäÔöäÔöäÔöäÔöäÔöäÔöäÔöäÔöäÔöäÔöäÔöäÔöäÔöäÔöäÔöäÔöäÔöäÔöäÔöäÔöäÔöäÔöäÔöäÔöäÔöäÔöäÔöäÔöäÔöäÔöäÔöäÔöäÔöäÔöäÔöäÔöäÔöäÔöäÔöäÔöäÔöäÔöäÔöä[0m
[38;5;12mÔöé ­ƒÆí [Tag] Message 304[0m
[38;5;12mÔööÔöÇÔöÇÔöÇÔöÇÔöÇÔöÇÔöÇÔöÇÔöÇÔöÇÔöÇÔöÇÔöÇÔöÇÔöÇÔöÇÔöÇÔöÇÔöÇÔöÇÔöÇÔöÇÔöÇÔöÇÔöÇÔöÇÔöÇÔöÇÔöÇÔöÇÔöÇÔöÇÔöÇÔöÇÔöÇÔöÇÔöÇÔöÇÔöÇÔöÇÔöÇÔöÇÔöÇÔöÇÔöÇÔöÇÔöÇÔöÇÔöÇÔöÇÔöÇÔöÇÔöÇÔöÇÔöÇÔöÇÔöÇÔöÇÔöÇÔöÇÔöÇÔöÇÔöÇÔöÇÔöÇÔöÇÔöÇÔöÇÔöÇÔöÇÔöÇÔöÇÔöÇÔöÇÔöÇÔöÇÔöÇÔöÇÔöÇ[0m
[38;5;12mÔöîÔöÇÔöÇÔöÇÔöÇÔöÇÔöÇÔöÇÔöÇÔöÇÔöÇÔöÇÔöÇÔöÇÔöÇÔöÇÔöÇÔöÇÔöÇÔöÇÔöÇÔöÇÔöÇÔöÇÔöÇÔöÇÔöÇÔöÇÔöÇÔöÇÔöÇÔöÇÔöÇÔöÇÔöÇÔöÇÔöÇÔöÇÔöÇÔöÇÔöÇÔöÇÔöÇÔöÇÔöÇÔöÇÔöÇÔöÇÔöÇÔöÇÔöÇÔöÇÔöÇÔöÇÔöÇÔöÇÔöÇÔöÇÔöÇÔöÇÔöÇÔöÇÔöÇÔöÇÔöÇÔöÇÔöÇÔöÇÔöÇÔöÇÔöÇÔöÇÔöÇÔöÇÔöÇÔöÇÔöÇÔöÇÔöÇÔöÇ[0m
[38;5;12mÔöé 01:00:45.884 (+0:00:00.022021)[0m
[38;5;12mÔö£ÔöäÔöäÔöäÔöäÔöäÔöäÔöäÔöäÔöäÔöäÔöäÔöäÔöäÔöäÔöäÔöäÔöäÔöäÔöäÔöäÔöäÔöäÔöäÔöäÔöäÔöäÔöäÔöäÔöäÔöäÔöäÔöäÔöäÔöäÔöäÔöäÔöäÔöäÔöäÔöäÔöäÔöäÔöäÔöäÔöäÔöäÔöäÔöäÔöäÔöäÔöäÔöäÔöäÔöäÔöäÔöäÔöäÔöäÔöäÔöäÔöäÔöäÔöäÔöäÔöäÔöäÔöäÔöäÔöäÔöäÔöäÔöäÔöäÔöäÔöäÔöäÔöäÔöäÔöä[0m
[38;5;12mÔöé ­ƒÆí [Tag] Message 305[0m
[38;5;12mÔööÔöÇÔöÇÔöÇÔöÇÔöÇÔöÇÔöÇÔöÇÔöÇÔöÇÔöÇÔöÇÔöÇÔöÇÔöÇÔöÇÔöÇÔöÇÔöÇÔöÇÔöÇÔöÇÔöÇÔöÇÔöÇÔöÇÔöÇÔöÇÔöÇÔöÇÔöÇÔöÇÔöÇÔöÇÔöÇÔöÇÔöÇÔöÇÔöÇÔöÇÔöÇÔöÇÔöÇÔöÇÔöÇÔöÇÔöÇÔöÇÔöÇÔöÇÔöÇÔöÇÔöÇÔöÇÔöÇÔöÇÔöÇÔöÇÔöÇÔöÇÔöÇÔöÇÔöÇÔöÇÔöÇÔöÇÔöÇÔöÇÔöÇÔöÇÔöÇÔöÇÔöÇÔöÇÔöÇÔöÇÔöÇÔöÇÔöÇ[0m
[38;5;12mÔöîÔöÇÔöÇÔöÇÔöÇÔöÇÔöÇÔöÇÔöÇÔöÇÔöÇÔöÇÔöÇÔöÇÔöÇÔöÇÔöÇÔöÇÔöÇÔöÇÔöÇÔöÇÔöÇÔöÇÔöÇÔöÇÔöÇÔöÇÔöÇÔöÇÔöÇÔöÇÔöÇÔöÇÔöÇÔöÇÔöÇÔöÇÔöÇÔöÇÔöÇÔöÇÔöÇÔöÇÔöÇÔöÇÔöÇÔöÇÔöÇÔöÇÔöÇÔöÇÔöÇÔöÇÔöÇÔöÇÔöÇÔöÇÔöÇÔöÇÔöÇÔöÇÔöÇÔöÇÔöÇÔöÇÔöÇÔöÇÔöÇÔöÇÔöÇÔöÇÔöÇÔöÇÔöÇÔöÇÔöÇÔöÇÔöÇÔöÇ[0m
[38;5;12mÔöé 01:00:45.884 (+0:00:00.022021)[0m
[38;5;12mÔö£ÔöäÔöäÔöäÔöäÔöäÔöäÔöäÔöäÔöäÔöäÔöäÔöäÔöäÔöäÔöäÔöäÔöäÔöäÔöäÔöäÔöäÔöäÔöäÔöäÔöäÔöäÔöäÔöäÔöäÔöäÔöäÔöäÔöäÔöäÔöäÔöäÔöäÔöäÔöäÔöäÔöäÔöäÔöäÔöäÔöäÔöäÔöäÔöäÔöäÔöäÔöäÔöäÔöäÔöäÔöäÔöäÔöäÔöäÔöäÔöäÔöäÔöäÔöäÔöäÔöäÔöäÔöäÔöäÔöäÔöäÔöäÔöäÔöäÔöäÔöäÔöäÔöäÔöäÔöä[0m
[38;5;12mÔöé ­ƒÆí [Tag] Message 306[0m
[38;5;12mÔööÔöÇÔöÇÔöÇÔöÇÔöÇÔöÇÔöÇÔöÇÔöÇÔöÇÔöÇÔöÇÔöÇÔöÇÔöÇÔöÇÔöÇÔöÇÔöÇÔöÇÔöÇÔöÇÔöÇÔöÇÔöÇÔöÇÔöÇÔöÇÔöÇÔöÇÔöÇÔöÇÔöÇÔöÇÔöÇÔöÇÔöÇÔöÇÔöÇÔöÇÔöÇÔöÇÔöÇÔöÇÔöÇÔöÇÔöÇÔöÇÔöÇÔöÇÔöÇÔöÇÔöÇÔöÇÔöÇÔöÇÔöÇÔöÇÔöÇÔöÇÔöÇÔöÇÔöÇÔöÇÔöÇÔöÇÔöÇÔöÇÔöÇÔöÇÔöÇÔöÇÔöÇÔöÇÔöÇÔöÇÔöÇÔöÇÔöÇ[0m
[38;5;12mÔöîÔöÇÔöÇÔöÇÔöÇÔöÇÔöÇÔöÇÔöÇÔöÇÔöÇÔöÇÔöÇÔöÇÔöÇÔöÇÔöÇÔöÇÔöÇÔöÇÔöÇÔöÇÔöÇÔöÇÔöÇÔöÇÔöÇÔöÇÔöÇÔöÇÔöÇÔöÇÔöÇÔöÇÔöÇÔöÇÔöÇÔöÇÔöÇÔöÇÔöÇÔöÇÔöÇÔöÇÔöÇÔöÇÔöÇÔöÇÔöÇÔöÇÔöÇÔöÇÔöÇÔöÇÔöÇÔöÇÔöÇÔöÇÔöÇÔöÇÔöÇÔöÇÔöÇÔöÇÔöÇÔöÇÔöÇÔöÇÔöÇÔöÇÔöÇÔöÇÔöÇÔöÇÔöÇÔöÇÔöÇÔöÇÔöÇÔöÇ[0m
[38;5;12mÔöé 01:00:45.884 (+0:00:00.022021)[0m
[38;5;12mÔö£ÔöäÔöäÔöäÔöäÔöäÔöäÔöäÔöäÔöäÔöäÔöäÔöäÔöäÔöäÔöäÔöäÔöäÔöäÔöäÔöäÔöäÔöäÔöäÔöäÔöäÔöäÔöäÔöäÔöäÔöäÔöäÔöäÔöäÔöäÔöäÔöäÔöäÔöäÔöäÔöäÔöäÔöäÔöäÔöäÔöäÔöäÔöäÔöäÔöäÔöäÔöäÔöäÔöäÔöäÔöäÔöäÔöäÔöäÔöäÔöäÔöäÔöäÔöäÔöäÔöäÔöäÔöäÔöäÔöäÔöäÔöäÔöäÔöäÔöäÔöäÔöäÔöäÔöäÔöä[0m
[38;5;12mÔöé ­ƒÆí [Tag] Message 307[0m
[38;5;12mÔööÔöÇÔöÇÔöÇÔöÇÔöÇÔöÇÔöÇÔöÇÔöÇÔöÇÔöÇÔöÇÔöÇÔöÇÔöÇÔöÇÔöÇÔöÇÔöÇÔöÇÔöÇÔöÇÔöÇÔöÇÔöÇÔöÇÔöÇÔöÇÔöÇÔöÇÔöÇÔöÇÔöÇÔöÇÔöÇÔöÇÔöÇÔöÇÔöÇÔöÇÔöÇÔöÇÔöÇÔöÇÔöÇÔöÇÔöÇÔöÇÔöÇÔöÇÔöÇÔöÇÔöÇÔöÇÔöÇÔöÇÔöÇÔöÇÔöÇÔöÇÔöÇÔöÇÔöÇÔöÇÔöÇÔöÇÔöÇÔöÇÔöÇÔöÇÔöÇÔöÇÔöÇÔöÇÔöÇÔöÇÔöÇÔöÇÔöÇ[0m
[38;5;12mÔöîÔöÇÔöÇÔöÇÔöÇÔöÇÔöÇÔöÇÔöÇÔöÇÔöÇÔöÇÔöÇÔöÇÔöÇÔöÇÔöÇÔöÇÔöÇÔöÇÔöÇÔöÇÔöÇÔöÇÔöÇÔöÇÔöÇÔöÇÔöÇÔöÇÔöÇÔöÇÔöÇÔöÇÔöÇÔöÇÔöÇÔöÇÔöÇÔöÇÔöÇÔöÇÔöÇÔöÇÔöÇÔöÇÔöÇÔöÇÔöÇÔöÇÔöÇÔöÇÔöÇÔöÇÔöÇÔöÇÔöÇÔöÇÔöÇÔöÇÔöÇÔöÇÔöÇÔöÇÔöÇÔöÇÔöÇÔöÇÔöÇÔöÇÔöÇÔöÇÔöÇÔöÇÔöÇÔöÇÔöÇÔöÇÔöÇÔöÇ[0m
[38;5;12mÔöé 01:00:45.884 (+0:00:00.022021)[0m
[38;5;12mÔö£ÔöäÔöäÔöäÔöäÔöäÔöäÔöäÔöäÔöäÔöäÔöäÔöäÔöäÔöäÔöäÔöäÔöäÔöäÔöäÔöäÔöäÔöäÔöäÔöäÔöäÔöäÔöäÔöäÔöäÔöäÔöäÔöäÔöäÔöäÔöäÔöäÔöäÔöäÔöäÔöäÔöäÔöäÔöäÔöäÔöäÔöäÔöäÔöäÔöäÔöäÔöäÔöäÔöäÔöäÔöäÔöäÔöäÔöäÔöäÔöäÔöäÔöäÔöäÔöäÔöäÔöäÔöäÔöäÔöäÔöäÔöäÔöäÔöäÔöäÔöäÔöäÔöäÔöäÔöä[0m
[38;5;12mÔöé ­ƒÆí [Tag] Message 308[0m
[38;5;12mÔööÔöÇÔöÇÔöÇÔöÇÔöÇÔöÇÔöÇÔöÇÔöÇÔöÇÔöÇÔöÇÔöÇÔöÇÔöÇÔöÇÔöÇÔöÇÔöÇÔöÇÔöÇÔöÇÔöÇÔöÇÔöÇÔöÇÔöÇÔöÇÔöÇÔöÇÔöÇÔöÇÔöÇÔöÇÔöÇÔöÇÔöÇÔöÇÔöÇÔöÇÔöÇÔöÇÔöÇÔöÇÔöÇÔöÇÔöÇÔöÇÔöÇÔöÇÔöÇÔöÇÔöÇÔöÇÔöÇÔöÇÔöÇÔöÇÔöÇÔöÇÔöÇÔöÇÔöÇÔöÇÔöÇÔöÇÔöÇÔöÇÔöÇÔöÇÔöÇÔöÇÔöÇÔöÇÔöÇÔöÇÔöÇÔöÇÔöÇ[0m
[38;5;12mÔöîÔöÇÔöÇÔöÇÔöÇÔöÇÔöÇÔöÇÔöÇÔöÇÔöÇÔöÇÔöÇÔöÇÔöÇÔöÇÔöÇÔöÇÔöÇÔöÇÔöÇÔöÇÔöÇÔöÇÔöÇÔöÇÔöÇÔöÇÔöÇÔöÇÔöÇÔöÇÔöÇÔöÇÔöÇÔöÇÔöÇÔöÇÔöÇÔöÇÔöÇÔöÇÔöÇÔöÇÔöÇÔöÇÔöÇÔöÇÔöÇÔöÇÔöÇÔöÇÔöÇÔöÇÔöÇÔöÇÔöÇÔöÇÔöÇÔöÇÔöÇÔöÇÔöÇÔöÇÔöÇÔöÇÔöÇÔöÇÔöÇÔöÇÔöÇÔöÇÔöÇÔöÇÔöÇÔöÇÔöÇÔöÇÔöÇÔöÇ[0m
[38;5;12mÔöé 01:00:45.884 (+0:00:00.022021)[0m
[38;5;12mÔö£ÔöäÔöäÔöäÔöäÔöäÔöäÔöäÔöäÔöäÔöäÔöäÔöäÔöäÔöäÔöäÔöäÔöäÔöäÔöäÔöäÔöäÔöäÔöäÔöäÔöäÔöäÔöäÔöäÔöäÔöäÔöäÔöäÔöäÔöäÔöäÔöäÔöäÔöäÔöäÔöäÔöäÔöäÔöäÔöäÔöäÔöäÔöäÔöäÔöäÔöäÔöäÔöäÔöäÔöäÔöäÔöäÔöäÔöäÔöäÔöäÔöäÔöäÔöäÔöäÔöäÔöäÔöäÔöäÔöäÔöäÔöäÔöäÔöäÔöäÔöäÔöäÔöäÔöäÔöä[0m
[38;5;12mÔöé ­ƒÆí [Tag] Message 309[0m
[38;5;12mÔööÔöÇÔöÇÔöÇÔöÇÔöÇÔöÇÔöÇÔöÇÔöÇÔöÇÔöÇÔöÇÔöÇÔöÇÔöÇÔöÇÔöÇÔöÇÔöÇÔöÇÔöÇÔöÇÔöÇÔöÇÔöÇÔöÇÔöÇÔöÇÔöÇÔöÇÔöÇÔöÇÔöÇÔöÇÔöÇÔöÇÔöÇÔöÇÔöÇÔöÇÔöÇÔöÇÔöÇÔöÇÔöÇÔöÇÔöÇÔöÇÔöÇÔöÇÔöÇÔöÇÔöÇÔöÇÔöÇÔöÇÔöÇÔöÇÔöÇÔöÇÔöÇÔöÇÔöÇÔöÇÔöÇÔöÇÔöÇÔöÇÔöÇÔöÇÔöÇÔöÇÔöÇÔöÇÔöÇÔöÇÔöÇÔöÇÔöÇ[0m
[38;5;12mÔöîÔöÇÔöÇÔöÇÔöÇÔöÇÔöÇÔöÇÔöÇÔöÇÔöÇÔöÇÔöÇÔöÇÔöÇÔöÇÔöÇÔöÇÔöÇÔöÇÔöÇÔöÇÔöÇÔöÇÔöÇÔöÇÔöÇÔöÇÔöÇÔöÇÔöÇÔöÇÔöÇÔöÇÔöÇÔöÇÔöÇÔöÇÔöÇÔöÇÔöÇÔöÇÔöÇÔöÇÔöÇÔöÇÔöÇÔöÇÔöÇÔöÇÔöÇÔöÇÔöÇÔöÇÔöÇÔöÇÔöÇÔöÇÔöÇÔöÇÔöÇÔöÇÔöÇÔöÇÔöÇÔöÇÔöÇÔöÇÔöÇÔöÇÔöÇÔöÇÔöÇÔöÇÔöÇÔöÇÔöÇÔöÇÔöÇÔöÇ[0m
[38;5;12mÔöé 01:00:45.884 (+0:00:00.022021)[0m
[38;5;12mÔö£ÔöäÔöäÔöäÔöäÔöäÔöäÔöäÔöäÔöäÔöäÔöäÔöäÔöäÔöäÔöäÔöäÔöäÔöäÔöäÔöäÔöäÔöäÔöäÔöäÔöäÔöäÔöäÔöäÔöäÔöäÔöäÔöäÔöäÔöäÔöäÔöäÔöäÔöäÔöäÔöäÔöäÔöäÔöäÔöäÔöäÔöäÔöäÔöäÔöäÔöäÔöäÔöäÔöäÔöäÔöäÔöäÔöäÔöäÔöäÔöäÔöäÔöäÔöäÔöäÔöäÔöäÔöäÔöäÔöäÔöäÔöäÔöäÔöäÔöäÔöäÔöäÔöäÔöäÔöä[0m
[38;5;12mÔöé ­ƒÆí [Tag] Message 310[0m
[38;5;12mÔööÔöÇÔöÇÔöÇÔöÇÔöÇÔöÇÔöÇÔöÇÔöÇÔöÇÔöÇÔöÇÔöÇÔöÇÔöÇÔöÇÔöÇÔöÇÔöÇÔöÇÔöÇÔöÇÔöÇÔöÇÔöÇÔöÇÔöÇÔöÇÔöÇÔöÇÔöÇÔöÇÔöÇÔöÇÔöÇÔöÇÔöÇÔöÇÔöÇÔöÇÔöÇÔöÇÔöÇÔöÇÔöÇÔöÇÔöÇÔöÇÔöÇÔöÇÔöÇÔöÇÔöÇÔöÇÔöÇÔöÇÔöÇÔöÇÔöÇÔöÇÔöÇÔöÇÔöÇÔöÇÔöÇÔöÇÔöÇÔöÇÔöÇÔöÇÔöÇÔöÇÔöÇÔöÇÔöÇÔöÇÔöÇÔöÇÔöÇ[0m
[38;5;12mÔöîÔöÇÔöÇÔöÇÔöÇÔöÇÔöÇÔöÇÔöÇÔöÇÔöÇÔöÇÔöÇÔöÇÔöÇÔöÇÔöÇÔöÇÔöÇÔöÇÔöÇÔöÇÔöÇÔöÇÔöÇÔöÇÔöÇÔöÇÔöÇÔöÇÔöÇÔöÇÔöÇÔöÇÔöÇÔöÇÔöÇÔöÇÔöÇÔöÇÔöÇÔöÇÔöÇÔöÇÔöÇÔöÇÔöÇÔöÇÔöÇÔöÇÔöÇÔöÇÔöÇÔöÇÔöÇÔöÇÔöÇÔöÇÔöÇÔöÇÔöÇÔöÇÔöÇÔöÇÔöÇÔöÇÔöÇÔöÇÔöÇÔöÇÔöÇÔöÇÔöÇÔöÇÔöÇÔöÇÔöÇÔöÇÔöÇÔöÇ[0m
[38;5;12mÔöé 01:00:45.884 (+0:00:00.022021)[0m
[38;5;12mÔö£ÔöäÔöäÔöäÔöäÔöäÔöäÔöäÔöäÔöäÔöäÔöäÔöäÔöäÔöäÔöäÔöäÔöäÔöäÔöäÔöäÔöäÔöäÔöäÔöäÔöäÔöäÔöäÔöäÔöäÔöäÔöäÔöäÔöäÔöäÔöäÔöäÔöäÔöäÔöäÔöäÔöäÔöäÔöäÔöäÔöäÔöäÔöäÔöäÔöäÔöäÔöäÔöäÔöäÔöäÔöäÔöäÔöäÔöäÔöäÔöäÔöäÔöäÔöäÔöäÔöäÔöäÔöäÔöäÔöäÔöäÔöäÔöäÔöäÔöäÔöäÔöäÔöäÔöäÔöä[0m
[38;5;12mÔöé ­ƒÆí [Tag] Message 311[0m
[38;5;12mÔööÔöÇÔöÇÔöÇÔöÇÔöÇÔöÇÔöÇÔöÇÔöÇÔöÇÔöÇÔöÇÔöÇÔöÇÔöÇÔöÇÔöÇÔöÇÔöÇÔöÇÔöÇÔöÇÔöÇÔöÇÔöÇÔöÇÔöÇÔöÇÔöÇÔöÇÔöÇÔöÇÔöÇÔöÇÔöÇÔöÇÔöÇÔöÇÔöÇÔöÇÔöÇÔöÇÔöÇÔöÇÔöÇÔöÇÔöÇÔöÇÔöÇÔöÇÔöÇÔöÇÔöÇÔöÇÔöÇÔöÇÔöÇÔöÇÔöÇÔöÇÔöÇÔöÇÔöÇÔöÇÔöÇÔöÇÔöÇÔöÇÔöÇÔöÇÔöÇÔöÇÔöÇÔöÇÔöÇÔöÇÔöÇÔöÇÔöÇ[0m
[38;5;12mÔöîÔöÇÔöÇÔöÇÔöÇÔöÇÔöÇÔöÇÔöÇÔöÇÔöÇÔöÇÔöÇÔöÇÔöÇÔöÇÔöÇÔöÇÔöÇÔöÇÔöÇÔöÇÔöÇÔöÇÔöÇÔöÇÔöÇÔöÇÔöÇÔöÇÔöÇÔöÇÔöÇÔöÇÔöÇÔöÇÔöÇÔöÇÔöÇÔöÇÔöÇÔöÇÔöÇÔöÇÔöÇÔöÇÔöÇÔöÇÔöÇÔöÇÔöÇÔöÇÔöÇÔöÇÔöÇÔöÇÔöÇÔöÇÔöÇÔöÇÔöÇÔöÇÔöÇÔöÇÔöÇÔöÇÔöÇÔöÇÔöÇÔöÇÔöÇÔöÇÔöÇÔöÇÔöÇÔöÇÔöÇÔöÇÔöÇÔöÇ[0m
[38;5;12mÔöé 01:00:45.884 (+0:00:00.022021)[0m
[38;5;12mÔö£ÔöäÔöäÔöäÔöäÔöäÔöäÔöäÔöäÔöäÔöäÔöäÔöäÔöäÔöäÔöäÔöäÔöäÔöäÔöäÔöäÔöäÔöäÔöäÔöäÔöäÔöäÔöäÔöäÔöäÔöäÔöäÔöäÔöäÔöäÔöäÔöäÔöäÔöäÔöäÔöäÔöäÔöäÔöäÔöäÔöäÔöäÔöäÔöäÔöäÔöäÔöäÔöäÔöäÔöäÔöäÔöäÔöäÔöäÔöäÔöäÔöäÔöäÔöäÔöäÔöäÔöäÔöäÔöäÔöäÔöäÔöäÔöäÔöäÔöäÔöäÔöäÔöäÔöäÔöä[0m
[38;5;12mÔöé ­ƒÆí [Tag] Message 312[0m
[38;5;12mÔööÔöÇÔöÇÔöÇÔöÇÔöÇÔöÇÔöÇÔöÇÔöÇÔöÇÔöÇÔöÇÔöÇÔöÇÔöÇÔöÇÔöÇÔöÇÔöÇÔöÇÔöÇÔöÇÔöÇÔöÇÔöÇÔöÇÔöÇÔöÇÔöÇÔöÇÔöÇÔöÇÔöÇÔöÇÔöÇÔöÇÔöÇÔöÇÔöÇÔöÇÔöÇÔöÇÔöÇÔöÇÔöÇÔöÇÔöÇÔöÇÔöÇÔöÇÔöÇÔöÇÔöÇÔöÇÔöÇÔöÇÔöÇÔöÇÔöÇÔöÇÔöÇÔöÇÔöÇÔöÇÔöÇÔöÇÔöÇÔöÇÔöÇÔöÇÔöÇÔöÇÔöÇÔöÇÔöÇÔöÇÔöÇÔöÇÔöÇ[0m
[38;5;12mÔöîÔöÇÔöÇÔöÇÔöÇÔöÇÔöÇÔöÇÔöÇÔöÇÔöÇÔöÇÔöÇÔöÇÔöÇÔöÇÔöÇÔöÇÔöÇÔöÇÔöÇÔöÇÔöÇÔöÇÔöÇÔöÇÔöÇÔöÇÔöÇÔöÇÔöÇÔöÇÔöÇÔöÇÔöÇÔöÇÔöÇÔöÇÔöÇÔöÇÔöÇÔöÇÔöÇÔöÇÔöÇÔöÇÔöÇÔöÇÔöÇÔöÇÔöÇÔöÇÔöÇÔöÇÔöÇÔöÇÔöÇÔöÇÔöÇÔöÇÔöÇÔöÇÔöÇÔöÇÔöÇÔöÇÔöÇÔöÇÔöÇÔöÇÔöÇÔöÇÔöÇÔöÇÔöÇÔöÇÔöÇÔöÇÔöÇÔöÇ[0m
[38;5;12mÔöé 01:00:45.884 (+0:00:00.022021)[0m
[38;5;12mÔö£ÔöäÔöäÔöäÔöäÔöäÔöäÔöäÔöäÔöäÔöäÔöäÔöäÔöäÔöäÔöäÔöäÔöäÔöäÔöäÔöäÔöäÔöäÔöäÔöäÔöäÔöäÔöäÔöäÔöäÔöäÔöäÔöäÔöäÔöäÔöäÔöäÔöäÔöäÔöäÔöäÔöäÔöäÔöäÔöäÔöäÔöäÔöäÔöäÔöäÔöäÔöäÔöäÔöäÔöäÔöäÔöäÔöäÔöäÔöäÔöäÔöäÔöäÔöäÔöäÔöäÔöäÔöäÔöäÔöäÔöäÔöäÔöäÔöäÔöäÔöäÔöäÔöäÔöäÔöä[0m
[38;5;12mÔöé ­ƒÆí [Tag] Message 313[0m
[38;5;12mÔööÔöÇÔöÇÔöÇÔöÇÔöÇÔöÇÔöÇÔöÇÔöÇÔöÇÔöÇÔöÇÔöÇÔöÇÔöÇÔöÇÔöÇÔöÇÔöÇÔöÇÔöÇÔöÇÔöÇÔöÇÔöÇÔöÇÔöÇÔöÇÔöÇÔöÇÔöÇÔöÇÔöÇÔöÇÔöÇÔöÇÔöÇÔöÇÔöÇÔöÇÔöÇÔöÇÔöÇÔöÇÔöÇÔöÇÔöÇÔöÇÔöÇÔöÇÔöÇÔöÇÔöÇÔöÇÔöÇÔöÇÔöÇÔöÇÔöÇÔöÇÔöÇÔöÇÔöÇÔöÇÔöÇÔöÇÔöÇÔöÇÔöÇÔöÇÔöÇÔöÇÔöÇÔöÇÔöÇÔöÇÔöÇÔöÇÔöÇ[0m
[38;5;12mÔöîÔöÇÔöÇÔöÇÔöÇÔöÇÔöÇÔöÇÔöÇÔöÇÔöÇÔöÇÔöÇÔöÇÔöÇÔöÇÔöÇÔöÇÔöÇÔöÇÔöÇÔöÇÔöÇÔöÇÔöÇÔöÇÔöÇÔöÇÔöÇÔöÇÔöÇÔöÇÔöÇÔöÇÔöÇÔöÇÔöÇÔöÇÔöÇÔöÇÔöÇÔöÇÔöÇÔöÇÔöÇÔöÇÔöÇÔöÇÔöÇÔöÇÔöÇÔöÇÔöÇÔöÇÔöÇÔöÇÔöÇÔöÇÔöÇÔöÇÔöÇÔöÇÔöÇÔöÇÔöÇÔöÇÔöÇÔöÇÔöÇÔöÇÔöÇÔöÇÔöÇÔöÇÔöÇÔöÇÔöÇÔöÇÔöÇÔöÇ[0m
[38;5;12mÔöé 01:00:45.884 (+0:00:00.022021)[0m
[38;5;12mÔö£ÔöäÔöäÔöäÔöäÔöäÔöäÔöäÔöäÔöäÔöäÔöäÔöäÔöäÔöäÔöäÔöäÔöäÔöäÔöäÔöäÔöäÔöäÔöäÔöäÔöäÔöäÔöäÔöäÔöäÔöäÔöäÔöäÔöäÔöäÔöäÔöäÔöäÔöäÔöäÔöäÔöäÔöäÔöäÔöäÔöäÔöäÔöäÔöäÔöäÔöäÔöäÔöäÔöäÔöäÔöäÔöäÔöäÔöäÔöäÔöäÔöäÔöäÔöäÔöäÔöäÔöäÔöäÔöäÔöäÔöäÔöäÔöäÔöäÔöäÔöäÔöäÔöäÔöäÔöä[0m
[38;5;12mÔöé ­ƒÆí [Tag] Message 314[0m
[38;5;12mÔööÔöÇÔöÇÔöÇÔöÇÔöÇÔöÇÔöÇÔöÇÔöÇÔöÇÔöÇÔöÇÔöÇÔöÇÔöÇÔöÇÔöÇÔöÇÔöÇÔöÇÔöÇÔöÇÔöÇÔöÇÔöÇÔöÇÔöÇÔöÇÔöÇÔöÇÔöÇÔöÇÔöÇÔöÇÔöÇÔöÇÔöÇÔöÇÔöÇÔöÇÔöÇÔöÇÔöÇÔöÇÔöÇÔöÇÔöÇÔöÇÔöÇÔöÇÔöÇÔöÇÔöÇÔöÇÔöÇÔöÇÔöÇÔöÇÔöÇÔöÇÔöÇÔöÇÔöÇÔöÇÔöÇÔöÇÔöÇÔöÇÔöÇÔöÇÔöÇÔöÇÔöÇÔöÇÔöÇÔöÇÔöÇÔöÇÔöÇ[0m
[38;5;12mÔöîÔöÇÔöÇÔöÇÔöÇÔöÇÔöÇÔöÇÔöÇÔöÇÔöÇÔöÇÔöÇÔöÇÔöÇÔöÇÔöÇÔöÇÔöÇÔöÇÔöÇÔöÇÔöÇÔöÇÔöÇÔöÇÔöÇÔöÇÔöÇÔöÇÔöÇÔöÇÔöÇÔöÇÔöÇÔöÇÔöÇÔöÇÔöÇÔöÇÔöÇÔöÇÔöÇÔöÇÔöÇÔöÇÔöÇÔöÇÔöÇÔöÇÔöÇÔöÇÔöÇÔöÇÔöÇÔöÇÔöÇÔöÇÔöÇÔöÇÔöÇÔöÇÔöÇÔöÇÔöÇÔöÇÔöÇÔöÇÔöÇÔöÇÔöÇÔöÇÔöÇÔöÇÔöÇÔöÇÔöÇÔöÇÔöÇÔöÇ[0m
[38;5;12mÔöé 01:00:45.884 (+0:00:00.022021)[0m
[38;5;12mÔö£ÔöäÔöäÔöäÔöäÔöäÔöäÔöäÔöäÔöäÔöäÔöäÔöäÔöäÔöäÔöäÔöäÔöäÔöäÔöäÔöäÔöäÔöäÔöäÔöäÔöäÔöäÔöäÔöäÔöäÔöäÔöäÔöäÔöäÔöäÔöäÔöäÔöäÔöäÔöäÔöäÔöäÔöäÔöäÔöäÔöäÔöäÔöäÔöäÔöäÔöäÔöäÔöäÔöäÔöäÔöäÔöäÔöäÔöäÔöäÔöäÔöäÔöäÔöäÔöäÔöäÔöäÔöäÔöäÔöäÔöäÔöäÔöäÔöäÔöäÔöäÔöäÔöäÔöäÔöä[0m
[38;5;12mÔöé ­ƒÆí [Tag] Message 315[0m
[38;5;12mÔööÔöÇÔöÇÔöÇÔöÇÔöÇÔöÇÔöÇÔöÇÔöÇÔöÇÔöÇÔöÇÔöÇÔöÇÔöÇÔöÇÔöÇÔöÇÔöÇÔöÇÔöÇÔöÇÔöÇÔöÇÔöÇÔöÇÔöÇÔöÇÔöÇÔöÇÔöÇÔöÇÔöÇÔöÇÔöÇÔöÇÔöÇÔöÇÔöÇÔöÇÔöÇÔöÇÔöÇÔöÇÔöÇÔöÇÔöÇÔöÇÔöÇÔöÇÔöÇÔöÇÔöÇÔöÇÔöÇÔöÇÔöÇÔöÇÔöÇÔöÇÔöÇÔöÇÔöÇÔöÇÔöÇÔöÇÔöÇÔöÇÔöÇÔöÇÔöÇÔöÇÔöÇÔöÇÔöÇÔöÇÔöÇÔöÇÔöÇ[0m
[38;5;12mÔöîÔöÇÔöÇÔöÇÔöÇÔöÇÔöÇÔöÇÔöÇÔöÇÔöÇÔöÇÔöÇÔöÇÔöÇÔöÇÔöÇÔöÇÔöÇÔöÇÔöÇÔöÇÔöÇÔöÇÔöÇÔöÇÔöÇÔöÇÔöÇÔöÇÔöÇÔöÇÔöÇÔöÇÔöÇÔöÇÔöÇÔöÇÔöÇÔöÇÔöÇÔöÇÔöÇÔöÇÔöÇÔöÇÔöÇÔöÇÔöÇÔöÇÔöÇÔöÇÔöÇÔöÇÔöÇÔöÇÔöÇÔöÇÔöÇÔöÇÔöÇÔöÇÔöÇÔöÇÔöÇÔöÇÔöÇÔöÇÔöÇÔöÇÔöÇÔöÇÔöÇÔöÇÔöÇÔöÇÔöÇÔöÇÔöÇÔöÇ[0m
[38;5;12mÔöé 01:00:45.884 (+0:00:00.022021)[0m
[38;5;12mÔö£ÔöäÔöäÔöäÔöäÔöäÔöäÔöäÔöäÔöäÔöäÔöäÔöäÔöäÔöäÔöäÔöäÔöäÔöäÔöäÔöäÔöäÔöäÔöäÔöäÔöäÔöäÔöäÔöäÔöäÔöäÔöäÔöäÔöäÔöäÔöäÔöäÔöäÔöäÔöäÔöäÔöäÔöäÔöäÔöäÔöäÔöäÔöäÔöäÔöäÔöäÔöäÔöäÔöäÔöäÔöäÔöäÔöäÔöäÔöäÔöäÔöäÔöäÔöäÔöäÔöäÔöäÔöäÔöäÔöäÔöäÔöäÔöäÔöäÔöäÔöäÔöäÔöäÔöäÔöä[0m
[38;5;12mÔöé ­ƒÆí [Tag] Message 316[0m
[38;5;12mÔööÔöÇÔöÇÔöÇÔöÇÔöÇÔöÇÔöÇÔöÇÔöÇÔöÇÔöÇÔöÇÔöÇÔöÇÔöÇÔöÇÔöÇÔöÇÔöÇÔöÇÔöÇÔöÇÔöÇÔöÇÔöÇÔöÇÔöÇÔöÇÔöÇÔöÇÔöÇÔöÇÔöÇÔöÇÔöÇÔöÇÔöÇÔöÇÔöÇÔöÇÔöÇÔöÇÔöÇÔöÇÔöÇÔöÇÔöÇÔöÇÔöÇÔöÇÔöÇÔöÇÔöÇÔöÇÔöÇÔöÇÔöÇÔöÇÔöÇÔöÇÔöÇÔöÇÔöÇÔöÇÔöÇÔöÇÔöÇÔöÇÔöÇÔöÇÔöÇÔöÇÔöÇÔöÇÔöÇÔöÇÔöÇÔöÇÔöÇ[0m
[38;5;12mÔöîÔöÇÔöÇÔöÇÔöÇÔöÇÔöÇÔöÇÔöÇÔöÇÔöÇÔöÇÔöÇÔöÇÔöÇÔöÇÔöÇÔöÇÔöÇÔöÇÔöÇÔöÇÔöÇÔöÇÔöÇÔöÇÔöÇÔöÇÔöÇÔöÇÔöÇÔöÇÔöÇÔöÇÔöÇÔöÇÔöÇÔöÇÔöÇÔöÇÔöÇÔöÇÔöÇÔöÇÔöÇÔöÇÔöÇÔöÇÔöÇÔöÇÔöÇÔöÇÔöÇÔöÇÔöÇÔöÇÔöÇÔöÇÔöÇÔöÇÔöÇÔöÇÔöÇÔöÇÔöÇÔöÇÔöÇÔöÇÔöÇÔöÇÔöÇÔöÇÔöÇÔöÇÔöÇÔöÇÔöÇÔöÇÔöÇÔöÇ[0m
[38;5;12mÔöé 01:00:45.884 (+0:00:00.022021)[0m
[38;5;12mÔö£ÔöäÔöäÔöäÔöäÔöäÔöäÔöäÔöäÔöäÔöäÔöäÔöäÔöäÔöäÔöäÔöäÔöäÔöäÔöäÔöäÔöäÔöäÔöäÔöäÔöäÔöäÔöäÔöäÔöäÔöäÔöäÔöäÔöäÔöäÔöäÔöäÔöäÔöäÔöäÔöäÔöäÔöäÔöäÔöäÔöäÔöäÔöäÔöäÔöäÔöäÔöäÔöäÔöäÔöäÔöäÔöäÔöäÔöäÔöäÔöäÔöäÔöäÔöäÔöäÔöäÔöäÔöäÔöäÔöäÔöäÔöäÔöäÔöäÔöäÔöäÔöäÔöäÔöäÔöä[0m
[38;5;12mÔöé ­ƒÆí [Tag] Message 317[0m
[38;5;12mÔööÔöÇÔöÇÔöÇÔöÇÔöÇÔöÇÔöÇÔöÇÔöÇÔöÇÔöÇÔöÇÔöÇÔöÇÔöÇÔöÇÔöÇÔöÇÔöÇÔöÇÔöÇÔöÇÔöÇÔöÇÔöÇÔöÇÔöÇÔöÇÔöÇÔöÇÔöÇÔöÇÔöÇÔöÇÔöÇÔöÇÔöÇÔöÇÔöÇÔöÇÔöÇÔöÇÔöÇÔöÇÔöÇÔöÇÔöÇÔöÇÔöÇÔöÇÔöÇÔöÇÔöÇÔöÇÔöÇÔöÇÔöÇÔöÇÔöÇÔöÇÔöÇÔöÇÔöÇÔöÇÔöÇÔöÇÔöÇÔöÇÔöÇÔöÇÔöÇÔöÇÔöÇÔöÇÔöÇÔöÇÔöÇÔöÇÔöÇ[0m
[38;5;12mÔöîÔöÇÔöÇÔöÇÔöÇÔöÇÔöÇÔöÇÔöÇÔöÇÔöÇÔöÇÔöÇÔöÇÔöÇÔöÇÔöÇÔöÇÔöÇÔöÇÔöÇÔöÇÔöÇÔöÇÔöÇÔöÇÔöÇÔöÇÔöÇÔöÇÔöÇÔöÇÔöÇÔöÇÔöÇÔöÇÔöÇÔöÇÔöÇÔöÇÔöÇÔöÇÔöÇÔöÇÔöÇÔöÇÔöÇÔöÇÔöÇÔöÇÔöÇÔöÇÔöÇÔöÇÔöÇÔöÇÔöÇÔöÇÔöÇÔöÇÔöÇÔöÇÔöÇÔöÇÔöÇÔöÇÔöÇÔöÇÔöÇÔöÇÔöÇÔöÇÔöÇÔöÇÔöÇÔöÇÔöÇÔöÇÔöÇÔöÇ[0m
[38;5;12mÔöé 01:00:45.884 (+0:00:00.022021)[0m
[38;5;12mÔö£ÔöäÔöäÔöäÔöäÔöäÔöäÔöäÔöäÔöäÔöäÔöäÔöäÔöäÔöäÔöäÔöäÔöäÔöäÔöäÔöäÔöäÔöäÔöäÔöäÔöäÔöäÔöäÔöäÔöäÔöäÔöäÔöäÔöäÔöäÔöäÔöäÔöäÔöäÔöäÔöäÔöäÔöäÔöäÔöäÔöäÔöäÔöäÔöäÔöäÔöäÔöäÔöäÔöäÔöäÔöäÔöäÔöäÔöäÔöäÔöäÔöäÔöäÔöäÔöäÔöäÔöäÔöäÔöäÔöäÔöäÔöäÔöäÔöäÔöäÔöäÔöäÔöäÔöäÔöä[0m
[38;5;12mÔöé ­ƒÆí [Tag] Message 318[0m
[38;5;12mÔööÔöÇÔöÇÔöÇÔöÇÔöÇÔöÇÔöÇÔöÇÔöÇÔöÇÔöÇÔöÇÔöÇÔöÇÔöÇÔöÇÔöÇÔöÇÔöÇÔöÇÔöÇÔöÇÔöÇÔöÇÔöÇÔöÇÔöÇÔöÇÔöÇÔöÇÔöÇÔöÇÔöÇÔöÇÔöÇÔöÇÔöÇÔöÇÔöÇÔöÇÔöÇÔöÇÔöÇÔöÇÔöÇÔöÇÔöÇÔöÇÔöÇÔöÇÔöÇÔöÇÔöÇÔöÇÔöÇÔöÇÔöÇÔöÇÔöÇÔöÇÔöÇÔöÇÔöÇÔöÇÔöÇÔöÇÔöÇÔöÇÔöÇÔöÇÔöÇÔöÇÔöÇÔöÇÔöÇÔöÇÔöÇÔöÇÔöÇ[0m
[38;5;12mÔöîÔöÇÔöÇÔöÇÔöÇÔöÇÔöÇÔöÇÔöÇÔöÇÔöÇÔöÇÔöÇÔöÇÔöÇÔöÇÔöÇÔöÇÔöÇÔöÇÔöÇÔöÇÔöÇÔöÇÔöÇÔöÇÔöÇÔöÇÔöÇÔöÇÔöÇÔöÇÔöÇÔöÇÔöÇÔöÇÔöÇÔöÇÔöÇÔöÇÔöÇÔöÇÔöÇÔöÇÔöÇÔöÇÔöÇÔöÇÔöÇÔöÇÔöÇÔöÇÔöÇÔöÇÔöÇÔöÇÔöÇÔöÇÔöÇÔöÇÔöÇÔöÇÔöÇÔöÇÔöÇÔöÇÔöÇÔöÇÔöÇÔöÇÔöÇÔöÇÔöÇÔöÇÔöÇÔöÇÔöÇÔöÇÔöÇÔöÇ[0m
[38;5;12mÔöé 01:00:45.884 (+0:00:00.022021)[0m
[38;5;12mÔö£ÔöäÔöäÔöäÔöäÔöäÔöäÔöäÔöäÔöäÔöäÔöäÔöäÔöäÔöäÔöäÔöäÔöäÔöäÔöäÔöäÔöäÔöäÔöäÔöäÔöäÔöäÔöäÔöäÔöäÔöäÔöäÔöäÔöäÔöäÔöäÔöäÔöäÔöäÔöäÔöäÔöäÔöäÔöäÔöäÔöäÔöäÔöäÔöäÔöäÔöäÔöäÔöäÔöäÔöäÔöäÔöäÔöäÔöäÔöäÔöäÔöäÔöäÔöäÔöäÔöäÔöäÔöäÔöäÔöäÔöäÔöäÔöäÔöäÔöäÔöäÔöäÔöäÔöäÔöä[0m
[38;5;12mÔöé ­ƒÆí [Tag] Message 319[0m
[38;5;12mÔööÔöÇÔöÇÔöÇÔöÇÔöÇÔöÇÔöÇÔöÇÔöÇÔöÇÔöÇÔöÇÔöÇÔöÇÔöÇÔöÇÔöÇÔöÇÔöÇÔöÇÔöÇÔöÇÔöÇÔöÇÔöÇÔöÇÔöÇÔöÇÔöÇÔöÇÔöÇÔöÇÔöÇÔöÇÔöÇÔöÇÔöÇÔöÇÔöÇÔöÇÔöÇÔöÇÔöÇÔöÇÔöÇÔöÇÔöÇÔöÇÔöÇÔöÇÔöÇÔöÇÔöÇÔöÇÔöÇÔöÇÔöÇÔöÇÔöÇÔöÇÔöÇÔöÇÔöÇÔöÇÔöÇÔöÇÔöÇÔöÇÔöÇÔöÇÔöÇÔöÇÔöÇÔöÇÔöÇÔöÇÔöÇÔöÇÔöÇ[0m
[38;5;12mÔöîÔöÇÔöÇÔöÇÔöÇÔöÇÔöÇÔöÇÔöÇÔöÇÔöÇÔöÇÔöÇÔöÇÔöÇÔöÇÔöÇÔöÇÔöÇÔöÇÔöÇÔöÇÔöÇÔöÇÔöÇÔöÇÔöÇÔöÇÔöÇÔöÇÔöÇÔöÇÔöÇÔöÇÔöÇÔöÇÔöÇÔöÇÔöÇÔöÇÔöÇÔöÇÔöÇÔöÇÔöÇÔöÇÔöÇÔöÇÔöÇÔöÇÔöÇÔöÇÔöÇÔöÇÔöÇÔöÇÔöÇÔöÇÔöÇÔöÇÔöÇÔöÇÔöÇÔöÇÔöÇÔöÇÔöÇÔöÇÔöÇÔöÇÔöÇÔöÇÔöÇÔöÇÔöÇÔöÇÔöÇÔöÇÔöÇÔöÇ[0m
[38;5;12mÔöé 01:00:45.884 (+0:00:00.022021)[0m
[38;5;12mÔö£ÔöäÔöäÔöäÔöäÔöäÔöäÔöäÔöäÔöäÔöäÔöäÔöäÔöäÔöäÔöäÔöäÔöäÔöäÔöäÔöäÔöäÔöäÔöäÔöäÔöäÔöäÔöäÔöäÔöäÔöäÔöäÔöäÔöäÔöäÔöäÔöäÔöäÔöäÔöäÔöäÔöäÔöäÔöäÔöäÔöäÔöäÔöäÔöäÔöäÔöäÔöäÔöäÔöäÔöäÔöäÔöäÔöäÔöäÔöäÔöäÔöäÔöäÔöäÔöäÔöäÔöäÔöäÔöäÔöäÔöäÔöäÔöäÔöäÔöäÔöäÔöäÔöäÔöäÔöä[0m
[38;5;12mÔöé ­ƒÆí [Tag] Message 320[0m
[38;5;12mÔööÔöÇÔöÇÔöÇÔöÇÔöÇÔöÇÔöÇÔöÇÔöÇÔöÇÔöÇÔöÇÔöÇÔöÇÔöÇÔöÇÔöÇÔöÇÔöÇÔöÇÔöÇÔöÇÔöÇÔöÇÔöÇÔöÇÔöÇÔöÇÔöÇÔöÇÔöÇÔöÇÔöÇÔöÇÔöÇÔöÇÔöÇÔöÇÔöÇÔöÇÔöÇÔöÇÔöÇÔöÇÔöÇÔöÇÔöÇÔöÇÔöÇÔöÇÔöÇÔöÇÔöÇÔöÇÔöÇÔöÇÔöÇÔöÇÔöÇÔöÇÔöÇÔöÇÔöÇÔöÇÔöÇÔöÇÔöÇÔöÇÔöÇÔöÇÔöÇÔöÇÔöÇÔöÇÔöÇÔöÇÔöÇÔöÇÔöÇ[0m
[38;5;12mÔöîÔöÇÔöÇÔöÇÔöÇÔöÇÔöÇÔöÇÔöÇÔöÇÔöÇÔöÇÔöÇÔöÇÔöÇÔöÇÔöÇÔöÇÔöÇÔöÇÔöÇÔöÇÔöÇÔöÇÔöÇÔöÇÔöÇÔöÇÔöÇÔöÇÔöÇÔöÇÔöÇÔöÇÔöÇÔöÇÔöÇÔöÇÔöÇÔöÇÔöÇÔöÇÔöÇÔöÇÔöÇÔöÇÔöÇÔöÇÔöÇÔöÇÔöÇÔöÇÔöÇÔöÇÔöÇÔöÇÔöÇÔöÇÔöÇÔöÇÔöÇÔöÇÔöÇÔöÇÔöÇÔöÇÔöÇÔöÇÔöÇÔöÇÔöÇÔöÇÔöÇÔöÇÔöÇÔöÇÔöÇÔöÇÔöÇÔöÇ[0m
[38;5;12mÔöé 01:00:45.886 (+0:00:00.024569)[0m
[38;5;12mÔö£ÔöäÔöäÔöäÔöäÔöäÔöäÔöäÔöäÔöäÔöäÔöäÔöäÔöäÔöäÔöäÔöäÔöäÔöäÔöäÔöäÔöäÔöäÔöäÔöäÔöäÔöäÔöäÔöäÔöäÔöäÔöäÔöäÔöäÔöäÔöäÔöäÔöäÔöäÔöäÔöäÔöäÔöäÔöäÔöäÔöäÔöäÔöäÔöäÔöäÔöäÔöäÔöäÔöäÔöäÔöäÔöäÔöäÔöäÔöäÔöäÔöäÔöäÔöäÔöäÔöäÔöäÔöäÔöäÔöäÔöäÔöäÔöäÔöäÔöäÔöäÔöäÔöäÔöäÔöä[0m
[38;5;12mÔöé ­ƒÆí [Tag] Message 321[0m
[38;5;12mÔööÔöÇÔöÇÔöÇÔöÇÔöÇÔöÇÔöÇÔöÇÔöÇÔöÇÔöÇÔöÇÔöÇÔöÇÔöÇÔöÇÔöÇÔöÇÔöÇÔöÇÔöÇÔöÇÔöÇÔöÇÔöÇÔöÇÔöÇÔöÇÔöÇÔöÇÔöÇÔöÇÔöÇÔöÇÔöÇÔöÇÔöÇÔöÇÔöÇÔöÇÔöÇÔöÇÔöÇÔöÇÔöÇÔöÇÔöÇÔöÇÔöÇÔöÇÔöÇÔöÇÔöÇÔöÇÔöÇÔöÇÔöÇÔöÇÔöÇÔöÇÔöÇÔöÇÔöÇÔöÇÔöÇÔöÇÔöÇÔöÇÔöÇÔöÇÔöÇÔöÇÔöÇÔöÇÔöÇÔöÇÔöÇÔöÇÔöÇ[0m
[38;5;12mÔöîÔöÇÔöÇÔöÇÔöÇÔöÇÔöÇÔöÇÔöÇÔöÇÔöÇÔöÇÔöÇÔöÇÔöÇÔöÇÔöÇÔöÇÔöÇÔöÇÔöÇÔöÇÔöÇÔöÇÔöÇÔöÇÔöÇÔöÇÔöÇÔöÇÔöÇÔöÇÔöÇÔöÇÔöÇÔöÇÔöÇÔöÇÔöÇÔöÇÔöÇÔöÇÔöÇÔöÇÔöÇÔöÇÔöÇÔöÇÔöÇÔöÇÔöÇÔöÇÔöÇÔöÇÔöÇÔöÇÔöÇÔöÇÔöÇÔöÇÔöÇÔöÇÔöÇÔöÇÔöÇÔöÇÔöÇÔöÇÔöÇÔöÇÔöÇÔöÇÔöÇÔöÇÔöÇÔöÇÔöÇÔöÇÔöÇÔöÇ[0m
[38;5;12mÔöé 01:00:45.886 (+0:00:00.024569)[0m
[38;5;12mÔö£ÔöäÔöäÔöäÔöäÔöäÔöäÔöäÔöäÔöäÔöäÔöäÔöäÔöäÔöäÔöäÔöäÔöäÔöäÔöäÔöäÔöäÔöäÔöäÔöäÔöäÔöäÔöäÔöäÔöäÔöäÔöäÔöäÔöäÔöäÔöäÔöäÔöäÔöäÔöäÔöäÔöäÔöäÔöäÔöäÔöäÔöäÔöäÔöäÔöäÔöäÔöäÔöäÔöäÔöäÔöäÔöäÔöäÔöäÔöäÔöäÔöäÔöäÔöäÔöäÔöäÔöäÔöäÔöäÔöäÔöäÔöäÔöäÔöäÔöäÔöäÔöäÔöäÔöäÔöä[0m
[38;5;12mÔöé ­ƒÆí [Tag] Message 322[0m
[38;5;12mÔööÔöÇÔöÇÔöÇÔöÇÔöÇÔöÇÔöÇÔöÇÔöÇÔöÇÔöÇÔöÇÔöÇÔöÇÔöÇÔöÇÔöÇÔöÇÔöÇÔöÇÔöÇÔöÇÔöÇÔöÇÔöÇÔöÇÔöÇÔöÇÔöÇÔöÇÔöÇÔöÇÔöÇÔöÇÔöÇÔöÇÔöÇÔöÇÔöÇÔöÇÔöÇÔöÇÔöÇÔöÇÔöÇÔöÇÔöÇÔöÇÔöÇÔöÇÔöÇÔöÇÔöÇÔöÇÔöÇÔöÇÔöÇÔöÇÔöÇÔöÇÔöÇÔöÇÔöÇÔöÇÔöÇÔöÇÔöÇÔöÇÔöÇÔöÇÔöÇÔöÇÔöÇÔöÇÔöÇÔöÇÔöÇÔöÇÔöÇ[0m
[38;5;12mÔöîÔöÇÔöÇÔöÇÔöÇÔöÇÔöÇÔöÇÔöÇÔöÇÔöÇÔöÇÔöÇÔöÇÔöÇÔöÇÔöÇÔöÇÔöÇÔöÇÔöÇÔöÇÔöÇÔöÇÔöÇÔöÇÔöÇÔöÇÔöÇÔöÇÔöÇÔöÇÔöÇÔöÇÔöÇÔöÇÔöÇÔöÇÔöÇÔöÇÔöÇÔöÇÔöÇÔöÇÔöÇÔöÇÔöÇÔöÇÔöÇÔöÇÔöÇÔöÇÔöÇÔöÇÔöÇÔöÇÔöÇÔöÇÔöÇÔöÇÔöÇÔöÇÔöÇÔöÇÔöÇÔöÇÔöÇÔöÇÔöÇÔöÇÔöÇÔöÇÔöÇÔöÇÔöÇÔöÇÔöÇÔöÇÔöÇÔöÇ[0m
[38;5;12mÔöé 01:00:45.886 (+0:00:00.024569)[0m
[38;5;12mÔö£ÔöäÔöäÔöäÔöäÔöäÔöäÔöäÔöäÔöäÔöäÔöäÔöäÔöäÔöäÔöäÔöäÔöäÔöäÔöäÔöäÔöäÔöäÔöäÔöäÔöäÔöäÔöäÔöäÔöäÔöäÔöäÔöäÔöäÔöäÔöäÔöäÔöäÔöäÔöäÔöäÔöäÔöäÔöäÔöäÔöäÔöäÔöäÔöäÔöäÔöäÔöäÔöäÔöäÔöäÔöäÔöäÔöäÔöäÔöäÔöäÔöäÔöäÔöäÔöäÔöäÔöäÔöäÔöäÔöäÔöäÔöäÔöäÔöäÔöäÔöäÔöäÔöäÔöäÔöä[0m
[38;5;12mÔöé ­ƒÆí [Tag] Message 323[0m
[38;5;12mÔööÔöÇÔöÇÔöÇÔöÇÔöÇÔöÇÔöÇÔöÇÔöÇÔöÇÔöÇÔöÇÔöÇÔöÇÔöÇÔöÇÔöÇÔöÇÔöÇÔöÇÔöÇÔöÇÔöÇÔöÇÔöÇÔöÇÔöÇÔöÇÔöÇÔöÇÔöÇÔöÇÔöÇÔöÇÔöÇÔöÇÔöÇÔöÇÔöÇÔöÇÔöÇÔöÇÔöÇÔöÇÔöÇÔöÇÔöÇÔöÇÔöÇÔöÇÔöÇÔöÇÔöÇÔöÇÔöÇÔöÇÔöÇÔöÇÔöÇÔöÇÔöÇÔöÇÔöÇÔöÇÔöÇÔöÇÔöÇÔöÇÔöÇÔöÇÔöÇÔöÇÔöÇÔöÇÔöÇÔöÇÔöÇÔöÇÔöÇ[0m
[38;5;12mÔöîÔöÇÔöÇÔöÇÔöÇÔöÇÔöÇÔöÇÔöÇÔöÇÔöÇÔöÇÔöÇÔöÇÔöÇÔöÇÔöÇÔöÇÔöÇÔöÇÔöÇÔöÇÔöÇÔöÇÔöÇÔöÇÔöÇÔöÇÔöÇÔöÇÔöÇÔöÇÔöÇÔöÇÔöÇÔöÇÔöÇÔöÇÔöÇÔöÇÔöÇÔöÇÔöÇÔöÇÔöÇÔöÇÔöÇÔöÇÔöÇÔöÇÔöÇÔöÇÔöÇÔöÇÔöÇÔöÇÔöÇÔöÇÔöÇÔöÇÔöÇÔöÇÔöÇÔöÇÔöÇÔöÇÔöÇÔöÇÔöÇÔöÇÔöÇÔöÇÔöÇÔöÇÔöÇÔöÇÔöÇÔöÇÔöÇÔöÇ[0m
[38;5;12mÔöé 01:00:45.886 (+0:00:00.024569)[0m
[38;5;12mÔö£ÔöäÔöäÔöäÔöäÔöäÔöäÔöäÔöäÔöäÔöäÔöäÔöäÔöäÔöäÔöäÔöäÔöäÔöäÔöäÔöäÔöäÔöäÔöäÔöäÔöäÔöäÔöäÔöäÔöäÔöäÔöäÔöäÔöäÔöäÔöäÔöäÔöäÔöäÔöäÔöäÔöäÔöäÔöäÔöäÔöäÔöäÔöäÔöäÔöäÔöäÔöäÔöäÔöäÔöäÔöäÔöäÔöäÔöäÔöäÔöäÔöäÔöäÔöäÔöäÔöäÔöäÔöäÔöäÔöäÔöäÔöäÔöäÔöäÔöäÔöäÔöäÔöäÔöäÔöä[0m
[38;5;12mÔöé ­ƒÆí [Tag] Message 324[0m
[38;5;12mÔööÔöÇÔöÇÔöÇÔöÇÔöÇÔöÇÔöÇÔöÇÔöÇÔöÇÔöÇÔöÇÔöÇÔöÇÔöÇÔöÇÔöÇÔöÇÔöÇÔöÇÔöÇÔöÇÔöÇÔöÇÔöÇÔöÇÔöÇÔöÇÔöÇÔöÇÔöÇÔöÇÔöÇÔöÇÔöÇÔöÇÔöÇÔöÇÔöÇÔöÇÔöÇÔöÇÔöÇÔöÇÔöÇÔöÇÔöÇÔöÇÔöÇÔöÇÔöÇÔöÇÔöÇÔöÇÔöÇÔöÇÔöÇÔöÇÔöÇÔöÇÔöÇÔöÇÔöÇÔöÇÔöÇÔöÇÔöÇÔöÇÔöÇÔöÇÔöÇÔöÇÔöÇÔöÇÔöÇÔöÇÔöÇÔöÇÔöÇ[0m
[38;5;12mÔöîÔöÇÔöÇÔöÇÔöÇÔöÇÔöÇÔöÇÔöÇÔöÇÔöÇÔöÇÔöÇÔöÇÔöÇÔöÇÔöÇÔöÇÔöÇÔöÇÔöÇÔöÇÔöÇÔöÇÔöÇÔöÇÔöÇÔöÇÔöÇÔöÇÔöÇÔöÇÔöÇÔöÇÔöÇÔöÇÔöÇÔöÇÔöÇÔöÇÔöÇÔöÇÔöÇÔöÇÔöÇÔöÇÔöÇÔöÇÔöÇÔöÇÔöÇÔöÇÔöÇÔöÇÔöÇÔöÇÔöÇÔöÇÔöÇÔöÇÔöÇÔöÇÔöÇÔöÇÔöÇÔöÇÔöÇÔöÇÔöÇÔöÇÔöÇÔöÇÔöÇÔöÇÔöÇÔöÇÔöÇÔöÇÔöÇÔöÇ[0m
[38;5;12mÔöé 01:00:45.886 (+0:00:00.024569)[0m
[38;5;12mÔö£ÔöäÔöäÔöäÔöäÔöäÔöäÔöäÔöäÔöäÔöäÔöäÔöäÔöäÔöäÔöäÔöäÔöäÔöäÔöäÔöäÔöäÔöäÔöäÔöäÔöäÔöäÔöäÔöäÔöäÔöäÔöäÔöäÔöäÔöäÔöäÔöäÔöäÔöäÔöäÔöäÔöäÔöäÔöäÔöäÔöäÔöäÔöäÔöäÔöäÔöäÔöäÔöäÔöäÔöäÔöäÔöäÔöäÔöäÔöäÔöäÔöäÔöäÔöäÔöäÔöäÔöäÔöäÔöäÔöäÔöäÔöäÔöäÔöäÔöäÔöäÔöäÔöäÔöäÔöä[0m
[38;5;12mÔöé ­ƒÆí [Tag] Message 325[0m
[38;5;12mÔööÔöÇÔöÇÔöÇÔöÇÔöÇÔöÇÔöÇÔöÇÔöÇÔöÇÔöÇÔöÇÔöÇÔöÇÔöÇÔöÇÔöÇÔöÇÔöÇÔöÇÔöÇÔöÇÔöÇÔöÇÔöÇÔöÇÔöÇÔöÇÔöÇÔöÇÔöÇÔöÇÔöÇÔöÇÔöÇÔöÇÔöÇÔöÇÔöÇÔöÇÔöÇÔöÇÔöÇÔöÇÔöÇÔöÇÔöÇÔöÇÔöÇÔöÇÔöÇÔöÇÔöÇÔöÇÔöÇÔöÇÔöÇÔöÇÔöÇÔöÇÔöÇÔöÇÔöÇÔöÇÔöÇÔöÇÔöÇÔöÇÔöÇÔöÇÔöÇÔöÇÔöÇÔöÇÔöÇÔöÇÔöÇÔöÇÔöÇ[0m
[38;5;12mÔöîÔöÇÔöÇÔöÇÔöÇÔöÇÔöÇÔöÇÔöÇÔöÇÔöÇÔöÇÔöÇÔöÇÔöÇÔöÇÔöÇÔöÇÔöÇÔöÇÔöÇÔöÇÔöÇÔöÇÔöÇÔöÇÔöÇÔöÇÔöÇÔöÇÔöÇÔöÇÔöÇÔöÇÔöÇÔöÇÔöÇÔöÇÔöÇÔöÇÔöÇÔöÇÔöÇÔöÇÔöÇÔöÇÔöÇÔöÇÔöÇÔöÇÔöÇÔöÇÔöÇÔöÇÔöÇÔöÇÔöÇÔöÇÔöÇÔöÇÔöÇÔöÇÔöÇÔöÇÔöÇÔöÇÔöÇÔöÇÔöÇÔöÇÔöÇÔöÇÔöÇÔöÇÔöÇÔöÇÔöÇÔöÇÔöÇÔöÇ[0m
[38;5;12mÔöé 01:00:45.886 (+0:00:00.024569)[0m
[38;5;12mÔö£ÔöäÔöäÔöäÔöäÔöäÔöäÔöäÔöäÔöäÔöäÔöäÔöäÔöäÔöäÔöäÔöäÔöäÔöäÔöäÔöäÔöäÔöäÔöäÔöäÔöäÔöäÔöäÔöäÔöäÔöäÔöäÔöäÔöäÔöäÔöäÔöäÔöäÔöäÔöäÔöäÔöäÔöäÔöäÔöäÔöäÔöäÔöäÔöäÔöäÔöäÔöäÔöäÔöäÔöäÔöäÔöäÔöäÔöäÔöäÔöäÔöäÔöäÔöäÔöäÔöäÔöäÔöäÔöäÔöäÔöäÔöäÔöäÔöäÔöäÔöäÔöäÔöäÔöäÔöä[0m
[38;5;12mÔöé ­ƒÆí [Tag] Message 326[0m
[38;5;12mÔööÔöÇÔöÇÔöÇÔöÇÔöÇÔöÇÔöÇÔöÇÔöÇÔöÇÔöÇÔöÇÔöÇÔöÇÔöÇÔöÇÔöÇÔöÇÔöÇÔöÇÔöÇÔöÇÔöÇÔöÇÔöÇÔöÇÔöÇÔöÇÔöÇÔöÇÔöÇÔöÇÔöÇÔöÇÔöÇÔöÇÔöÇÔöÇÔöÇÔöÇÔöÇÔöÇÔöÇÔöÇÔöÇÔöÇÔöÇÔöÇÔöÇÔöÇÔöÇÔöÇÔöÇÔöÇÔöÇÔöÇÔöÇÔöÇÔöÇÔöÇÔöÇÔöÇÔöÇÔöÇÔöÇÔöÇÔöÇÔöÇÔöÇÔöÇÔöÇÔöÇÔöÇÔöÇÔöÇÔöÇÔöÇÔöÇÔöÇ[0m
[38;5;12mÔöîÔöÇÔöÇÔöÇÔöÇÔöÇÔöÇÔöÇÔöÇÔöÇÔöÇÔöÇÔöÇÔöÇÔöÇÔöÇÔöÇÔöÇÔöÇÔöÇÔöÇÔöÇÔöÇÔöÇÔöÇÔöÇÔöÇÔöÇÔöÇÔöÇÔöÇÔöÇÔöÇÔöÇÔöÇÔöÇÔöÇÔöÇÔöÇÔöÇÔöÇÔöÇÔöÇÔöÇÔöÇÔöÇÔöÇÔöÇÔöÇÔöÇÔöÇÔöÇÔöÇÔöÇÔöÇÔöÇÔöÇÔöÇÔöÇÔöÇÔöÇÔöÇÔöÇÔöÇÔöÇÔöÇÔöÇÔöÇÔöÇÔöÇÔöÇÔöÇÔöÇÔöÇÔöÇÔöÇÔöÇÔöÇÔöÇÔöÇ[0m
[38;5;12mÔöé 01:00:45.886 (+0:00:00.024569)[0m
[38;5;12mÔö£ÔöäÔöäÔöäÔöäÔöäÔöäÔöäÔöäÔöäÔöäÔöäÔöäÔöäÔöäÔöäÔöäÔöäÔöäÔöäÔöäÔöäÔöäÔöäÔöäÔöäÔöäÔöäÔöäÔöäÔöäÔöäÔöäÔöäÔöäÔöäÔöäÔöäÔöäÔöäÔöäÔöäÔöäÔöäÔöäÔöäÔöäÔöäÔöäÔöäÔöäÔöäÔöäÔöäÔöäÔöäÔöäÔöäÔöäÔöäÔöäÔöäÔöäÔöäÔöäÔöäÔöäÔöäÔöäÔöäÔöäÔöäÔöäÔöäÔöäÔöäÔöäÔöäÔöäÔöä[0m
[38;5;12mÔöé ­ƒÆí [Tag] Message 327[0m
[38;5;12mÔööÔöÇÔöÇÔöÇÔöÇÔöÇÔöÇÔöÇÔöÇÔöÇÔöÇÔöÇÔöÇÔöÇÔöÇÔöÇÔöÇÔöÇÔöÇÔöÇÔöÇÔöÇÔöÇÔöÇÔöÇÔöÇÔöÇÔöÇÔöÇÔöÇÔöÇÔöÇÔöÇÔöÇÔöÇÔöÇÔöÇÔöÇÔöÇÔöÇÔöÇÔöÇÔöÇÔöÇÔöÇÔöÇÔöÇÔöÇÔöÇÔöÇÔöÇÔöÇÔöÇÔöÇÔöÇÔöÇÔöÇÔöÇÔöÇÔöÇÔöÇÔöÇÔöÇÔöÇÔöÇÔöÇÔöÇÔöÇÔöÇÔöÇÔöÇÔöÇÔöÇÔöÇÔöÇÔöÇÔöÇÔöÇÔöÇÔöÇ[0m
[38;5;12mÔöîÔöÇÔöÇÔöÇÔöÇÔöÇÔöÇÔöÇÔöÇÔöÇÔöÇÔöÇÔöÇÔöÇÔöÇÔöÇÔöÇÔöÇÔöÇÔöÇÔöÇÔöÇÔöÇÔöÇÔöÇÔöÇÔöÇÔöÇÔöÇÔöÇÔöÇÔöÇÔöÇÔöÇÔöÇÔöÇÔöÇÔöÇÔöÇÔöÇÔöÇÔöÇÔöÇÔöÇÔöÇÔöÇÔöÇÔöÇÔöÇÔöÇÔöÇÔöÇÔöÇÔöÇÔöÇÔöÇÔöÇÔöÇÔöÇÔöÇÔöÇÔöÇÔöÇÔöÇÔöÇÔöÇÔöÇÔöÇÔöÇÔöÇÔöÇÔöÇÔöÇÔöÇÔöÇÔöÇÔöÇÔöÇÔöÇÔöÇ[0m
[38;5;12mÔöé 01:00:45.886 (+0:00:00.024569)[0m
[38;5;12mÔö£ÔöäÔöäÔöäÔöäÔöäÔöäÔöäÔöäÔöäÔöäÔöäÔöäÔöäÔöäÔöäÔöäÔöäÔöäÔöäÔöäÔöäÔöäÔöäÔöäÔöäÔöäÔöäÔöäÔöäÔöäÔöäÔöäÔöäÔöäÔöäÔöäÔöäÔöäÔöäÔöäÔöäÔöäÔöäÔöäÔöäÔöäÔöäÔöäÔöäÔöäÔöäÔöäÔöäÔöäÔöäÔöäÔöäÔöäÔöäÔöäÔöäÔöäÔöäÔöäÔöäÔöäÔöäÔöäÔöäÔöäÔöäÔöäÔöäÔöäÔöäÔöäÔöäÔöäÔöä[0m
[38;5;12mÔöé ­ƒÆí [Tag] Message 328[0m
[38;5;12mÔööÔöÇÔöÇÔöÇÔöÇÔöÇÔöÇÔöÇÔöÇÔöÇÔöÇÔöÇÔöÇÔöÇÔöÇÔöÇÔöÇÔöÇÔöÇÔöÇÔöÇÔöÇÔöÇÔöÇÔöÇÔöÇÔöÇÔöÇÔöÇÔöÇÔöÇÔöÇÔöÇÔöÇÔöÇÔöÇÔöÇÔöÇÔöÇÔöÇÔöÇÔöÇÔöÇÔöÇÔöÇÔöÇÔöÇÔöÇÔöÇÔöÇÔöÇÔöÇÔöÇÔöÇÔöÇÔöÇÔöÇÔöÇÔöÇÔöÇÔöÇÔöÇÔöÇÔöÇÔöÇÔöÇÔöÇÔöÇÔöÇÔöÇÔöÇÔöÇÔöÇÔöÇÔöÇÔöÇÔöÇÔöÇÔöÇÔöÇ[0m
[38;5;12mÔöîÔöÇÔöÇÔöÇÔöÇÔöÇÔöÇÔöÇÔöÇÔöÇÔöÇÔöÇÔöÇÔöÇÔöÇÔöÇÔöÇÔöÇÔöÇÔöÇÔöÇÔöÇÔöÇÔöÇÔöÇÔöÇÔöÇÔöÇÔöÇÔöÇÔöÇÔöÇÔöÇÔöÇÔöÇÔöÇÔöÇÔöÇÔöÇÔöÇÔöÇÔöÇÔöÇÔöÇÔöÇÔöÇÔöÇÔöÇÔöÇÔöÇÔöÇÔöÇÔöÇÔöÇÔöÇÔöÇÔöÇÔöÇÔöÇÔöÇÔöÇÔöÇÔöÇÔöÇÔöÇÔöÇÔöÇÔöÇÔöÇÔöÇÔöÇÔöÇÔöÇÔöÇÔöÇÔöÇÔöÇÔöÇÔöÇÔöÇ[0m
[38;5;12mÔöé 01:00:45.886 (+0:00:00.024569)[0m
[38;5;12mÔö£ÔöäÔöäÔöäÔöäÔöäÔöäÔöäÔöäÔöäÔöäÔöäÔöäÔöäÔöäÔöäÔöäÔöäÔöäÔöäÔöäÔöäÔöäÔöäÔöäÔöäÔöäÔöäÔöäÔöäÔöäÔöäÔöäÔöäÔöäÔöäÔöäÔöäÔöäÔöäÔöäÔöäÔöäÔöäÔöäÔöäÔöäÔöäÔöäÔöäÔöäÔöäÔöäÔöäÔöäÔöäÔöäÔöäÔöäÔöäÔöäÔöäÔöäÔöäÔöäÔöäÔöäÔöäÔöäÔöäÔöäÔöäÔöäÔöäÔöäÔöäÔöäÔöäÔöäÔöä[0m
[38;5;12mÔöé ­ƒÆí [Tag] Message 329[0m
[38;5;12mÔööÔöÇÔöÇÔöÇÔöÇÔöÇÔöÇÔöÇÔöÇÔöÇÔöÇÔöÇÔöÇÔöÇÔöÇÔöÇÔöÇÔöÇÔöÇÔöÇÔöÇÔöÇÔöÇÔöÇÔöÇÔöÇÔöÇÔöÇÔöÇÔöÇÔöÇÔöÇÔöÇÔöÇÔöÇÔöÇÔöÇÔöÇÔöÇÔöÇÔöÇÔöÇÔöÇÔöÇÔöÇÔöÇÔöÇÔöÇÔöÇÔöÇÔöÇÔöÇÔöÇÔöÇÔöÇÔöÇÔöÇÔöÇÔöÇÔöÇÔöÇÔöÇÔöÇÔöÇÔöÇÔöÇÔöÇÔöÇÔöÇÔöÇÔöÇÔöÇÔöÇÔöÇÔöÇÔöÇÔöÇÔöÇÔöÇÔöÇ[0m
[38;5;12mÔöîÔöÇÔöÇÔöÇÔöÇÔöÇÔöÇÔöÇÔöÇÔöÇÔöÇÔöÇÔöÇÔöÇÔöÇÔöÇÔöÇÔöÇÔöÇÔöÇÔöÇÔöÇÔöÇÔöÇÔöÇÔöÇÔöÇÔöÇÔöÇÔöÇÔöÇÔöÇÔöÇÔöÇÔöÇÔöÇÔöÇÔöÇÔöÇÔöÇÔöÇÔöÇÔöÇÔöÇÔöÇÔöÇÔöÇÔöÇÔöÇÔöÇÔöÇÔöÇÔöÇÔöÇÔöÇÔöÇÔöÇÔöÇÔöÇÔöÇÔöÇÔöÇÔöÇÔöÇÔöÇÔöÇÔöÇÔöÇÔöÇÔöÇÔöÇÔöÇÔöÇÔöÇÔöÇÔöÇÔöÇÔöÇÔöÇÔöÇ[0m
[38;5;12mÔöé 01:00:45.886 (+0:00:00.024569)[0m
[38;5;12mÔö£ÔöäÔöäÔöäÔöäÔöäÔöäÔöäÔöäÔöäÔöäÔöäÔöäÔöäÔöäÔöäÔöäÔöäÔöäÔöäÔöäÔöäÔöäÔöäÔöäÔöäÔöäÔöäÔöäÔöäÔöäÔöäÔöäÔöäÔöäÔöäÔöäÔöäÔöäÔöäÔöäÔöäÔöäÔöäÔöäÔöäÔöäÔöäÔöäÔöäÔöäÔöäÔöäÔöäÔöäÔöäÔöäÔöäÔöäÔöäÔöäÔöäÔöäÔöäÔöäÔöäÔöäÔöäÔöäÔöäÔöäÔöäÔöäÔöäÔöäÔöäÔöäÔöäÔöäÔöä[0m
[38;5;12mÔöé ­ƒÆí [Tag] Message 330[0m
[38;5;12mÔööÔöÇÔöÇÔöÇÔöÇÔöÇÔöÇÔöÇÔöÇÔöÇÔöÇÔöÇÔöÇÔöÇÔöÇÔöÇÔöÇÔöÇÔöÇÔöÇÔöÇÔöÇÔöÇÔöÇÔöÇÔöÇÔöÇÔöÇÔöÇÔöÇÔöÇÔöÇÔöÇÔöÇÔöÇÔöÇÔöÇÔöÇÔöÇÔöÇÔöÇÔöÇÔöÇÔöÇÔöÇÔöÇÔöÇÔöÇÔöÇÔöÇÔöÇÔöÇÔöÇÔöÇÔöÇÔöÇÔöÇÔöÇÔöÇÔöÇÔöÇÔöÇÔöÇÔöÇÔöÇÔöÇÔöÇÔöÇÔöÇÔöÇÔöÇÔöÇÔöÇÔöÇÔöÇÔöÇÔöÇÔöÇÔöÇÔöÇ[0m
[38;5;12mÔöîÔöÇÔöÇÔöÇÔöÇÔöÇÔöÇÔöÇÔöÇÔöÇÔöÇÔöÇÔöÇÔöÇÔöÇÔöÇÔöÇÔöÇÔöÇÔöÇÔöÇÔöÇÔöÇÔöÇÔöÇÔöÇÔöÇÔöÇÔöÇÔöÇÔöÇÔöÇÔöÇÔöÇÔöÇÔöÇÔöÇÔöÇÔöÇÔöÇÔöÇÔöÇÔöÇÔöÇÔöÇÔöÇÔöÇÔöÇÔöÇÔöÇÔöÇÔöÇÔöÇÔöÇÔöÇÔöÇÔöÇÔöÇÔöÇÔöÇÔöÇÔöÇÔöÇÔöÇÔöÇÔöÇÔöÇÔöÇÔöÇÔöÇÔöÇÔöÇÔöÇÔöÇÔöÇÔöÇÔöÇÔöÇÔöÇÔöÇ[0m
[38;5;12mÔöé 01:00:45.886 (+0:00:00.024569)[0m
[38;5;12mÔö£ÔöäÔöäÔöäÔöäÔöäÔöäÔöäÔöäÔöäÔöäÔöäÔöäÔöäÔöäÔöäÔöäÔöäÔöäÔöäÔöäÔöäÔöäÔöäÔöäÔöäÔöäÔöäÔöäÔöäÔöäÔöäÔöäÔöäÔöäÔöäÔöäÔöäÔöäÔöäÔöäÔöäÔöäÔöäÔöäÔöäÔöäÔöäÔöäÔöäÔöäÔöäÔöäÔöäÔöäÔöäÔöäÔöäÔöäÔöäÔöäÔöäÔöäÔöäÔöäÔöäÔöäÔöäÔöäÔöäÔöäÔöäÔöäÔöäÔöäÔöäÔöäÔöäÔöäÔöä[0m
[38;5;12mÔöé ­ƒÆí [Tag] Message 331[0m
[38;5;12mÔööÔöÇÔöÇÔöÇÔöÇÔöÇÔöÇÔöÇÔöÇÔöÇÔöÇÔöÇÔöÇÔöÇÔöÇÔöÇÔöÇÔöÇÔöÇÔöÇÔöÇÔöÇÔöÇÔöÇÔöÇÔöÇÔöÇÔöÇÔöÇÔöÇÔöÇÔöÇÔöÇÔöÇÔöÇÔöÇÔöÇÔöÇÔöÇÔöÇÔöÇÔöÇÔöÇÔöÇÔöÇÔöÇÔöÇÔöÇÔöÇÔöÇÔöÇÔöÇÔöÇÔöÇÔöÇÔöÇÔöÇÔöÇÔöÇÔöÇÔöÇÔöÇÔöÇÔöÇÔöÇÔöÇÔöÇÔöÇÔöÇÔöÇÔöÇÔöÇÔöÇÔöÇÔöÇÔöÇÔöÇÔöÇÔöÇÔöÇ[0m
[38;5;12mÔöîÔöÇÔöÇÔöÇÔöÇÔöÇÔöÇÔöÇÔöÇÔöÇÔöÇÔöÇÔöÇÔöÇÔöÇÔöÇÔöÇÔöÇÔöÇÔöÇÔöÇÔöÇÔöÇÔöÇÔöÇÔöÇÔöÇÔöÇÔöÇÔöÇÔöÇÔöÇÔöÇÔöÇÔöÇÔöÇÔöÇÔöÇÔöÇÔöÇÔöÇÔöÇÔöÇÔöÇÔöÇÔöÇÔöÇÔöÇÔöÇÔöÇÔöÇÔöÇÔöÇÔöÇÔöÇÔöÇÔöÇÔöÇÔöÇÔöÇÔöÇÔöÇÔöÇÔöÇÔöÇÔöÇÔöÇÔöÇÔöÇÔöÇÔöÇÔöÇÔöÇÔöÇÔöÇÔöÇÔöÇÔöÇÔöÇÔöÇ[0m
[38;5;12mÔöé 01:00:45.886 (+0:00:00.024569)[0m
[38;5;12mÔö£ÔöäÔöäÔöäÔöäÔöäÔöäÔöäÔöäÔöäÔöäÔöäÔöäÔöäÔöäÔöäÔöäÔöäÔöäÔöäÔöäÔöäÔöäÔöäÔöäÔöäÔöäÔöäÔöäÔöäÔöäÔöäÔöäÔöäÔöäÔöäÔöäÔöäÔöäÔöäÔöäÔöäÔöäÔöäÔöäÔöäÔöäÔöäÔöäÔöäÔöäÔöäÔöäÔöäÔöäÔöäÔöäÔöäÔöäÔöäÔöäÔöäÔöäÔöäÔöäÔöäÔöäÔöäÔöäÔöäÔöäÔöäÔöäÔöäÔöäÔöäÔöäÔöäÔöäÔöä[0m
[38;5;12mÔöé ­ƒÆí [Tag] Message 332[0m
[38;5;12mÔööÔöÇÔöÇÔöÇÔöÇÔöÇÔöÇÔöÇÔöÇÔöÇÔöÇÔöÇÔöÇÔöÇÔöÇÔöÇÔöÇÔöÇÔöÇÔöÇÔöÇÔöÇÔöÇÔöÇÔöÇÔöÇÔöÇÔöÇÔöÇÔöÇÔöÇÔöÇÔöÇÔöÇÔöÇÔöÇÔöÇÔöÇÔöÇÔöÇÔöÇÔöÇÔöÇÔöÇÔöÇÔöÇÔöÇÔöÇÔöÇÔöÇÔöÇÔöÇÔöÇÔöÇÔöÇÔöÇÔöÇÔöÇÔöÇÔöÇÔöÇÔöÇÔöÇÔöÇÔöÇÔöÇÔöÇÔöÇÔöÇÔöÇÔöÇÔöÇÔöÇÔöÇÔöÇÔöÇÔöÇÔöÇÔöÇÔöÇ[0m
[38;5;12mÔöîÔöÇÔöÇÔöÇÔöÇÔöÇÔöÇÔöÇÔöÇÔöÇÔöÇÔöÇÔöÇÔöÇÔöÇÔöÇÔöÇÔöÇÔöÇÔöÇÔöÇÔöÇÔöÇÔöÇÔöÇÔöÇÔöÇÔöÇÔöÇÔöÇÔöÇÔöÇÔöÇÔöÇÔöÇÔöÇÔöÇÔöÇÔöÇÔöÇÔöÇÔöÇÔöÇÔöÇÔöÇÔöÇÔöÇÔöÇÔöÇÔöÇÔöÇÔöÇÔöÇÔöÇÔöÇÔöÇÔöÇÔöÇÔöÇÔöÇÔöÇÔöÇÔöÇÔöÇÔöÇÔöÇÔöÇÔöÇÔöÇÔöÇÔöÇÔöÇÔöÇÔöÇÔöÇÔöÇÔöÇÔöÇÔöÇÔöÇ[0m
[38;5;12mÔöé 01:00:45.886 (+0:00:00.024569)[0m
[38;5;12mÔö£ÔöäÔöäÔöäÔöäÔöäÔöäÔöäÔöäÔöäÔöäÔöäÔöäÔöäÔöäÔöäÔöäÔöäÔöäÔöäÔöäÔöäÔöäÔöäÔöäÔöäÔöäÔöäÔöäÔöäÔöäÔöäÔöäÔöäÔöäÔöäÔöäÔöäÔöäÔöäÔöäÔöäÔöäÔöäÔöäÔöäÔöäÔöäÔöäÔöäÔöäÔöäÔöäÔöäÔöäÔöäÔöäÔöäÔöäÔöäÔöäÔöäÔöäÔöäÔöäÔöäÔöäÔöäÔöäÔöäÔöäÔöäÔöäÔöäÔöäÔöäÔöäÔöäÔöäÔöä[0m
[38;5;12mÔöé ­ƒÆí [Tag] Message 333[0m
[38;5;12mÔööÔöÇÔöÇÔöÇÔöÇÔöÇÔöÇÔöÇÔöÇÔöÇÔöÇÔöÇÔöÇÔöÇÔöÇÔöÇÔöÇÔöÇÔöÇÔöÇÔöÇÔöÇÔöÇÔöÇÔöÇÔöÇÔöÇÔöÇÔöÇÔöÇÔöÇÔöÇÔöÇÔöÇÔöÇÔöÇÔöÇÔöÇÔöÇÔöÇÔöÇÔöÇÔöÇÔöÇÔöÇÔöÇÔöÇÔöÇÔöÇÔöÇÔöÇÔöÇÔöÇÔöÇÔöÇÔöÇÔöÇÔöÇÔöÇÔöÇÔöÇÔöÇÔöÇÔöÇÔöÇÔöÇÔöÇÔöÇÔöÇÔöÇÔöÇÔöÇÔöÇÔöÇÔöÇÔöÇÔöÇÔöÇÔöÇÔöÇ[0m
[38;5;12mÔöîÔöÇÔöÇÔöÇÔöÇÔöÇÔöÇÔöÇÔöÇÔöÇÔöÇÔöÇÔöÇÔöÇÔöÇÔöÇÔöÇÔöÇÔöÇÔöÇÔöÇÔöÇÔöÇÔöÇÔöÇÔöÇÔöÇÔöÇÔöÇÔöÇÔöÇÔöÇÔöÇÔöÇÔöÇÔöÇÔöÇÔöÇÔöÇÔöÇÔöÇÔöÇÔöÇÔöÇÔöÇÔöÇÔöÇÔöÇÔöÇÔöÇÔöÇÔöÇÔöÇÔöÇÔöÇÔöÇÔöÇÔöÇÔöÇÔöÇÔöÇÔöÇÔöÇÔöÇÔöÇÔöÇÔöÇÔöÇÔöÇÔöÇÔöÇÔöÇÔöÇÔöÇÔöÇÔöÇÔöÇÔöÇÔöÇÔöÇ[0m
[38;5;12mÔöé 01:00:45.886 (+0:00:00.024569)[0m
[38;5;12mÔö£ÔöäÔöäÔöäÔöäÔöäÔöäÔöäÔöäÔöäÔöäÔöäÔöäÔöäÔöäÔöäÔöäÔöäÔöäÔöäÔöäÔöäÔöäÔöäÔöäÔöäÔöäÔöäÔöäÔöäÔöäÔöäÔöäÔöäÔöäÔöäÔöäÔöäÔöäÔöäÔöäÔöäÔöäÔöäÔöäÔöäÔöäÔöäÔöäÔöäÔöäÔöäÔöäÔöäÔöäÔöäÔöäÔöäÔöäÔöäÔöäÔöäÔöäÔöäÔöäÔöäÔöäÔöäÔöäÔöäÔöäÔöäÔöäÔöäÔöäÔöäÔöäÔöäÔöäÔöä[0m
[38;5;12mÔöé ­ƒÆí [Tag] Message 334[0m
[38;5;12mÔööÔöÇÔöÇÔöÇÔöÇÔöÇÔöÇÔöÇÔöÇÔöÇÔöÇÔöÇÔöÇÔöÇÔöÇÔöÇÔöÇÔöÇÔöÇÔöÇÔöÇÔöÇÔöÇÔöÇÔöÇÔöÇÔöÇÔöÇÔöÇÔöÇÔöÇÔöÇÔöÇÔöÇÔöÇÔöÇÔöÇÔöÇÔöÇÔöÇÔöÇÔöÇÔöÇÔöÇÔöÇÔöÇÔöÇÔöÇÔöÇÔöÇÔöÇÔöÇÔöÇÔöÇÔöÇÔöÇÔöÇÔöÇÔöÇÔöÇÔöÇÔöÇÔöÇÔöÇÔöÇÔöÇÔöÇÔöÇÔöÇÔöÇÔöÇÔöÇÔöÇÔöÇÔöÇÔöÇÔöÇÔöÇÔöÇÔöÇ[0m
[38;5;12mÔöîÔöÇÔöÇÔöÇÔöÇÔöÇÔöÇÔöÇÔöÇÔöÇÔöÇÔöÇÔöÇÔöÇÔöÇÔöÇÔöÇÔöÇÔöÇÔöÇÔöÇÔöÇÔöÇÔöÇÔöÇÔöÇÔöÇÔöÇÔöÇÔöÇÔöÇÔöÇÔöÇÔöÇÔöÇÔöÇÔöÇÔöÇÔöÇÔöÇÔöÇÔöÇÔöÇÔöÇÔöÇÔöÇÔöÇÔöÇÔöÇÔöÇÔöÇÔöÇÔöÇÔöÇÔöÇÔöÇÔöÇÔöÇÔöÇÔöÇÔöÇÔöÇÔöÇÔöÇÔöÇÔöÇÔöÇÔöÇÔöÇÔöÇÔöÇÔöÇÔöÇÔöÇÔöÇÔöÇÔöÇÔöÇÔöÇÔöÇ[0m
[38;5;12mÔöé 01:00:45.886 (+0:00:00.024569)[0m
[38;5;12mÔö£ÔöäÔöäÔöäÔöäÔöäÔöäÔöäÔöäÔöäÔöäÔöäÔöäÔöäÔöäÔöäÔöäÔöäÔöäÔöäÔöäÔöäÔöäÔöäÔöäÔöäÔöäÔöäÔöäÔöäÔöäÔöäÔöäÔöäÔöäÔöäÔöäÔöäÔöäÔöäÔöäÔöäÔöäÔöäÔöäÔöäÔöäÔöäÔöäÔöäÔöäÔöäÔöäÔöäÔöäÔöäÔöäÔöäÔöäÔöäÔöäÔöäÔöäÔöäÔöäÔöäÔöäÔöäÔöäÔöäÔöäÔöäÔöäÔöäÔöäÔöäÔöäÔöäÔöäÔöä[0m
[38;5;12mÔöé ­ƒÆí [Tag] Message 335[0m
[38;5;12mÔööÔöÇÔöÇÔöÇÔöÇÔöÇÔöÇÔöÇÔöÇÔöÇÔöÇÔöÇÔöÇÔöÇÔöÇÔöÇÔöÇÔöÇÔöÇÔöÇÔöÇÔöÇÔöÇÔöÇÔöÇÔöÇÔöÇÔöÇÔöÇÔöÇÔöÇÔöÇÔöÇÔöÇÔöÇÔöÇÔöÇÔöÇÔöÇÔöÇÔöÇÔöÇÔöÇÔöÇÔöÇÔöÇÔöÇÔöÇÔöÇÔöÇÔöÇÔöÇÔöÇÔöÇÔöÇÔöÇÔöÇÔöÇÔöÇÔöÇÔöÇÔöÇÔöÇÔöÇÔöÇÔöÇÔöÇÔöÇÔöÇÔöÇÔöÇÔöÇÔöÇÔöÇÔöÇÔöÇÔöÇÔöÇÔöÇÔöÇ[0m
[38;5;12mÔöîÔöÇÔöÇÔöÇÔöÇÔöÇÔöÇÔöÇÔöÇÔöÇÔöÇÔöÇÔöÇÔöÇÔöÇÔöÇÔöÇÔöÇÔöÇÔöÇÔöÇÔöÇÔöÇÔöÇÔöÇÔöÇÔöÇÔöÇÔöÇÔöÇÔöÇÔöÇÔöÇÔöÇÔöÇÔöÇÔöÇÔöÇÔöÇÔöÇÔöÇÔöÇÔöÇÔöÇÔöÇÔöÇÔöÇÔöÇÔöÇÔöÇÔöÇÔöÇÔöÇÔöÇÔöÇÔöÇÔöÇÔöÇÔöÇÔöÇÔöÇÔöÇÔöÇÔöÇÔöÇÔöÇÔöÇÔöÇÔöÇÔöÇÔöÇÔöÇÔöÇÔöÇÔöÇÔöÇÔöÇÔöÇÔöÇÔöÇ[0m
[38;5;12mÔöé 01:00:45.886 (+0:00:00.024569)[0m
[38;5;12mÔö£ÔöäÔöäÔöäÔöäÔöäÔöäÔöäÔöäÔöäÔöäÔöäÔöäÔöäÔöäÔöäÔöäÔöäÔöäÔöäÔöäÔöäÔöäÔöäÔöäÔöäÔöäÔöäÔöäÔöäÔöäÔöäÔöäÔöäÔöäÔöäÔöäÔöäÔöäÔöäÔöäÔöäÔöäÔöäÔöäÔöäÔöäÔöäÔöäÔöäÔöäÔöäÔöäÔöäÔöäÔöäÔöäÔöäÔöäÔöäÔöäÔöäÔöäÔöäÔöäÔöäÔöäÔöäÔöäÔöäÔöäÔöäÔöäÔöäÔöäÔöäÔöäÔöäÔöäÔöä[0m
[38;5;12mÔöé ­ƒÆí [Tag] Message 336[0m
[38;5;12mÔööÔöÇÔöÇÔöÇÔöÇÔöÇÔöÇÔöÇÔöÇÔöÇÔöÇÔöÇÔöÇÔöÇÔöÇÔöÇÔöÇÔöÇÔöÇÔöÇÔöÇÔöÇÔöÇÔöÇÔöÇÔöÇÔöÇÔöÇÔöÇÔöÇÔöÇÔöÇÔöÇÔöÇÔöÇÔöÇÔöÇÔöÇÔöÇÔöÇÔöÇÔöÇÔöÇÔöÇÔöÇÔöÇÔöÇÔöÇÔöÇÔöÇÔöÇÔöÇÔöÇÔöÇÔöÇÔöÇÔöÇÔöÇÔöÇÔöÇÔöÇÔöÇÔöÇÔöÇÔöÇÔöÇÔöÇÔöÇÔöÇÔöÇÔöÇÔöÇÔöÇÔöÇÔöÇÔöÇÔöÇÔöÇÔöÇÔöÇ[0m
[38;5;12mÔöîÔöÇÔöÇÔöÇÔöÇÔöÇÔöÇÔöÇÔöÇÔöÇÔöÇÔöÇÔöÇÔöÇÔöÇÔöÇÔöÇÔöÇÔöÇÔöÇÔöÇÔöÇÔöÇÔöÇÔöÇÔöÇÔöÇÔöÇÔöÇÔöÇÔöÇÔöÇÔöÇÔöÇÔöÇÔöÇÔöÇÔöÇÔöÇÔöÇÔöÇÔöÇÔöÇÔöÇÔöÇÔöÇÔöÇÔöÇÔöÇÔöÇÔöÇÔöÇÔöÇÔöÇÔöÇÔöÇÔöÇÔöÇÔöÇÔöÇÔöÇÔöÇÔöÇÔöÇÔöÇÔöÇÔöÇÔöÇÔöÇÔöÇÔöÇÔöÇÔöÇÔöÇÔöÇÔöÇÔöÇÔöÇÔöÇÔöÇ[0m
[38;5;12mÔöé 01:00:45.886 (+0:00:00.024569)[0m
[38;5;12mÔö£ÔöäÔöäÔöäÔöäÔöäÔöäÔöäÔöäÔöäÔöäÔöäÔöäÔöäÔöäÔöäÔöäÔöäÔöäÔöäÔöäÔöäÔöäÔöäÔöäÔöäÔöäÔöäÔöäÔöäÔöäÔöäÔöäÔöäÔöäÔöäÔöäÔöäÔöäÔöäÔöäÔöäÔöäÔöäÔöäÔöäÔöäÔöäÔöäÔöäÔöäÔöäÔöäÔöäÔöäÔöäÔöäÔöäÔöäÔöäÔöäÔöäÔöäÔöäÔöäÔöäÔöäÔöäÔöäÔöäÔöäÔöäÔöäÔöäÔöäÔöäÔöäÔöäÔöäÔöä[0m
[38;5;12mÔöé ­ƒÆí [Tag] Message 337[0m
[38;5;12mÔööÔöÇÔöÇÔöÇÔöÇÔöÇÔöÇÔöÇÔöÇÔöÇÔöÇÔöÇÔöÇÔöÇÔöÇÔöÇÔöÇÔöÇÔöÇÔöÇÔöÇÔöÇÔöÇÔöÇÔöÇÔöÇÔöÇÔöÇÔöÇÔöÇÔöÇÔöÇÔöÇÔöÇÔöÇÔöÇÔöÇÔöÇÔöÇÔöÇÔöÇÔöÇÔöÇÔöÇÔöÇÔöÇÔöÇÔöÇÔöÇÔöÇÔöÇÔöÇÔöÇÔöÇÔöÇÔöÇÔöÇÔöÇÔöÇÔöÇÔöÇÔöÇÔöÇÔöÇÔöÇÔöÇÔöÇÔöÇÔöÇÔöÇÔöÇÔöÇÔöÇÔöÇÔöÇÔöÇÔöÇÔöÇÔöÇÔöÇ[0m
[38;5;12mÔöîÔöÇÔöÇÔöÇÔöÇÔöÇÔöÇÔöÇÔöÇÔöÇÔöÇÔöÇÔöÇÔöÇÔöÇÔöÇÔöÇÔöÇÔöÇÔöÇÔöÇÔöÇÔöÇÔöÇÔöÇÔöÇÔöÇÔöÇÔöÇÔöÇÔöÇÔöÇÔöÇÔöÇÔöÇÔöÇÔöÇÔöÇÔöÇÔöÇÔöÇÔöÇÔöÇÔöÇÔöÇÔöÇÔöÇÔöÇÔöÇÔöÇÔöÇÔöÇÔöÇÔöÇÔöÇÔöÇÔöÇÔöÇÔöÇÔöÇÔöÇÔöÇÔöÇÔöÇÔöÇÔöÇÔöÇÔöÇÔöÇÔöÇÔöÇÔöÇÔöÇÔöÇÔöÇÔöÇÔöÇÔöÇÔöÇÔöÇ[0m
[38;5;12mÔöé 01:00:45.886 (+0:00:00.024569)[0m
[38;5;12mÔö£ÔöäÔöäÔöäÔöäÔöäÔöäÔöäÔöäÔöäÔöäÔöäÔöäÔöäÔöäÔöäÔöäÔöäÔöäÔöäÔöäÔöäÔöäÔöäÔöäÔöäÔöäÔöäÔöäÔöäÔöäÔöäÔöäÔöäÔöäÔöäÔöäÔöäÔöäÔöäÔöäÔöäÔöäÔöäÔöäÔöäÔöäÔöäÔöäÔöäÔöäÔöäÔöäÔöäÔöäÔöäÔöäÔöäÔöäÔöäÔöäÔöäÔöäÔöäÔöäÔöäÔöäÔöäÔöäÔöäÔöäÔöäÔöäÔöäÔöäÔöäÔöäÔöäÔöäÔöä[0m
[38;5;12mÔöé ­ƒÆí [Tag] Message 338[0m
[38;5;12mÔööÔöÇÔöÇÔöÇÔöÇÔöÇÔöÇÔöÇÔöÇÔöÇÔöÇÔöÇÔöÇÔöÇÔöÇÔöÇÔöÇÔöÇÔöÇÔöÇÔöÇÔöÇÔöÇÔöÇÔöÇÔöÇÔöÇÔöÇÔöÇÔöÇÔöÇÔöÇÔöÇÔöÇÔöÇÔöÇÔöÇÔöÇÔöÇÔöÇÔöÇÔöÇÔöÇÔöÇÔöÇÔöÇÔöÇÔöÇÔöÇÔöÇÔöÇÔöÇÔöÇÔöÇÔöÇÔöÇÔöÇÔöÇÔöÇÔöÇÔöÇÔöÇÔöÇÔöÇÔöÇÔöÇÔöÇÔöÇÔöÇÔöÇÔöÇÔöÇÔöÇÔöÇÔöÇÔöÇÔöÇÔöÇÔöÇÔöÇ[0m
[38;5;12mÔöîÔöÇÔöÇÔöÇÔöÇÔöÇÔöÇÔöÇÔöÇÔöÇÔöÇÔöÇÔöÇÔöÇÔöÇÔöÇÔöÇÔöÇÔöÇÔöÇÔöÇÔöÇÔöÇÔöÇÔöÇÔöÇÔöÇÔöÇÔöÇÔöÇÔöÇÔöÇÔöÇÔöÇÔöÇÔöÇÔöÇÔöÇÔöÇÔöÇÔöÇÔöÇÔöÇÔöÇÔöÇÔöÇÔöÇÔöÇÔöÇÔöÇÔöÇÔöÇÔöÇÔöÇÔöÇÔöÇÔöÇÔöÇÔöÇÔöÇÔöÇÔöÇÔöÇÔöÇÔöÇÔöÇÔöÇÔöÇÔöÇÔöÇÔöÇÔöÇÔöÇÔöÇÔöÇÔöÇÔöÇÔöÇÔöÇÔöÇ[0m
[38;5;12mÔöé 01:00:45.886 (+0:00:00.024569)[0m
[38;5;12mÔö£ÔöäÔöäÔöäÔöäÔöäÔöäÔöäÔöäÔöäÔöäÔöäÔöäÔöäÔöäÔöäÔöäÔöäÔöäÔöäÔöäÔöäÔöäÔöäÔöäÔöäÔöäÔöäÔöäÔöäÔöäÔöäÔöäÔöäÔöäÔöäÔöäÔöäÔöäÔöäÔöäÔöäÔöäÔöäÔöäÔöäÔöäÔöäÔöäÔöäÔöäÔöäÔöäÔöäÔöäÔöäÔöäÔöäÔöäÔöäÔöäÔöäÔöäÔöäÔöäÔöäÔöäÔöäÔöäÔöäÔöäÔöäÔöäÔöäÔöäÔöäÔöäÔöäÔöäÔöä[0m
[38;5;12mÔöé ­ƒÆí [Tag] Message 339[0m
[38;5;12mÔööÔöÇÔöÇÔöÇÔöÇÔöÇÔöÇÔöÇÔöÇÔöÇÔöÇÔöÇÔöÇÔöÇÔöÇÔöÇÔöÇÔöÇÔöÇÔöÇÔöÇÔöÇÔöÇÔöÇÔöÇÔöÇÔöÇÔöÇÔöÇÔöÇÔöÇÔöÇÔöÇÔöÇÔöÇÔöÇÔöÇÔöÇÔöÇÔöÇÔöÇÔöÇÔöÇÔöÇÔöÇÔöÇÔöÇÔöÇÔöÇÔöÇÔöÇÔöÇÔöÇÔöÇÔöÇÔöÇÔöÇÔöÇÔöÇÔöÇÔöÇÔöÇÔöÇÔöÇÔöÇÔöÇÔöÇÔöÇÔöÇÔöÇÔöÇÔöÇÔöÇÔöÇÔöÇÔöÇÔöÇÔöÇÔöÇÔöÇ[0m
[38;5;12mÔöîÔöÇÔöÇÔöÇÔöÇÔöÇÔöÇÔöÇÔöÇÔöÇÔöÇÔöÇÔöÇÔöÇÔöÇÔöÇÔöÇÔöÇÔöÇÔöÇÔöÇÔöÇÔöÇÔöÇÔöÇÔöÇÔöÇÔöÇÔöÇÔöÇÔöÇÔöÇÔöÇÔöÇÔöÇÔöÇÔöÇÔöÇÔöÇÔöÇÔöÇÔöÇÔöÇÔöÇÔöÇÔöÇÔöÇÔöÇÔöÇÔöÇÔöÇÔöÇÔöÇÔöÇÔöÇÔöÇÔöÇÔöÇÔöÇÔöÇÔöÇÔöÇÔöÇÔöÇÔöÇÔöÇÔöÇÔöÇÔöÇÔöÇÔöÇÔöÇÔöÇÔöÇÔöÇÔöÇÔöÇÔöÇÔöÇÔöÇ[0m
[38;5;12mÔöé 01:00:45.886 (+0:00:00.024569)[0m
[38;5;12mÔö£ÔöäÔöäÔöäÔöäÔöäÔöäÔöäÔöäÔöäÔöäÔöäÔöäÔöäÔöäÔöäÔöäÔöäÔöäÔöäÔöäÔöäÔöäÔöäÔöäÔöäÔöäÔöäÔöäÔöäÔöäÔöäÔöäÔöäÔöäÔöäÔöäÔöäÔöäÔöäÔöäÔöäÔöäÔöäÔöäÔöäÔöäÔöäÔöäÔöäÔöäÔöäÔöäÔöäÔöäÔöäÔöäÔöäÔöäÔöäÔöäÔöäÔöäÔöäÔöäÔöäÔöäÔöäÔöäÔöäÔöäÔöäÔöäÔöäÔöäÔöäÔöäÔöäÔöäÔöä[0m
[38;5;12mÔöé ­ƒÆí [Tag] Message 340[0m
[38;5;12mÔööÔöÇÔöÇÔöÇÔöÇÔöÇÔöÇÔöÇÔöÇÔöÇÔöÇÔöÇÔöÇÔöÇÔöÇÔöÇÔöÇÔöÇÔöÇÔöÇÔöÇÔöÇÔöÇÔöÇÔöÇÔöÇÔöÇÔöÇÔöÇÔöÇÔöÇÔöÇÔöÇÔöÇÔöÇÔöÇÔöÇÔöÇÔöÇÔöÇÔöÇÔöÇÔöÇÔöÇÔöÇÔöÇÔöÇÔöÇÔöÇÔöÇÔöÇÔöÇÔöÇÔöÇÔöÇÔöÇÔöÇÔöÇÔöÇÔöÇÔöÇÔöÇÔöÇÔöÇÔöÇÔöÇÔöÇÔöÇÔöÇÔöÇÔöÇÔöÇÔöÇÔöÇÔöÇÔöÇÔöÇÔöÇÔöÇÔöÇ[0m
[38;5;12mÔöîÔöÇÔöÇÔöÇÔöÇÔöÇÔöÇÔöÇÔöÇÔöÇÔöÇÔöÇÔöÇÔöÇÔöÇÔöÇÔöÇÔöÇÔöÇÔöÇÔöÇÔöÇÔöÇÔöÇÔöÇÔöÇÔöÇÔöÇÔöÇÔöÇÔöÇÔöÇÔöÇÔöÇÔöÇÔöÇÔöÇÔöÇÔöÇÔöÇÔöÇÔöÇÔöÇÔöÇÔöÇÔöÇÔöÇÔöÇÔöÇÔöÇÔöÇÔöÇÔöÇÔöÇÔöÇÔöÇÔöÇÔöÇÔöÇÔöÇÔöÇÔöÇÔöÇÔöÇÔöÇÔöÇÔöÇÔöÇÔöÇÔöÇÔöÇÔöÇÔöÇÔöÇÔöÇÔöÇÔöÇÔöÇÔöÇÔöÇ[0m
[38;5;12mÔöé 01:00:45.886 (+0:00:00.024569)[0m
[38;5;12mÔö£ÔöäÔöäÔöäÔöäÔöäÔöäÔöäÔöäÔöäÔöäÔöäÔöäÔöäÔöäÔöäÔöäÔöäÔöäÔöäÔöäÔöäÔöäÔöäÔöäÔöäÔöäÔöäÔöäÔöäÔöäÔöäÔöäÔöäÔöäÔöäÔöäÔöäÔöäÔöäÔöäÔöäÔöäÔöäÔöäÔöäÔöäÔöäÔöäÔöäÔöäÔöäÔöäÔöäÔöäÔöäÔöäÔöäÔöäÔöäÔöäÔöäÔöäÔöäÔöäÔöäÔöäÔöäÔöäÔöäÔöäÔöäÔöäÔöäÔöäÔöäÔöäÔöäÔöäÔöä[0m
[38;5;12mÔöé ­ƒÆí [Tag] Message 341[0m
[38;5;12mÔööÔöÇÔöÇÔöÇÔöÇÔöÇÔöÇÔöÇÔöÇÔöÇÔöÇÔöÇÔöÇÔöÇÔöÇÔöÇÔöÇÔöÇÔöÇÔöÇÔöÇÔöÇÔöÇÔöÇÔöÇÔöÇÔöÇÔöÇÔöÇÔöÇÔöÇÔöÇÔöÇÔöÇÔöÇÔöÇÔöÇÔöÇÔöÇÔöÇÔöÇÔöÇÔöÇÔöÇÔöÇÔöÇÔöÇÔöÇÔöÇÔöÇÔöÇÔöÇÔöÇÔöÇÔöÇÔöÇÔöÇÔöÇÔöÇÔöÇÔöÇÔöÇÔöÇÔöÇÔöÇÔöÇÔöÇÔöÇÔöÇÔöÇÔöÇÔöÇÔöÇÔöÇÔöÇÔöÇÔöÇÔöÇÔöÇÔöÇ[0m
[38;5;12mÔöîÔöÇÔöÇÔöÇÔöÇÔöÇÔöÇÔöÇÔöÇÔöÇÔöÇÔöÇÔöÇÔöÇÔöÇÔöÇÔöÇÔöÇÔöÇÔöÇÔöÇÔöÇÔöÇÔöÇÔöÇÔöÇÔöÇÔöÇÔöÇÔöÇÔöÇÔöÇÔöÇÔöÇÔöÇÔöÇÔöÇÔöÇÔöÇÔöÇÔöÇÔöÇÔöÇÔöÇÔöÇÔöÇÔöÇÔöÇÔöÇÔöÇÔöÇÔöÇÔöÇÔöÇÔöÇÔöÇÔöÇÔöÇÔöÇÔöÇÔöÇÔöÇÔöÇÔöÇÔöÇÔöÇÔöÇÔöÇÔöÇÔöÇÔöÇÔöÇÔöÇÔöÇÔöÇÔöÇÔöÇÔöÇÔöÇÔöÇ[0m
[38;5;12mÔöé 01:00:45.886 (+0:00:00.024569)[0m
[38;5;12mÔö£ÔöäÔöäÔöäÔöäÔöäÔöäÔöäÔöäÔöäÔöäÔöäÔöäÔöäÔöäÔöäÔöäÔöäÔöäÔöäÔöäÔöäÔöäÔöäÔöäÔöäÔöäÔöäÔöäÔöäÔöäÔöäÔöäÔöäÔöäÔöäÔöäÔöäÔöäÔöäÔöäÔöäÔöäÔöäÔöäÔöäÔöäÔöäÔöäÔöäÔöäÔöäÔöäÔöäÔöäÔöäÔöäÔöäÔöäÔöäÔöäÔöäÔöäÔöäÔöäÔöäÔöäÔöäÔöäÔöäÔöäÔöäÔöäÔöäÔöäÔöäÔöäÔöäÔöäÔöä[0m
[38;5;12mÔöé ­ƒÆí [Tag] Message 342[0m
[38;5;12mÔööÔöÇÔöÇÔöÇÔöÇÔöÇÔöÇÔöÇÔöÇÔöÇÔöÇÔöÇÔöÇÔöÇÔöÇÔöÇÔöÇÔöÇÔöÇÔöÇÔöÇÔöÇÔöÇÔöÇÔöÇÔöÇÔöÇÔöÇÔöÇÔöÇÔöÇÔöÇÔöÇÔöÇÔöÇÔöÇÔöÇÔöÇÔöÇÔöÇÔöÇÔöÇÔöÇÔöÇÔöÇÔöÇÔöÇÔöÇÔöÇÔöÇÔöÇÔöÇÔöÇÔöÇÔöÇÔöÇÔöÇÔöÇÔöÇÔöÇÔöÇÔöÇÔöÇÔöÇÔöÇÔöÇÔöÇÔöÇÔöÇÔöÇÔöÇÔöÇÔöÇÔöÇÔöÇÔöÇÔöÇÔöÇÔöÇÔöÇ[0m
[38;5;12mÔöîÔöÇÔöÇÔöÇÔöÇÔöÇÔöÇÔöÇÔöÇÔöÇÔöÇÔöÇÔöÇÔöÇÔöÇÔöÇÔöÇÔöÇÔöÇÔöÇÔöÇÔöÇÔöÇÔöÇÔöÇÔöÇÔöÇÔöÇÔöÇÔöÇÔöÇÔöÇÔöÇÔöÇÔöÇÔöÇÔöÇÔöÇÔöÇÔöÇÔöÇÔöÇÔöÇÔöÇÔöÇÔöÇÔöÇÔöÇÔöÇÔöÇÔöÇÔöÇÔöÇÔöÇÔöÇÔöÇÔöÇÔöÇÔöÇÔöÇÔöÇÔöÇÔöÇÔöÇÔöÇÔöÇÔöÇÔöÇÔöÇÔöÇÔöÇÔöÇÔöÇÔöÇÔöÇÔöÇÔöÇÔöÇÔöÇÔöÇ[0m
[38;5;12mÔöé 01:00:45.886 (+0:00:00.024569)[0m
[38;5;12mÔö£ÔöäÔöäÔöäÔöäÔöäÔöäÔöäÔöäÔöäÔöäÔöäÔöäÔöäÔöäÔöäÔöäÔöäÔöäÔöäÔöäÔöäÔöäÔöäÔöäÔöäÔöäÔöäÔöäÔöäÔöäÔöäÔöäÔöäÔöäÔöäÔöäÔöäÔöäÔöäÔöäÔöäÔöäÔöäÔöäÔöäÔöäÔöäÔöäÔöäÔöäÔöäÔöäÔöäÔöäÔöäÔöäÔöäÔöäÔöäÔöäÔöäÔöäÔöäÔöäÔöäÔöäÔöäÔöäÔöäÔöäÔöäÔöäÔöäÔöäÔöäÔöäÔöäÔöäÔöä[0m
[38;5;12mÔöé ­ƒÆí [Tag] Message 343[0m
[38;5;12mÔööÔöÇÔöÇÔöÇÔöÇÔöÇÔöÇÔöÇÔöÇÔöÇÔöÇÔöÇÔöÇÔöÇÔöÇÔöÇÔöÇÔöÇÔöÇÔöÇÔöÇÔöÇÔöÇÔöÇÔöÇÔöÇÔöÇÔöÇÔöÇÔöÇÔöÇÔöÇÔöÇÔöÇÔöÇÔöÇÔöÇÔöÇÔöÇÔöÇÔöÇÔöÇÔöÇÔöÇÔöÇÔöÇÔöÇÔöÇÔöÇÔöÇÔöÇÔöÇÔöÇÔöÇÔöÇÔöÇÔöÇÔöÇÔöÇÔöÇÔöÇÔöÇÔöÇÔöÇÔöÇÔöÇÔöÇÔöÇÔöÇÔöÇÔöÇÔöÇÔöÇÔöÇÔöÇÔöÇÔöÇÔöÇÔöÇÔöÇ[0m
[38;5;12mÔöîÔöÇÔöÇÔöÇÔöÇÔöÇÔöÇÔöÇÔöÇÔöÇÔöÇÔöÇÔöÇÔöÇÔöÇÔöÇÔöÇÔöÇÔöÇÔöÇÔöÇÔöÇÔöÇÔöÇÔöÇÔöÇÔöÇÔöÇÔöÇÔöÇÔöÇÔöÇÔöÇÔöÇÔöÇÔöÇÔöÇÔöÇÔöÇÔöÇÔöÇÔöÇÔöÇÔöÇÔöÇÔöÇÔöÇÔöÇÔöÇÔöÇÔöÇÔöÇÔöÇÔöÇÔöÇÔöÇÔöÇÔöÇÔöÇÔöÇÔöÇÔöÇÔöÇÔöÇÔöÇÔöÇÔöÇÔöÇÔöÇÔöÇÔöÇÔöÇÔöÇÔöÇÔöÇÔöÇÔöÇÔöÇÔöÇÔöÇ[0m
[38;5;12mÔöé 01:00:45.886 (+0:00:00.024569)[0m
[38;5;12mÔö£ÔöäÔöäÔöäÔöäÔöäÔöäÔöäÔöäÔöäÔöäÔöäÔöäÔöäÔöäÔöäÔöäÔöäÔöäÔöäÔöäÔöäÔöäÔöäÔöäÔöäÔöäÔöäÔöäÔöäÔöäÔöäÔöäÔöäÔöäÔöäÔöäÔöäÔöäÔöäÔöäÔöäÔöäÔöäÔöäÔöäÔöäÔöäÔöäÔöäÔöäÔöäÔöäÔöäÔöäÔöäÔöäÔöäÔöäÔöäÔöäÔöäÔöäÔöäÔöäÔöäÔöäÔöäÔöäÔöäÔöäÔöäÔöäÔöäÔöäÔöäÔöäÔöäÔöäÔöä[0m
[38;5;12mÔöé ­ƒÆí [Tag] Message 344[0m
[38;5;12mÔööÔöÇÔöÇÔöÇÔöÇÔöÇÔöÇÔöÇÔöÇÔöÇÔöÇÔöÇÔöÇÔöÇÔöÇÔöÇÔöÇÔöÇÔöÇÔöÇÔöÇÔöÇÔöÇÔöÇÔöÇÔöÇÔöÇÔöÇÔöÇÔöÇÔöÇÔöÇÔöÇÔöÇÔöÇÔöÇÔöÇÔöÇÔöÇÔöÇÔöÇÔöÇÔöÇÔöÇÔöÇÔöÇÔöÇÔöÇÔöÇÔöÇÔöÇÔöÇÔöÇÔöÇÔöÇÔöÇÔöÇÔöÇÔöÇÔöÇÔöÇÔöÇÔöÇÔöÇÔöÇÔöÇÔöÇÔöÇÔöÇÔöÇÔöÇÔöÇÔöÇÔöÇÔöÇÔöÇÔöÇÔöÇÔöÇÔöÇ[0m
[38;5;12mÔöîÔöÇÔöÇÔöÇÔöÇÔöÇÔöÇÔöÇÔöÇÔöÇÔöÇÔöÇÔöÇÔöÇÔöÇÔöÇÔöÇÔöÇÔöÇÔöÇÔöÇÔöÇÔöÇÔöÇÔöÇÔöÇÔöÇÔöÇÔöÇÔöÇÔöÇÔöÇÔöÇÔöÇÔöÇÔöÇÔöÇÔöÇÔöÇÔöÇÔöÇÔöÇÔöÇÔöÇÔöÇÔöÇÔöÇÔöÇÔöÇÔöÇÔöÇÔöÇÔöÇÔöÇÔöÇÔöÇÔöÇÔöÇÔöÇÔöÇÔöÇÔöÇÔöÇÔöÇÔöÇÔöÇÔöÇÔöÇÔöÇÔöÇÔöÇÔöÇÔöÇÔöÇÔöÇÔöÇÔöÇÔöÇÔöÇÔöÇ[0m
[38;5;12mÔöé 01:00:45.886 (+0:00:00.024569)[0m
[38;5;12mÔö£ÔöäÔöäÔöäÔöäÔöäÔöäÔöäÔöäÔöäÔöäÔöäÔöäÔöäÔöäÔöäÔöäÔöäÔöäÔöäÔöäÔöäÔöäÔöäÔöäÔöäÔöäÔöäÔöäÔöäÔöäÔöäÔöäÔöäÔöäÔöäÔöäÔöäÔöäÔöäÔöäÔöäÔöäÔöäÔöäÔöäÔöäÔöäÔöäÔöäÔöäÔöäÔöäÔöäÔöäÔöäÔöäÔöäÔöäÔöäÔöäÔöäÔöäÔöäÔöäÔöäÔöäÔöäÔöäÔöäÔöäÔöäÔöäÔöäÔöäÔöäÔöäÔöäÔöäÔöä[0m
[38;5;12mÔöé ­ƒÆí [Tag] Message 345[0m
[38;5;12mÔööÔöÇÔöÇÔöÇÔöÇÔöÇÔöÇÔöÇÔöÇÔöÇÔöÇÔöÇÔöÇÔöÇÔöÇÔöÇÔöÇÔöÇÔöÇÔöÇÔöÇÔöÇÔöÇÔöÇÔöÇÔöÇÔöÇÔöÇÔöÇÔöÇÔöÇÔöÇÔöÇÔöÇÔöÇÔöÇÔöÇÔöÇÔöÇÔöÇÔöÇÔöÇÔöÇÔöÇÔöÇÔöÇÔöÇÔöÇÔöÇÔöÇÔöÇÔöÇÔöÇÔöÇÔöÇÔöÇÔöÇÔöÇÔöÇÔöÇÔöÇÔöÇÔöÇÔöÇÔöÇÔöÇÔöÇÔöÇÔöÇÔöÇÔöÇÔöÇÔöÇÔöÇÔöÇÔöÇÔöÇÔöÇÔöÇÔöÇ[0m
[38;5;12mÔöîÔöÇÔöÇÔöÇÔöÇÔöÇÔöÇÔöÇÔöÇÔöÇÔöÇÔöÇÔöÇÔöÇÔöÇÔöÇÔöÇÔöÇÔöÇÔöÇÔöÇÔöÇÔöÇÔöÇÔöÇÔöÇÔöÇÔöÇÔöÇÔöÇÔöÇÔöÇÔöÇÔöÇÔöÇÔöÇÔöÇÔöÇÔöÇÔöÇÔöÇÔöÇÔöÇÔöÇÔöÇÔöÇÔöÇÔöÇÔöÇÔöÇÔöÇÔöÇÔöÇÔöÇÔöÇÔöÇÔöÇÔöÇÔöÇÔöÇÔöÇÔöÇÔöÇÔöÇÔöÇÔöÇÔöÇÔöÇÔöÇÔöÇÔöÇÔöÇÔöÇÔöÇÔöÇÔöÇÔöÇÔöÇÔöÇÔöÇ[0m
[38;5;12mÔöé 01:00:45.886 (+0:00:00.024569)[0m
[38;5;12mÔö£ÔöäÔöäÔöäÔöäÔöäÔöäÔöäÔöäÔöäÔöäÔöäÔöäÔöäÔöäÔöäÔöäÔöäÔöäÔöäÔöäÔöäÔöäÔöäÔöäÔöäÔöäÔöäÔöäÔöäÔöäÔöäÔöäÔöäÔöäÔöäÔöäÔöäÔöäÔöäÔöäÔöäÔöäÔöäÔöäÔöäÔöäÔöäÔöäÔöäÔöäÔöäÔöäÔöäÔöäÔöäÔöäÔöäÔöäÔöäÔöäÔöäÔöäÔöäÔöäÔöäÔöäÔöäÔöäÔöäÔöäÔöäÔöäÔöäÔöäÔöäÔöäÔöäÔöäÔöä[0m
[38;5;12mÔöé ­ƒÆí [Tag] Message 346[0m
[38;5;12mÔööÔöÇÔöÇÔöÇÔöÇÔöÇÔöÇÔöÇÔöÇÔöÇÔöÇÔöÇÔöÇÔöÇÔöÇÔöÇÔöÇÔöÇÔöÇÔöÇÔöÇÔöÇÔöÇÔöÇÔöÇÔöÇÔöÇÔöÇÔöÇÔöÇÔöÇÔöÇÔöÇÔöÇÔöÇÔöÇÔöÇÔöÇÔöÇÔöÇÔöÇÔöÇÔöÇÔöÇÔöÇÔöÇÔöÇÔöÇÔöÇÔöÇÔöÇÔöÇÔöÇÔöÇÔöÇÔöÇÔöÇÔöÇÔöÇÔöÇÔöÇÔöÇÔöÇÔöÇÔöÇÔöÇÔöÇÔöÇÔöÇÔöÇÔöÇÔöÇÔöÇÔöÇÔöÇÔöÇÔöÇÔöÇÔöÇÔöÇ[0m
[38;5;12mÔöîÔöÇÔöÇÔöÇÔöÇÔöÇÔöÇÔöÇÔöÇÔöÇÔöÇÔöÇÔöÇÔöÇÔöÇÔöÇÔöÇÔöÇÔöÇÔöÇÔöÇÔöÇÔöÇÔöÇÔöÇÔöÇÔöÇÔöÇÔöÇÔöÇÔöÇÔöÇÔöÇÔöÇÔöÇÔöÇÔöÇÔöÇÔöÇÔöÇÔöÇÔöÇÔöÇÔöÇÔöÇÔöÇÔöÇÔöÇÔöÇÔöÇÔöÇÔöÇÔöÇÔöÇÔöÇÔöÇÔöÇÔöÇÔöÇÔöÇÔöÇÔöÇÔöÇÔöÇÔöÇÔöÇÔöÇÔöÇÔöÇÔöÇÔöÇÔöÇÔöÇÔöÇÔöÇÔöÇÔöÇÔöÇÔöÇÔöÇ[0m
[38;5;12mÔöé 01:00:45.886 (+0:00:00.024569)[0m
[38;5;12mÔö£ÔöäÔöäÔöäÔöäÔöäÔöäÔöäÔöäÔöäÔöäÔöäÔöäÔöäÔöäÔöäÔöäÔöäÔöäÔöäÔöäÔöäÔöäÔöäÔöäÔöäÔöäÔöäÔöäÔöäÔöäÔöäÔöäÔöäÔöäÔöäÔöäÔöäÔöäÔöäÔöäÔöäÔöäÔöäÔöäÔöäÔöäÔöäÔöäÔöäÔöäÔöäÔöäÔöäÔöäÔöäÔöäÔöäÔöäÔöäÔöäÔöäÔöäÔöäÔöäÔöäÔöäÔöäÔöäÔöäÔöäÔöäÔöäÔöäÔöäÔöäÔöäÔöäÔöäÔöä[0m
[38;5;12mÔöé ­ƒÆí [Tag] Message 347[0m
[38;5;12mÔööÔöÇÔöÇÔöÇÔöÇÔöÇÔöÇÔöÇÔöÇÔöÇÔöÇÔöÇÔöÇÔöÇÔöÇÔöÇÔöÇÔöÇÔöÇÔöÇÔöÇÔöÇÔöÇÔöÇÔöÇÔöÇÔöÇÔöÇÔöÇÔöÇÔöÇÔöÇÔöÇÔöÇÔöÇÔöÇÔöÇÔöÇÔöÇÔöÇÔöÇÔöÇÔöÇÔöÇÔöÇÔöÇÔöÇÔöÇÔöÇÔöÇÔöÇÔöÇÔöÇÔöÇÔöÇÔöÇÔöÇÔöÇÔöÇÔöÇÔöÇÔöÇÔöÇÔöÇÔöÇÔöÇÔöÇÔöÇÔöÇÔöÇÔöÇÔöÇÔöÇÔöÇÔöÇÔöÇÔöÇÔöÇÔöÇÔöÇ[0m
[38;5;12mÔöîÔöÇÔöÇÔöÇÔöÇÔöÇÔöÇÔöÇÔöÇÔöÇÔöÇÔöÇÔöÇÔöÇÔöÇÔöÇÔöÇÔöÇÔöÇÔöÇÔöÇÔöÇÔöÇÔöÇÔöÇÔöÇÔöÇÔöÇÔöÇÔöÇÔöÇÔöÇÔöÇÔöÇÔöÇÔöÇÔöÇÔöÇÔöÇÔöÇÔöÇÔöÇÔöÇÔöÇÔöÇÔöÇÔöÇÔöÇÔöÇÔöÇÔöÇÔöÇÔöÇÔöÇÔöÇÔöÇÔöÇÔöÇÔöÇÔöÇÔöÇÔöÇÔöÇÔöÇÔöÇÔöÇÔöÇÔöÇÔöÇÔöÇÔöÇÔöÇÔöÇÔöÇÔöÇÔöÇÔöÇÔöÇÔöÇÔöÇ[0m
[38;5;12mÔöé 01:00:45.886 (+0:00:00.024569)[0m
[38;5;12mÔö£ÔöäÔöäÔöäÔöäÔöäÔöäÔöäÔöäÔöäÔöäÔöäÔöäÔöäÔöäÔöäÔöäÔöäÔöäÔöäÔöäÔöäÔöäÔöäÔöäÔöäÔöäÔöäÔöäÔöäÔöäÔöäÔöäÔöäÔöäÔöäÔöäÔöäÔöäÔöäÔöäÔöäÔöäÔöäÔöäÔöäÔöäÔöäÔöäÔöäÔöäÔöäÔöäÔöäÔöäÔöäÔöäÔöäÔöäÔöäÔöäÔöäÔöäÔöäÔöäÔöäÔöäÔöäÔöäÔöäÔöäÔöäÔöäÔöäÔöäÔöäÔöäÔöäÔöäÔöä[0m
[38;5;12mÔöé ­ƒÆí [Tag] Message 348[0m
[38;5;12mÔööÔöÇÔöÇÔöÇÔöÇÔöÇÔöÇÔöÇÔöÇÔöÇÔöÇÔöÇÔöÇÔöÇÔöÇÔöÇÔöÇÔöÇÔöÇÔöÇÔöÇÔöÇÔöÇÔöÇÔöÇÔöÇÔöÇÔöÇÔöÇÔöÇÔöÇÔöÇÔöÇÔöÇÔöÇÔöÇÔöÇÔöÇÔöÇÔöÇÔöÇÔöÇÔöÇÔöÇÔöÇÔöÇÔöÇÔöÇÔöÇÔöÇÔöÇÔöÇÔöÇÔöÇÔöÇÔöÇÔöÇÔöÇÔöÇÔöÇÔöÇÔöÇÔöÇÔöÇÔöÇÔöÇÔöÇÔöÇÔöÇÔöÇÔöÇÔöÇÔöÇÔöÇÔöÇÔöÇÔöÇÔöÇÔöÇÔöÇ[0m
[38;5;12mÔöîÔöÇÔöÇÔöÇÔöÇÔöÇÔöÇÔöÇÔöÇÔöÇÔöÇÔöÇÔöÇÔöÇÔöÇÔöÇÔöÇÔöÇÔöÇÔöÇÔöÇÔöÇÔöÇÔöÇÔöÇÔöÇÔöÇÔöÇÔöÇÔöÇÔöÇÔöÇÔöÇÔöÇÔöÇÔöÇÔöÇÔöÇÔöÇÔöÇÔöÇÔöÇÔöÇÔöÇÔöÇÔöÇÔöÇÔöÇÔöÇÔöÇÔöÇÔöÇÔöÇÔöÇÔöÇÔöÇÔöÇÔöÇÔöÇÔöÇÔöÇÔöÇÔöÇÔöÇÔöÇÔöÇÔöÇÔöÇÔöÇÔöÇÔöÇÔöÇÔöÇÔöÇÔöÇÔöÇÔöÇÔöÇÔöÇÔöÇ[0m
[38;5;12mÔöé 01:00:45.886 (+0:00:00.024569)[0m
[38;5;12mÔö£ÔöäÔöäÔöäÔöäÔöäÔöäÔöäÔöäÔöäÔöäÔöäÔöäÔöäÔöäÔöäÔöäÔöäÔöäÔöäÔöäÔöäÔöäÔöäÔöäÔöäÔöäÔöäÔöäÔöäÔöäÔöäÔöäÔöäÔöäÔöäÔöäÔöäÔöäÔöäÔöäÔöäÔöäÔöäÔöäÔöäÔöäÔöäÔöäÔöäÔöäÔöäÔöäÔöäÔöäÔöäÔöäÔöäÔöäÔöäÔöäÔöäÔöäÔöäÔöäÔöäÔöäÔöäÔöäÔöäÔöäÔöäÔöäÔöäÔöäÔöäÔöäÔöäÔöäÔöä[0m
[38;5;12mÔöé ­ƒÆí [Tag] Message 349[0m
[38;5;12mÔööÔöÇÔöÇÔöÇÔöÇÔöÇÔöÇÔöÇÔöÇÔöÇÔöÇÔöÇÔöÇÔöÇÔöÇÔöÇÔöÇÔöÇÔöÇÔöÇÔöÇÔöÇÔöÇÔöÇÔöÇÔöÇÔöÇÔöÇÔöÇÔöÇÔöÇÔöÇÔöÇÔöÇÔöÇÔöÇÔöÇÔöÇÔöÇÔöÇÔöÇÔöÇÔöÇÔöÇÔöÇÔöÇÔöÇÔöÇÔöÇÔöÇÔöÇÔöÇÔöÇÔöÇÔöÇÔöÇÔöÇÔöÇÔöÇÔöÇÔöÇÔöÇÔöÇÔöÇÔöÇÔöÇÔöÇÔöÇÔöÇÔöÇÔöÇÔöÇÔöÇÔöÇÔöÇÔöÇÔöÇÔöÇÔöÇÔöÇ[0m
[38;5;12mÔöîÔöÇÔöÇÔöÇÔöÇÔöÇÔöÇÔöÇÔöÇÔöÇÔöÇÔöÇÔöÇÔöÇÔöÇÔöÇÔöÇÔöÇÔöÇÔöÇÔöÇÔöÇÔöÇÔöÇÔöÇÔöÇÔöÇÔöÇÔöÇÔöÇÔöÇÔöÇÔöÇÔöÇÔöÇÔöÇÔöÇÔöÇÔöÇÔöÇÔöÇÔöÇÔöÇÔöÇÔöÇÔöÇÔöÇÔöÇÔöÇÔöÇÔöÇÔöÇÔöÇÔöÇÔöÇÔöÇÔöÇÔöÇÔöÇÔöÇÔöÇÔöÇÔöÇÔöÇÔöÇÔöÇÔöÇÔöÇÔöÇÔöÇÔöÇÔöÇÔöÇÔöÇÔöÇÔöÇÔöÇÔöÇÔöÇÔöÇ[0m
[38;5;12mÔöé 01:00:45.886 (+0:00:00.024569)[0m
[38;5;12mÔö£ÔöäÔöäÔöäÔöäÔöäÔöäÔöäÔöäÔöäÔöäÔöäÔöäÔöäÔöäÔöäÔöäÔöäÔöäÔöäÔöäÔöäÔöäÔöäÔöäÔöäÔöäÔöäÔöäÔöäÔöäÔöäÔöäÔöäÔöäÔöäÔöäÔöäÔöäÔöäÔöäÔöäÔöäÔöäÔöäÔöäÔöäÔöäÔöäÔöäÔöäÔöäÔöäÔöäÔöäÔöäÔöäÔöäÔöäÔöäÔöäÔöäÔöäÔöäÔöäÔöäÔöäÔöäÔöäÔöäÔöäÔöäÔöäÔöäÔöäÔöäÔöäÔöäÔöäÔöä[0m
[38;5;12mÔöé ­ƒÆí [Tag] Message 350[0m
[38;5;12mÔööÔöÇÔöÇÔöÇÔöÇÔöÇÔöÇÔöÇÔöÇÔöÇÔöÇÔöÇÔöÇÔöÇÔöÇÔöÇÔöÇÔöÇÔöÇÔöÇÔöÇÔöÇÔöÇÔöÇÔöÇÔöÇÔöÇÔöÇÔöÇÔöÇÔöÇÔöÇÔöÇÔöÇÔöÇÔöÇÔöÇÔöÇÔöÇÔöÇÔöÇÔöÇÔöÇÔöÇÔöÇÔöÇÔöÇÔöÇÔöÇÔöÇÔöÇÔöÇÔöÇÔöÇÔöÇÔöÇÔöÇÔöÇÔöÇÔöÇÔöÇÔöÇÔöÇÔöÇÔöÇÔöÇÔöÇÔöÇÔöÇÔöÇÔöÇÔöÇÔöÇÔöÇÔöÇÔöÇÔöÇÔöÇÔöÇÔöÇ[0m
[38;5;12mÔöîÔöÇÔöÇÔöÇÔöÇÔöÇÔöÇÔöÇÔöÇÔöÇÔöÇÔöÇÔöÇÔöÇÔöÇÔöÇÔöÇÔöÇÔöÇÔöÇÔöÇÔöÇÔöÇÔöÇÔöÇÔöÇÔöÇÔöÇÔöÇÔöÇÔöÇÔöÇÔöÇÔöÇÔöÇÔöÇÔöÇÔöÇÔöÇÔöÇÔöÇÔöÇÔöÇÔöÇÔöÇÔöÇÔöÇÔöÇÔöÇÔöÇÔöÇÔöÇÔöÇÔöÇÔöÇÔöÇÔöÇÔöÇÔöÇÔöÇÔöÇÔöÇÔöÇÔöÇÔöÇÔöÇÔöÇÔöÇÔöÇÔöÇÔöÇÔöÇÔöÇÔöÇÔöÇÔöÇÔöÇÔöÇÔöÇÔöÇ[0m
[38;5;12mÔöé 01:00:45.886 (+0:00:00.024569)[0m
[38;5;12mÔö£ÔöäÔöäÔöäÔöäÔöäÔöäÔöäÔöäÔöäÔöäÔöäÔöäÔöäÔöäÔöäÔöäÔöäÔöäÔöäÔöäÔöäÔöäÔöäÔöäÔöäÔöäÔöäÔöäÔöäÔöäÔöäÔöäÔöäÔöäÔöäÔöäÔöäÔöäÔöäÔöäÔöäÔöäÔöäÔöäÔöäÔöäÔöäÔöäÔöäÔöäÔöäÔöäÔöäÔöäÔöäÔöäÔöäÔöäÔöäÔöäÔöäÔöäÔöäÔöäÔöäÔöäÔöäÔöäÔöäÔöäÔöäÔöäÔöäÔöäÔöäÔöäÔöäÔöäÔöä[0m
[38;5;12mÔöé ­ƒÆí [Tag] Message 351[0m
[38;5;12mÔööÔöÇÔöÇÔöÇÔöÇÔöÇÔöÇÔöÇÔöÇÔöÇÔöÇÔöÇÔöÇÔöÇÔöÇÔöÇÔöÇÔöÇÔöÇÔöÇÔöÇÔöÇÔöÇÔöÇÔöÇÔöÇÔöÇÔöÇÔöÇÔöÇÔöÇÔöÇÔöÇÔöÇÔöÇÔöÇÔöÇÔöÇÔöÇÔöÇÔöÇÔöÇÔöÇÔöÇÔöÇÔöÇÔöÇÔöÇÔöÇÔöÇÔöÇÔöÇÔöÇÔöÇÔöÇÔöÇÔöÇÔöÇÔöÇÔöÇÔöÇÔöÇÔöÇÔöÇÔöÇÔöÇÔöÇÔöÇÔöÇÔöÇÔöÇÔöÇÔöÇÔöÇÔöÇÔöÇÔöÇÔöÇÔöÇÔöÇ[0m
[38;5;12mÔöîÔöÇÔöÇÔöÇÔöÇÔöÇÔöÇÔöÇÔöÇÔöÇÔöÇÔöÇÔöÇÔöÇÔöÇÔöÇÔöÇÔöÇÔöÇÔöÇÔöÇÔöÇÔöÇÔöÇÔöÇÔöÇÔöÇÔöÇÔöÇÔöÇÔöÇÔöÇÔöÇÔöÇÔöÇÔöÇÔöÇÔöÇÔöÇÔöÇÔöÇÔöÇÔöÇÔöÇÔöÇÔöÇÔöÇÔöÇÔöÇÔöÇÔöÇÔöÇÔöÇÔöÇÔöÇÔöÇÔöÇÔöÇÔöÇÔöÇÔöÇÔöÇÔöÇÔöÇÔöÇÔöÇÔöÇÔöÇÔöÇÔöÇÔöÇÔöÇÔöÇÔöÇÔöÇÔöÇÔöÇÔöÇÔöÇÔöÇ[0m
[38;5;12mÔöé 01:00:45.886 (+0:00:00.024569)[0m
[38;5;12mÔö£ÔöäÔöäÔöäÔöäÔöäÔöäÔöäÔöäÔöäÔöäÔöäÔöäÔöäÔöäÔöäÔöäÔöäÔöäÔöäÔöäÔöäÔöäÔöäÔöäÔöäÔöäÔöäÔöäÔöäÔöäÔöäÔöäÔöäÔöäÔöäÔöäÔöäÔöäÔöäÔöäÔöäÔöäÔöäÔöäÔöäÔöäÔöäÔöäÔöäÔöäÔöäÔöäÔöäÔöäÔöäÔöäÔöäÔöäÔöäÔöäÔöäÔöäÔöäÔöäÔöäÔöäÔöäÔöäÔöäÔöäÔöäÔöäÔöäÔöäÔöäÔöäÔöäÔöäÔöä[0m
[38;5;12mÔöé ­ƒÆí [Tag] Message 352[0m
[38;5;12mÔööÔöÇÔöÇÔöÇÔöÇÔöÇÔöÇÔöÇÔöÇÔöÇÔöÇÔöÇÔöÇÔöÇÔöÇÔöÇÔöÇÔöÇÔöÇÔöÇÔöÇÔöÇÔöÇÔöÇÔöÇÔöÇÔöÇÔöÇÔöÇÔöÇÔöÇÔöÇÔöÇÔöÇÔöÇÔöÇÔöÇÔöÇÔöÇÔöÇÔöÇÔöÇÔöÇÔöÇÔöÇÔöÇÔöÇÔöÇÔöÇÔöÇÔöÇÔöÇÔöÇÔöÇÔöÇÔöÇÔöÇÔöÇÔöÇÔöÇÔöÇÔöÇÔöÇÔöÇÔöÇÔöÇÔöÇÔöÇÔöÇÔöÇÔöÇÔöÇÔöÇÔöÇÔöÇÔöÇÔöÇÔöÇÔöÇÔöÇ[0m
[38;5;12mÔöîÔöÇÔöÇÔöÇÔöÇÔöÇÔöÇÔöÇÔöÇÔöÇÔöÇÔöÇÔöÇÔöÇÔöÇÔöÇÔöÇÔöÇÔöÇÔöÇÔöÇÔöÇÔöÇÔöÇÔöÇÔöÇÔöÇÔöÇÔöÇÔöÇÔöÇÔöÇÔöÇÔöÇÔöÇÔöÇÔöÇÔöÇÔöÇÔöÇÔöÇÔöÇÔöÇÔöÇÔöÇÔöÇÔöÇÔöÇÔöÇÔöÇÔöÇÔöÇÔöÇÔöÇÔöÇÔöÇÔöÇÔöÇÔöÇÔöÇÔöÇÔöÇÔöÇÔöÇÔöÇÔöÇÔöÇÔöÇÔöÇÔöÇÔöÇÔöÇÔöÇÔöÇÔöÇÔöÇÔöÇÔöÇÔöÇÔöÇ[0m
[38;5;12mÔöé 01:00:45.886 (+0:00:00.024569)[0m
[38;5;12mÔö£ÔöäÔöäÔöäÔöäÔöäÔöäÔöäÔöäÔöäÔöäÔöäÔöäÔöäÔöäÔöäÔöäÔöäÔöäÔöäÔöäÔöäÔöäÔöäÔöäÔöäÔöäÔöäÔöäÔöäÔöäÔöäÔöäÔöäÔöäÔöäÔöäÔöäÔöäÔöäÔöäÔöäÔöäÔöäÔöäÔöäÔöäÔöäÔöäÔöäÔöäÔöäÔöäÔöäÔöäÔöäÔöäÔöäÔöäÔöäÔöäÔöäÔöäÔöäÔöäÔöäÔöäÔöäÔöäÔöäÔöäÔöäÔöäÔöäÔöäÔöäÔöäÔöäÔöäÔöä[0m
[38;5;12mÔöé ­ƒÆí [Tag] Message 353[0m
[38;5;12mÔööÔöÇÔöÇÔöÇÔöÇÔöÇÔöÇÔöÇÔöÇÔöÇÔöÇÔöÇÔöÇÔöÇÔöÇÔöÇÔöÇÔöÇÔöÇÔöÇÔöÇÔöÇÔöÇÔöÇÔöÇÔöÇÔöÇÔöÇÔöÇÔöÇÔöÇÔöÇÔöÇÔöÇÔöÇÔöÇÔöÇÔöÇÔöÇÔöÇÔöÇÔöÇÔöÇÔöÇÔöÇÔöÇÔöÇÔöÇÔöÇÔöÇÔöÇÔöÇÔöÇÔöÇÔöÇÔöÇÔöÇÔöÇÔöÇÔöÇÔöÇÔöÇÔöÇÔöÇÔöÇÔöÇÔöÇÔöÇÔöÇÔöÇÔöÇÔöÇÔöÇÔöÇÔöÇÔöÇÔöÇÔöÇÔöÇÔöÇ[0m
[38;5;12mÔöîÔöÇÔöÇÔöÇÔöÇÔöÇÔöÇÔöÇÔöÇÔöÇÔöÇÔöÇÔöÇÔöÇÔöÇÔöÇÔöÇÔöÇÔöÇÔöÇÔöÇÔöÇÔöÇÔöÇÔöÇÔöÇÔöÇÔöÇÔöÇÔöÇÔöÇÔöÇÔöÇÔöÇÔöÇÔöÇÔöÇÔöÇÔöÇÔöÇÔöÇÔöÇÔöÇÔöÇÔöÇÔöÇÔöÇÔöÇÔöÇÔöÇÔöÇÔöÇÔöÇÔöÇÔöÇÔöÇÔöÇÔöÇÔöÇÔöÇÔöÇÔöÇÔöÇÔöÇÔöÇÔöÇÔöÇÔöÇÔöÇÔöÇÔöÇÔöÇÔöÇÔöÇÔöÇÔöÇÔöÇÔöÇÔöÇÔöÇ[0m
[38;5;12mÔöé 01:00:45.886 (+0:00:00.024569)[0m
[38;5;12mÔö£ÔöäÔöäÔöäÔöäÔöäÔöäÔöäÔöäÔöäÔöäÔöäÔöäÔöäÔöäÔöäÔöäÔöäÔöäÔöäÔöäÔöäÔöäÔöäÔöäÔöäÔöäÔöäÔöäÔöäÔöäÔöäÔöäÔöäÔöäÔöäÔöäÔöäÔöäÔöäÔöäÔöäÔöäÔöäÔöäÔöäÔöäÔöäÔöäÔöäÔöäÔöäÔöäÔöäÔöäÔöäÔöäÔöäÔöäÔöäÔöäÔöäÔöäÔöäÔöäÔöäÔöäÔöäÔöäÔöäÔöäÔöäÔöäÔöäÔöäÔöäÔöäÔöäÔöäÔöä[0m
[38;5;12mÔöé ­ƒÆí [Tag] Message 354[0m
[38;5;12mÔööÔöÇÔöÇÔöÇÔöÇÔöÇÔöÇÔöÇÔöÇÔöÇÔöÇÔöÇÔöÇÔöÇÔöÇÔöÇÔöÇÔöÇÔöÇÔöÇÔöÇÔöÇÔöÇÔöÇÔöÇÔöÇÔöÇÔöÇÔöÇÔöÇÔöÇÔöÇÔöÇÔöÇÔöÇÔöÇÔöÇÔöÇÔöÇÔöÇÔöÇÔöÇÔöÇÔöÇÔöÇÔöÇÔöÇÔöÇÔöÇÔöÇÔöÇÔöÇÔöÇÔöÇÔöÇÔöÇÔöÇÔöÇÔöÇÔöÇÔöÇÔöÇÔöÇÔöÇÔöÇÔöÇÔöÇÔöÇÔöÇÔöÇÔöÇÔöÇÔöÇÔöÇÔöÇÔöÇÔöÇÔöÇÔöÇÔöÇ[0m
[38;5;12mÔöîÔöÇÔöÇÔöÇÔöÇÔöÇÔöÇÔöÇÔöÇÔöÇÔöÇÔöÇÔöÇÔöÇÔöÇÔöÇÔöÇÔöÇÔöÇÔöÇÔöÇÔöÇÔöÇÔöÇÔöÇÔöÇÔöÇÔöÇÔöÇÔöÇÔöÇÔöÇÔöÇÔöÇÔöÇÔöÇÔöÇÔöÇÔöÇÔöÇÔöÇÔöÇÔöÇÔöÇÔöÇÔöÇÔöÇÔöÇÔöÇÔöÇÔöÇÔöÇÔöÇÔöÇÔöÇÔöÇÔöÇÔöÇÔöÇÔöÇÔöÇÔöÇÔöÇÔöÇÔöÇÔöÇÔöÇÔöÇÔöÇÔöÇÔöÇÔöÇÔöÇÔöÇÔöÇÔöÇÔöÇÔöÇÔöÇÔöÇ[0m
[38;5;12mÔöé 01:00:45.886 (+0:00:00.024569)[0m
[38;5;12mÔö£ÔöäÔöäÔöäÔöäÔöäÔöäÔöäÔöäÔöäÔöäÔöäÔöäÔöäÔöäÔöäÔöäÔöäÔöäÔöäÔöäÔöäÔöäÔöäÔöäÔöäÔöäÔöäÔöäÔöäÔöäÔöäÔöäÔöäÔöäÔöäÔöäÔöäÔöäÔöäÔöäÔöäÔöäÔöäÔöäÔöäÔöäÔöäÔöäÔöäÔöäÔöäÔöäÔöäÔöäÔöäÔöäÔöäÔöäÔöäÔöäÔöäÔöäÔöäÔöäÔöäÔöäÔöäÔöäÔöäÔöäÔöäÔöäÔöäÔöäÔöäÔöäÔöäÔöäÔöä[0m
[38;5;12mÔöé ­ƒÆí [Tag] Message 355[0m
[38;5;12mÔööÔöÇÔöÇÔöÇÔöÇÔöÇÔöÇÔöÇÔöÇÔöÇÔöÇÔöÇÔöÇÔöÇÔöÇÔöÇÔöÇÔöÇÔöÇÔöÇÔöÇÔöÇÔöÇÔöÇÔöÇÔöÇÔöÇÔöÇÔöÇÔöÇÔöÇÔöÇÔöÇÔöÇÔöÇÔöÇÔöÇÔöÇÔöÇÔöÇÔöÇÔöÇÔöÇÔöÇÔöÇÔöÇÔöÇÔöÇÔöÇÔöÇÔöÇÔöÇÔöÇÔöÇÔöÇÔöÇÔöÇÔöÇÔöÇÔöÇÔöÇÔöÇÔöÇÔöÇÔöÇÔöÇÔöÇÔöÇÔöÇÔöÇÔöÇÔöÇÔöÇÔöÇÔöÇÔöÇÔöÇÔöÇÔöÇÔöÇ[0m
[38;5;12mÔöîÔöÇÔöÇÔöÇÔöÇÔöÇÔöÇÔöÇÔöÇÔöÇÔöÇÔöÇÔöÇÔöÇÔöÇÔöÇÔöÇÔöÇÔöÇÔöÇÔöÇÔöÇÔöÇÔöÇÔöÇÔöÇÔöÇÔöÇÔöÇÔöÇÔöÇÔöÇÔöÇÔöÇÔöÇÔöÇÔöÇÔöÇÔöÇÔöÇÔöÇÔöÇÔöÇÔöÇÔöÇÔöÇÔöÇÔöÇÔöÇÔöÇÔöÇÔöÇÔöÇÔöÇÔöÇÔöÇÔöÇÔöÇÔöÇÔöÇÔöÇÔöÇÔöÇÔöÇÔöÇÔöÇÔöÇÔöÇÔöÇÔöÇÔöÇÔöÇÔöÇÔöÇÔöÇÔöÇÔöÇÔöÇÔöÇÔöÇ[0m
[38;5;12mÔöé 01:00:45.886 (+0:00:00.024569)[0m
[38;5;12mÔö£ÔöäÔöäÔöäÔöäÔöäÔöäÔöäÔöäÔöäÔöäÔöäÔöäÔöäÔöäÔöäÔöäÔöäÔöäÔöäÔöäÔöäÔöäÔöäÔöäÔöäÔöäÔöäÔöäÔöäÔöäÔöäÔöäÔöäÔöäÔöäÔöäÔöäÔöäÔöäÔöäÔöäÔöäÔöäÔöäÔöäÔöäÔöäÔöäÔöäÔöäÔöäÔöäÔöäÔöäÔöäÔöäÔöäÔöäÔöäÔöäÔöäÔöäÔöäÔöäÔöäÔöäÔöäÔöäÔöäÔöäÔöäÔöäÔöäÔöäÔöäÔöäÔöäÔöäÔöä[0m
[38;5;12mÔöé ­ƒÆí [Tag] Message 356[0m
[38;5;12mÔööÔöÇÔöÇÔöÇÔöÇÔöÇÔöÇÔöÇÔöÇÔöÇÔöÇÔöÇÔöÇÔöÇÔöÇÔöÇÔöÇÔöÇÔöÇÔöÇÔöÇÔöÇÔöÇÔöÇÔöÇÔöÇÔöÇÔöÇÔöÇÔöÇÔöÇÔöÇÔöÇÔöÇÔöÇÔöÇÔöÇÔöÇÔöÇÔöÇÔöÇÔöÇÔöÇÔöÇÔöÇÔöÇÔöÇÔöÇÔöÇÔöÇÔöÇÔöÇÔöÇÔöÇÔöÇÔöÇÔöÇÔöÇÔöÇÔöÇÔöÇÔöÇÔöÇÔöÇÔöÇÔöÇÔöÇÔöÇÔöÇÔöÇÔöÇÔöÇÔöÇÔöÇÔöÇÔöÇÔöÇÔöÇÔöÇÔöÇ[0m
[38;5;12mÔöîÔöÇÔöÇÔöÇÔöÇÔöÇÔöÇÔöÇÔöÇÔöÇÔöÇÔöÇÔöÇÔöÇÔöÇÔöÇÔöÇÔöÇÔöÇÔöÇÔöÇÔöÇÔöÇÔöÇÔöÇÔöÇÔöÇÔöÇÔöÇÔöÇÔöÇÔöÇÔöÇÔöÇÔöÇÔöÇÔöÇÔöÇÔöÇÔöÇÔöÇÔöÇÔöÇÔöÇÔöÇÔöÇÔöÇÔöÇÔöÇÔöÇÔöÇÔöÇÔöÇÔöÇÔöÇÔöÇÔöÇÔöÇÔöÇÔöÇÔöÇÔöÇÔöÇÔöÇÔöÇÔöÇÔöÇÔöÇÔöÇÔöÇÔöÇÔöÇÔöÇÔöÇÔöÇÔöÇÔöÇÔöÇÔöÇÔöÇ[0m
[38;5;12mÔöé 01:00:45.886 (+0:00:00.024569)[0m
[38;5;12mÔö£ÔöäÔöäÔöäÔöäÔöäÔöäÔöäÔöäÔöäÔöäÔöäÔöäÔöäÔöäÔöäÔöäÔöäÔöäÔöäÔöäÔöäÔöäÔöäÔöäÔöäÔöäÔöäÔöäÔöäÔöäÔöäÔöäÔöäÔöäÔöäÔöäÔöäÔöäÔöäÔöäÔöäÔöäÔöäÔöäÔöäÔöäÔöäÔöäÔöäÔöäÔöäÔöäÔöäÔöäÔöäÔöäÔöäÔöäÔöäÔöäÔöäÔöäÔöäÔöäÔöäÔöäÔöäÔöäÔöäÔöäÔöäÔöäÔöäÔöäÔöäÔöäÔöäÔöäÔöä[0m
[38;5;12mÔöé ­ƒÆí [Tag] Message 357[0m
[38;5;12mÔööÔöÇÔöÇÔöÇÔöÇÔöÇÔöÇÔöÇÔöÇÔöÇÔöÇÔöÇÔöÇÔöÇÔöÇÔöÇÔöÇÔöÇÔöÇÔöÇÔöÇÔöÇÔöÇÔöÇÔöÇÔöÇÔöÇÔöÇÔöÇÔöÇÔöÇÔöÇÔöÇÔöÇÔöÇÔöÇÔöÇÔöÇÔöÇÔöÇÔöÇÔöÇÔöÇÔöÇÔöÇÔöÇÔöÇÔöÇÔöÇÔöÇÔöÇÔöÇÔöÇÔöÇÔöÇÔöÇÔöÇÔöÇÔöÇÔöÇÔöÇÔöÇÔöÇÔöÇÔöÇÔöÇÔöÇÔöÇÔöÇÔöÇÔöÇÔöÇÔöÇÔöÇÔöÇÔöÇÔöÇÔöÇÔöÇÔöÇ[0m
[38;5;12mÔöîÔöÇÔöÇÔöÇÔöÇÔöÇÔöÇÔöÇÔöÇÔöÇÔöÇÔöÇÔöÇÔöÇÔöÇÔöÇÔöÇÔöÇÔöÇÔöÇÔöÇÔöÇÔöÇÔöÇÔöÇÔöÇÔöÇÔöÇÔöÇÔöÇÔöÇÔöÇÔöÇÔöÇÔöÇÔöÇÔöÇÔöÇÔöÇÔöÇÔöÇÔöÇÔöÇÔöÇÔöÇÔöÇÔöÇÔöÇÔöÇÔöÇÔöÇÔöÇÔöÇÔöÇÔöÇÔöÇÔöÇÔöÇÔöÇÔöÇÔöÇÔöÇÔöÇÔöÇÔöÇÔöÇÔöÇÔöÇÔöÇÔöÇÔöÇÔöÇÔöÇÔöÇÔöÇÔöÇÔöÇÔöÇÔöÇÔöÇ[0m
[38;5;12mÔöé 01:00:45.886 (+0:00:00.024569)[0m
[38;5;12mÔö£ÔöäÔöäÔöäÔöäÔöäÔöäÔöäÔöäÔöäÔöäÔöäÔöäÔöäÔöäÔöäÔöäÔöäÔöäÔöäÔöäÔöäÔöäÔöäÔöäÔöäÔöäÔöäÔöäÔöäÔöäÔöäÔöäÔöäÔöäÔöäÔöäÔöäÔöäÔöäÔöäÔöäÔöäÔöäÔöäÔöäÔöäÔöäÔöäÔöäÔöäÔöäÔöäÔöäÔöäÔöäÔöäÔöäÔöäÔöäÔöäÔöäÔöäÔöäÔöäÔöäÔöäÔöäÔöäÔöäÔöäÔöäÔöäÔöäÔöäÔöäÔöäÔöäÔöäÔöä[0m
[38;5;12mÔöé ­ƒÆí [Tag] Message 358[0m
[38;5;12mÔööÔöÇÔöÇÔöÇÔöÇÔöÇÔöÇÔöÇÔöÇÔöÇÔöÇÔöÇÔöÇÔöÇÔöÇÔöÇÔöÇÔöÇÔöÇÔöÇÔöÇÔöÇÔöÇÔöÇÔöÇÔöÇÔöÇÔöÇÔöÇÔöÇÔöÇÔöÇÔöÇÔöÇÔöÇÔöÇÔöÇÔöÇÔöÇÔöÇÔöÇÔöÇÔöÇÔöÇÔöÇÔöÇÔöÇÔöÇÔöÇÔöÇÔöÇÔöÇÔöÇÔöÇÔöÇÔöÇÔöÇÔöÇÔöÇÔöÇÔöÇÔöÇÔöÇÔöÇÔöÇÔöÇÔöÇÔöÇÔöÇÔöÇÔöÇÔöÇÔöÇÔöÇÔöÇÔöÇÔöÇÔöÇÔöÇÔöÇ[0m
[38;5;12mÔöîÔöÇÔöÇÔöÇÔöÇÔöÇÔöÇÔöÇÔöÇÔöÇÔöÇÔöÇÔöÇÔöÇÔöÇÔöÇÔöÇÔöÇÔöÇÔöÇÔöÇÔöÇÔöÇÔöÇÔöÇÔöÇÔöÇÔöÇÔöÇÔöÇÔöÇÔöÇÔöÇÔöÇÔöÇÔöÇÔöÇÔöÇÔöÇÔöÇÔöÇÔöÇÔöÇÔöÇÔöÇÔöÇÔöÇÔöÇÔöÇÔöÇÔöÇÔöÇÔöÇÔöÇÔöÇÔöÇÔöÇÔöÇÔöÇÔöÇÔöÇÔöÇÔöÇÔöÇÔöÇÔöÇÔöÇÔöÇÔöÇÔöÇÔöÇÔöÇÔöÇÔöÇÔöÇÔöÇÔöÇÔöÇÔöÇÔöÇ[0m
[38;5;12mÔöé 01:00:45.886 (+0:00:00.024569)[0m
[38;5;12mÔö£ÔöäÔöäÔöäÔöäÔöäÔöäÔöäÔöäÔöäÔöäÔöäÔöäÔöäÔöäÔöäÔöäÔöäÔöäÔöäÔöäÔöäÔöäÔöäÔöäÔöäÔöäÔöäÔöäÔöäÔöäÔöäÔöäÔöäÔöäÔöäÔöäÔöäÔöäÔöäÔöäÔöäÔöäÔöäÔöäÔöäÔöäÔöäÔöäÔöäÔöäÔöäÔöäÔöäÔöäÔöäÔöäÔöäÔöäÔöäÔöäÔöäÔöäÔöäÔöäÔöäÔöäÔöäÔöäÔöäÔöäÔöäÔöäÔöäÔöäÔöäÔöäÔöäÔöäÔöä[0m
[38;5;12mÔöé ­ƒÆí [Tag] Message 359[0m
[38;5;12mÔööÔöÇÔöÇÔöÇÔöÇÔöÇÔöÇÔöÇÔöÇÔöÇÔöÇÔöÇÔöÇÔöÇÔöÇÔöÇÔöÇÔöÇÔöÇÔöÇÔöÇÔöÇÔöÇÔöÇÔöÇÔöÇÔöÇÔöÇÔöÇÔöÇÔöÇÔöÇÔöÇÔöÇÔöÇÔöÇÔöÇÔöÇÔöÇÔöÇÔöÇÔöÇÔöÇÔöÇÔöÇÔöÇÔöÇÔöÇÔöÇÔöÇÔöÇÔöÇÔöÇÔöÇÔöÇÔöÇÔöÇÔöÇÔöÇÔöÇÔöÇÔöÇÔöÇÔöÇÔöÇÔöÇÔöÇÔöÇÔöÇÔöÇÔöÇÔöÇÔöÇÔöÇÔöÇÔöÇÔöÇÔöÇÔöÇÔöÇ[0m
[38;5;12mÔöîÔöÇÔöÇÔöÇÔöÇÔöÇÔöÇÔöÇÔöÇÔöÇÔöÇÔöÇÔöÇÔöÇÔöÇÔöÇÔöÇÔöÇÔöÇÔöÇÔöÇÔöÇÔöÇÔöÇÔöÇÔöÇÔöÇÔöÇÔöÇÔöÇÔöÇÔöÇÔöÇÔöÇÔöÇÔöÇÔöÇÔöÇÔöÇÔöÇÔöÇÔöÇÔöÇÔöÇÔöÇÔöÇÔöÇÔöÇÔöÇÔöÇÔöÇÔöÇÔöÇÔöÇÔöÇÔöÇÔöÇÔöÇÔöÇÔöÇÔöÇÔöÇÔöÇÔöÇÔöÇÔöÇÔöÇÔöÇÔöÇÔöÇÔöÇÔöÇÔöÇÔöÇÔöÇÔöÇÔöÇÔöÇÔöÇÔöÇ[0m
[38;5;12mÔöé 01:00:45.886 (+0:00:00.024569)[0m
[38;5;12mÔö£ÔöäÔöäÔöäÔöäÔöäÔöäÔöäÔöäÔöäÔöäÔöäÔöäÔöäÔöäÔöäÔöäÔöäÔöäÔöäÔöäÔöäÔöäÔöäÔöäÔöäÔöäÔöäÔöäÔöäÔöäÔöäÔöäÔöäÔöäÔöäÔöäÔöäÔöäÔöäÔöäÔöäÔöäÔöäÔöäÔöäÔöäÔöäÔöäÔöäÔöäÔöäÔöäÔöäÔöäÔöäÔöäÔöäÔöäÔöäÔöäÔöäÔöäÔöäÔöäÔöäÔöäÔöäÔöäÔöäÔöäÔöäÔöäÔöäÔöäÔöäÔöäÔöäÔöäÔöä[0m
[38;5;12mÔöé ­ƒÆí [Tag] Message 360[0m
[38;5;12mÔööÔöÇÔöÇÔöÇÔöÇÔöÇÔöÇÔöÇÔöÇÔöÇÔöÇÔöÇÔöÇÔöÇÔöÇÔöÇÔöÇÔöÇÔöÇÔöÇÔöÇÔöÇÔöÇÔöÇÔöÇÔöÇÔöÇÔöÇÔöÇÔöÇÔöÇÔöÇÔöÇÔöÇÔöÇÔöÇÔöÇÔöÇÔöÇÔöÇÔöÇÔöÇÔöÇÔöÇÔöÇÔöÇÔöÇÔöÇÔöÇÔöÇÔöÇÔöÇÔöÇÔöÇÔöÇÔöÇÔöÇÔöÇÔöÇÔöÇÔöÇÔöÇÔöÇÔöÇÔöÇÔöÇÔöÇÔöÇÔöÇÔöÇÔöÇÔöÇÔöÇÔöÇÔöÇÔöÇÔöÇÔöÇÔöÇÔöÇ[0m
[38;5;12mÔöîÔöÇÔöÇÔöÇÔöÇÔöÇÔöÇÔöÇÔöÇÔöÇÔöÇÔöÇÔöÇÔöÇÔöÇÔöÇÔöÇÔöÇÔöÇÔöÇÔöÇÔöÇÔöÇÔöÇÔöÇÔöÇÔöÇÔöÇÔöÇÔöÇÔöÇÔöÇÔöÇÔöÇÔöÇÔöÇÔöÇÔöÇÔöÇÔöÇÔöÇÔöÇÔöÇÔöÇÔöÇÔöÇÔöÇÔöÇÔöÇÔöÇÔöÇÔöÇÔöÇÔöÇÔöÇÔöÇÔöÇÔöÇÔöÇÔöÇÔöÇÔöÇÔöÇÔöÇÔöÇÔöÇÔöÇÔöÇÔöÇÔöÇÔöÇÔöÇÔöÇÔöÇÔöÇÔöÇÔöÇÔöÇÔöÇÔöÇ[0m
[38;5;12mÔöé 01:00:45.886 (+0:00:00.024569)[0m
[38;5;12mÔö£ÔöäÔöäÔöäÔöäÔöäÔöäÔöäÔöäÔöäÔöäÔöäÔöäÔöäÔöäÔöäÔöäÔöäÔöäÔöäÔöäÔöäÔöäÔöäÔöäÔöäÔöäÔöäÔöäÔöäÔöäÔöäÔöäÔöäÔöäÔöäÔöäÔöäÔöäÔöäÔöäÔöäÔöäÔöäÔöäÔöäÔöäÔöäÔöäÔöäÔöäÔöäÔöäÔöäÔöäÔöäÔöäÔöäÔöäÔöäÔöäÔöäÔöäÔöäÔöäÔöäÔöäÔöäÔöäÔöäÔöäÔöäÔöäÔöäÔöäÔöäÔöäÔöäÔöäÔöä[0m
[38;5;12mÔöé ­ƒÆí [Tag] Message 361[0m
[38;5;12mÔööÔöÇÔöÇÔöÇÔöÇÔöÇÔöÇÔöÇÔöÇÔöÇÔöÇÔöÇÔöÇÔöÇÔöÇÔöÇÔöÇÔöÇÔöÇÔöÇÔöÇÔöÇÔöÇÔöÇÔöÇÔöÇÔöÇÔöÇÔöÇÔöÇÔöÇÔöÇÔöÇÔöÇÔöÇÔöÇÔöÇÔöÇÔöÇÔöÇÔöÇÔöÇÔöÇÔöÇÔöÇÔöÇÔöÇÔöÇÔöÇÔöÇÔöÇÔöÇÔöÇÔöÇÔöÇÔöÇÔöÇÔöÇÔöÇÔöÇÔöÇÔöÇÔöÇÔöÇÔöÇÔöÇÔöÇÔöÇÔöÇÔöÇÔöÇÔöÇÔöÇÔöÇÔöÇÔöÇÔöÇÔöÇÔöÇÔöÇ[0m
[38;5;12mÔöîÔöÇÔöÇÔöÇÔöÇÔöÇÔöÇÔöÇÔöÇÔöÇÔöÇÔöÇÔöÇÔöÇÔöÇÔöÇÔöÇÔöÇÔöÇÔöÇÔöÇÔöÇÔöÇÔöÇÔöÇÔöÇÔöÇÔöÇÔöÇÔöÇÔöÇÔöÇÔöÇÔöÇÔöÇÔöÇÔöÇÔöÇÔöÇÔöÇÔöÇÔöÇÔöÇÔöÇÔöÇÔöÇÔöÇÔöÇÔöÇÔöÇÔöÇÔöÇÔöÇÔöÇÔöÇÔöÇÔöÇÔöÇÔöÇÔöÇÔöÇÔöÇÔöÇÔöÇÔöÇÔöÇÔöÇÔöÇÔöÇÔöÇÔöÇÔöÇÔöÇÔöÇÔöÇÔöÇÔöÇÔöÇÔöÇÔöÇ[0m
[38;5;12mÔöé 01:00:45.886 (+0:00:00.024569)[0m
[38;5;12mÔö£ÔöäÔöäÔöäÔöäÔöäÔöäÔöäÔöäÔöäÔöäÔöäÔöäÔöäÔöäÔöäÔöäÔöäÔöäÔöäÔöäÔöäÔöäÔöäÔöäÔöäÔöäÔöäÔöäÔöäÔöäÔöäÔöäÔöäÔöäÔöäÔöäÔöäÔöäÔöäÔöäÔöäÔöäÔöäÔöäÔöäÔöäÔöäÔöäÔöäÔöäÔöäÔöäÔöäÔöäÔöäÔöäÔöäÔöäÔöäÔöäÔöäÔöäÔöäÔöäÔöäÔöäÔöäÔöäÔöäÔöäÔöäÔöäÔöäÔöäÔöäÔöäÔöäÔöäÔöä[0m
[38;5;12mÔöé ­ƒÆí [Tag] Message 362[0m
[38;5;12mÔööÔöÇÔöÇÔöÇÔöÇÔöÇÔöÇÔöÇÔöÇÔöÇÔöÇÔöÇÔöÇÔöÇÔöÇÔöÇÔöÇÔöÇÔöÇÔöÇÔöÇÔöÇÔöÇÔöÇÔöÇÔöÇÔöÇÔöÇÔöÇÔöÇÔöÇÔöÇÔöÇÔöÇÔöÇÔöÇÔöÇÔöÇÔöÇÔöÇÔöÇÔöÇÔöÇÔöÇÔöÇÔöÇÔöÇÔöÇÔöÇÔöÇÔöÇÔöÇÔöÇÔöÇÔöÇÔöÇÔöÇÔöÇÔöÇÔöÇÔöÇÔöÇÔöÇÔöÇÔöÇÔöÇÔöÇÔöÇÔöÇÔöÇÔöÇÔöÇÔöÇÔöÇÔöÇÔöÇÔöÇÔöÇÔöÇÔöÇ[0m
[38;5;12mÔöîÔöÇÔöÇÔöÇÔöÇÔöÇÔöÇÔöÇÔöÇÔöÇÔöÇÔöÇÔöÇÔöÇÔöÇÔöÇÔöÇÔöÇÔöÇÔöÇÔöÇÔöÇÔöÇÔöÇÔöÇÔöÇÔöÇÔöÇÔöÇÔöÇÔöÇÔöÇÔöÇÔöÇÔöÇÔöÇÔöÇÔöÇÔöÇÔöÇÔöÇÔöÇÔöÇÔöÇÔöÇÔöÇÔöÇÔöÇÔöÇÔöÇÔöÇÔöÇÔöÇÔöÇÔöÇÔöÇÔöÇÔöÇÔöÇÔöÇÔöÇÔöÇÔöÇÔöÇÔöÇÔöÇÔöÇÔöÇÔöÇÔöÇÔöÇÔöÇÔöÇÔöÇÔöÇÔöÇÔöÇÔöÇÔöÇÔöÇ[0m
[38;5;12mÔöé 01:00:45.886 (+0:00:00.024569)[0m
[38;5;12mÔö£ÔöäÔöäÔöäÔöäÔöäÔöäÔöäÔöäÔöäÔöäÔöäÔöäÔöäÔöäÔöäÔöäÔöäÔöäÔöäÔöäÔöäÔöäÔöäÔöäÔöäÔöäÔöäÔöäÔöäÔöäÔöäÔöäÔöäÔöäÔöäÔöäÔöäÔöäÔöäÔöäÔöäÔöäÔöäÔöäÔöäÔöäÔöäÔöäÔöäÔöäÔöäÔöäÔöäÔöäÔöäÔöäÔöäÔöäÔöäÔöäÔöäÔöäÔöäÔöäÔöäÔöäÔöäÔöäÔöäÔöäÔöäÔöäÔöäÔöäÔöäÔöäÔöäÔöäÔöä[0m
[38;5;12mÔöé ­ƒÆí [Tag] Message 363[0m
[38;5;12mÔööÔöÇÔöÇÔöÇÔöÇÔöÇÔöÇÔöÇÔöÇÔöÇÔöÇÔöÇÔöÇÔöÇÔöÇÔöÇÔöÇÔöÇÔöÇÔöÇÔöÇÔöÇÔöÇÔöÇÔöÇÔöÇÔöÇÔöÇÔöÇÔöÇÔöÇÔöÇÔöÇÔöÇÔöÇÔöÇÔöÇÔöÇÔöÇÔöÇÔöÇÔöÇÔöÇÔöÇÔöÇÔöÇÔöÇÔöÇÔöÇÔöÇÔöÇÔöÇÔöÇÔöÇÔöÇÔöÇÔöÇÔöÇÔöÇÔöÇÔöÇÔöÇÔöÇÔöÇÔöÇÔöÇÔöÇÔöÇÔöÇÔöÇÔöÇÔöÇÔöÇÔöÇÔöÇÔöÇÔöÇÔöÇÔöÇÔöÇ[0m
[38;5;12mÔöîÔöÇÔöÇÔöÇÔöÇÔöÇÔöÇÔöÇÔöÇÔöÇÔöÇÔöÇÔöÇÔöÇÔöÇÔöÇÔöÇÔöÇÔöÇÔöÇÔöÇÔöÇÔöÇÔöÇÔöÇÔöÇÔöÇÔöÇÔöÇÔöÇÔöÇÔöÇÔöÇÔöÇÔöÇÔöÇÔöÇÔöÇÔöÇÔöÇÔöÇÔöÇÔöÇÔöÇÔöÇÔöÇÔöÇÔöÇÔöÇÔöÇÔöÇÔöÇÔöÇÔöÇÔöÇÔöÇÔöÇÔöÇÔöÇÔöÇÔöÇÔöÇÔöÇÔöÇÔöÇÔöÇÔöÇÔöÇÔöÇÔöÇÔöÇÔöÇÔöÇÔöÇÔöÇÔöÇÔöÇÔöÇÔöÇÔöÇ[0m
[38;5;12mÔöé 01:00:45.886 (+0:00:00.024569)[0m
[38;5;12mÔö£ÔöäÔöäÔöäÔöäÔöäÔöäÔöäÔöäÔöäÔöäÔöäÔöäÔöäÔöäÔöäÔöäÔöäÔöäÔöäÔöäÔöäÔöäÔöäÔöäÔöäÔöäÔöäÔöäÔöäÔöäÔöäÔöäÔöäÔöäÔöäÔöäÔöäÔöäÔöäÔöäÔöäÔöäÔöäÔöäÔöäÔöäÔöäÔöäÔöäÔöäÔöäÔöäÔöäÔöäÔöäÔöäÔöäÔöäÔöäÔöäÔöäÔöäÔöäÔöäÔöäÔöäÔöäÔöäÔöäÔöäÔöäÔöäÔöäÔöäÔöäÔöäÔöäÔöäÔöä[0m
[38;5;12mÔöé ­ƒÆí [Tag] Message 364[0m
[38;5;12mÔööÔöÇÔöÇÔöÇÔöÇÔöÇÔöÇÔöÇÔöÇÔöÇÔöÇÔöÇÔöÇÔöÇÔöÇÔöÇÔöÇÔöÇÔöÇÔöÇÔöÇÔöÇÔöÇÔöÇÔöÇÔöÇÔöÇÔöÇÔöÇÔöÇÔöÇÔöÇÔöÇÔöÇÔöÇÔöÇÔöÇÔöÇÔöÇÔöÇÔöÇÔöÇÔöÇÔöÇÔöÇÔöÇÔöÇÔöÇÔöÇÔöÇÔöÇÔöÇÔöÇÔöÇÔöÇÔöÇÔöÇÔöÇÔöÇÔöÇÔöÇÔöÇÔöÇÔöÇÔöÇÔöÇÔöÇÔöÇÔöÇÔöÇÔöÇÔöÇÔöÇÔöÇÔöÇÔöÇÔöÇÔöÇÔöÇÔöÇ[0m
[38;5;12mÔöîÔöÇÔöÇÔöÇÔöÇÔöÇÔöÇÔöÇÔöÇÔöÇÔöÇÔöÇÔöÇÔöÇÔöÇÔöÇÔöÇÔöÇÔöÇÔöÇÔöÇÔöÇÔöÇÔöÇÔöÇÔöÇÔöÇÔöÇÔöÇÔöÇÔöÇÔöÇÔöÇÔöÇÔöÇÔöÇÔöÇÔöÇÔöÇÔöÇÔöÇÔöÇÔöÇÔöÇÔöÇÔöÇÔöÇÔöÇÔöÇÔöÇÔöÇÔöÇÔöÇÔöÇÔöÇÔöÇÔöÇÔöÇÔöÇÔöÇÔöÇÔöÇÔöÇÔöÇÔöÇÔöÇÔöÇÔöÇÔöÇÔöÇÔöÇÔöÇÔöÇÔöÇÔöÇÔöÇÔöÇÔöÇÔöÇÔöÇ[0m
[38;5;12mÔöé 01:00:45.886 (+0:00:00.024569)[0m
[38;5;12mÔö£ÔöäÔöäÔöäÔöäÔöäÔöäÔöäÔöäÔöäÔöäÔöäÔöäÔöäÔöäÔöäÔöäÔöäÔöäÔöäÔöäÔöäÔöäÔöäÔöäÔöäÔöäÔöäÔöäÔöäÔöäÔöäÔöäÔöäÔöäÔöäÔöäÔöäÔöäÔöäÔöäÔöäÔöäÔöäÔöäÔöäÔöäÔöäÔöäÔöäÔöäÔöäÔöäÔöäÔöäÔöäÔöäÔöäÔöäÔöäÔöäÔöäÔöäÔöäÔöäÔöäÔöäÔöäÔöäÔöäÔöäÔöäÔöäÔöäÔöäÔöäÔöäÔöäÔöäÔöä[0m
[38;5;12mÔöé ­ƒÆí [Tag] Message 365[0m
[38;5;12mÔööÔöÇÔöÇÔöÇÔöÇÔöÇÔöÇÔöÇÔöÇÔöÇÔöÇÔöÇÔöÇÔöÇÔöÇÔöÇÔöÇÔöÇÔöÇÔöÇÔöÇÔöÇÔöÇÔöÇÔöÇÔöÇÔöÇÔöÇÔöÇÔöÇÔöÇÔöÇÔöÇÔöÇÔöÇÔöÇÔöÇÔöÇÔöÇÔöÇÔöÇÔöÇÔöÇÔöÇÔöÇÔöÇÔöÇÔöÇÔöÇÔöÇÔöÇÔöÇÔöÇÔöÇÔöÇÔöÇÔöÇÔöÇÔöÇÔöÇÔöÇÔöÇÔöÇÔöÇÔöÇÔöÇÔöÇÔöÇÔöÇÔöÇÔöÇÔöÇÔöÇÔöÇÔöÇÔöÇÔöÇÔöÇÔöÇÔöÇ[0m
[38;5;12mÔöîÔöÇÔöÇÔöÇÔöÇÔöÇÔöÇÔöÇÔöÇÔöÇÔöÇÔöÇÔöÇÔöÇÔöÇÔöÇÔöÇÔöÇÔöÇÔöÇÔöÇÔöÇÔöÇÔöÇÔöÇÔöÇÔöÇÔöÇÔöÇÔöÇÔöÇÔöÇÔöÇÔöÇÔöÇÔöÇÔöÇÔöÇÔöÇÔöÇÔöÇÔöÇÔöÇÔöÇÔöÇÔöÇÔöÇÔöÇÔöÇÔöÇÔöÇÔöÇÔöÇÔöÇÔöÇÔöÇÔöÇÔöÇÔöÇÔöÇÔöÇÔöÇÔöÇÔöÇÔöÇÔöÇÔöÇÔöÇÔöÇÔöÇÔöÇÔöÇÔöÇÔöÇÔöÇÔöÇÔöÇÔöÇÔöÇÔöÇ[0m
[38;5;12mÔöé 01:00:45.886 (+0:00:00.024569)[0m
[38;5;12mÔö£ÔöäÔöäÔöäÔöäÔöäÔöäÔöäÔöäÔöäÔöäÔöäÔöäÔöäÔöäÔöäÔöäÔöäÔöäÔöäÔöäÔöäÔöäÔöäÔöäÔöäÔöäÔöäÔöäÔöäÔöäÔöäÔöäÔöäÔöäÔöäÔöäÔöäÔöäÔöäÔöäÔöäÔöäÔöäÔöäÔöäÔöäÔöäÔöäÔöäÔöäÔöäÔöäÔöäÔöäÔöäÔöäÔöäÔöäÔöäÔöäÔöäÔöäÔöäÔöäÔöäÔöäÔöäÔöäÔöäÔöäÔöäÔöäÔöäÔöäÔöäÔöäÔöäÔöäÔöä[0m
[38;5;12mÔöé ­ƒÆí [Tag] Message 366[0m
[38;5;12mÔööÔöÇÔöÇÔöÇÔöÇÔöÇÔöÇÔöÇÔöÇÔöÇÔöÇÔöÇÔöÇÔöÇÔöÇÔöÇÔöÇÔöÇÔöÇÔöÇÔöÇÔöÇÔöÇÔöÇÔöÇÔöÇÔöÇÔöÇÔöÇÔöÇÔöÇÔöÇÔöÇÔöÇÔöÇÔöÇÔöÇÔöÇÔöÇÔöÇÔöÇÔöÇÔöÇÔöÇÔöÇÔöÇÔöÇÔöÇÔöÇÔöÇÔöÇÔöÇÔöÇÔöÇÔöÇÔöÇÔöÇÔöÇÔöÇÔöÇÔöÇÔöÇÔöÇÔöÇÔöÇÔöÇÔöÇÔöÇÔöÇÔöÇÔöÇÔöÇÔöÇÔöÇÔöÇÔöÇÔöÇÔöÇÔöÇÔöÇ[0m
[38;5;12mÔöîÔöÇÔöÇÔöÇÔöÇÔöÇÔöÇÔöÇÔöÇÔöÇÔöÇÔöÇÔöÇÔöÇÔöÇÔöÇÔöÇÔöÇÔöÇÔöÇÔöÇÔöÇÔöÇÔöÇÔöÇÔöÇÔöÇÔöÇÔöÇÔöÇÔöÇÔöÇÔöÇÔöÇÔöÇÔöÇÔöÇÔöÇÔöÇÔöÇÔöÇÔöÇÔöÇÔöÇÔöÇÔöÇÔöÇÔöÇÔöÇÔöÇÔöÇÔöÇÔöÇÔöÇÔöÇÔöÇÔöÇÔöÇÔöÇÔöÇÔöÇÔöÇÔöÇÔöÇÔöÇÔöÇÔöÇÔöÇÔöÇÔöÇÔöÇÔöÇÔöÇÔöÇÔöÇÔöÇÔöÇÔöÇÔöÇÔöÇ[0m
[38;5;12mÔöé 01:00:45.886 (+0:00:00.024569)[0m
[38;5;12mÔö£ÔöäÔöäÔöäÔöäÔöäÔöäÔöäÔöäÔöäÔöäÔöäÔöäÔöäÔöäÔöäÔöäÔöäÔöäÔöäÔöäÔöäÔöäÔöäÔöäÔöäÔöäÔöäÔöäÔöäÔöäÔöäÔöäÔöäÔöäÔöäÔöäÔöäÔöäÔöäÔöäÔöäÔöäÔöäÔöäÔöäÔöäÔöäÔöäÔöäÔöäÔöäÔöäÔöäÔöäÔöäÔöäÔöäÔöäÔöäÔöäÔöäÔöäÔöäÔöäÔöäÔöäÔöäÔöäÔöäÔöäÔöäÔöäÔöäÔöäÔöäÔöäÔöäÔöäÔöä[0m
[38;5;12mÔöé ­ƒÆí [Tag] Message 367[0m
[38;5;12mÔööÔöÇÔöÇÔöÇÔöÇÔöÇÔöÇÔöÇÔöÇÔöÇÔöÇÔöÇÔöÇÔöÇÔöÇÔöÇÔöÇÔöÇÔöÇÔöÇÔöÇÔöÇÔöÇÔöÇÔöÇÔöÇÔöÇÔöÇÔöÇÔöÇÔöÇÔöÇÔöÇÔöÇÔöÇÔöÇÔöÇÔöÇÔöÇÔöÇÔöÇÔöÇÔöÇÔöÇÔöÇÔöÇÔöÇÔöÇÔöÇÔöÇÔöÇÔöÇÔöÇÔöÇÔöÇÔöÇÔöÇÔöÇÔöÇÔöÇÔöÇÔöÇÔöÇÔöÇÔöÇÔöÇÔöÇÔöÇÔöÇÔöÇÔöÇÔöÇÔöÇÔöÇÔöÇÔöÇÔöÇÔöÇÔöÇÔöÇ[0m
[38;5;12mÔöîÔöÇÔöÇÔöÇÔöÇÔöÇÔöÇÔöÇÔöÇÔöÇÔöÇÔöÇÔöÇÔöÇÔöÇÔöÇÔöÇÔöÇÔöÇÔöÇÔöÇÔöÇÔöÇÔöÇÔöÇÔöÇÔöÇÔöÇÔöÇÔöÇÔöÇÔöÇÔöÇÔöÇÔöÇÔöÇÔöÇÔöÇÔöÇÔöÇÔöÇÔöÇÔöÇÔöÇÔöÇÔöÇÔöÇÔöÇÔöÇÔöÇÔöÇÔöÇÔöÇÔöÇÔöÇÔöÇÔöÇÔöÇÔöÇÔöÇÔöÇÔöÇÔöÇÔöÇÔöÇÔöÇÔöÇÔöÇÔöÇÔöÇÔöÇÔöÇÔöÇÔöÇÔöÇÔöÇÔöÇÔöÇÔöÇÔöÇ[0m
[38;5;12mÔöé 01:00:45.886 (+0:00:00.024569)[0m
[38;5;12mÔö£ÔöäÔöäÔöäÔöäÔöäÔöäÔöäÔöäÔöäÔöäÔöäÔöäÔöäÔöäÔöäÔöäÔöäÔöäÔöäÔöäÔöäÔöäÔöäÔöäÔöäÔöäÔöäÔöäÔöäÔöäÔöäÔöäÔöäÔöäÔöäÔöäÔöäÔöäÔöäÔöäÔöäÔöäÔöäÔöäÔöäÔöäÔöäÔöäÔöäÔöäÔöäÔöäÔöäÔöäÔöäÔöäÔöäÔöäÔöäÔöäÔöäÔöäÔöäÔöäÔöäÔöäÔöäÔöäÔöäÔöäÔöäÔöäÔöäÔöäÔöäÔöäÔöäÔöäÔöä[0m
[38;5;12mÔöé ­ƒÆí [Tag] Message 368[0m
[38;5;12mÔööÔöÇÔöÇÔöÇÔöÇÔöÇÔöÇÔöÇÔöÇÔöÇÔöÇÔöÇÔöÇÔöÇÔöÇÔöÇÔöÇÔöÇÔöÇÔöÇÔöÇÔöÇÔöÇÔöÇÔöÇÔöÇÔöÇÔöÇÔöÇÔöÇÔöÇÔöÇÔöÇÔöÇÔöÇÔöÇÔöÇÔöÇÔöÇÔöÇÔöÇÔöÇÔöÇÔöÇÔöÇÔöÇÔöÇÔöÇÔöÇÔöÇÔöÇÔöÇÔöÇÔöÇÔöÇÔöÇÔöÇÔöÇÔöÇÔöÇÔöÇÔöÇÔöÇÔöÇÔöÇÔöÇÔöÇÔöÇÔöÇÔöÇÔöÇÔöÇÔöÇÔöÇÔöÇÔöÇÔöÇÔöÇÔöÇÔöÇ[0m
[38;5;12mÔöîÔöÇÔöÇÔöÇÔöÇÔöÇÔöÇÔöÇÔöÇÔöÇÔöÇÔöÇÔöÇÔöÇÔöÇÔöÇÔöÇÔöÇÔöÇÔöÇÔöÇÔöÇÔöÇÔöÇÔöÇÔöÇÔöÇÔöÇÔöÇÔöÇÔöÇÔöÇÔöÇÔöÇÔöÇÔöÇÔöÇÔöÇÔöÇÔöÇÔöÇÔöÇÔöÇÔöÇÔöÇÔöÇÔöÇÔöÇÔöÇÔöÇÔöÇÔöÇÔöÇÔöÇÔöÇÔöÇÔöÇÔöÇÔöÇÔöÇÔöÇÔöÇÔöÇÔöÇÔöÇÔöÇÔöÇÔöÇÔöÇÔöÇÔöÇÔöÇÔöÇÔöÇÔöÇÔöÇÔöÇÔöÇÔöÇÔöÇ[0m
[38;5;12mÔöé 01:00:45.886 (+0:00:00.024569)[0m
[38;5;12mÔö£ÔöäÔöäÔöäÔöäÔöäÔöäÔöäÔöäÔöäÔöäÔöäÔöäÔöäÔöäÔöäÔöäÔöäÔöäÔöäÔöäÔöäÔöäÔöäÔöäÔöäÔöäÔöäÔöäÔöäÔöäÔöäÔöäÔöäÔöäÔöäÔöäÔöäÔöäÔöäÔöäÔöäÔöäÔöäÔöäÔöäÔöäÔöäÔöäÔöäÔöäÔöäÔöäÔöäÔöäÔöäÔöäÔöäÔöäÔöäÔöäÔöäÔöäÔöäÔöäÔöäÔöäÔöäÔöäÔöäÔöäÔöäÔöäÔöäÔöäÔöäÔöäÔöäÔöäÔöä[0m
[38;5;12mÔöé ­ƒÆí [Tag] Message 369[0m
[38;5;12mÔööÔöÇÔöÇÔöÇÔöÇÔöÇÔöÇÔöÇÔöÇÔöÇÔöÇÔöÇÔöÇÔöÇÔöÇÔöÇÔöÇÔöÇÔöÇÔöÇÔöÇÔöÇÔöÇÔöÇÔöÇÔöÇÔöÇÔöÇÔöÇÔöÇÔöÇÔöÇÔöÇÔöÇÔöÇÔöÇÔöÇÔöÇÔöÇÔöÇÔöÇÔöÇÔöÇÔöÇÔöÇÔöÇÔöÇÔöÇÔöÇÔöÇÔöÇÔöÇÔöÇÔöÇÔöÇÔöÇÔöÇÔöÇÔöÇÔöÇÔöÇÔöÇÔöÇÔöÇÔöÇÔöÇÔöÇÔöÇÔöÇÔöÇÔöÇÔöÇÔöÇÔöÇÔöÇÔöÇÔöÇÔöÇÔöÇÔöÇ[0m
[38;5;12mÔöîÔöÇÔöÇÔöÇÔöÇÔöÇÔöÇÔöÇÔöÇÔöÇÔöÇÔöÇÔöÇÔöÇÔöÇÔöÇÔöÇÔöÇÔöÇÔöÇÔöÇÔöÇÔöÇÔöÇÔöÇÔöÇÔöÇÔöÇÔöÇÔöÇÔöÇÔöÇÔöÇÔöÇÔöÇÔöÇÔöÇÔöÇÔöÇÔöÇÔöÇÔöÇÔöÇÔöÇÔöÇÔöÇÔöÇÔöÇÔöÇÔöÇÔöÇÔöÇÔöÇÔöÇÔöÇÔöÇÔöÇÔöÇÔöÇÔöÇÔöÇÔöÇÔöÇÔöÇÔöÇÔöÇÔöÇÔöÇÔöÇÔöÇÔöÇÔöÇÔöÇÔöÇÔöÇÔöÇÔöÇÔöÇÔöÇÔöÇ[0m
[38;5;12mÔöé 01:00:45.886 (+0:00:00.024569)[0m
[38;5;12mÔö£ÔöäÔöäÔöäÔöäÔöäÔöäÔöäÔöäÔöäÔöäÔöäÔöäÔöäÔöäÔöäÔöäÔöäÔöäÔöäÔöäÔöäÔöäÔöäÔöäÔöäÔöäÔöäÔöäÔöäÔöäÔöäÔöäÔöäÔöäÔöäÔöäÔöäÔöäÔöäÔöäÔöäÔöäÔöäÔöäÔöäÔöäÔöäÔöäÔöäÔöäÔöäÔöäÔöäÔöäÔöäÔöäÔöäÔöäÔöäÔöäÔöäÔöäÔöäÔöäÔöäÔöäÔöäÔöäÔöäÔöäÔöäÔöäÔöäÔöäÔöäÔöäÔöäÔöäÔöä[0m
[38;5;12mÔöé ­ƒÆí [Tag] Message 370[0m
[38;5;12mÔööÔöÇÔöÇÔöÇÔöÇÔöÇÔöÇÔöÇÔöÇÔöÇÔöÇÔöÇÔöÇÔöÇÔöÇÔöÇÔöÇÔöÇÔöÇÔöÇÔöÇÔöÇÔöÇÔöÇÔöÇÔöÇÔöÇÔöÇÔöÇÔöÇÔöÇÔöÇÔöÇÔöÇÔöÇÔöÇÔöÇÔöÇÔöÇÔöÇÔöÇÔöÇÔöÇÔöÇÔöÇÔöÇÔöÇÔöÇÔöÇÔöÇÔöÇÔöÇÔöÇÔöÇÔöÇÔöÇÔöÇÔöÇÔöÇÔöÇÔöÇÔöÇÔöÇÔöÇÔöÇÔöÇÔöÇÔöÇÔöÇÔöÇÔöÇÔöÇÔöÇÔöÇÔöÇÔöÇÔöÇÔöÇÔöÇÔöÇ[0m
[38;5;12mÔöîÔöÇÔöÇÔöÇÔöÇÔöÇÔöÇÔöÇÔöÇÔöÇÔöÇÔöÇÔöÇÔöÇÔöÇÔöÇÔöÇÔöÇÔöÇÔöÇÔöÇÔöÇÔöÇÔöÇÔöÇÔöÇÔöÇÔöÇÔöÇÔöÇÔöÇÔöÇÔöÇÔöÇÔöÇÔöÇÔöÇÔöÇÔöÇÔöÇÔöÇÔöÇÔöÇÔöÇÔöÇÔöÇÔöÇÔöÇÔöÇÔöÇÔöÇÔöÇÔöÇÔöÇÔöÇÔöÇÔöÇÔöÇÔöÇÔöÇÔöÇÔöÇÔöÇÔöÇÔöÇÔöÇÔöÇÔöÇÔöÇÔöÇÔöÇÔöÇÔöÇÔöÇÔöÇÔöÇÔöÇÔöÇÔöÇÔöÇ[0m
[38;5;12mÔöé 01:00:45.886 (+0:00:00.024569)[0m
[38;5;12mÔö£ÔöäÔöäÔöäÔöäÔöäÔöäÔöäÔöäÔöäÔöäÔöäÔöäÔöäÔöäÔöäÔöäÔöäÔöäÔöäÔöäÔöäÔöäÔöäÔöäÔöäÔöäÔöäÔöäÔöäÔöäÔöäÔöäÔöäÔöäÔöäÔöäÔöäÔöäÔöäÔöäÔöäÔöäÔöäÔöäÔöäÔöäÔöäÔöäÔöäÔöäÔöäÔöäÔöäÔöäÔöäÔöäÔöäÔöäÔöäÔöäÔöäÔöäÔöäÔöäÔöäÔöäÔöäÔöäÔöäÔöäÔöäÔöäÔöäÔöäÔöäÔöäÔöäÔöäÔöä[0m
[38;5;12mÔöé ­ƒÆí [Tag] Message 371[0m
[38;5;12mÔööÔöÇÔöÇÔöÇÔöÇÔöÇÔöÇÔöÇÔöÇÔöÇÔöÇÔöÇÔöÇÔöÇÔöÇÔöÇÔöÇÔöÇÔöÇÔöÇÔöÇÔöÇÔöÇÔöÇÔöÇÔöÇÔöÇÔöÇÔöÇÔöÇÔöÇÔöÇÔöÇÔöÇÔöÇÔöÇÔöÇÔöÇÔöÇÔöÇÔöÇÔöÇÔöÇÔöÇÔöÇÔöÇÔöÇÔöÇÔöÇÔöÇÔöÇÔöÇÔöÇÔöÇÔöÇÔöÇÔöÇÔöÇÔöÇÔöÇÔöÇÔöÇÔöÇÔöÇÔöÇÔöÇÔöÇÔöÇÔöÇÔöÇÔöÇÔöÇÔöÇÔöÇÔöÇÔöÇÔöÇÔöÇÔöÇÔöÇ[0m
[38;5;12mÔöîÔöÇÔöÇÔöÇÔöÇÔöÇÔöÇÔöÇÔöÇÔöÇÔöÇÔöÇÔöÇÔöÇÔöÇÔöÇÔöÇÔöÇÔöÇÔöÇÔöÇÔöÇÔöÇÔöÇÔöÇÔöÇÔöÇÔöÇÔöÇÔöÇÔöÇÔöÇÔöÇÔöÇÔöÇÔöÇÔöÇÔöÇÔöÇÔöÇÔöÇÔöÇÔöÇÔöÇÔöÇÔöÇÔöÇÔöÇÔöÇÔöÇÔöÇÔöÇÔöÇÔöÇÔöÇÔöÇÔöÇÔöÇÔöÇÔöÇÔöÇÔöÇÔöÇÔöÇÔöÇÔöÇÔöÇÔöÇÔöÇÔöÇÔöÇÔöÇÔöÇÔöÇÔöÇÔöÇÔöÇÔöÇÔöÇÔöÇ[0m
[38;5;12mÔöé 01:00:45.886 (+0:00:00.024569)[0m
[38;5;12mÔö£ÔöäÔöäÔöäÔöäÔöäÔöäÔöäÔöäÔöäÔöäÔöäÔöäÔöäÔöäÔöäÔöäÔöäÔöäÔöäÔöäÔöäÔöäÔöäÔöäÔöäÔöäÔöäÔöäÔöäÔöäÔöäÔöäÔöäÔöäÔöäÔöäÔöäÔöäÔöäÔöäÔöäÔöäÔöäÔöäÔöäÔöäÔöäÔöäÔöäÔöäÔöäÔöäÔöäÔöäÔöäÔöäÔöäÔöäÔöäÔöäÔöäÔöäÔöäÔöäÔöäÔöäÔöäÔöäÔöäÔöäÔöäÔöäÔöäÔöäÔöäÔöäÔöäÔöäÔöä[0m
[38;5;12mÔöé ­ƒÆí [Tag] Message 372[0m
[38;5;12mÔööÔöÇÔöÇÔöÇÔöÇÔöÇÔöÇÔöÇÔöÇÔöÇÔöÇÔöÇÔöÇÔöÇÔöÇÔöÇÔöÇÔöÇÔöÇÔöÇÔöÇÔöÇÔöÇÔöÇÔöÇÔöÇÔöÇÔöÇÔöÇÔöÇÔöÇÔöÇÔöÇÔöÇÔöÇÔöÇÔöÇÔöÇÔöÇÔöÇÔöÇÔöÇÔöÇÔöÇÔöÇÔöÇÔöÇÔöÇÔöÇÔöÇÔöÇÔöÇÔöÇÔöÇÔöÇÔöÇÔöÇÔöÇÔöÇÔöÇÔöÇÔöÇÔöÇÔöÇÔöÇÔöÇÔöÇÔöÇÔöÇÔöÇÔöÇÔöÇÔöÇÔöÇÔöÇÔöÇÔöÇÔöÇÔöÇÔöÇ[0m
[38;5;12mÔöîÔöÇÔöÇÔöÇÔöÇÔöÇÔöÇÔöÇÔöÇÔöÇÔöÇÔöÇÔöÇÔöÇÔöÇÔöÇÔöÇÔöÇÔöÇÔöÇÔöÇÔöÇÔöÇÔöÇÔöÇÔöÇÔöÇÔöÇÔöÇÔöÇÔöÇÔöÇÔöÇÔöÇÔöÇÔöÇÔöÇÔöÇÔöÇÔöÇÔöÇÔöÇÔöÇÔöÇÔöÇÔöÇÔöÇÔöÇÔöÇÔöÇÔöÇÔöÇÔöÇÔöÇÔöÇÔöÇÔöÇÔöÇÔöÇÔöÇÔöÇÔöÇÔöÇÔöÇÔöÇÔöÇÔöÇÔöÇÔöÇÔöÇÔöÇÔöÇÔöÇÔöÇÔöÇÔöÇÔöÇÔöÇÔöÇÔöÇ[0m
[38;5;12mÔöé 01:00:45.886 (+0:00:00.024569)[0m
[38;5;12mÔö£ÔöäÔöäÔöäÔöäÔöäÔöäÔöäÔöäÔöäÔöäÔöäÔöäÔöäÔöäÔöäÔöäÔöäÔöäÔöäÔöäÔöäÔöäÔöäÔöäÔöäÔöäÔöäÔöäÔöäÔöäÔöäÔöäÔöäÔöäÔöäÔöäÔöäÔöäÔöäÔöäÔöäÔöäÔöäÔöäÔöäÔöäÔöäÔöäÔöäÔöäÔöäÔöäÔöäÔöäÔöäÔöäÔöäÔöäÔöäÔöäÔöäÔöäÔöäÔöäÔöäÔöäÔöäÔöäÔöäÔöäÔöäÔöäÔöäÔöäÔöäÔöäÔöäÔöäÔöä[0m
[38;5;12mÔöé ­ƒÆí [Tag] Message 373[0m
[38;5;12mÔööÔöÇÔöÇÔöÇÔöÇÔöÇÔöÇÔöÇÔöÇÔöÇÔöÇÔöÇÔöÇÔöÇÔöÇÔöÇÔöÇÔöÇÔöÇÔöÇÔöÇÔöÇÔöÇÔöÇÔöÇÔöÇÔöÇÔöÇÔöÇÔöÇÔöÇÔöÇÔöÇÔöÇÔöÇÔöÇÔöÇÔöÇÔöÇÔöÇÔöÇÔöÇÔöÇÔöÇÔöÇÔöÇÔöÇÔöÇÔöÇÔöÇÔöÇÔöÇÔöÇÔöÇÔöÇÔöÇÔöÇÔöÇÔöÇÔöÇÔöÇÔöÇÔöÇÔöÇÔöÇÔöÇÔöÇÔöÇÔöÇÔöÇÔöÇÔöÇÔöÇÔöÇÔöÇÔöÇÔöÇÔöÇÔöÇÔöÇ[0m
[38;5;12mÔöîÔöÇÔöÇÔöÇÔöÇÔöÇÔöÇÔöÇÔöÇÔöÇÔöÇÔöÇÔöÇÔöÇÔöÇÔöÇÔöÇÔöÇÔöÇÔöÇÔöÇÔöÇÔöÇÔöÇÔöÇÔöÇÔöÇÔöÇÔöÇÔöÇÔöÇÔöÇÔöÇÔöÇÔöÇÔöÇÔöÇÔöÇÔöÇÔöÇÔöÇÔöÇÔöÇÔöÇÔöÇÔöÇÔöÇÔöÇÔöÇÔöÇÔöÇÔöÇÔöÇÔöÇÔöÇÔöÇÔöÇÔöÇÔöÇÔöÇÔöÇÔöÇÔöÇÔöÇÔöÇÔöÇÔöÇÔöÇÔöÇÔöÇÔöÇÔöÇÔöÇÔöÇÔöÇÔöÇÔöÇÔöÇÔöÇÔöÇ[0m
[38;5;12mÔöé 01:00:45.886 (+0:00:00.024569)[0m
[38;5;12mÔö£ÔöäÔöäÔöäÔöäÔöäÔöäÔöäÔöäÔöäÔöäÔöäÔöäÔöäÔöäÔöäÔöäÔöäÔöäÔöäÔöäÔöäÔöäÔöäÔöäÔöäÔöäÔöäÔöäÔöäÔöäÔöäÔöäÔöäÔöäÔöäÔöäÔöäÔöäÔöäÔöäÔöäÔöäÔöäÔöäÔöäÔöäÔöäÔöäÔöäÔöäÔöäÔöäÔöäÔöäÔöäÔöäÔöäÔöäÔöäÔöäÔöäÔöäÔöäÔöäÔöäÔöäÔöäÔöäÔöäÔöäÔöäÔöäÔöäÔöäÔöäÔöäÔöäÔöäÔöä[0m
[38;5;12mÔöé ­ƒÆí [Tag] Message 374[0m
[38;5;12mÔööÔöÇÔöÇÔöÇÔöÇÔöÇÔöÇÔöÇÔöÇÔöÇÔöÇÔöÇÔöÇÔöÇÔöÇÔöÇÔöÇÔöÇÔöÇÔöÇÔöÇÔöÇÔöÇÔöÇÔöÇÔöÇÔöÇÔöÇÔöÇÔöÇÔöÇÔöÇÔöÇÔöÇÔöÇÔöÇÔöÇÔöÇÔöÇÔöÇÔöÇÔöÇÔöÇÔöÇÔöÇÔöÇÔöÇÔöÇÔöÇÔöÇÔöÇÔöÇÔöÇÔöÇÔöÇÔöÇÔöÇÔöÇÔöÇÔöÇÔöÇÔöÇÔöÇÔöÇÔöÇÔöÇÔöÇÔöÇÔöÇÔöÇÔöÇÔöÇÔöÇÔöÇÔöÇÔöÇÔöÇÔöÇÔöÇÔöÇ[0m
[38;5;12mÔöîÔöÇÔöÇÔöÇÔöÇÔöÇÔöÇÔöÇÔöÇÔöÇÔöÇÔöÇÔöÇÔöÇÔöÇÔöÇÔöÇÔöÇÔöÇÔöÇÔöÇÔöÇÔöÇÔöÇÔöÇÔöÇÔöÇÔöÇÔöÇÔöÇÔöÇÔöÇÔöÇÔöÇÔöÇÔöÇÔöÇÔöÇÔöÇÔöÇÔöÇÔöÇÔöÇÔöÇÔöÇÔöÇÔöÇÔöÇÔöÇÔöÇÔöÇÔöÇÔöÇÔöÇÔöÇÔöÇÔöÇÔöÇÔöÇÔöÇÔöÇÔöÇÔöÇÔöÇÔöÇÔöÇÔöÇÔöÇÔöÇÔöÇÔöÇÔöÇÔöÇÔöÇÔöÇÔöÇÔöÇÔöÇÔöÇÔöÇ[0m
[38;5;12mÔöé 01:00:45.886 (+0:00:00.024569)[0m
[38;5;12mÔö£ÔöäÔöäÔöäÔöäÔöäÔöäÔöäÔöäÔöäÔöäÔöäÔöäÔöäÔöäÔöäÔöäÔöäÔöäÔöäÔöäÔöäÔöäÔöäÔöäÔöäÔöäÔöäÔöäÔöäÔöäÔöäÔöäÔöäÔöäÔöäÔöäÔöäÔöäÔöäÔöäÔöäÔöäÔöäÔöäÔöäÔöäÔöäÔöäÔöäÔöäÔöäÔöäÔöäÔöäÔöäÔöäÔöäÔöäÔöäÔöäÔöäÔöäÔöäÔöäÔöäÔöäÔöäÔöäÔöäÔöäÔöäÔöäÔöäÔöäÔöäÔöäÔöäÔöäÔöä[0m
[38;5;12mÔöé ­ƒÆí [Tag] Message 375[0m
[38;5;12mÔööÔöÇÔöÇÔöÇÔöÇÔöÇÔöÇÔöÇÔöÇÔöÇÔöÇÔöÇÔöÇÔöÇÔöÇÔöÇÔöÇÔöÇÔöÇÔöÇÔöÇÔöÇÔöÇÔöÇÔöÇÔöÇÔöÇÔöÇÔöÇÔöÇÔöÇÔöÇÔöÇÔöÇÔöÇÔöÇÔöÇÔöÇÔöÇÔöÇÔöÇÔöÇÔöÇÔöÇÔöÇÔöÇÔöÇÔöÇÔöÇÔöÇÔöÇÔöÇÔöÇÔöÇÔöÇÔöÇÔöÇÔöÇÔöÇÔöÇÔöÇÔöÇÔöÇÔöÇÔöÇÔöÇÔöÇÔöÇÔöÇÔöÇÔöÇÔöÇÔöÇÔöÇÔöÇÔöÇÔöÇÔöÇÔöÇÔöÇ[0m
[38;5;12mÔöîÔöÇÔöÇÔöÇÔöÇÔöÇÔöÇÔöÇÔöÇÔöÇÔöÇÔöÇÔöÇÔöÇÔöÇÔöÇÔöÇÔöÇÔöÇÔöÇÔöÇÔöÇÔöÇÔöÇÔöÇÔöÇÔöÇÔöÇÔöÇÔöÇÔöÇÔöÇÔöÇÔöÇÔöÇÔöÇÔöÇÔöÇÔöÇÔöÇÔöÇÔöÇÔöÇÔöÇÔöÇÔöÇÔöÇÔöÇÔöÇÔöÇÔöÇÔöÇÔöÇÔöÇÔöÇÔöÇÔöÇÔöÇÔöÇÔöÇÔöÇÔöÇÔöÇÔöÇÔöÇÔöÇÔöÇÔöÇÔöÇÔöÇÔöÇÔöÇÔöÇÔöÇÔöÇÔöÇÔöÇÔöÇÔöÇÔöÇ[0m
[38;5;12mÔöé 01:00:45.886 (+0:00:00.024569)[0m
[38;5;12mÔö£ÔöäÔöäÔöäÔöäÔöäÔöäÔöäÔöäÔöäÔöäÔöäÔöäÔöäÔöäÔöäÔöäÔöäÔöäÔöäÔöäÔöäÔöäÔöäÔöäÔöäÔöäÔöäÔöäÔöäÔöäÔöäÔöäÔöäÔöäÔöäÔöäÔöäÔöäÔöäÔöäÔöäÔöäÔöäÔöäÔöäÔöäÔöäÔöäÔöäÔöäÔöäÔöäÔöäÔöäÔöäÔöäÔöäÔöäÔöäÔöäÔöäÔöäÔöäÔöäÔöäÔöäÔöäÔöäÔöäÔöäÔöäÔöäÔöäÔöäÔöäÔöäÔöäÔöäÔöä[0m
[38;5;12mÔöé ­ƒÆí [Tag] Message 376[0m
[38;5;12mÔööÔöÇÔöÇÔöÇÔöÇÔöÇÔöÇÔöÇÔöÇÔöÇÔöÇÔöÇÔöÇÔöÇÔöÇÔöÇÔöÇÔöÇÔöÇÔöÇÔöÇÔöÇÔöÇÔöÇÔöÇÔöÇÔöÇÔöÇÔöÇÔöÇÔöÇÔöÇÔöÇÔöÇÔöÇÔöÇÔöÇÔöÇÔöÇÔöÇÔöÇÔöÇÔöÇÔöÇÔöÇÔöÇÔöÇÔöÇÔöÇÔöÇÔöÇÔöÇÔöÇÔöÇÔöÇÔöÇÔöÇÔöÇÔöÇÔöÇÔöÇÔöÇÔöÇÔöÇÔöÇÔöÇÔöÇÔöÇÔöÇÔöÇÔöÇÔöÇÔöÇÔöÇÔöÇÔöÇÔöÇÔöÇÔöÇÔöÇ[0m
[38;5;12mÔöîÔöÇÔöÇÔöÇÔöÇÔöÇÔöÇÔöÇÔöÇÔöÇÔöÇÔöÇÔöÇÔöÇÔöÇÔöÇÔöÇÔöÇÔöÇÔöÇÔöÇÔöÇÔöÇÔöÇÔöÇÔöÇÔöÇÔöÇÔöÇÔöÇÔöÇÔöÇÔöÇÔöÇÔöÇÔöÇÔöÇÔöÇÔöÇÔöÇÔöÇÔöÇÔöÇÔöÇÔöÇÔöÇÔöÇÔöÇÔöÇÔöÇÔöÇÔöÇÔöÇÔöÇÔöÇÔöÇÔöÇÔöÇÔöÇÔöÇÔöÇÔöÇÔöÇÔöÇÔöÇÔöÇÔöÇÔöÇÔöÇÔöÇÔöÇÔöÇÔöÇÔöÇÔöÇÔöÇÔöÇÔöÇÔöÇÔöÇ[0m
[38;5;12mÔöé 01:00:45.886 (+0:00:00.024569)[0m
[38;5;12mÔö£ÔöäÔöäÔöäÔöäÔöäÔöäÔöäÔöäÔöäÔöäÔöäÔöäÔöäÔöäÔöäÔöäÔöäÔöäÔöäÔöäÔöäÔöäÔöäÔöäÔöäÔöäÔöäÔöäÔöäÔöäÔöäÔöäÔöäÔöäÔöäÔöäÔöäÔöäÔöäÔöäÔöäÔöäÔöäÔöäÔöäÔöäÔöäÔöäÔöäÔöäÔöäÔöäÔöäÔöäÔöäÔöäÔöäÔöäÔöäÔöäÔöäÔöäÔöäÔöäÔöäÔöäÔöäÔöäÔöäÔöäÔöäÔöäÔöäÔöäÔöäÔöäÔöäÔöäÔöä[0m
[38;5;12mÔöé ­ƒÆí [Tag] Message 377[0m
[38;5;12mÔööÔöÇÔöÇÔöÇÔöÇÔöÇÔöÇÔöÇÔöÇÔöÇÔöÇÔöÇÔöÇÔöÇÔöÇÔöÇÔöÇÔöÇÔöÇÔöÇÔöÇÔöÇÔöÇÔöÇÔöÇÔöÇÔöÇÔöÇÔöÇÔöÇÔöÇÔöÇÔöÇÔöÇÔöÇÔöÇÔöÇÔöÇÔöÇÔöÇÔöÇÔöÇÔöÇÔöÇÔöÇÔöÇÔöÇÔöÇÔöÇÔöÇÔöÇÔöÇÔöÇÔöÇÔöÇÔöÇÔöÇÔöÇÔöÇÔöÇÔöÇÔöÇÔöÇÔöÇÔöÇÔöÇÔöÇÔöÇÔöÇÔöÇÔöÇÔöÇÔöÇÔöÇÔöÇÔöÇÔöÇÔöÇÔöÇÔöÇ[0m
[38;5;12mÔöîÔöÇÔöÇÔöÇÔöÇÔöÇÔöÇÔöÇÔöÇÔöÇÔöÇÔöÇÔöÇÔöÇÔöÇÔöÇÔöÇÔöÇÔöÇÔöÇÔöÇÔöÇÔöÇÔöÇÔöÇÔöÇÔöÇÔöÇÔöÇÔöÇÔöÇÔöÇÔöÇÔöÇÔöÇÔöÇÔöÇÔöÇÔöÇÔöÇÔöÇÔöÇÔöÇÔöÇÔöÇÔöÇÔöÇÔöÇÔöÇÔöÇÔöÇÔöÇÔöÇÔöÇÔöÇÔöÇÔöÇÔöÇÔöÇÔöÇÔöÇÔöÇÔöÇÔöÇÔöÇÔöÇÔöÇÔöÇÔöÇÔöÇÔöÇÔöÇÔöÇÔöÇÔöÇÔöÇÔöÇÔöÇÔöÇÔöÇ[0m
[38;5;12mÔöé 01:00:45.886 (+0:00:00.024569)[0m
[38;5;12mÔö£ÔöäÔöäÔöäÔöäÔöäÔöäÔöäÔöäÔöäÔöäÔöäÔöäÔöäÔöäÔöäÔöäÔöäÔöäÔöäÔöäÔöäÔöäÔöäÔöäÔöäÔöäÔöäÔöäÔöäÔöäÔöäÔöäÔöäÔöäÔöäÔöäÔöäÔöäÔöäÔöäÔöäÔöäÔöäÔöäÔöäÔöäÔöäÔöäÔöäÔöäÔöäÔöäÔöäÔöäÔöäÔöäÔöäÔöäÔöäÔöäÔöäÔöäÔöäÔöäÔöäÔöäÔöäÔöäÔöäÔöäÔöäÔöäÔöäÔöäÔöäÔöäÔöäÔöäÔöä[0m
[38;5;12mÔöé ­ƒÆí [Tag] Message 378[0m
[38;5;12mÔööÔöÇÔöÇÔöÇÔöÇÔöÇÔöÇÔöÇÔöÇÔöÇÔöÇÔöÇÔöÇÔöÇÔöÇÔöÇÔöÇÔöÇÔöÇÔöÇÔöÇÔöÇÔöÇÔöÇÔöÇÔöÇÔöÇÔöÇÔöÇÔöÇÔöÇÔöÇÔöÇÔöÇÔöÇÔöÇÔöÇÔöÇÔöÇÔöÇÔöÇÔöÇÔöÇÔöÇÔöÇÔöÇÔöÇÔöÇÔöÇÔöÇÔöÇÔöÇÔöÇÔöÇÔöÇÔöÇÔöÇÔöÇÔöÇÔöÇÔöÇÔöÇÔöÇÔöÇÔöÇÔöÇÔöÇÔöÇÔöÇÔöÇÔöÇÔöÇÔöÇÔöÇÔöÇÔöÇÔöÇÔöÇÔöÇÔöÇ[0m
[38;5;12mÔöîÔöÇÔöÇÔöÇÔöÇÔöÇÔöÇÔöÇÔöÇÔöÇÔöÇÔöÇÔöÇÔöÇÔöÇÔöÇÔöÇÔöÇÔöÇÔöÇÔöÇÔöÇÔöÇÔöÇÔöÇÔöÇÔöÇÔöÇÔöÇÔöÇÔöÇÔöÇÔöÇÔöÇÔöÇÔöÇÔöÇÔöÇÔöÇÔöÇÔöÇÔöÇÔöÇÔöÇÔöÇÔöÇÔöÇÔöÇÔöÇÔöÇÔöÇÔöÇÔöÇÔöÇÔöÇÔöÇÔöÇÔöÇÔöÇÔöÇÔöÇÔöÇÔöÇÔöÇÔöÇÔöÇÔöÇÔöÇÔöÇÔöÇÔöÇÔöÇÔöÇÔöÇÔöÇÔöÇÔöÇÔöÇÔöÇÔöÇ[0m
[38;5;12mÔöé 01:00:45.886 (+0:00:00.024569)[0m
[38;5;12mÔö£ÔöäÔöäÔöäÔöäÔöäÔöäÔöäÔöäÔöäÔöäÔöäÔöäÔöäÔöäÔöäÔöäÔöäÔöäÔöäÔöäÔöäÔöäÔöäÔöäÔöäÔöäÔöäÔöäÔöäÔöäÔöäÔöäÔöäÔöäÔöäÔöäÔöäÔöäÔöäÔöäÔöäÔöäÔöäÔöäÔöäÔöäÔöäÔöäÔöäÔöäÔöäÔöäÔöäÔöäÔöäÔöäÔöäÔöäÔöäÔöäÔöäÔöäÔöäÔöäÔöäÔöäÔöäÔöäÔöäÔöäÔöäÔöäÔöäÔöäÔöäÔöäÔöäÔöäÔöä[0m
[38;5;12mÔöé ­ƒÆí [Tag] Message 379[0m
[38;5;12mÔööÔöÇÔöÇÔöÇÔöÇÔöÇÔöÇÔöÇÔöÇÔöÇÔöÇÔöÇÔöÇÔöÇÔöÇÔöÇÔöÇÔöÇÔöÇÔöÇÔöÇÔöÇÔöÇÔöÇÔöÇÔöÇÔöÇÔöÇÔöÇÔöÇÔöÇÔöÇÔöÇÔöÇÔöÇÔöÇÔöÇÔöÇÔöÇÔöÇÔöÇÔöÇÔöÇÔöÇÔöÇÔöÇÔöÇÔöÇÔöÇÔöÇÔöÇÔöÇÔöÇÔöÇÔöÇÔöÇÔöÇÔöÇÔöÇÔöÇÔöÇÔöÇÔöÇÔöÇÔöÇÔöÇÔöÇÔöÇÔöÇÔöÇÔöÇÔöÇÔöÇÔöÇÔöÇÔöÇÔöÇÔöÇÔöÇÔöÇ[0m
[38;5;12mÔöîÔöÇÔöÇÔöÇÔöÇÔöÇÔöÇÔöÇÔöÇÔöÇÔöÇÔöÇÔöÇÔöÇÔöÇÔöÇÔöÇÔöÇÔöÇÔöÇÔöÇÔöÇÔöÇÔöÇÔöÇÔöÇÔöÇÔöÇÔöÇÔöÇÔöÇÔöÇÔöÇÔöÇÔöÇÔöÇÔöÇÔöÇÔöÇÔöÇÔöÇÔöÇÔöÇÔöÇÔöÇÔöÇÔöÇÔöÇÔöÇÔöÇÔöÇÔöÇÔöÇÔöÇÔöÇÔöÇÔöÇÔöÇÔöÇÔöÇÔöÇÔöÇÔöÇÔöÇÔöÇÔöÇÔöÇÔöÇÔöÇÔöÇÔöÇÔöÇÔöÇÔöÇÔöÇÔöÇÔöÇÔöÇÔöÇÔöÇ[0m
[38;5;12mÔöé 01:00:45.886 (+0:00:00.024569)[0m
[38;5;12mÔö£ÔöäÔöäÔöäÔöäÔöäÔöäÔöäÔöäÔöäÔöäÔöäÔöäÔöäÔöäÔöäÔöäÔöäÔöäÔöäÔöäÔöäÔöäÔöäÔöäÔöäÔöäÔöäÔöäÔöäÔöäÔöäÔöäÔöäÔöäÔöäÔöäÔöäÔöäÔöäÔöäÔöäÔöäÔöäÔöäÔöäÔöäÔöäÔöäÔöäÔöäÔöäÔöäÔöäÔöäÔöäÔöäÔöäÔöäÔöäÔöäÔöäÔöäÔöäÔöäÔöäÔöäÔöäÔöäÔöäÔöäÔöäÔöäÔöäÔöäÔöäÔöäÔöäÔöäÔöä[0m
[38;5;12mÔöé ­ƒÆí [Tag] Message 380[0m
[38;5;12mÔööÔöÇÔöÇÔöÇÔöÇÔöÇÔöÇÔöÇÔöÇÔöÇÔöÇÔöÇÔöÇÔöÇÔöÇÔöÇÔöÇÔöÇÔöÇÔöÇÔöÇÔöÇÔöÇÔöÇÔöÇÔöÇÔöÇÔöÇÔöÇÔöÇÔöÇÔöÇÔöÇÔöÇÔöÇÔöÇÔöÇÔöÇÔöÇÔöÇÔöÇÔöÇÔöÇÔöÇÔöÇÔöÇÔöÇÔöÇÔöÇÔöÇÔöÇÔöÇÔöÇÔöÇÔöÇÔöÇÔöÇÔöÇÔöÇÔöÇÔöÇÔöÇÔöÇÔöÇÔöÇÔöÇÔöÇÔöÇÔöÇÔöÇÔöÇÔöÇÔöÇÔöÇÔöÇÔöÇÔöÇÔöÇÔöÇÔöÇ[0m
[38;5;12mÔöîÔöÇÔöÇÔöÇÔöÇÔöÇÔöÇÔöÇÔöÇÔöÇÔöÇÔöÇÔöÇÔöÇÔöÇÔöÇÔöÇÔöÇÔöÇÔöÇÔöÇÔöÇÔöÇÔöÇÔöÇÔöÇÔöÇÔöÇÔöÇÔöÇÔöÇÔöÇÔöÇÔöÇÔöÇÔöÇÔöÇÔöÇÔöÇÔöÇÔöÇÔöÇÔöÇÔöÇÔöÇÔöÇÔöÇÔöÇÔöÇÔöÇÔöÇÔöÇÔöÇÔöÇÔöÇÔöÇÔöÇÔöÇÔöÇÔöÇÔöÇÔöÇÔöÇÔöÇÔöÇÔöÇÔöÇÔöÇÔöÇÔöÇÔöÇÔöÇÔöÇÔöÇÔöÇÔöÇÔöÇÔöÇÔöÇÔöÇ[0m
[38;5;12mÔöé 01:00:45.886 (+0:00:00.024569)[0m
[38;5;12mÔö£ÔöäÔöäÔöäÔöäÔöäÔöäÔöäÔöäÔöäÔöäÔöäÔöäÔöäÔöäÔöäÔöäÔöäÔöäÔöäÔöäÔöäÔöäÔöäÔöäÔöäÔöäÔöäÔöäÔöäÔöäÔöäÔöäÔöäÔöäÔöäÔöäÔöäÔöäÔöäÔöäÔöäÔöäÔöäÔöäÔöäÔöäÔöäÔöäÔöäÔöäÔöäÔöäÔöäÔöäÔöäÔöäÔöäÔöäÔöäÔöäÔöäÔöäÔöäÔöäÔöäÔöäÔöäÔöäÔöäÔöäÔöäÔöäÔöäÔöäÔöäÔöäÔöäÔöäÔöä[0m
[38;5;12mÔöé ­ƒÆí [Tag] Message 381[0m
[38;5;12mÔööÔöÇÔöÇÔöÇÔöÇÔöÇÔöÇÔöÇÔöÇÔöÇÔöÇÔöÇÔöÇÔöÇÔöÇÔöÇÔöÇÔöÇÔöÇÔöÇÔöÇÔöÇÔöÇÔöÇÔöÇÔöÇÔöÇÔöÇÔöÇÔöÇÔöÇÔöÇÔöÇÔöÇÔöÇÔöÇÔöÇÔöÇÔöÇÔöÇÔöÇÔöÇÔöÇÔöÇÔöÇÔöÇÔöÇÔöÇÔöÇÔöÇÔöÇÔöÇÔöÇÔöÇÔöÇÔöÇÔöÇÔöÇÔöÇÔöÇÔöÇÔöÇÔöÇÔöÇÔöÇÔöÇÔöÇÔöÇÔöÇÔöÇÔöÇÔöÇÔöÇÔöÇÔöÇÔöÇÔöÇÔöÇÔöÇÔöÇ[0m
[38;5;12mÔöîÔöÇÔöÇÔöÇÔöÇÔöÇÔöÇÔöÇÔöÇÔöÇÔöÇÔöÇÔöÇÔöÇÔöÇÔöÇÔöÇÔöÇÔöÇÔöÇÔöÇÔöÇÔöÇÔöÇÔöÇÔöÇÔöÇÔöÇÔöÇÔöÇÔöÇÔöÇÔöÇÔöÇÔöÇÔöÇÔöÇÔöÇÔöÇÔöÇÔöÇÔöÇÔöÇÔöÇÔöÇÔöÇÔöÇÔöÇÔöÇÔöÇÔöÇÔöÇÔöÇÔöÇÔöÇÔöÇÔöÇÔöÇÔöÇÔöÇÔöÇÔöÇÔöÇÔöÇÔöÇÔöÇÔöÇÔöÇÔöÇÔöÇÔöÇÔöÇÔöÇÔöÇÔöÇÔöÇÔöÇÔöÇÔöÇÔöÇ[0m
[38;5;12mÔöé 01:00:45.886 (+0:00:00.024569)[0m
[38;5;12mÔö£ÔöäÔöäÔöäÔöäÔöäÔöäÔöäÔöäÔöäÔöäÔöäÔöäÔöäÔöäÔöäÔöäÔöäÔöäÔöäÔöäÔöäÔöäÔöäÔöäÔöäÔöäÔöäÔöäÔöäÔöäÔöäÔöäÔöäÔöäÔöäÔöäÔöäÔöäÔöäÔöäÔöäÔöäÔöäÔöäÔöäÔöäÔöäÔöäÔöäÔöäÔöäÔöäÔöäÔöäÔöäÔöäÔöäÔöäÔöäÔöäÔöäÔöäÔöäÔöäÔöäÔöäÔöäÔöäÔöäÔöäÔöäÔöäÔöäÔöäÔöäÔöäÔöäÔöäÔöä[0m
[38;5;12mÔöé ­ƒÆí [Tag] Message 382[0m
[38;5;12mÔööÔöÇÔöÇÔöÇÔöÇÔöÇÔöÇÔöÇÔöÇÔöÇÔöÇÔöÇÔöÇÔöÇÔöÇÔöÇÔöÇÔöÇÔöÇÔöÇÔöÇÔöÇÔöÇÔöÇÔöÇÔöÇÔöÇÔöÇÔöÇÔöÇÔöÇÔöÇÔöÇÔöÇÔöÇÔöÇÔöÇÔöÇÔöÇÔöÇÔöÇÔöÇÔöÇÔöÇÔöÇÔöÇÔöÇÔöÇÔöÇÔöÇÔöÇÔöÇÔöÇÔöÇÔöÇÔöÇÔöÇÔöÇÔöÇÔöÇÔöÇÔöÇÔöÇÔöÇÔöÇÔöÇÔöÇÔöÇÔöÇÔöÇÔöÇÔöÇÔöÇÔöÇÔöÇÔöÇÔöÇÔöÇÔöÇÔöÇ[0m
[38;5;12mÔöîÔöÇÔöÇÔöÇÔöÇÔöÇÔöÇÔöÇÔöÇÔöÇÔöÇÔöÇÔöÇÔöÇÔöÇÔöÇÔöÇÔöÇÔöÇÔöÇÔöÇÔöÇÔöÇÔöÇÔöÇÔöÇÔöÇÔöÇÔöÇÔöÇÔöÇÔöÇÔöÇÔöÇÔöÇÔöÇÔöÇÔöÇÔöÇÔöÇÔöÇÔöÇÔöÇÔöÇÔöÇÔöÇÔöÇÔöÇÔöÇÔöÇÔöÇÔöÇÔöÇÔöÇÔöÇÔöÇÔöÇÔöÇÔöÇÔöÇÔöÇÔöÇÔöÇÔöÇÔöÇÔöÇÔöÇÔöÇÔöÇÔöÇÔöÇÔöÇÔöÇÔöÇÔöÇÔöÇÔöÇÔöÇÔöÇÔöÇ[0m
[38;5;12mÔöé 01:00:45.886 (+0:00:00.024569)[0m
[38;5;12mÔö£ÔöäÔöäÔöäÔöäÔöäÔöäÔöäÔöäÔöäÔöäÔöäÔöäÔöäÔöäÔöäÔöäÔöäÔöäÔöäÔöäÔöäÔöäÔöäÔöäÔöäÔöäÔöäÔöäÔöäÔöäÔöäÔöäÔöäÔöäÔöäÔöäÔöäÔöäÔöäÔöäÔöäÔöäÔöäÔöäÔöäÔöäÔöäÔöäÔöäÔöäÔöäÔöäÔöäÔöäÔöäÔöäÔöäÔöäÔöäÔöäÔöäÔöäÔöäÔöäÔöäÔöäÔöäÔöäÔöäÔöäÔöäÔöäÔöäÔöäÔöäÔöäÔöäÔöäÔöä[0m
[38;5;12mÔöé ­ƒÆí [Tag] Message 383[0m
[38;5;12mÔööÔöÇÔöÇÔöÇÔöÇÔöÇÔöÇÔöÇÔöÇÔöÇÔöÇÔöÇÔöÇÔöÇÔöÇÔöÇÔöÇÔöÇÔöÇÔöÇÔöÇÔöÇÔöÇÔöÇÔöÇÔöÇÔöÇÔöÇÔöÇÔöÇÔöÇÔöÇÔöÇÔöÇÔöÇÔöÇÔöÇÔöÇÔöÇÔöÇÔöÇÔöÇÔöÇÔöÇÔöÇÔöÇÔöÇÔöÇÔöÇÔöÇÔöÇÔöÇÔöÇÔöÇÔöÇÔöÇÔöÇÔöÇÔöÇÔöÇÔöÇÔöÇÔöÇÔöÇÔöÇÔöÇÔöÇÔöÇÔöÇÔöÇÔöÇÔöÇÔöÇÔöÇÔöÇÔöÇÔöÇÔöÇÔöÇÔöÇ[0m
[38;5;12mÔöîÔöÇÔöÇÔöÇÔöÇÔöÇÔöÇÔöÇÔöÇÔöÇÔöÇÔöÇÔöÇÔöÇÔöÇÔöÇÔöÇÔöÇÔöÇÔöÇÔöÇÔöÇÔöÇÔöÇÔöÇÔöÇÔöÇÔöÇÔöÇÔöÇÔöÇÔöÇÔöÇÔöÇÔöÇÔöÇÔöÇÔöÇÔöÇÔöÇÔöÇÔöÇÔöÇÔöÇÔöÇÔöÇÔöÇÔöÇÔöÇÔöÇÔöÇÔöÇÔöÇÔöÇÔöÇÔöÇÔöÇÔöÇÔöÇÔöÇÔöÇÔöÇÔöÇÔöÇÔöÇÔöÇÔöÇÔöÇÔöÇÔöÇÔöÇÔöÇÔöÇÔöÇÔöÇÔöÇÔöÇÔöÇÔöÇÔöÇ[0m
[38;5;12mÔöé 01:00:45.886 (+0:00:00.024569)[0m
[38;5;12mÔö£ÔöäÔöäÔöäÔöäÔöäÔöäÔöäÔöäÔöäÔöäÔöäÔöäÔöäÔöäÔöäÔöäÔöäÔöäÔöäÔöäÔöäÔöäÔöäÔöäÔöäÔöäÔöäÔöäÔöäÔöäÔöäÔöäÔöäÔöäÔöäÔöäÔöäÔöäÔöäÔöäÔöäÔöäÔöäÔöäÔöäÔöäÔöäÔöäÔöäÔöäÔöäÔöäÔöäÔöäÔöäÔöäÔöäÔöäÔöäÔöäÔöäÔöäÔöäÔöäÔöäÔöäÔöäÔöäÔöäÔöäÔöäÔöäÔöäÔöäÔöäÔöäÔöäÔöäÔöä[0m
[38;5;12mÔöé ­ƒÆí [Tag] Message 384[0m
[38;5;12mÔööÔöÇÔöÇÔöÇÔöÇÔöÇÔöÇÔöÇÔöÇÔöÇÔöÇÔöÇÔöÇÔöÇÔöÇÔöÇÔöÇÔöÇÔöÇÔöÇÔöÇÔöÇÔöÇÔöÇÔöÇÔöÇÔöÇÔöÇÔöÇÔöÇÔöÇÔöÇÔöÇÔöÇÔöÇÔöÇÔöÇÔöÇÔöÇÔöÇÔöÇÔöÇÔöÇÔöÇÔöÇÔöÇÔöÇÔöÇÔöÇÔöÇÔöÇÔöÇÔöÇÔöÇÔöÇÔöÇÔöÇÔöÇÔöÇÔöÇÔöÇÔöÇÔöÇÔöÇÔöÇÔöÇÔöÇÔöÇÔöÇÔöÇÔöÇÔöÇÔöÇÔöÇÔöÇÔöÇÔöÇÔöÇÔöÇÔöÇ[0m
[38;5;12mÔöîÔöÇÔöÇÔöÇÔöÇÔöÇÔöÇÔöÇÔöÇÔöÇÔöÇÔöÇÔöÇÔöÇÔöÇÔöÇÔöÇÔöÇÔöÇÔöÇÔöÇÔöÇÔöÇÔöÇÔöÇÔöÇÔöÇÔöÇÔöÇÔöÇÔöÇÔöÇÔöÇÔöÇÔöÇÔöÇÔöÇÔöÇÔöÇÔöÇÔöÇÔöÇÔöÇÔöÇÔöÇÔöÇÔöÇÔöÇÔöÇÔöÇÔöÇÔöÇÔöÇÔöÇÔöÇÔöÇÔöÇÔöÇÔöÇÔöÇÔöÇÔöÇÔöÇÔöÇÔöÇÔöÇÔöÇÔöÇÔöÇÔöÇÔöÇÔöÇÔöÇÔöÇÔöÇÔöÇÔöÇÔöÇÔöÇÔöÇ[0m
[38;5;12mÔöé 01:00:45.886 (+0:00:00.024569)[0m
[38;5;12mÔö£ÔöäÔöäÔöäÔöäÔöäÔöäÔöäÔöäÔöäÔöäÔöäÔöäÔöäÔöäÔöäÔöäÔöäÔöäÔöäÔöäÔöäÔöäÔöäÔöäÔöäÔöäÔöäÔöäÔöäÔöäÔöäÔöäÔöäÔöäÔöäÔöäÔöäÔöäÔöäÔöäÔöäÔöäÔöäÔöäÔöäÔöäÔöäÔöäÔöäÔöäÔöäÔöäÔöäÔöäÔöäÔöäÔöäÔöäÔöäÔöäÔöäÔöäÔöäÔöäÔöäÔöäÔöäÔöäÔöäÔöäÔöäÔöäÔöäÔöäÔöäÔöäÔöäÔöäÔöä[0m
[38;5;12mÔöé ­ƒÆí [Tag] Message 385[0m
[38;5;12mÔööÔöÇÔöÇÔöÇÔöÇÔöÇÔöÇÔöÇÔöÇÔöÇÔöÇÔöÇÔöÇÔöÇÔöÇÔöÇÔöÇÔöÇÔöÇÔöÇÔöÇÔöÇÔöÇÔöÇÔöÇÔöÇÔöÇÔöÇÔöÇÔöÇÔöÇÔöÇÔöÇÔöÇÔöÇÔöÇÔöÇÔöÇÔöÇÔöÇÔöÇÔöÇÔöÇÔöÇÔöÇÔöÇÔöÇÔöÇÔöÇÔöÇÔöÇÔöÇÔöÇÔöÇÔöÇÔöÇÔöÇÔöÇÔöÇÔöÇÔöÇÔöÇÔöÇÔöÇÔöÇÔöÇÔöÇÔöÇÔöÇÔöÇÔöÇÔöÇÔöÇÔöÇÔöÇÔöÇÔöÇÔöÇÔöÇÔöÇ[0m
[38;5;12mÔöîÔöÇÔöÇÔöÇÔöÇÔöÇÔöÇÔöÇÔöÇÔöÇÔöÇÔöÇÔöÇÔöÇÔöÇÔöÇÔöÇÔöÇÔöÇÔöÇÔöÇÔöÇÔöÇÔöÇÔöÇÔöÇÔöÇÔöÇÔöÇÔöÇÔöÇÔöÇÔöÇÔöÇÔöÇÔöÇÔöÇÔöÇÔöÇÔöÇÔöÇÔöÇÔöÇÔöÇÔöÇÔöÇÔöÇÔöÇÔöÇÔöÇÔöÇÔöÇÔöÇÔöÇÔöÇÔöÇÔöÇÔöÇÔöÇÔöÇÔöÇÔöÇÔöÇÔöÇÔöÇÔöÇÔöÇÔöÇÔöÇÔöÇÔöÇÔöÇÔöÇÔöÇÔöÇÔöÇÔöÇÔöÇÔöÇÔöÇ[0m
[38;5;12mÔöé 01:00:45.886 (+0:00:00.024569)[0m
[38;5;12mÔö£ÔöäÔöäÔöäÔöäÔöäÔöäÔöäÔöäÔöäÔöäÔöäÔöäÔöäÔöäÔöäÔöäÔöäÔöäÔöäÔöäÔöäÔöäÔöäÔöäÔöäÔöäÔöäÔöäÔöäÔöäÔöäÔöäÔöäÔöäÔöäÔöäÔöäÔöäÔöäÔöäÔöäÔöäÔöäÔöäÔöäÔöäÔöäÔöäÔöäÔöäÔöäÔöäÔöäÔöäÔöäÔöäÔöäÔöäÔöäÔöäÔöäÔöäÔöäÔöäÔöäÔöäÔöäÔöäÔöäÔöäÔöäÔöäÔöäÔöäÔöäÔöäÔöäÔöäÔöä[0m
[38;5;12mÔöé ­ƒÆí [Tag] Message 386[0m
[38;5;12mÔööÔöÇÔöÇÔöÇÔöÇÔöÇÔöÇÔöÇÔöÇÔöÇÔöÇÔöÇÔöÇÔöÇÔöÇÔöÇÔöÇÔöÇÔöÇÔöÇÔöÇÔöÇÔöÇÔöÇÔöÇÔöÇÔöÇÔöÇÔöÇÔöÇÔöÇÔöÇÔöÇÔöÇÔöÇÔöÇÔöÇÔöÇÔöÇÔöÇÔöÇÔöÇÔöÇÔöÇÔöÇÔöÇÔöÇÔöÇÔöÇÔöÇÔöÇÔöÇÔöÇÔöÇÔöÇÔöÇÔöÇÔöÇÔöÇÔöÇÔöÇÔöÇÔöÇÔöÇÔöÇÔöÇÔöÇÔöÇÔöÇÔöÇÔöÇÔöÇÔöÇÔöÇÔöÇÔöÇÔöÇÔöÇÔöÇÔöÇ[0m
[38;5;12mÔöîÔöÇÔöÇÔöÇÔöÇÔöÇÔöÇÔöÇÔöÇÔöÇÔöÇÔöÇÔöÇÔöÇÔöÇÔöÇÔöÇÔöÇÔöÇÔöÇÔöÇÔöÇÔöÇÔöÇÔöÇÔöÇÔöÇÔöÇÔöÇÔöÇÔöÇÔöÇÔöÇÔöÇÔöÇÔöÇÔöÇÔöÇÔöÇÔöÇÔöÇÔöÇÔöÇÔöÇÔöÇÔöÇÔöÇÔöÇÔöÇÔöÇÔöÇÔöÇÔöÇÔöÇÔöÇÔöÇÔöÇÔöÇÔöÇÔöÇÔöÇÔöÇÔöÇÔöÇÔöÇÔöÇÔöÇÔöÇÔöÇÔöÇÔöÇÔöÇÔöÇÔöÇÔöÇÔöÇÔöÇÔöÇÔöÇÔöÇ[0m
[38;5;12mÔöé 01:00:45.886 (+0:00:00.024569)[0m
[38;5;12mÔö£ÔöäÔöäÔöäÔöäÔöäÔöäÔöäÔöäÔöäÔöäÔöäÔöäÔöäÔöäÔöäÔöäÔöäÔöäÔöäÔöäÔöäÔöäÔöäÔöäÔöäÔöäÔöäÔöäÔöäÔöäÔöäÔöäÔöäÔöäÔöäÔöäÔöäÔöäÔöäÔöäÔöäÔöäÔöäÔöäÔöäÔöäÔöäÔöäÔöäÔöäÔöäÔöäÔöäÔöäÔöäÔöäÔöäÔöäÔöäÔöäÔöäÔöäÔöäÔöäÔöäÔöäÔöäÔöäÔöäÔöäÔöäÔöäÔöäÔöäÔöäÔöäÔöäÔöäÔöä[0m
[38;5;12mÔöé ­ƒÆí [Tag] Message 387[0m
[38;5;12mÔööÔöÇÔöÇÔöÇÔöÇÔöÇÔöÇÔöÇÔöÇÔöÇÔöÇÔöÇÔöÇÔöÇÔöÇÔöÇÔöÇÔöÇÔöÇÔöÇÔöÇÔöÇÔöÇÔöÇÔöÇÔöÇÔöÇÔöÇÔöÇÔöÇÔöÇÔöÇÔöÇÔöÇÔöÇÔöÇÔöÇÔöÇÔöÇÔöÇÔöÇÔöÇÔöÇÔöÇÔöÇÔöÇÔöÇÔöÇÔöÇÔöÇÔöÇÔöÇÔöÇÔöÇÔöÇÔöÇÔöÇÔöÇÔöÇÔöÇÔöÇÔöÇÔöÇÔöÇÔöÇÔöÇÔöÇÔöÇÔöÇÔöÇÔöÇÔöÇÔöÇÔöÇÔöÇÔöÇÔöÇÔöÇÔöÇÔöÇ[0m
[38;5;12mÔöîÔöÇÔöÇÔöÇÔöÇÔöÇÔöÇÔöÇÔöÇÔöÇÔöÇÔöÇÔöÇÔöÇÔöÇÔöÇÔöÇÔöÇÔöÇÔöÇÔöÇÔöÇÔöÇÔöÇÔöÇÔöÇÔöÇÔöÇÔöÇÔöÇÔöÇÔöÇÔöÇÔöÇÔöÇÔöÇÔöÇÔöÇÔöÇÔöÇÔöÇÔöÇÔöÇÔöÇÔöÇÔöÇÔöÇÔöÇÔöÇÔöÇÔöÇÔöÇÔöÇÔöÇÔöÇÔöÇÔöÇÔöÇÔöÇÔöÇÔöÇÔöÇÔöÇÔöÇÔöÇÔöÇÔöÇÔöÇÔöÇÔöÇÔöÇÔöÇÔöÇÔöÇÔöÇÔöÇÔöÇÔöÇÔöÇÔöÇ[0m
[38;5;12mÔöé 01:00:45.886 (+0:00:00.024569)[0m
[38;5;12mÔö£ÔöäÔöäÔöäÔöäÔöäÔöäÔöäÔöäÔöäÔöäÔöäÔöäÔöäÔöäÔöäÔöäÔöäÔöäÔöäÔöäÔöäÔöäÔöäÔöäÔöäÔöäÔöäÔöäÔöäÔöäÔöäÔöäÔöäÔöäÔöäÔöäÔöäÔöäÔöäÔöäÔöäÔöäÔöäÔöäÔöäÔöäÔöäÔöäÔöäÔöäÔöäÔöäÔöäÔöäÔöäÔöäÔöäÔöäÔöäÔöäÔöäÔöäÔöäÔöäÔöäÔöäÔöäÔöäÔöäÔöäÔöäÔöäÔöäÔöäÔöäÔöäÔöäÔöäÔöä[0m
[38;5;12mÔöé ­ƒÆí [Tag] Message 388[0m
[38;5;12mÔööÔöÇÔöÇÔöÇÔöÇÔöÇÔöÇÔöÇÔöÇÔöÇÔöÇÔöÇÔöÇÔöÇÔöÇÔöÇÔöÇÔöÇÔöÇÔöÇÔöÇÔöÇÔöÇÔöÇÔöÇÔöÇÔöÇÔöÇÔöÇÔöÇÔöÇÔöÇÔöÇÔöÇÔöÇÔöÇÔöÇÔöÇÔöÇÔöÇÔöÇÔöÇÔöÇÔöÇÔöÇÔöÇÔöÇÔöÇÔöÇÔöÇÔöÇÔöÇÔöÇÔöÇÔöÇÔöÇÔöÇÔöÇÔöÇÔöÇÔöÇÔöÇÔöÇÔöÇÔöÇÔöÇÔöÇÔöÇÔöÇÔöÇÔöÇÔöÇÔöÇÔöÇÔöÇÔöÇÔöÇÔöÇÔöÇÔöÇ[0m
[38;5;12mÔöîÔöÇÔöÇÔöÇÔöÇÔöÇÔöÇÔöÇÔöÇÔöÇÔöÇÔöÇÔöÇÔöÇÔöÇÔöÇÔöÇÔöÇÔöÇÔöÇÔöÇÔöÇÔöÇÔöÇÔöÇÔöÇÔöÇÔöÇÔöÇÔöÇÔöÇÔöÇÔöÇÔöÇÔöÇÔöÇÔöÇÔöÇÔöÇÔöÇÔöÇÔöÇÔöÇÔöÇÔöÇÔöÇÔöÇÔöÇÔöÇÔöÇÔöÇÔöÇÔöÇÔöÇÔöÇÔöÇÔöÇÔöÇÔöÇÔöÇÔöÇÔöÇÔöÇÔöÇÔöÇÔöÇÔöÇÔöÇÔöÇÔöÇÔöÇÔöÇÔöÇÔöÇÔöÇÔöÇÔöÇÔöÇÔöÇÔöÇ[0m
[38;5;12mÔöé 01:00:45.886 (+0:00:00.024569)[0m
[38;5;12mÔö£ÔöäÔöäÔöäÔöäÔöäÔöäÔöäÔöäÔöäÔöäÔöäÔöäÔöäÔöäÔöäÔöäÔöäÔöäÔöäÔöäÔöäÔöäÔöäÔöäÔöäÔöäÔöäÔöäÔöäÔöäÔöäÔöäÔöäÔöäÔöäÔöäÔöäÔöäÔöäÔöäÔöäÔöäÔöäÔöäÔöäÔöäÔöäÔöäÔöäÔöäÔöäÔöäÔöäÔöäÔöäÔöäÔöäÔöäÔöäÔöäÔöäÔöäÔöäÔöäÔöäÔöäÔöäÔöäÔöäÔöäÔöäÔöäÔöäÔöäÔöäÔöäÔöäÔöäÔöä[0m
[38;5;12mÔöé ­ƒÆí [Tag] Message 389[0m
[38;5;12mÔööÔöÇÔöÇÔöÇÔöÇÔöÇÔöÇÔöÇÔöÇÔöÇÔöÇÔöÇÔöÇÔöÇÔöÇÔöÇÔöÇÔöÇÔöÇÔöÇÔöÇÔöÇÔöÇÔöÇÔöÇÔöÇÔöÇÔöÇÔöÇÔöÇÔöÇÔöÇÔöÇÔöÇÔöÇÔöÇÔöÇÔöÇÔöÇÔöÇÔöÇÔöÇÔöÇÔöÇÔöÇÔöÇÔöÇÔöÇÔöÇÔöÇÔöÇÔöÇÔöÇÔöÇÔöÇÔöÇÔöÇÔöÇÔöÇÔöÇÔöÇÔöÇÔöÇÔöÇÔöÇÔöÇÔöÇÔöÇÔöÇÔöÇÔöÇÔöÇÔöÇÔöÇÔöÇÔöÇÔöÇÔöÇÔöÇÔöÇ[0m
[38;5;12mÔöîÔöÇÔöÇÔöÇÔöÇÔöÇÔöÇÔöÇÔöÇÔöÇÔöÇÔöÇÔöÇÔöÇÔöÇÔöÇÔöÇÔöÇÔöÇÔöÇÔöÇÔöÇÔöÇÔöÇÔöÇÔöÇÔöÇÔöÇÔöÇÔöÇÔöÇÔöÇÔöÇÔöÇÔöÇÔöÇÔöÇÔöÇÔöÇÔöÇÔöÇÔöÇÔöÇÔöÇÔöÇÔöÇÔöÇÔöÇÔöÇÔöÇÔöÇÔöÇÔöÇÔöÇÔöÇÔöÇÔöÇÔöÇÔöÇÔöÇÔöÇÔöÇÔöÇÔöÇÔöÇÔöÇÔöÇÔöÇÔöÇÔöÇÔöÇÔöÇÔöÇÔöÇÔöÇÔöÇÔöÇÔöÇÔöÇÔöÇ[0m
[38;5;12mÔöé 01:00:45.886 (+0:00:00.024569)[0m
[38;5;12mÔö£ÔöäÔöäÔöäÔöäÔöäÔöäÔöäÔöäÔöäÔöäÔöäÔöäÔöäÔöäÔöäÔöäÔöäÔöäÔöäÔöäÔöäÔöäÔöäÔöäÔöäÔöäÔöäÔöäÔöäÔöäÔöäÔöäÔöäÔöäÔöäÔöäÔöäÔöäÔöäÔöäÔöäÔöäÔöäÔöäÔöäÔöäÔöäÔöäÔöäÔöäÔöäÔöäÔöäÔöäÔöäÔöäÔöäÔöäÔöäÔöäÔöäÔöäÔöäÔöäÔöäÔöäÔöäÔöäÔöäÔöäÔöäÔöäÔöäÔöäÔöäÔöäÔöäÔöäÔöä[0m
[38;5;12mÔöé ­ƒÆí [Tag] Message 390[0m
[38;5;12mÔööÔöÇÔöÇÔöÇÔöÇÔöÇÔöÇÔöÇÔöÇÔöÇÔöÇÔöÇÔöÇÔöÇÔöÇÔöÇÔöÇÔöÇÔöÇÔöÇÔöÇÔöÇÔöÇÔöÇÔöÇÔöÇÔöÇÔöÇÔöÇÔöÇÔöÇÔöÇÔöÇÔöÇÔöÇÔöÇÔöÇÔöÇÔöÇÔöÇÔöÇÔöÇÔöÇÔöÇÔöÇÔöÇÔöÇÔöÇÔöÇÔöÇÔöÇÔöÇÔöÇÔöÇÔöÇÔöÇÔöÇÔöÇÔöÇÔöÇÔöÇÔöÇÔöÇÔöÇÔöÇÔöÇÔöÇÔöÇÔöÇÔöÇÔöÇÔöÇÔöÇÔöÇÔöÇÔöÇÔöÇÔöÇÔöÇÔöÇ[0m
[38;5;12mÔöîÔöÇÔöÇÔöÇÔöÇÔöÇÔöÇÔöÇÔöÇÔöÇÔöÇÔöÇÔöÇÔöÇÔöÇÔöÇÔöÇÔöÇÔöÇÔöÇÔöÇÔöÇÔöÇÔöÇÔöÇÔöÇÔöÇÔöÇÔöÇÔöÇÔöÇÔöÇÔöÇÔöÇÔöÇÔöÇÔöÇÔöÇÔöÇÔöÇÔöÇÔöÇÔöÇÔöÇÔöÇÔöÇÔöÇÔöÇÔöÇÔöÇÔöÇÔöÇÔöÇÔöÇÔöÇÔöÇÔöÇÔöÇÔöÇÔöÇÔöÇÔöÇÔöÇÔöÇÔöÇÔöÇÔöÇÔöÇÔöÇÔöÇÔöÇÔöÇÔöÇÔöÇÔöÇÔöÇÔöÇÔöÇÔöÇÔöÇ[0m
[38;5;12mÔöé 01:00:45.886 (+0:00:00.024569)[0m
[38;5;12mÔö£ÔöäÔöäÔöäÔöäÔöäÔöäÔöäÔöäÔöäÔöäÔöäÔöäÔöäÔöäÔöäÔöäÔöäÔöäÔöäÔöäÔöäÔöäÔöäÔöäÔöäÔöäÔöäÔöäÔöäÔöäÔöäÔöäÔöäÔöäÔöäÔöäÔöäÔöäÔöäÔöäÔöäÔöäÔöäÔöäÔöäÔöäÔöäÔöäÔöäÔöäÔöäÔöäÔöäÔöäÔöäÔöäÔöäÔöäÔöäÔöäÔöäÔöäÔöäÔöäÔöäÔöäÔöäÔöäÔöäÔöäÔöäÔöäÔöäÔöäÔöäÔöäÔöäÔöäÔöä[0m
[38;5;12mÔöé ­ƒÆí [Tag] Message 391[0m
[38;5;12mÔööÔöÇÔöÇÔöÇÔöÇÔöÇÔöÇÔöÇÔöÇÔöÇÔöÇÔöÇÔöÇÔöÇÔöÇÔöÇÔöÇÔöÇÔöÇÔöÇÔöÇÔöÇÔöÇÔöÇÔöÇÔöÇÔöÇÔöÇÔöÇÔöÇÔöÇÔöÇÔöÇÔöÇÔöÇÔöÇÔöÇÔöÇÔöÇÔöÇÔöÇÔöÇÔöÇÔöÇÔöÇÔöÇÔöÇÔöÇÔöÇÔöÇÔöÇÔöÇÔöÇÔöÇÔöÇÔöÇÔöÇÔöÇÔöÇÔöÇÔöÇÔöÇÔöÇÔöÇÔöÇÔöÇÔöÇÔöÇÔöÇÔöÇÔöÇÔöÇÔöÇÔöÇÔöÇÔöÇÔöÇÔöÇÔöÇÔöÇ[0m
[38;5;12mÔöîÔöÇÔöÇÔöÇÔöÇÔöÇÔöÇÔöÇÔöÇÔöÇÔöÇÔöÇÔöÇÔöÇÔöÇÔöÇÔöÇÔöÇÔöÇÔöÇÔöÇÔöÇÔöÇÔöÇÔöÇÔöÇÔöÇÔöÇÔöÇÔöÇÔöÇÔöÇÔöÇÔöÇÔöÇÔöÇÔöÇÔöÇÔöÇÔöÇÔöÇÔöÇÔöÇÔöÇÔöÇÔöÇÔöÇÔöÇÔöÇÔöÇÔöÇÔöÇÔöÇÔöÇÔöÇÔöÇÔöÇÔöÇÔöÇÔöÇÔöÇÔöÇÔöÇÔöÇÔöÇÔöÇÔöÇÔöÇÔöÇÔöÇÔöÇÔöÇÔöÇÔöÇÔöÇÔöÇÔöÇÔöÇÔöÇÔöÇ[0m
[38;5;12mÔöé 01:00:45.886 (+0:00:00.024569)[0m
[38;5;12mÔö£ÔöäÔöäÔöäÔöäÔöäÔöäÔöäÔöäÔöäÔöäÔöäÔöäÔöäÔöäÔöäÔöäÔöäÔöäÔöäÔöäÔöäÔöäÔöäÔöäÔöäÔöäÔöäÔöäÔöäÔöäÔöäÔöäÔöäÔöäÔöäÔöäÔöäÔöäÔöäÔöäÔöäÔöäÔöäÔöäÔöäÔöäÔöäÔöäÔöäÔöäÔöäÔöäÔöäÔöäÔöäÔöäÔöäÔöäÔöäÔöäÔöäÔöäÔöäÔöäÔöäÔöäÔöäÔöäÔöäÔöäÔöäÔöäÔöäÔöäÔöäÔöäÔöäÔöäÔöä[0m
[38;5;12mÔöé ­ƒÆí [Tag] Message 392[0m
[38;5;12mÔööÔöÇÔöÇÔöÇÔöÇÔöÇÔöÇÔöÇÔöÇÔöÇÔöÇÔöÇÔöÇÔöÇÔöÇÔöÇÔöÇÔöÇÔöÇÔöÇÔöÇÔöÇÔöÇÔöÇÔöÇÔöÇÔöÇÔöÇÔöÇÔöÇÔöÇÔöÇÔöÇÔöÇÔöÇÔöÇÔöÇÔöÇÔöÇÔöÇÔöÇÔöÇÔöÇÔöÇÔöÇÔöÇÔöÇÔöÇÔöÇÔöÇÔöÇÔöÇÔöÇÔöÇÔöÇÔöÇÔöÇÔöÇÔöÇÔöÇÔöÇÔöÇÔöÇÔöÇÔöÇÔöÇÔöÇÔöÇÔöÇÔöÇÔöÇÔöÇÔöÇÔöÇÔöÇÔöÇÔöÇÔöÇÔöÇÔöÇ[0m
[38;5;12mÔöîÔöÇÔöÇÔöÇÔöÇÔöÇÔöÇÔöÇÔöÇÔöÇÔöÇÔöÇÔöÇÔöÇÔöÇÔöÇÔöÇÔöÇÔöÇÔöÇÔöÇÔöÇÔöÇÔöÇÔöÇÔöÇÔöÇÔöÇÔöÇÔöÇÔöÇÔöÇÔöÇÔöÇÔöÇÔöÇÔöÇÔöÇÔöÇÔöÇÔöÇÔöÇÔöÇÔöÇÔöÇÔöÇÔöÇÔöÇÔöÇÔöÇÔöÇÔöÇÔöÇÔöÇÔöÇÔöÇÔöÇÔöÇÔöÇÔöÇÔöÇÔöÇÔöÇÔöÇÔöÇÔöÇÔöÇÔöÇÔöÇÔöÇÔöÇÔöÇÔöÇÔöÇÔöÇÔöÇÔöÇÔöÇÔöÇÔöÇ[0m
[38;5;12mÔöé 01:00:45.886 (+0:00:00.024569)[0m
[38;5;12mÔö£ÔöäÔöäÔöäÔöäÔöäÔöäÔöäÔöäÔöäÔöäÔöäÔöäÔöäÔöäÔöäÔöäÔöäÔöäÔöäÔöäÔöäÔöäÔöäÔöäÔöäÔöäÔöäÔöäÔöäÔöäÔöäÔöäÔöäÔöäÔöäÔöäÔöäÔöäÔöäÔöäÔöäÔöäÔöäÔöäÔöäÔöäÔöäÔöäÔöäÔöäÔöäÔöäÔöäÔöäÔöäÔöäÔöäÔöäÔöäÔöäÔöäÔöäÔöäÔöäÔöäÔöäÔöäÔöäÔöäÔöäÔöäÔöäÔöäÔöäÔöäÔöäÔöäÔöäÔöä[0m
[38;5;12mÔöé ­ƒÆí [Tag] Message 393[0m
[38;5;12mÔööÔöÇÔöÇÔöÇÔöÇÔöÇÔöÇÔöÇÔöÇÔöÇÔöÇÔöÇÔöÇÔöÇÔöÇÔöÇÔöÇÔöÇÔöÇÔöÇÔöÇÔöÇÔöÇÔöÇÔöÇÔöÇÔöÇÔöÇÔöÇÔöÇÔöÇÔöÇÔöÇÔöÇÔöÇÔöÇÔöÇÔöÇÔöÇÔöÇÔöÇÔöÇÔöÇÔöÇÔöÇÔöÇÔöÇÔöÇÔöÇÔöÇÔöÇÔöÇÔöÇÔöÇÔöÇÔöÇÔöÇÔöÇÔöÇÔöÇÔöÇÔöÇÔöÇÔöÇÔöÇÔöÇÔöÇÔöÇÔöÇÔöÇÔöÇÔöÇÔöÇÔöÇÔöÇÔöÇÔöÇÔöÇÔöÇÔöÇ[0m
[38;5;12mÔöîÔöÇÔöÇÔöÇÔöÇÔöÇÔöÇÔöÇÔöÇÔöÇÔöÇÔöÇÔöÇÔöÇÔöÇÔöÇÔöÇÔöÇÔöÇÔöÇÔöÇÔöÇÔöÇÔöÇÔöÇÔöÇÔöÇÔöÇÔöÇÔöÇÔöÇÔöÇÔöÇÔöÇÔöÇÔöÇÔöÇÔöÇÔöÇÔöÇÔöÇÔöÇÔöÇÔöÇÔöÇÔöÇÔöÇÔöÇÔöÇÔöÇÔöÇÔöÇÔöÇÔöÇÔöÇÔöÇÔöÇÔöÇÔöÇÔöÇÔöÇÔöÇÔöÇÔöÇÔöÇÔöÇÔöÇÔöÇÔöÇÔöÇÔöÇÔöÇÔöÇÔöÇÔöÇÔöÇÔöÇÔöÇÔöÇÔöÇ[0m
[38;5;12mÔöé 01:00:45.886 (+0:00:00.024569)[0m
[38;5;12mÔö£ÔöäÔöäÔöäÔöäÔöäÔöäÔöäÔöäÔöäÔöäÔöäÔöäÔöäÔöäÔöäÔöäÔöäÔöäÔöäÔöäÔöäÔöäÔöäÔöäÔöäÔöäÔöäÔöäÔöäÔöäÔöäÔöäÔöäÔöäÔöäÔöäÔöäÔöäÔöäÔöäÔöäÔöäÔöäÔöäÔöäÔöäÔöäÔöäÔöäÔöäÔöäÔöäÔöäÔöäÔöäÔöäÔöäÔöäÔöäÔöäÔöäÔöäÔöäÔöäÔöäÔöäÔöäÔöäÔöäÔöäÔöäÔöäÔöäÔöäÔöäÔöäÔöäÔöäÔöä[0m
[38;5;12mÔöé ­ƒÆí [Tag] Message 394[0m
[38;5;12mÔööÔöÇÔöÇÔöÇÔöÇÔöÇÔöÇÔöÇÔöÇÔöÇÔöÇÔöÇÔöÇÔöÇÔöÇÔöÇÔöÇÔöÇÔöÇÔöÇÔöÇÔöÇÔöÇÔöÇÔöÇÔöÇÔöÇÔöÇÔöÇÔöÇÔöÇÔöÇÔöÇÔöÇÔöÇÔöÇÔöÇÔöÇÔöÇÔöÇÔöÇÔöÇÔöÇÔöÇÔöÇÔöÇÔöÇÔöÇÔöÇÔöÇÔöÇÔöÇÔöÇÔöÇÔöÇÔöÇÔöÇÔöÇÔöÇÔöÇÔöÇÔöÇÔöÇÔöÇÔöÇÔöÇÔöÇÔöÇÔöÇÔöÇÔöÇÔöÇÔöÇÔöÇÔöÇÔöÇÔöÇÔöÇÔöÇÔöÇ[0m
[38;5;12mÔöîÔöÇÔöÇÔöÇÔöÇÔöÇÔöÇÔöÇÔöÇÔöÇÔöÇÔöÇÔöÇÔöÇÔöÇÔöÇÔöÇÔöÇÔöÇÔöÇÔöÇÔöÇÔöÇÔöÇÔöÇÔöÇÔöÇÔöÇÔöÇÔöÇÔöÇÔöÇÔöÇÔöÇÔöÇÔöÇÔöÇÔöÇÔöÇÔöÇÔöÇÔöÇÔöÇÔöÇÔöÇÔöÇÔöÇÔöÇÔöÇÔöÇÔöÇÔöÇÔöÇÔöÇÔöÇÔöÇÔöÇÔöÇÔöÇÔöÇÔöÇÔöÇÔöÇÔöÇÔöÇÔöÇÔöÇÔöÇÔöÇÔöÇÔöÇÔöÇÔöÇÔöÇÔöÇÔöÇÔöÇÔöÇÔöÇÔöÇ[0m
[38;5;12mÔöé 01:00:45.886 (+0:00:00.024569)[0m
[38;5;12mÔö£ÔöäÔöäÔöäÔöäÔöäÔöäÔöäÔöäÔöäÔöäÔöäÔöäÔöäÔöäÔöäÔöäÔöäÔöäÔöäÔöäÔöäÔöäÔöäÔöäÔöäÔöäÔöäÔöäÔöäÔöäÔöäÔöäÔöäÔöäÔöäÔöäÔöäÔöäÔöäÔöäÔöäÔöäÔöäÔöäÔöäÔöäÔöäÔöäÔöäÔöäÔöäÔöäÔöäÔöäÔöäÔöäÔöäÔöäÔöäÔöäÔöäÔöäÔöäÔöäÔöäÔöäÔöäÔöäÔöäÔöäÔöäÔöäÔöäÔöäÔöäÔöäÔöäÔöäÔöä[0m
[38;5;12mÔöé ­ƒÆí [Tag] Message 395[0m
[38;5;12mÔööÔöÇÔöÇÔöÇÔöÇÔöÇÔöÇÔöÇÔöÇÔöÇÔöÇÔöÇÔöÇÔöÇÔöÇÔöÇÔöÇÔöÇÔöÇÔöÇÔöÇÔöÇÔöÇÔöÇÔöÇÔöÇÔöÇÔöÇÔöÇÔöÇÔöÇÔöÇÔöÇÔöÇÔöÇÔöÇÔöÇÔöÇÔöÇÔöÇÔöÇÔöÇÔöÇÔöÇÔöÇÔöÇÔöÇÔöÇÔöÇÔöÇÔöÇÔöÇÔöÇÔöÇÔöÇÔöÇÔöÇÔöÇÔöÇÔöÇÔöÇÔöÇÔöÇÔöÇÔöÇÔöÇÔöÇÔöÇÔöÇÔöÇÔöÇÔöÇÔöÇÔöÇÔöÇÔöÇÔöÇÔöÇÔöÇÔöÇ[0m
[38;5;12mÔöîÔöÇÔöÇÔöÇÔöÇÔöÇÔöÇÔöÇÔöÇÔöÇÔöÇÔöÇÔöÇÔöÇÔöÇÔöÇÔöÇÔöÇÔöÇÔöÇÔöÇÔöÇÔöÇÔöÇÔöÇÔöÇÔöÇÔöÇÔöÇÔöÇÔöÇÔöÇÔöÇÔöÇÔöÇÔöÇÔöÇÔöÇÔöÇÔöÇÔöÇÔöÇÔöÇÔöÇÔöÇÔöÇÔöÇÔöÇÔöÇÔöÇÔöÇÔöÇÔöÇÔöÇÔöÇÔöÇÔöÇÔöÇÔöÇÔöÇÔöÇÔöÇÔöÇÔöÇÔöÇÔöÇÔöÇÔöÇÔöÇÔöÇÔöÇÔöÇÔöÇÔöÇÔöÇÔöÇÔöÇÔöÇÔöÇÔöÇ[0m
[38;5;12mÔöé 01:00:45.886 (+0:00:00.024569)[0m
[38;5;12mÔö£ÔöäÔöäÔöäÔöäÔöäÔöäÔöäÔöäÔöäÔöäÔöäÔöäÔöäÔöäÔöäÔöäÔöäÔöäÔöäÔöäÔöäÔöäÔöäÔöäÔöäÔöäÔöäÔöäÔöäÔöäÔöäÔöäÔöäÔöäÔöäÔöäÔöäÔöäÔöäÔöäÔöäÔöäÔöäÔöäÔöäÔöäÔöäÔöäÔöäÔöäÔöäÔöäÔöäÔöäÔöäÔöäÔöäÔöäÔöäÔöäÔöäÔöäÔöäÔöäÔöäÔöäÔöäÔöäÔöäÔöäÔöäÔöäÔöäÔöäÔöäÔöäÔöäÔöäÔöä[0m
[38;5;12mÔöé ­ƒÆí [Tag] Message 396[0m
[38;5;12mÔööÔöÇÔöÇÔöÇÔöÇÔöÇÔöÇÔöÇÔöÇÔöÇÔöÇÔöÇÔöÇÔöÇÔöÇÔöÇÔöÇÔöÇÔöÇÔöÇÔöÇÔöÇÔöÇÔöÇÔöÇÔöÇÔöÇÔöÇÔöÇÔöÇÔöÇÔöÇÔöÇÔöÇÔöÇÔöÇÔöÇÔöÇÔöÇÔöÇÔöÇÔöÇÔöÇÔöÇÔöÇÔöÇÔöÇÔöÇÔöÇÔöÇÔöÇÔöÇÔöÇÔöÇÔöÇÔöÇÔöÇÔöÇÔöÇÔöÇÔöÇÔöÇÔöÇÔöÇÔöÇÔöÇÔöÇÔöÇÔöÇÔöÇÔöÇÔöÇÔöÇÔöÇÔöÇÔöÇÔöÇÔöÇÔöÇÔöÇ[0m
[38;5;12mÔöîÔöÇÔöÇÔöÇÔöÇÔöÇÔöÇÔöÇÔöÇÔöÇÔöÇÔöÇÔöÇÔöÇÔöÇÔöÇÔöÇÔöÇÔöÇÔöÇÔöÇÔöÇÔöÇÔöÇÔöÇÔöÇÔöÇÔöÇÔöÇÔöÇÔöÇÔöÇÔöÇÔöÇÔöÇÔöÇÔöÇÔöÇÔöÇÔöÇÔöÇÔöÇÔöÇÔöÇÔöÇÔöÇÔöÇÔöÇÔöÇÔöÇÔöÇÔöÇÔöÇÔöÇÔöÇÔöÇÔöÇÔöÇÔöÇÔöÇÔöÇÔöÇÔöÇÔöÇÔöÇÔöÇÔöÇÔöÇÔöÇÔöÇÔöÇÔöÇÔöÇÔöÇÔöÇÔöÇÔöÇÔöÇÔöÇÔöÇ[0m
[38;5;12mÔöé 01:00:45.886 (+0:00:00.024569)[0m
[38;5;12mÔö£ÔöäÔöäÔöäÔöäÔöäÔöäÔöäÔöäÔöäÔöäÔöäÔöäÔöäÔöäÔöäÔöäÔöäÔöäÔöäÔöäÔöäÔöäÔöäÔöäÔöäÔöäÔöäÔöäÔöäÔöäÔöäÔöäÔöäÔöäÔöäÔöäÔöäÔöäÔöäÔöäÔöäÔöäÔöäÔöäÔöäÔöäÔöäÔöäÔöäÔöäÔöäÔöäÔöäÔöäÔöäÔöäÔöäÔöäÔöäÔöäÔöäÔöäÔöäÔöäÔöäÔöäÔöäÔöäÔöäÔöäÔöäÔöäÔöäÔöäÔöäÔöäÔöäÔöäÔöä[0m
[38;5;12mÔöé ­ƒÆí [Tag] Message 397[0m
[38;5;12mÔööÔöÇÔöÇÔöÇÔöÇÔöÇÔöÇÔöÇÔöÇÔöÇÔöÇÔöÇÔöÇÔöÇÔöÇÔöÇÔöÇÔöÇÔöÇÔöÇÔöÇÔöÇÔöÇÔöÇÔöÇÔöÇÔöÇÔöÇÔöÇÔöÇÔöÇÔöÇÔöÇÔöÇÔöÇÔöÇÔöÇÔöÇÔöÇÔöÇÔöÇÔöÇÔöÇÔöÇÔöÇÔöÇÔöÇÔöÇÔöÇÔöÇÔöÇÔöÇÔöÇÔöÇÔöÇÔöÇÔöÇÔöÇÔöÇÔöÇÔöÇÔöÇÔöÇÔöÇÔöÇÔöÇÔöÇÔöÇÔöÇÔöÇÔöÇÔöÇÔöÇÔöÇÔöÇÔöÇÔöÇÔöÇÔöÇÔöÇ[0m
[38;5;12mÔöîÔöÇÔöÇÔöÇÔöÇÔöÇÔöÇÔöÇÔöÇÔöÇÔöÇÔöÇÔöÇÔöÇÔöÇÔöÇÔöÇÔöÇÔöÇÔöÇÔöÇÔöÇÔöÇÔöÇÔöÇÔöÇÔöÇÔöÇÔöÇÔöÇÔöÇÔöÇÔöÇÔöÇÔöÇÔöÇÔöÇÔöÇÔöÇÔöÇÔöÇÔöÇÔöÇÔöÇÔöÇÔöÇÔöÇÔöÇÔöÇÔöÇÔöÇÔöÇÔöÇÔöÇÔöÇÔöÇÔöÇÔöÇÔöÇÔöÇÔöÇÔöÇÔöÇÔöÇÔöÇÔöÇÔöÇÔöÇÔöÇÔöÇÔöÇÔöÇÔöÇÔöÇÔöÇÔöÇÔöÇÔöÇÔöÇÔöÇ[0m
[38;5;12mÔöé 01:00:45.886 (+0:00:00.024569)[0m
[38;5;12mÔö£ÔöäÔöäÔöäÔöäÔöäÔöäÔöäÔöäÔöäÔöäÔöäÔöäÔöäÔöäÔöäÔöäÔöäÔöäÔöäÔöäÔöäÔöäÔöäÔöäÔöäÔöäÔöäÔöäÔöäÔöäÔöäÔöäÔöäÔöäÔöäÔöäÔöäÔöäÔöäÔöäÔöäÔöäÔöäÔöäÔöäÔöäÔöäÔöäÔöäÔöäÔöäÔöäÔöäÔöäÔöäÔöäÔöäÔöäÔöäÔöäÔöäÔöäÔöäÔöäÔöäÔöäÔöäÔöäÔöäÔöäÔöäÔöäÔöäÔöäÔöäÔöäÔöäÔöäÔöä[0m
[38;5;12mÔöé ­ƒÆí [Tag] Message 398[0m
[38;5;12mÔööÔöÇÔöÇÔöÇÔöÇÔöÇÔöÇÔöÇÔöÇÔöÇÔöÇÔöÇÔöÇÔöÇÔöÇÔöÇÔöÇÔöÇÔöÇÔöÇÔöÇÔöÇÔöÇÔöÇÔöÇÔöÇÔöÇÔöÇÔöÇÔöÇÔöÇÔöÇÔöÇÔöÇÔöÇÔöÇÔöÇÔöÇÔöÇÔöÇÔöÇÔöÇÔöÇÔöÇÔöÇÔöÇÔöÇÔöÇÔöÇÔöÇÔöÇÔöÇÔöÇÔöÇÔöÇÔöÇÔöÇÔöÇÔöÇÔöÇÔöÇÔöÇÔöÇÔöÇÔöÇÔöÇÔöÇÔöÇÔöÇÔöÇÔöÇÔöÇÔöÇÔöÇÔöÇÔöÇÔöÇÔöÇÔöÇÔöÇ[0m
[38;5;12mÔöîÔöÇÔöÇÔöÇÔöÇÔöÇÔöÇÔöÇÔöÇÔöÇÔöÇÔöÇÔöÇÔöÇÔöÇÔöÇÔöÇÔöÇÔöÇÔöÇÔöÇÔöÇÔöÇÔöÇÔöÇÔöÇÔöÇÔöÇÔöÇÔöÇÔöÇÔöÇÔöÇÔöÇÔöÇÔöÇÔöÇÔöÇÔöÇÔöÇÔöÇÔöÇÔöÇÔöÇÔöÇÔöÇÔöÇÔöÇÔöÇÔöÇÔöÇÔöÇÔöÇÔöÇÔöÇÔöÇÔöÇÔöÇÔöÇÔöÇÔöÇÔöÇÔöÇÔöÇÔöÇÔöÇÔöÇÔöÇÔöÇÔöÇÔöÇÔöÇÔöÇÔöÇÔöÇÔöÇÔöÇÔöÇÔöÇÔöÇ[0m
[38;5;12mÔöé 01:00:45.886 (+0:00:00.024569)[0m
[38;5;12mÔö£ÔöäÔöäÔöäÔöäÔöäÔöäÔöäÔöäÔöäÔöäÔöäÔöäÔöäÔöäÔöäÔöäÔöäÔöäÔöäÔöäÔöäÔöäÔöäÔöäÔöäÔöäÔöäÔöäÔöäÔöäÔöäÔöäÔöäÔöäÔöäÔöäÔöäÔöäÔöäÔöäÔöäÔöäÔöäÔöäÔöäÔöäÔöäÔöäÔöäÔöäÔöäÔöäÔöäÔöäÔöäÔöäÔöäÔöäÔöäÔöäÔöäÔöäÔöäÔöäÔöäÔöäÔöäÔöäÔöäÔöäÔöäÔöäÔöäÔöäÔöäÔöäÔöäÔöäÔöä[0m
[38;5;12mÔöé ­ƒÆí [Tag] Message 399[0m
[38;5;12mÔööÔöÇÔöÇÔöÇÔöÇÔöÇÔöÇÔöÇÔöÇÔöÇÔöÇÔöÇÔöÇÔöÇÔöÇÔöÇÔöÇÔöÇÔöÇÔöÇÔöÇÔöÇÔöÇÔöÇÔöÇÔöÇÔöÇÔöÇÔöÇÔöÇÔöÇÔöÇÔöÇÔöÇÔöÇÔöÇÔöÇÔöÇÔöÇÔöÇÔöÇÔöÇÔöÇÔöÇÔöÇÔöÇÔöÇÔöÇÔöÇÔöÇÔöÇÔöÇÔöÇÔöÇÔöÇÔöÇÔöÇÔöÇÔöÇÔöÇÔöÇÔöÇÔöÇÔöÇÔöÇÔöÇÔöÇÔöÇÔöÇÔöÇÔöÇÔöÇÔöÇÔöÇÔöÇÔöÇÔöÇÔöÇÔöÇÔöÇ[0m
[38;5;12mÔöîÔöÇÔöÇÔöÇÔöÇÔöÇÔöÇÔöÇÔöÇÔöÇÔöÇÔöÇÔöÇÔöÇÔöÇÔöÇÔöÇÔöÇÔöÇÔöÇÔöÇÔöÇÔöÇÔöÇÔöÇÔöÇÔöÇÔöÇÔöÇÔöÇÔöÇÔöÇÔöÇÔöÇÔöÇÔöÇÔöÇÔöÇÔöÇÔöÇÔöÇÔöÇÔöÇÔöÇÔöÇÔöÇÔöÇÔöÇÔöÇÔöÇÔöÇÔöÇÔöÇÔöÇÔöÇÔöÇÔöÇÔöÇÔöÇÔöÇÔöÇÔöÇÔöÇÔöÇÔöÇÔöÇÔöÇÔöÇÔöÇÔöÇÔöÇÔöÇÔöÇÔöÇÔöÇÔöÇÔöÇÔöÇÔöÇÔöÇ[0m
[38;5;12mÔöé 01:00:45.886 (+0:00:00.024569)[0m
[38;5;12mÔö£ÔöäÔöäÔöäÔöäÔöäÔöäÔöäÔöäÔöäÔöäÔöäÔöäÔöäÔöäÔöäÔöäÔöäÔöäÔöäÔöäÔöäÔöäÔöäÔöäÔöäÔöäÔöäÔöäÔöäÔöäÔöäÔöäÔöäÔöäÔöäÔöäÔöäÔöäÔöäÔöäÔöäÔöäÔöäÔöäÔöäÔöäÔöäÔöäÔöäÔöäÔöäÔöäÔöäÔöäÔöäÔöäÔöäÔöäÔöäÔöäÔöäÔöäÔöäÔöäÔöäÔöäÔöäÔöäÔöäÔöäÔöäÔöäÔöäÔöäÔöäÔöäÔöäÔöäÔöä[0m
[38;5;12mÔöé ­ƒÆí [Tag] Message 400[0m
[38;5;12mÔööÔöÇÔöÇÔöÇÔöÇÔöÇÔöÇÔöÇÔöÇÔöÇÔöÇÔöÇÔöÇÔöÇÔöÇÔöÇÔöÇÔöÇÔöÇÔöÇÔöÇÔöÇÔöÇÔöÇÔöÇÔöÇÔöÇÔöÇÔöÇÔöÇÔöÇÔöÇÔöÇÔöÇÔöÇÔöÇÔöÇÔöÇÔöÇÔöÇÔöÇÔöÇÔöÇÔöÇÔöÇÔöÇÔöÇÔöÇÔöÇÔöÇÔöÇÔöÇÔöÇÔöÇÔöÇÔöÇÔöÇÔöÇÔöÇÔöÇÔöÇÔöÇÔöÇÔöÇÔöÇÔöÇÔöÇÔöÇÔöÇÔöÇÔöÇÔöÇÔöÇÔöÇÔöÇÔöÇÔöÇÔöÇÔöÇÔöÇ[0m
[38;5;12mÔöîÔöÇÔöÇÔöÇÔöÇÔöÇÔöÇÔöÇÔöÇÔöÇÔöÇÔöÇÔöÇÔöÇÔöÇÔöÇÔöÇÔöÇÔöÇÔöÇÔöÇÔöÇÔöÇÔöÇÔöÇÔöÇÔöÇÔöÇÔöÇÔöÇÔöÇÔöÇÔöÇÔöÇÔöÇÔöÇÔöÇÔöÇÔöÇÔöÇÔöÇÔöÇÔöÇÔöÇÔöÇÔöÇÔöÇÔöÇÔöÇÔöÇÔöÇÔöÇÔöÇÔöÇÔöÇÔöÇÔöÇÔöÇÔöÇÔöÇÔöÇÔöÇÔöÇÔöÇÔöÇÔöÇÔöÇÔöÇÔöÇÔöÇÔöÇÔöÇÔöÇÔöÇÔöÇÔöÇÔöÇÔöÇÔöÇÔöÇ[0m
[38;5;12mÔöé 01:00:45.886 (+0:00:00.024569)[0m
[38;5;12mÔö£ÔöäÔöäÔöäÔöäÔöäÔöäÔöäÔöäÔöäÔöäÔöäÔöäÔöäÔöäÔöäÔöäÔöäÔöäÔöäÔöäÔöäÔöäÔöäÔöäÔöäÔöäÔöäÔöäÔöäÔöäÔöäÔöäÔöäÔöäÔöäÔöäÔöäÔöäÔöäÔöäÔöäÔöäÔöäÔöäÔöäÔöäÔöäÔöäÔöäÔöäÔöäÔöäÔöäÔöäÔöäÔöäÔöäÔöäÔöäÔöäÔöäÔöäÔöäÔöäÔöäÔöäÔöäÔöäÔöäÔöäÔöäÔöäÔöäÔöäÔöäÔöäÔöäÔöäÔöä[0m
[38;5;12mÔöé ­ƒÆí [Tag] Message 401[0m
[38;5;12mÔööÔöÇÔöÇÔöÇÔöÇÔöÇÔöÇÔöÇÔöÇÔöÇÔöÇÔöÇÔöÇÔöÇÔöÇÔöÇÔöÇÔöÇÔöÇÔöÇÔöÇÔöÇÔöÇÔöÇÔöÇÔöÇÔöÇÔöÇÔöÇÔöÇÔöÇÔöÇÔöÇÔöÇÔöÇÔöÇÔöÇÔöÇÔöÇÔöÇÔöÇÔöÇÔöÇÔöÇÔöÇÔöÇÔöÇÔöÇÔöÇÔöÇÔöÇÔöÇÔöÇÔöÇÔöÇÔöÇÔöÇÔöÇÔöÇÔöÇÔöÇÔöÇÔöÇÔöÇÔöÇÔöÇÔöÇÔöÇÔöÇÔöÇÔöÇÔöÇÔöÇÔöÇÔöÇÔöÇÔöÇÔöÇÔöÇÔöÇ[0m
[38;5;12mÔöîÔöÇÔöÇÔöÇÔöÇÔöÇÔöÇÔöÇÔöÇÔöÇÔöÇÔöÇÔöÇÔöÇÔöÇÔöÇÔöÇÔöÇÔöÇÔöÇÔöÇÔöÇÔöÇÔöÇÔöÇÔöÇÔöÇÔöÇÔöÇÔöÇÔöÇÔöÇÔöÇÔöÇÔöÇÔöÇÔöÇÔöÇÔöÇÔöÇÔöÇÔöÇÔöÇÔöÇÔöÇÔöÇÔöÇÔöÇÔöÇÔöÇÔöÇÔöÇÔöÇÔöÇÔöÇÔöÇÔöÇÔöÇÔöÇÔöÇÔöÇÔöÇÔöÇÔöÇÔöÇÔöÇÔöÇÔöÇÔöÇÔöÇÔöÇÔöÇÔöÇÔöÇÔöÇÔöÇÔöÇÔöÇÔöÇÔöÇ[0m
[38;5;12mÔöé 01:00:45.888 (+0:00:00.026099)[0m
[38;5;12mÔö£ÔöäÔöäÔöäÔöäÔöäÔöäÔöäÔöäÔöäÔöäÔöäÔöäÔöäÔöäÔöäÔöäÔöäÔöäÔöäÔöäÔöäÔöäÔöäÔöäÔöäÔöäÔöäÔöäÔöäÔöäÔöäÔöäÔöäÔöäÔöäÔöäÔöäÔöäÔöäÔöäÔöäÔöäÔöäÔöäÔöäÔöäÔöäÔöäÔöäÔöäÔöäÔöäÔöäÔöäÔöäÔöäÔöäÔöäÔöäÔöäÔöäÔöäÔöäÔöäÔöäÔöäÔöäÔöäÔöäÔöäÔöäÔöäÔöäÔöäÔöäÔöäÔöäÔöäÔöä[0m
[38;5;12mÔöé ­ƒÆí [Tag] Message 402[0m
[38;5;12mÔööÔöÇÔöÇÔöÇÔöÇÔöÇÔöÇÔöÇÔöÇÔöÇÔöÇÔöÇÔöÇÔöÇÔöÇÔöÇÔöÇÔöÇÔöÇÔöÇÔöÇÔöÇÔöÇÔöÇÔöÇÔöÇÔöÇÔöÇÔöÇÔöÇÔöÇÔöÇÔöÇÔöÇÔöÇÔöÇÔöÇÔöÇÔöÇÔöÇÔöÇÔöÇÔöÇÔöÇÔöÇÔöÇÔöÇÔöÇÔöÇÔöÇÔöÇÔöÇÔöÇÔöÇÔöÇÔöÇÔöÇÔöÇÔöÇÔöÇÔöÇÔöÇÔöÇÔöÇÔöÇÔöÇÔöÇÔöÇÔöÇÔöÇÔöÇÔöÇÔöÇÔöÇÔöÇÔöÇÔöÇÔöÇÔöÇÔöÇ[0m
[38;5;12mÔöîÔöÇÔöÇÔöÇÔöÇÔöÇÔöÇÔöÇÔöÇÔöÇÔöÇÔöÇÔöÇÔöÇÔöÇÔöÇÔöÇÔöÇÔöÇÔöÇÔöÇÔöÇÔöÇÔöÇÔöÇÔöÇÔöÇÔöÇÔöÇÔöÇÔöÇÔöÇÔöÇÔöÇÔöÇÔöÇÔöÇÔöÇÔöÇÔöÇÔöÇÔöÇÔöÇÔöÇÔöÇÔöÇÔöÇÔöÇÔöÇÔöÇÔöÇÔöÇÔöÇÔöÇÔöÇÔöÇÔöÇÔöÇÔöÇÔöÇÔöÇÔöÇÔöÇÔöÇÔöÇÔöÇÔöÇÔöÇÔöÇÔöÇÔöÇÔöÇÔöÇÔöÇÔöÇÔöÇÔöÇÔöÇÔöÇÔöÇ[0m
[38;5;12mÔöé 01:00:45.888 (+0:00:00.026099)[0m
[38;5;12mÔö£ÔöäÔöäÔöäÔöäÔöäÔöäÔöäÔöäÔöäÔöäÔöäÔöäÔöäÔöäÔöäÔöäÔöäÔöäÔöäÔöäÔöäÔöäÔöäÔöäÔöäÔöäÔöäÔöäÔöäÔöäÔöäÔöäÔöäÔöäÔöäÔöäÔöäÔöäÔöäÔöäÔöäÔöäÔöäÔöäÔöäÔöäÔöäÔöäÔöäÔöäÔöäÔöäÔöäÔöäÔöäÔöäÔöäÔöäÔöäÔöäÔöäÔöäÔöäÔöäÔöäÔöäÔöäÔöäÔöäÔöäÔöäÔöäÔöäÔöäÔöäÔöäÔöäÔöäÔöä[0m
[38;5;12mÔöé ­ƒÆí [Tag] Message 403[0m
[38;5;12mÔööÔöÇÔöÇÔöÇÔöÇÔöÇÔöÇÔöÇÔöÇÔöÇÔöÇÔöÇÔöÇÔöÇÔöÇÔöÇÔöÇÔöÇÔöÇÔöÇÔöÇÔöÇÔöÇÔöÇÔöÇÔöÇÔöÇÔöÇÔöÇÔöÇÔöÇÔöÇÔöÇÔöÇÔöÇÔöÇÔöÇÔöÇÔöÇÔöÇÔöÇÔöÇÔöÇÔöÇÔöÇÔöÇÔöÇÔöÇÔöÇÔöÇÔöÇÔöÇÔöÇÔöÇÔöÇÔöÇÔöÇÔöÇÔöÇÔöÇÔöÇÔöÇÔöÇÔöÇÔöÇÔöÇÔöÇÔöÇÔöÇÔöÇÔöÇÔöÇÔöÇÔöÇÔöÇÔöÇÔöÇÔöÇÔöÇÔöÇ[0m
[38;5;12mÔöîÔöÇÔöÇÔöÇÔöÇÔöÇÔöÇÔöÇÔöÇÔöÇÔöÇÔöÇÔöÇÔöÇÔöÇÔöÇÔöÇÔöÇÔöÇÔöÇÔöÇÔöÇÔöÇÔöÇÔöÇÔöÇÔöÇÔöÇÔöÇÔöÇÔöÇÔöÇÔöÇÔöÇÔöÇÔöÇÔöÇÔöÇÔöÇÔöÇÔöÇÔöÇÔöÇÔöÇÔöÇÔöÇÔöÇÔöÇÔöÇÔöÇÔöÇÔöÇÔöÇÔöÇÔöÇÔöÇÔöÇÔöÇÔöÇÔöÇÔöÇÔöÇÔöÇÔöÇÔöÇÔöÇÔöÇÔöÇÔöÇÔöÇÔöÇÔöÇÔöÇÔöÇÔöÇÔöÇÔöÇÔöÇÔöÇÔöÇ[0m
[38;5;12mÔöé 01:00:45.888 (+0:00:00.026099)[0m
[38;5;12mÔö£ÔöäÔöäÔöäÔöäÔöäÔöäÔöäÔöäÔöäÔöäÔöäÔöäÔöäÔöäÔöäÔöäÔöäÔöäÔöäÔöäÔöäÔöäÔöäÔöäÔöäÔöäÔöäÔöäÔöäÔöäÔöäÔöäÔöäÔöäÔöäÔöäÔöäÔöäÔöäÔöäÔöäÔöäÔöäÔöäÔöäÔöäÔöäÔöäÔöäÔöäÔöäÔöäÔöäÔöäÔöäÔöäÔöäÔöäÔöäÔöäÔöäÔöäÔöäÔöäÔöäÔöäÔöäÔöäÔöäÔöäÔöäÔöäÔöäÔöäÔöäÔöäÔöäÔöäÔöä[0m
[38;5;12mÔöé ­ƒÆí [Tag] Message 404[0m
[38;5;12mÔööÔöÇÔöÇÔöÇÔöÇÔöÇÔöÇÔöÇÔöÇÔöÇÔöÇÔöÇÔöÇÔöÇÔöÇÔöÇÔöÇÔöÇÔöÇÔöÇÔöÇÔöÇÔöÇÔöÇÔöÇÔöÇÔöÇÔöÇÔöÇÔöÇÔöÇÔöÇÔöÇÔöÇÔöÇÔöÇÔöÇÔöÇÔöÇÔöÇÔöÇÔöÇÔöÇÔöÇÔöÇÔöÇÔöÇÔöÇÔöÇÔöÇÔöÇÔöÇÔöÇÔöÇÔöÇÔöÇÔöÇÔöÇÔöÇÔöÇÔöÇÔöÇÔöÇÔöÇÔöÇÔöÇÔöÇÔöÇÔöÇÔöÇÔöÇÔöÇÔöÇÔöÇÔöÇÔöÇÔöÇÔöÇÔöÇÔöÇ[0m
[38;5;12mÔöîÔöÇÔöÇÔöÇÔöÇÔöÇÔöÇÔöÇÔöÇÔöÇÔöÇÔöÇÔöÇÔöÇÔöÇÔöÇÔöÇÔöÇÔöÇÔöÇÔöÇÔöÇÔöÇÔöÇÔöÇÔöÇÔöÇÔöÇÔöÇÔöÇÔöÇÔöÇÔöÇÔöÇÔöÇÔöÇÔöÇÔöÇÔöÇÔöÇÔöÇÔöÇÔöÇÔöÇÔöÇÔöÇÔöÇÔöÇÔöÇÔöÇÔöÇÔöÇÔöÇÔöÇÔöÇÔöÇÔöÇÔöÇÔöÇÔöÇÔöÇÔöÇÔöÇÔöÇÔöÇÔöÇÔöÇÔöÇÔöÇÔöÇÔöÇÔöÇÔöÇÔöÇÔöÇÔöÇÔöÇÔöÇÔöÇÔöÇ[0m
[38;5;12mÔöé 01:00:45.888 (+0:00:00.026099)[0m
[38;5;12mÔö£ÔöäÔöäÔöäÔöäÔöäÔöäÔöäÔöäÔöäÔöäÔöäÔöäÔöäÔöäÔöäÔöäÔöäÔöäÔöäÔöäÔöäÔöäÔöäÔöäÔöäÔöäÔöäÔöäÔöäÔöäÔöäÔöäÔöäÔöäÔöäÔöäÔöäÔöäÔöäÔöäÔöäÔöäÔöäÔöäÔöäÔöäÔöäÔöäÔöäÔöäÔöäÔöäÔöäÔöäÔöäÔöäÔöäÔöäÔöäÔöäÔöäÔöäÔöäÔöäÔöäÔöäÔöäÔöäÔöäÔöäÔöäÔöäÔöäÔöäÔöäÔöäÔöäÔöäÔöä[0m
[38;5;12mÔöé ­ƒÆí [Tag] Message 405[0m
[38;5;12mÔööÔöÇÔöÇÔöÇÔöÇÔöÇÔöÇÔöÇÔöÇÔöÇÔöÇÔöÇÔöÇÔöÇÔöÇÔöÇÔöÇÔöÇÔöÇÔöÇÔöÇÔöÇÔöÇÔöÇÔöÇÔöÇÔöÇÔöÇÔöÇÔöÇÔöÇÔöÇÔöÇÔöÇÔöÇÔöÇÔöÇÔöÇÔöÇÔöÇÔöÇÔöÇÔöÇÔöÇÔöÇÔöÇÔöÇÔöÇÔöÇÔöÇÔöÇÔöÇÔöÇÔöÇÔöÇÔöÇÔöÇÔöÇÔöÇÔöÇÔöÇÔöÇÔöÇÔöÇÔöÇÔöÇÔöÇÔöÇÔöÇÔöÇÔöÇÔöÇÔöÇÔöÇÔöÇÔöÇÔöÇÔöÇÔöÇÔöÇ[0m
[38;5;12mÔöîÔöÇÔöÇÔöÇÔöÇÔöÇÔöÇÔöÇÔöÇÔöÇÔöÇÔöÇÔöÇÔöÇÔöÇÔöÇÔöÇÔöÇÔöÇÔöÇÔöÇÔöÇÔöÇÔöÇÔöÇÔöÇÔöÇÔöÇÔöÇÔöÇÔöÇÔöÇÔöÇÔöÇÔöÇÔöÇÔöÇÔöÇÔöÇÔöÇÔöÇÔöÇÔöÇÔöÇÔöÇÔöÇÔöÇÔöÇÔöÇÔöÇÔöÇÔöÇÔöÇÔöÇÔöÇÔöÇÔöÇÔöÇÔöÇÔöÇÔöÇÔöÇÔöÇÔöÇÔöÇÔöÇÔöÇÔöÇÔöÇÔöÇÔöÇÔöÇÔöÇÔöÇÔöÇÔöÇÔöÇÔöÇÔöÇÔöÇ[0m
[38;5;12mÔöé 01:00:45.888 (+0:00:00.026099)[0m
[38;5;12mÔö£ÔöäÔöäÔöäÔöäÔöäÔöäÔöäÔöäÔöäÔöäÔöäÔöäÔöäÔöäÔöäÔöäÔöäÔöäÔöäÔöäÔöäÔöäÔöäÔöäÔöäÔöäÔöäÔöäÔöäÔöäÔöäÔöäÔöäÔöäÔöäÔöäÔöäÔöäÔöäÔöäÔöäÔöäÔöäÔöäÔöäÔöäÔöäÔöäÔöäÔöäÔöäÔöäÔöäÔöäÔöäÔöäÔöäÔöäÔöäÔöäÔöäÔöäÔöäÔöäÔöäÔöäÔöäÔöäÔöäÔöäÔöäÔöäÔöäÔöäÔöäÔöäÔöäÔöäÔöä[0m
[38;5;12mÔöé ­ƒÆí [Tag] Message 406[0m
[38;5;12mÔööÔöÇÔöÇÔöÇÔöÇÔöÇÔöÇÔöÇÔöÇÔöÇÔöÇÔöÇÔöÇÔöÇÔöÇÔöÇÔöÇÔöÇÔöÇÔöÇÔöÇÔöÇÔöÇÔöÇÔöÇÔöÇÔöÇÔöÇÔöÇÔöÇÔöÇÔöÇÔöÇÔöÇÔöÇÔöÇÔöÇÔöÇÔöÇÔöÇÔöÇÔöÇÔöÇÔöÇÔöÇÔöÇÔöÇÔöÇÔöÇÔöÇÔöÇÔöÇÔöÇÔöÇÔöÇÔöÇÔöÇÔöÇÔöÇÔöÇÔöÇÔöÇÔöÇÔöÇÔöÇÔöÇÔöÇÔöÇÔöÇÔöÇÔöÇÔöÇÔöÇÔöÇÔöÇÔöÇÔöÇÔöÇÔöÇÔöÇ[0m
[38;5;12mÔöîÔöÇÔöÇÔöÇÔöÇÔöÇÔöÇÔöÇÔöÇÔöÇÔöÇÔöÇÔöÇÔöÇÔöÇÔöÇÔöÇÔöÇÔöÇÔöÇÔöÇÔöÇÔöÇÔöÇÔöÇÔöÇÔöÇÔöÇÔöÇÔöÇÔöÇÔöÇÔöÇÔöÇÔöÇÔöÇÔöÇÔöÇÔöÇÔöÇÔöÇÔöÇÔöÇÔöÇÔöÇÔöÇÔöÇÔöÇÔöÇÔöÇÔöÇÔöÇÔöÇÔöÇÔöÇÔöÇÔöÇÔöÇÔöÇÔöÇÔöÇÔöÇÔöÇÔöÇÔöÇÔöÇÔöÇÔöÇÔöÇÔöÇÔöÇÔöÇÔöÇÔöÇÔöÇÔöÇÔöÇÔöÇÔöÇÔöÇ[0m
[38;5;12mÔöé 01:00:45.888 (+0:00:00.026099)[0m
[38;5;12mÔö£ÔöäÔöäÔöäÔöäÔöäÔöäÔöäÔöäÔöäÔöäÔöäÔöäÔöäÔöäÔöäÔöäÔöäÔöäÔöäÔöäÔöäÔöäÔöäÔöäÔöäÔöäÔöäÔöäÔöäÔöäÔöäÔöäÔöäÔöäÔöäÔöäÔöäÔöäÔöäÔöäÔöäÔöäÔöäÔöäÔöäÔöäÔöäÔöäÔöäÔöäÔöäÔöäÔöäÔöäÔöäÔöäÔöäÔöäÔöäÔöäÔöäÔöäÔöäÔöäÔöäÔöäÔöäÔöäÔöäÔöäÔöäÔöäÔöäÔöäÔöäÔöäÔöäÔöäÔöä[0m
[38;5;12mÔöé ­ƒÆí [Tag] Message 407[0m
[38;5;12mÔööÔöÇÔöÇÔöÇÔöÇÔöÇÔöÇÔöÇÔöÇÔöÇÔöÇÔöÇÔöÇÔöÇÔöÇÔöÇÔöÇÔöÇÔöÇÔöÇÔöÇÔöÇÔöÇÔöÇÔöÇÔöÇÔöÇÔöÇÔöÇÔöÇÔöÇÔöÇÔöÇÔöÇÔöÇÔöÇÔöÇÔöÇÔöÇÔöÇÔöÇÔöÇÔöÇÔöÇÔöÇÔöÇÔöÇÔöÇÔöÇÔöÇÔöÇÔöÇÔöÇÔöÇÔöÇÔöÇÔöÇÔöÇÔöÇÔöÇÔöÇÔöÇÔöÇÔöÇÔöÇÔöÇÔöÇÔöÇÔöÇÔöÇÔöÇÔöÇÔöÇÔöÇÔöÇÔöÇÔöÇÔöÇÔöÇÔöÇ[0m
[38;5;12mÔöîÔöÇÔöÇÔöÇÔöÇÔöÇÔöÇÔöÇÔöÇÔöÇÔöÇÔöÇÔöÇÔöÇÔöÇÔöÇÔöÇÔöÇÔöÇÔöÇÔöÇÔöÇÔöÇÔöÇÔöÇÔöÇÔöÇÔöÇÔöÇÔöÇÔöÇÔöÇÔöÇÔöÇÔöÇÔöÇÔöÇÔöÇÔöÇÔöÇÔöÇÔöÇÔöÇÔöÇÔöÇÔöÇÔöÇÔöÇÔöÇÔöÇÔöÇÔöÇÔöÇÔöÇÔöÇÔöÇÔöÇÔöÇÔöÇÔöÇÔöÇÔöÇÔöÇÔöÇÔöÇÔöÇÔöÇÔöÇÔöÇÔöÇÔöÇÔöÇÔöÇÔöÇÔöÇÔöÇÔöÇÔöÇÔöÇÔöÇ[0m
[38;5;12mÔöé 01:00:45.888 (+0:00:00.026099)[0m
[38;5;12mÔö£ÔöäÔöäÔöäÔöäÔöäÔöäÔöäÔöäÔöäÔöäÔöäÔöäÔöäÔöäÔöäÔöäÔöäÔöäÔöäÔöäÔöäÔöäÔöäÔöäÔöäÔöäÔöäÔöäÔöäÔöäÔöäÔöäÔöäÔöäÔöäÔöäÔöäÔöäÔöäÔöäÔöäÔöäÔöäÔöäÔöäÔöäÔöäÔöäÔöäÔöäÔöäÔöäÔöäÔöäÔöäÔöäÔöäÔöäÔöäÔöäÔöäÔöäÔöäÔöäÔöäÔöäÔöäÔöäÔöäÔöäÔöäÔöäÔöäÔöäÔöäÔöäÔöäÔöäÔöä[0m
[38;5;12mÔöé ­ƒÆí [Tag] Message 408[0m
[38;5;12mÔööÔöÇÔöÇÔöÇÔöÇÔöÇÔöÇÔöÇÔöÇÔöÇÔöÇÔöÇÔöÇÔöÇÔöÇÔöÇÔöÇÔöÇÔöÇÔöÇÔöÇÔöÇÔöÇÔöÇÔöÇÔöÇÔöÇÔöÇÔöÇÔöÇÔöÇÔöÇÔöÇÔöÇÔöÇÔöÇÔöÇÔöÇÔöÇÔöÇÔöÇÔöÇÔöÇÔöÇÔöÇÔöÇÔöÇÔöÇÔöÇÔöÇÔöÇÔöÇÔöÇÔöÇÔöÇÔöÇÔöÇÔöÇÔöÇÔöÇÔöÇÔöÇÔöÇÔöÇÔöÇÔöÇÔöÇÔöÇÔöÇÔöÇÔöÇÔöÇÔöÇÔöÇÔöÇÔöÇÔöÇÔöÇÔöÇÔöÇ[0m
[38;5;12mÔöîÔöÇÔöÇÔöÇÔöÇÔöÇÔöÇÔöÇÔöÇÔöÇÔöÇÔöÇÔöÇÔöÇÔöÇÔöÇÔöÇÔöÇÔöÇÔöÇÔöÇÔöÇÔöÇÔöÇÔöÇÔöÇÔöÇÔöÇÔöÇÔöÇÔöÇÔöÇÔöÇÔöÇÔöÇÔöÇÔöÇÔöÇÔöÇÔöÇÔöÇÔöÇÔöÇÔöÇÔöÇÔöÇÔöÇÔöÇÔöÇÔöÇÔöÇÔöÇÔöÇÔöÇÔöÇÔöÇÔöÇÔöÇÔöÇÔöÇÔöÇÔöÇÔöÇÔöÇÔöÇÔöÇÔöÇÔöÇÔöÇÔöÇÔöÇÔöÇÔöÇÔöÇÔöÇÔöÇÔöÇÔöÇÔöÇÔöÇ[0m
[38;5;12mÔöé 01:00:45.888 (+0:00:00.026099)[0m
[38;5;12mÔö£ÔöäÔöäÔöäÔöäÔöäÔöäÔöäÔöäÔöäÔöäÔöäÔöäÔöäÔöäÔöäÔöäÔöäÔöäÔöäÔöäÔöäÔöäÔöäÔöäÔöäÔöäÔöäÔöäÔöäÔöäÔöäÔöäÔöäÔöäÔöäÔöäÔöäÔöäÔöäÔöäÔöäÔöäÔöäÔöäÔöäÔöäÔöäÔöäÔöäÔöäÔöäÔöäÔöäÔöäÔöäÔöäÔöäÔöäÔöäÔöäÔöäÔöäÔöäÔöäÔöäÔöäÔöäÔöäÔöäÔöäÔöäÔöäÔöäÔöäÔöäÔöäÔöäÔöäÔöä[0m
[38;5;12mÔöé ­ƒÆí [Tag] Message 409[0m
[38;5;12mÔööÔöÇÔöÇÔöÇÔöÇÔöÇÔöÇÔöÇÔöÇÔöÇÔöÇÔöÇÔöÇÔöÇÔöÇÔöÇÔöÇÔöÇÔöÇÔöÇÔöÇÔöÇÔöÇÔöÇÔöÇÔöÇÔöÇÔöÇÔöÇÔöÇÔöÇÔöÇÔöÇÔöÇÔöÇÔöÇÔöÇÔöÇÔöÇÔöÇÔöÇÔöÇÔöÇÔöÇÔöÇÔöÇÔöÇÔöÇÔöÇÔöÇÔöÇÔöÇÔöÇÔöÇÔöÇÔöÇÔöÇÔöÇÔöÇÔöÇÔöÇÔöÇÔöÇÔöÇÔöÇÔöÇÔöÇÔöÇÔöÇÔöÇÔöÇÔöÇÔöÇÔöÇÔöÇÔöÇÔöÇÔöÇÔöÇÔöÇ[0m
[38;5;12mÔöîÔöÇÔöÇÔöÇÔöÇÔöÇÔöÇÔöÇÔöÇÔöÇÔöÇÔöÇÔöÇÔöÇÔöÇÔöÇÔöÇÔöÇÔöÇÔöÇÔöÇÔöÇÔöÇÔöÇÔöÇÔöÇÔöÇÔöÇÔöÇÔöÇÔöÇÔöÇÔöÇÔöÇÔöÇÔöÇÔöÇÔöÇÔöÇÔöÇÔöÇÔöÇÔöÇÔöÇÔöÇÔöÇÔöÇÔöÇÔöÇÔöÇÔöÇÔöÇÔöÇÔöÇÔöÇÔöÇÔöÇÔöÇÔöÇÔöÇÔöÇÔöÇÔöÇÔöÇÔöÇÔöÇÔöÇÔöÇÔöÇÔöÇÔöÇÔöÇÔöÇÔöÇÔöÇÔöÇÔöÇÔöÇÔöÇÔöÇ[0m
[38;5;12mÔöé 01:00:45.888 (+0:00:00.026099)[0m
[38;5;12mÔö£ÔöäÔöäÔöäÔöäÔöäÔöäÔöäÔöäÔöäÔöäÔöäÔöäÔöäÔöäÔöäÔöäÔöäÔöäÔöäÔöäÔöäÔöäÔöäÔöäÔöäÔöäÔöäÔöäÔöäÔöäÔöäÔöäÔöäÔöäÔöäÔöäÔöäÔöäÔöäÔöäÔöäÔöäÔöäÔöäÔöäÔöäÔöäÔöäÔöäÔöäÔöäÔöäÔöäÔöäÔöäÔöäÔöäÔöäÔöäÔöäÔöäÔöäÔöäÔöäÔöäÔöäÔöäÔöäÔöäÔöäÔöäÔöäÔöäÔöäÔöäÔöäÔöäÔöäÔöä[0m
[38;5;12mÔöé ­ƒÆí [Tag] Message 410[0m
[38;5;12mÔööÔöÇÔöÇÔöÇÔöÇÔöÇÔöÇÔöÇÔöÇÔöÇÔöÇÔöÇÔöÇÔöÇÔöÇÔöÇÔöÇÔöÇÔöÇÔöÇÔöÇÔöÇÔöÇÔöÇÔöÇÔöÇÔöÇÔöÇÔöÇÔöÇÔöÇÔöÇÔöÇÔöÇÔöÇÔöÇÔöÇÔöÇÔöÇÔöÇÔöÇÔöÇÔöÇÔöÇÔöÇÔöÇÔöÇÔöÇÔöÇÔöÇÔöÇÔöÇÔöÇÔöÇÔöÇÔöÇÔöÇÔöÇÔöÇÔöÇÔöÇÔöÇÔöÇÔöÇÔöÇÔöÇÔöÇÔöÇÔöÇÔöÇÔöÇÔöÇÔöÇÔöÇÔöÇÔöÇÔöÇÔöÇÔöÇÔöÇ[0m
[38;5;12mÔöîÔöÇÔöÇÔöÇÔöÇÔöÇÔöÇÔöÇÔöÇÔöÇÔöÇÔöÇÔöÇÔöÇÔöÇÔöÇÔöÇÔöÇÔöÇÔöÇÔöÇÔöÇÔöÇÔöÇÔöÇÔöÇÔöÇÔöÇÔöÇÔöÇÔöÇÔöÇÔöÇÔöÇÔöÇÔöÇÔöÇÔöÇÔöÇÔöÇÔöÇÔöÇÔöÇÔöÇÔöÇÔöÇÔöÇÔöÇÔöÇÔöÇÔöÇÔöÇÔöÇÔöÇÔöÇÔöÇÔöÇÔöÇÔöÇÔöÇÔöÇÔöÇÔöÇÔöÇÔöÇÔöÇÔöÇÔöÇÔöÇÔöÇÔöÇÔöÇÔöÇÔöÇÔöÇÔöÇÔöÇÔöÇÔöÇÔöÇ[0m
[38;5;12mÔöé 01:00:45.888 (+0:00:00.026099)[0m
[38;5;12mÔö£ÔöäÔöäÔöäÔöäÔöäÔöäÔöäÔöäÔöäÔöäÔöäÔöäÔöäÔöäÔöäÔöäÔöäÔöäÔöäÔöäÔöäÔöäÔöäÔöäÔöäÔöäÔöäÔöäÔöäÔöäÔöäÔöäÔöäÔöäÔöäÔöäÔöäÔöäÔöäÔöäÔöäÔöäÔöäÔöäÔöäÔöäÔöäÔöäÔöäÔöäÔöäÔöäÔöäÔöäÔöäÔöäÔöäÔöäÔöäÔöäÔöäÔöäÔöäÔöäÔöäÔöäÔöäÔöäÔöäÔöäÔöäÔöäÔöäÔöäÔöäÔöäÔöäÔöäÔöä[0m
[38;5;12mÔöé ­ƒÆí [Tag] Message 411[0m
[38;5;12mÔööÔöÇÔöÇÔöÇÔöÇÔöÇÔöÇÔöÇÔöÇÔöÇÔöÇÔöÇÔöÇÔöÇÔöÇÔöÇÔöÇÔöÇÔöÇÔöÇÔöÇÔöÇÔöÇÔöÇÔöÇÔöÇÔöÇÔöÇÔöÇÔöÇÔöÇÔöÇÔöÇÔöÇÔöÇÔöÇÔöÇÔöÇÔöÇÔöÇÔöÇÔöÇÔöÇÔöÇÔöÇÔöÇÔöÇÔöÇÔöÇÔöÇÔöÇÔöÇÔöÇÔöÇÔöÇÔöÇÔöÇÔöÇÔöÇÔöÇÔöÇÔöÇÔöÇÔöÇÔöÇÔöÇÔöÇÔöÇÔöÇÔöÇÔöÇÔöÇÔöÇÔöÇÔöÇÔöÇÔöÇÔöÇÔöÇÔöÇ[0m
[38;5;12mÔöîÔöÇÔöÇÔöÇÔöÇÔöÇÔöÇÔöÇÔöÇÔöÇÔöÇÔöÇÔöÇÔöÇÔöÇÔöÇÔöÇÔöÇÔöÇÔöÇÔöÇÔöÇÔöÇÔöÇÔöÇÔöÇÔöÇÔöÇÔöÇÔöÇÔöÇÔöÇÔöÇÔöÇÔöÇÔöÇÔöÇÔöÇÔöÇÔöÇÔöÇÔöÇÔöÇÔöÇÔöÇÔöÇÔöÇÔöÇÔöÇÔöÇÔöÇÔöÇÔöÇÔöÇÔöÇÔöÇÔöÇÔöÇÔöÇÔöÇÔöÇÔöÇÔöÇÔöÇÔöÇÔöÇÔöÇÔöÇÔöÇÔöÇÔöÇÔöÇÔöÇÔöÇÔöÇÔöÇÔöÇÔöÇÔöÇÔöÇ[0m
[38;5;12mÔöé 01:00:45.888 (+0:00:00.026099)[0m
[38;5;12mÔö£ÔöäÔöäÔöäÔöäÔöäÔöäÔöäÔöäÔöäÔöäÔöäÔöäÔöäÔöäÔöäÔöäÔöäÔöäÔöäÔöäÔöäÔöäÔöäÔöäÔöäÔöäÔöäÔöäÔöäÔöäÔöäÔöäÔöäÔöäÔöäÔöäÔöäÔöäÔöäÔöäÔöäÔöäÔöäÔöäÔöäÔöäÔöäÔöäÔöäÔöäÔöäÔöäÔöäÔöäÔöäÔöäÔöäÔöäÔöäÔöäÔöäÔöäÔöäÔöäÔöäÔöäÔöäÔöäÔöäÔöäÔöäÔöäÔöäÔöäÔöäÔöäÔöäÔöäÔöä[0m
[38;5;12mÔöé ­ƒÆí [Tag] Message 412[0m
[38;5;12mÔööÔöÇÔöÇÔöÇÔöÇÔöÇÔöÇÔöÇÔöÇÔöÇÔöÇÔöÇÔöÇÔöÇÔöÇÔöÇÔöÇÔöÇÔöÇÔöÇÔöÇÔöÇÔöÇÔöÇÔöÇÔöÇÔöÇÔöÇÔöÇÔöÇÔöÇÔöÇÔöÇÔöÇÔöÇÔöÇÔöÇÔöÇÔöÇÔöÇÔöÇÔöÇÔöÇÔöÇÔöÇÔöÇÔöÇÔöÇÔöÇÔöÇÔöÇÔöÇÔöÇÔöÇÔöÇÔöÇÔöÇÔöÇÔöÇÔöÇÔöÇÔöÇÔöÇÔöÇÔöÇÔöÇÔöÇÔöÇÔöÇÔöÇÔöÇÔöÇÔöÇÔöÇÔöÇÔöÇÔöÇÔöÇÔöÇÔöÇ[0m
[38;5;12mÔöîÔöÇÔöÇÔöÇÔöÇÔöÇÔöÇÔöÇÔöÇÔöÇÔöÇÔöÇÔöÇÔöÇÔöÇÔöÇÔöÇÔöÇÔöÇÔöÇÔöÇÔöÇÔöÇÔöÇÔöÇÔöÇÔöÇÔöÇÔöÇÔöÇÔöÇÔöÇÔöÇÔöÇÔöÇÔöÇÔöÇÔöÇÔöÇÔöÇÔöÇÔöÇÔöÇÔöÇÔöÇÔöÇÔöÇÔöÇÔöÇÔöÇÔöÇÔöÇÔöÇÔöÇÔöÇÔöÇÔöÇÔöÇÔöÇÔöÇÔöÇÔöÇÔöÇÔöÇÔöÇÔöÇÔöÇÔöÇÔöÇÔöÇÔöÇÔöÇÔöÇÔöÇÔöÇÔöÇÔöÇÔöÇÔöÇÔöÇ[0m
[38;5;12mÔöé 01:00:45.888 (+0:00:00.026099)[0m
[38;5;12mÔö£ÔöäÔöäÔöäÔöäÔöäÔöäÔöäÔöäÔöäÔöäÔöäÔöäÔöäÔöäÔöäÔöäÔöäÔöäÔöäÔöäÔöäÔöäÔöäÔöäÔöäÔöäÔöäÔöäÔöäÔöäÔöäÔöäÔöäÔöäÔöäÔöäÔöäÔöäÔöäÔöäÔöäÔöäÔöäÔöäÔöäÔöäÔöäÔöäÔöäÔöäÔöäÔöäÔöäÔöäÔöäÔöäÔöäÔöäÔöäÔöäÔöäÔöäÔöäÔöäÔöäÔöäÔöäÔöäÔöäÔöäÔöäÔöäÔöäÔöäÔöäÔöäÔöäÔöäÔöä[0m
[38;5;12mÔöé ­ƒÆí [Tag] Message 413[0m
[38;5;12mÔööÔöÇÔöÇÔöÇÔöÇÔöÇÔöÇÔöÇÔöÇÔöÇÔöÇÔöÇÔöÇÔöÇÔöÇÔöÇÔöÇÔöÇÔöÇÔöÇÔöÇÔöÇÔöÇÔöÇÔöÇÔöÇÔöÇÔöÇÔöÇÔöÇÔöÇÔöÇÔöÇÔöÇÔöÇÔöÇÔöÇÔöÇÔöÇÔöÇÔöÇÔöÇÔöÇÔöÇÔöÇÔöÇÔöÇÔöÇÔöÇÔöÇÔöÇÔöÇÔöÇÔöÇÔöÇÔöÇÔöÇÔöÇÔöÇÔöÇÔöÇÔöÇÔöÇÔöÇÔöÇÔöÇÔöÇÔöÇÔöÇÔöÇÔöÇÔöÇÔöÇÔöÇÔöÇÔöÇÔöÇÔöÇÔöÇÔöÇ[0m
[38;5;12mÔöîÔöÇÔöÇÔöÇÔöÇÔöÇÔöÇÔöÇÔöÇÔöÇÔöÇÔöÇÔöÇÔöÇÔöÇÔöÇÔöÇÔöÇÔöÇÔöÇÔöÇÔöÇÔöÇÔöÇÔöÇÔöÇÔöÇÔöÇÔöÇÔöÇÔöÇÔöÇÔöÇÔöÇÔöÇÔöÇÔöÇÔöÇÔöÇÔöÇÔöÇÔöÇÔöÇÔöÇÔöÇÔöÇÔöÇÔöÇÔöÇÔöÇÔöÇÔöÇÔöÇÔöÇÔöÇÔöÇÔöÇÔöÇÔöÇÔöÇÔöÇÔöÇÔöÇÔöÇÔöÇÔöÇÔöÇÔöÇÔöÇÔöÇÔöÇÔöÇÔöÇÔöÇÔöÇÔöÇÔöÇÔöÇÔöÇÔöÇ[0m
[38;5;12mÔöé 01:00:45.888 (+0:00:00.026099)[0m
[38;5;12mÔö£ÔöäÔöäÔöäÔöäÔöäÔöäÔöäÔöäÔöäÔöäÔöäÔöäÔöäÔöäÔöäÔöäÔöäÔöäÔöäÔöäÔöäÔöäÔöäÔöäÔöäÔöäÔöäÔöäÔöäÔöäÔöäÔöäÔöäÔöäÔöäÔöäÔöäÔöäÔöäÔöäÔöäÔöäÔöäÔöäÔöäÔöäÔöäÔöäÔöäÔöäÔöäÔöäÔöäÔöäÔöäÔöäÔöäÔöäÔöäÔöäÔöäÔöäÔöäÔöäÔöäÔöäÔöäÔöäÔöäÔöäÔöäÔöäÔöäÔöäÔöäÔöäÔöäÔöäÔöä[0m
[38;5;12mÔöé ­ƒÆí [Tag] Message 414[0m
[38;5;12mÔööÔöÇÔöÇÔöÇÔöÇÔöÇÔöÇÔöÇÔöÇÔöÇÔöÇÔöÇÔöÇÔöÇÔöÇÔöÇÔöÇÔöÇÔöÇÔöÇÔöÇÔöÇÔöÇÔöÇÔöÇÔöÇÔöÇÔöÇÔöÇÔöÇÔöÇÔöÇÔöÇÔöÇÔöÇÔöÇÔöÇÔöÇÔöÇÔöÇÔöÇÔöÇÔöÇÔöÇÔöÇÔöÇÔöÇÔöÇÔöÇÔöÇÔöÇÔöÇÔöÇÔöÇÔöÇÔöÇÔöÇÔöÇÔöÇÔöÇÔöÇÔöÇÔöÇÔöÇÔöÇÔöÇÔöÇÔöÇÔöÇÔöÇÔöÇÔöÇÔöÇÔöÇÔöÇÔöÇÔöÇÔöÇÔöÇÔöÇ[0m
[38;5;12mÔöîÔöÇÔöÇÔöÇÔöÇÔöÇÔöÇÔöÇÔöÇÔöÇÔöÇÔöÇÔöÇÔöÇÔöÇÔöÇÔöÇÔöÇÔöÇÔöÇÔöÇÔöÇÔöÇÔöÇÔöÇÔöÇÔöÇÔöÇÔöÇÔöÇÔöÇÔöÇÔöÇÔöÇÔöÇÔöÇÔöÇÔöÇÔöÇÔöÇÔöÇÔöÇÔöÇÔöÇÔöÇÔöÇÔöÇÔöÇÔöÇÔöÇÔöÇÔöÇÔöÇÔöÇÔöÇÔöÇÔöÇÔöÇÔöÇÔöÇÔöÇÔöÇÔöÇÔöÇÔöÇÔöÇÔöÇÔöÇÔöÇÔöÇÔöÇÔöÇÔöÇÔöÇÔöÇÔöÇÔöÇÔöÇÔöÇÔöÇ[0m
[38;5;12mÔöé 01:00:45.888 (+0:00:00.026099)[0m
[38;5;12mÔö£ÔöäÔöäÔöäÔöäÔöäÔöäÔöäÔöäÔöäÔöäÔöäÔöäÔöäÔöäÔöäÔöäÔöäÔöäÔöäÔöäÔöäÔöäÔöäÔöäÔöäÔöäÔöäÔöäÔöäÔöäÔöäÔöäÔöäÔöäÔöäÔöäÔöäÔöäÔöäÔöäÔöäÔöäÔöäÔöäÔöäÔöäÔöäÔöäÔöäÔöäÔöäÔöäÔöäÔöäÔöäÔöäÔöäÔöäÔöäÔöäÔöäÔöäÔöäÔöäÔöäÔöäÔöäÔöäÔöäÔöäÔöäÔöäÔöäÔöäÔöäÔöäÔöäÔöäÔöä[0m
[38;5;12mÔöé ­ƒÆí [Tag] Message 415[0m
[38;5;12mÔööÔöÇÔöÇÔöÇÔöÇÔöÇÔöÇÔöÇÔöÇÔöÇÔöÇÔöÇÔöÇÔöÇÔöÇÔöÇÔöÇÔöÇÔöÇÔöÇÔöÇÔöÇÔöÇÔöÇÔöÇÔöÇÔöÇÔöÇÔöÇÔöÇÔöÇÔöÇÔöÇÔöÇÔöÇÔöÇÔöÇÔöÇÔöÇÔöÇÔöÇÔöÇÔöÇÔöÇÔöÇÔöÇÔöÇÔöÇÔöÇÔöÇÔöÇÔöÇÔöÇÔöÇÔöÇÔöÇÔöÇÔöÇÔöÇÔöÇÔöÇÔöÇÔöÇÔöÇÔöÇÔöÇÔöÇÔöÇÔöÇÔöÇÔöÇÔöÇÔöÇÔöÇÔöÇÔöÇÔöÇÔöÇÔöÇÔöÇ[0m
[38;5;12mÔöîÔöÇÔöÇÔöÇÔöÇÔöÇÔöÇÔöÇÔöÇÔöÇÔöÇÔöÇÔöÇÔöÇÔöÇÔöÇÔöÇÔöÇÔöÇÔöÇÔöÇÔöÇÔöÇÔöÇÔöÇÔöÇÔöÇÔöÇÔöÇÔöÇÔöÇÔöÇÔöÇÔöÇÔöÇÔöÇÔöÇÔöÇÔöÇÔöÇÔöÇÔöÇÔöÇÔöÇÔöÇÔöÇÔöÇÔöÇÔöÇÔöÇÔöÇÔöÇÔöÇÔöÇÔöÇÔöÇÔöÇÔöÇÔöÇÔöÇÔöÇÔöÇÔöÇÔöÇÔöÇÔöÇÔöÇÔöÇÔöÇÔöÇÔöÇÔöÇÔöÇÔöÇÔöÇÔöÇÔöÇÔöÇÔöÇÔöÇ[0m
[38;5;12mÔöé 01:00:45.888 (+0:00:00.026099)[0m
[38;5;12mÔö£ÔöäÔöäÔöäÔöäÔöäÔöäÔöäÔöäÔöäÔöäÔöäÔöäÔöäÔöäÔöäÔöäÔöäÔöäÔöäÔöäÔöäÔöäÔöäÔöäÔöäÔöäÔöäÔöäÔöäÔöäÔöäÔöäÔöäÔöäÔöäÔöäÔöäÔöäÔöäÔöäÔöäÔöäÔöäÔöäÔöäÔöäÔöäÔöäÔöäÔöäÔöäÔöäÔöäÔöäÔöäÔöäÔöäÔöäÔöäÔöäÔöäÔöäÔöäÔöäÔöäÔöäÔöäÔöäÔöäÔöäÔöäÔöäÔöäÔöäÔöäÔöäÔöäÔöäÔöä[0m
[38;5;12mÔöé ­ƒÆí [Tag] Message 416[0m
[38;5;12mÔööÔöÇÔöÇÔöÇÔöÇÔöÇÔöÇÔöÇÔöÇÔöÇÔöÇÔöÇÔöÇÔöÇÔöÇÔöÇÔöÇÔöÇÔöÇÔöÇÔöÇÔöÇÔöÇÔöÇÔöÇÔöÇÔöÇÔöÇÔöÇÔöÇÔöÇÔöÇÔöÇÔöÇÔöÇÔöÇÔöÇÔöÇÔöÇÔöÇÔöÇÔöÇÔöÇÔöÇÔöÇÔöÇÔöÇÔöÇÔöÇÔöÇÔöÇÔöÇÔöÇÔöÇÔöÇÔöÇÔöÇÔöÇÔöÇÔöÇÔöÇÔöÇÔöÇÔöÇÔöÇÔöÇÔöÇÔöÇÔöÇÔöÇÔöÇÔöÇÔöÇÔöÇÔöÇÔöÇÔöÇÔöÇÔöÇÔöÇ[0m
[38;5;12mÔöîÔöÇÔöÇÔöÇÔöÇÔöÇÔöÇÔöÇÔöÇÔöÇÔöÇÔöÇÔöÇÔöÇÔöÇÔöÇÔöÇÔöÇÔöÇÔöÇÔöÇÔöÇÔöÇÔöÇÔöÇÔöÇÔöÇÔöÇÔöÇÔöÇÔöÇÔöÇÔöÇÔöÇÔöÇÔöÇÔöÇÔöÇÔöÇÔöÇÔöÇÔöÇÔöÇÔöÇÔöÇÔöÇÔöÇÔöÇÔöÇÔöÇÔöÇÔöÇÔöÇÔöÇÔöÇÔöÇÔöÇÔöÇÔöÇÔöÇÔöÇÔöÇÔöÇÔöÇÔöÇÔöÇÔöÇÔöÇÔöÇÔöÇÔöÇÔöÇÔöÇÔöÇÔöÇÔöÇÔöÇÔöÇÔöÇÔöÇ[0m
[38;5;12mÔöé 01:00:45.888 (+0:00:00.026099)[0m
[38;5;12mÔö£ÔöäÔöäÔöäÔöäÔöäÔöäÔöäÔöäÔöäÔöäÔöäÔöäÔöäÔöäÔöäÔöäÔöäÔöäÔöäÔöäÔöäÔöäÔöäÔöäÔöäÔöäÔöäÔöäÔöäÔöäÔöäÔöäÔöäÔöäÔöäÔöäÔöäÔöäÔöäÔöäÔöäÔöäÔöäÔöäÔöäÔöäÔöäÔöäÔöäÔöäÔöäÔöäÔöäÔöäÔöäÔöäÔöäÔöäÔöäÔöäÔöäÔöäÔöäÔöäÔöäÔöäÔöäÔöäÔöäÔöäÔöäÔöäÔöäÔöäÔöäÔöäÔöäÔöäÔöä[0m
[38;5;12mÔöé ­ƒÆí [Tag] Message 417[0m
[38;5;12mÔööÔöÇÔöÇÔöÇÔöÇÔöÇÔöÇÔöÇÔöÇÔöÇÔöÇÔöÇÔöÇÔöÇÔöÇÔöÇÔöÇÔöÇÔöÇÔöÇÔöÇÔöÇÔöÇÔöÇÔöÇÔöÇÔöÇÔöÇÔöÇÔöÇÔöÇÔöÇÔöÇÔöÇÔöÇÔöÇÔöÇÔöÇÔöÇÔöÇÔöÇÔöÇÔöÇÔöÇÔöÇÔöÇÔöÇÔöÇÔöÇÔöÇÔöÇÔöÇÔöÇÔöÇÔöÇÔöÇÔöÇÔöÇÔöÇÔöÇÔöÇÔöÇÔöÇÔöÇÔöÇÔöÇÔöÇÔöÇÔöÇÔöÇÔöÇÔöÇÔöÇÔöÇÔöÇÔöÇÔöÇÔöÇÔöÇÔöÇ[0m
[38;5;12mÔöîÔöÇÔöÇÔöÇÔöÇÔöÇÔöÇÔöÇÔöÇÔöÇÔöÇÔöÇÔöÇÔöÇÔöÇÔöÇÔöÇÔöÇÔöÇÔöÇÔöÇÔöÇÔöÇÔöÇÔöÇÔöÇÔöÇÔöÇÔöÇÔöÇÔöÇÔöÇÔöÇÔöÇÔöÇÔöÇÔöÇÔöÇÔöÇÔöÇÔöÇÔöÇÔöÇÔöÇÔöÇÔöÇÔöÇÔöÇÔöÇÔöÇÔöÇÔöÇÔöÇÔöÇÔöÇÔöÇÔöÇÔöÇÔöÇÔöÇÔöÇÔöÇÔöÇÔöÇÔöÇÔöÇÔöÇÔöÇÔöÇÔöÇÔöÇÔöÇÔöÇÔöÇÔöÇÔöÇÔöÇÔöÇÔöÇÔöÇ[0m
[38;5;12mÔöé 01:00:45.888 (+0:00:00.026099)[0m
[38;5;12mÔö£ÔöäÔöäÔöäÔöäÔöäÔöäÔöäÔöäÔöäÔöäÔöäÔöäÔöäÔöäÔöäÔöäÔöäÔöäÔöäÔöäÔöäÔöäÔöäÔöäÔöäÔöäÔöäÔöäÔöäÔöäÔöäÔöäÔöäÔöäÔöäÔöäÔöäÔöäÔöäÔöäÔöäÔöäÔöäÔöäÔöäÔöäÔöäÔöäÔöäÔöäÔöäÔöäÔöäÔöäÔöäÔöäÔöäÔöäÔöäÔöäÔöäÔöäÔöäÔöäÔöäÔöäÔöäÔöäÔöäÔöäÔöäÔöäÔöäÔöäÔöäÔöäÔöäÔöäÔöä[0m
[38;5;12mÔöé ­ƒÆí [Tag] Message 418[0m
[38;5;12mÔööÔöÇÔöÇÔöÇÔöÇÔöÇÔöÇÔöÇÔöÇÔöÇÔöÇÔöÇÔöÇÔöÇÔöÇÔöÇÔöÇÔöÇÔöÇÔöÇÔöÇÔöÇÔöÇÔöÇÔöÇÔöÇÔöÇÔöÇÔöÇÔöÇÔöÇÔöÇÔöÇÔöÇÔöÇÔöÇÔöÇÔöÇÔöÇÔöÇÔöÇÔöÇÔöÇÔöÇÔöÇÔöÇÔöÇÔöÇÔöÇÔöÇÔöÇÔöÇÔöÇÔöÇÔöÇÔöÇÔöÇÔöÇÔöÇÔöÇÔöÇÔöÇÔöÇÔöÇÔöÇÔöÇÔöÇÔöÇÔöÇÔöÇÔöÇÔöÇÔöÇÔöÇÔöÇÔöÇÔöÇÔöÇÔöÇÔöÇ[0m
[38;5;12mÔöîÔöÇÔöÇÔöÇÔöÇÔöÇÔöÇÔöÇÔöÇÔöÇÔöÇÔöÇÔöÇÔöÇÔöÇÔöÇÔöÇÔöÇÔöÇÔöÇÔöÇÔöÇÔöÇÔöÇÔöÇÔöÇÔöÇÔöÇÔöÇÔöÇÔöÇÔöÇÔöÇÔöÇÔöÇÔöÇÔöÇÔöÇÔöÇÔöÇÔöÇÔöÇÔöÇÔöÇÔöÇÔöÇÔöÇÔöÇÔöÇÔöÇÔöÇÔöÇÔöÇÔöÇÔöÇÔöÇÔöÇÔöÇÔöÇÔöÇÔöÇÔöÇÔöÇÔöÇÔöÇÔöÇÔöÇÔöÇÔöÇÔöÇÔöÇÔöÇÔöÇÔöÇÔöÇÔöÇÔöÇÔöÇÔöÇÔöÇ[0m
[38;5;12mÔöé 01:00:45.888 (+0:00:00.026099)[0m
[38;5;12mÔö£ÔöäÔöäÔöäÔöäÔöäÔöäÔöäÔöäÔöäÔöäÔöäÔöäÔöäÔöäÔöäÔöäÔöäÔöäÔöäÔöäÔöäÔöäÔöäÔöäÔöäÔöäÔöäÔöäÔöäÔöäÔöäÔöäÔöäÔöäÔöäÔöäÔöäÔöäÔöäÔöäÔöäÔöäÔöäÔöäÔöäÔöäÔöäÔöäÔöäÔöäÔöäÔöäÔöäÔöäÔöäÔöäÔöäÔöäÔöäÔöäÔöäÔöäÔöäÔöäÔöäÔöäÔöäÔöäÔöäÔöäÔöäÔöäÔöäÔöäÔöäÔöäÔöäÔöäÔöä[0m
[38;5;12mÔöé ­ƒÆí [Tag] Message 419[0m
[38;5;12mÔööÔöÇÔöÇÔöÇÔöÇÔöÇÔöÇÔöÇÔöÇÔöÇÔöÇÔöÇÔöÇÔöÇÔöÇÔöÇÔöÇÔöÇÔöÇÔöÇÔöÇÔöÇÔöÇÔöÇÔöÇÔöÇÔöÇÔöÇÔöÇÔöÇÔöÇÔöÇÔöÇÔöÇÔöÇÔöÇÔöÇÔöÇÔöÇÔöÇÔöÇÔöÇÔöÇÔöÇÔöÇÔöÇÔöÇÔöÇÔöÇÔöÇÔöÇÔöÇÔöÇÔöÇÔöÇÔöÇÔöÇÔöÇÔöÇÔöÇÔöÇÔöÇÔöÇÔöÇÔöÇÔöÇÔöÇÔöÇÔöÇÔöÇÔöÇÔöÇÔöÇÔöÇÔöÇÔöÇÔöÇÔöÇÔöÇÔöÇ[0m
[38;5;12mÔöîÔöÇÔöÇÔöÇÔöÇÔöÇÔöÇÔöÇÔöÇÔöÇÔöÇÔöÇÔöÇÔöÇÔöÇÔöÇÔöÇÔöÇÔöÇÔöÇÔöÇÔöÇÔöÇÔöÇÔöÇÔöÇÔöÇÔöÇÔöÇÔöÇÔöÇÔöÇÔöÇÔöÇÔöÇÔöÇÔöÇÔöÇÔöÇÔöÇÔöÇÔöÇÔöÇÔöÇÔöÇÔöÇÔöÇÔöÇÔöÇÔöÇÔöÇÔöÇÔöÇÔöÇÔöÇÔöÇÔöÇÔöÇÔöÇÔöÇÔöÇÔöÇÔöÇÔöÇÔöÇÔöÇÔöÇÔöÇÔöÇÔöÇÔöÇÔöÇÔöÇÔöÇÔöÇÔöÇÔöÇÔöÇÔöÇÔöÇ[0m
[38;5;12mÔöé 01:00:45.888 (+0:00:00.026099)[0m
[38;5;12mÔö£ÔöäÔöäÔöäÔöäÔöäÔöäÔöäÔöäÔöäÔöäÔöäÔöäÔöäÔöäÔöäÔöäÔöäÔöäÔöäÔöäÔöäÔöäÔöäÔöäÔöäÔöäÔöäÔöäÔöäÔöäÔöäÔöäÔöäÔöäÔöäÔöäÔöäÔöäÔöäÔöäÔöäÔöäÔöäÔöäÔöäÔöäÔöäÔöäÔöäÔöäÔöäÔöäÔöäÔöäÔöäÔöäÔöäÔöäÔöäÔöäÔöäÔöäÔöäÔöäÔöäÔöäÔöäÔöäÔöäÔöäÔöäÔöäÔöäÔöäÔöäÔöäÔöäÔöäÔöä[0m
[38;5;12mÔöé ­ƒÆí [Tag] Message 420[0m
[38;5;12mÔööÔöÇÔöÇÔöÇÔöÇÔöÇÔöÇÔöÇÔöÇÔöÇÔöÇÔöÇÔöÇÔöÇÔöÇÔöÇÔöÇÔöÇÔöÇÔöÇÔöÇÔöÇÔöÇÔöÇÔöÇÔöÇÔöÇÔöÇÔöÇÔöÇÔöÇÔöÇÔöÇÔöÇÔöÇÔöÇÔöÇÔöÇÔöÇÔöÇÔöÇÔöÇÔöÇÔöÇÔöÇÔöÇÔöÇÔöÇÔöÇÔöÇÔöÇÔöÇÔöÇÔöÇÔöÇÔöÇÔöÇÔöÇÔöÇÔöÇÔöÇÔöÇÔöÇÔöÇÔöÇÔöÇÔöÇÔöÇÔöÇÔöÇÔöÇÔöÇÔöÇÔöÇÔöÇÔöÇÔöÇÔöÇÔöÇÔöÇ[0m
[38;5;12mÔöîÔöÇÔöÇÔöÇÔöÇÔöÇÔöÇÔöÇÔöÇÔöÇÔöÇÔöÇÔöÇÔöÇÔöÇÔöÇÔöÇÔöÇÔöÇÔöÇÔöÇÔöÇÔöÇÔöÇÔöÇÔöÇÔöÇÔöÇÔöÇÔöÇÔöÇÔöÇÔöÇÔöÇÔöÇÔöÇÔöÇÔöÇÔöÇÔöÇÔöÇÔöÇÔöÇÔöÇÔöÇÔöÇÔöÇÔöÇÔöÇÔöÇÔöÇÔöÇÔöÇÔöÇÔöÇÔöÇÔöÇÔöÇÔöÇÔöÇÔöÇÔöÇÔöÇÔöÇÔöÇÔöÇÔöÇÔöÇÔöÇÔöÇÔöÇÔöÇÔöÇÔöÇÔöÇÔöÇÔöÇÔöÇÔöÇÔöÇ[0m
[38;5;12mÔöé 01:00:45.888 (+0:00:00.026099)[0m
[38;5;12mÔö£ÔöäÔöäÔöäÔöäÔöäÔöäÔöäÔöäÔöäÔöäÔöäÔöäÔöäÔöäÔöäÔöäÔöäÔöäÔöäÔöäÔöäÔöäÔöäÔöäÔöäÔöäÔöäÔöäÔöäÔöäÔöäÔöäÔöäÔöäÔöäÔöäÔöäÔöäÔöäÔöäÔöäÔöäÔöäÔöäÔöäÔöäÔöäÔöäÔöäÔöäÔöäÔöäÔöäÔöäÔöäÔöäÔöäÔöäÔöäÔöäÔöäÔöäÔöäÔöäÔöäÔöäÔöäÔöäÔöäÔöäÔöäÔöäÔöäÔöäÔöäÔöäÔöäÔöäÔöä[0m
[38;5;12mÔöé ­ƒÆí [Tag] Message 421[0m
[38;5;12mÔööÔöÇÔöÇÔöÇÔöÇÔöÇÔöÇÔöÇÔöÇÔöÇÔöÇÔöÇÔöÇÔöÇÔöÇÔöÇÔöÇÔöÇÔöÇÔöÇÔöÇÔöÇÔöÇÔöÇÔöÇÔöÇÔöÇÔöÇÔöÇÔöÇÔöÇÔöÇÔöÇÔöÇÔöÇÔöÇÔöÇÔöÇÔöÇÔöÇÔöÇÔöÇÔöÇÔöÇÔöÇÔöÇÔöÇÔöÇÔöÇÔöÇÔöÇÔöÇÔöÇÔöÇÔöÇÔöÇÔöÇÔöÇÔöÇÔöÇÔöÇÔöÇÔöÇÔöÇÔöÇÔöÇÔöÇÔöÇÔöÇÔöÇÔöÇÔöÇÔöÇÔöÇÔöÇÔöÇÔöÇÔöÇÔöÇÔöÇ[0m
[38;5;12mÔöîÔöÇÔöÇÔöÇÔöÇÔöÇÔöÇÔöÇÔöÇÔöÇÔöÇÔöÇÔöÇÔöÇÔöÇÔöÇÔöÇÔöÇÔöÇÔöÇÔöÇÔöÇÔöÇÔöÇÔöÇÔöÇÔöÇÔöÇÔöÇÔöÇÔöÇÔöÇÔöÇÔöÇÔöÇÔöÇÔöÇÔöÇÔöÇÔöÇÔöÇÔöÇÔöÇÔöÇÔöÇÔöÇÔöÇÔöÇÔöÇÔöÇÔöÇÔöÇÔöÇÔöÇÔöÇÔöÇÔöÇÔöÇÔöÇÔöÇÔöÇÔöÇÔöÇÔöÇÔöÇÔöÇÔöÇÔöÇÔöÇÔöÇÔöÇÔöÇÔöÇÔöÇÔöÇÔöÇÔöÇÔöÇÔöÇÔöÇ[0m
[38;5;12mÔöé 01:00:45.888 (+0:00:00.026099)[0m
[38;5;12mÔö£ÔöäÔöäÔöäÔöäÔöäÔöäÔöäÔöäÔöäÔöäÔöäÔöäÔöäÔöäÔöäÔöäÔöäÔöäÔöäÔöäÔöäÔöäÔöäÔöäÔöäÔöäÔöäÔöäÔöäÔöäÔöäÔöäÔöäÔöäÔöäÔöäÔöäÔöäÔöäÔöäÔöäÔöäÔöäÔöäÔöäÔöäÔöäÔöäÔöäÔöäÔöäÔöäÔöäÔöäÔöäÔöäÔöäÔöäÔöäÔöäÔöäÔöäÔöäÔöäÔöäÔöäÔöäÔöäÔöäÔöäÔöäÔöäÔöäÔöäÔöäÔöäÔöäÔöäÔöä[0m
[38;5;12mÔöé ­ƒÆí [Tag] Message 422[0m
[38;5;12mÔööÔöÇÔöÇÔöÇÔöÇÔöÇÔöÇÔöÇÔöÇÔöÇÔöÇÔöÇÔöÇÔöÇÔöÇÔöÇÔöÇÔöÇÔöÇÔöÇÔöÇÔöÇÔöÇÔöÇÔöÇÔöÇÔöÇÔöÇÔöÇÔöÇÔöÇÔöÇÔöÇÔöÇÔöÇÔöÇÔöÇÔöÇÔöÇÔöÇÔöÇÔöÇÔöÇÔöÇÔöÇÔöÇÔöÇÔöÇÔöÇÔöÇÔöÇÔöÇÔöÇÔöÇÔöÇÔöÇÔöÇÔöÇÔöÇÔöÇÔöÇÔöÇÔöÇÔöÇÔöÇÔöÇÔöÇÔöÇÔöÇÔöÇÔöÇÔöÇÔöÇÔöÇÔöÇÔöÇÔöÇÔöÇÔöÇÔöÇ[0m
[38;5;12mÔöîÔöÇÔöÇÔöÇÔöÇÔöÇÔöÇÔöÇÔöÇÔöÇÔöÇÔöÇÔöÇÔöÇÔöÇÔöÇÔöÇÔöÇÔöÇÔöÇÔöÇÔöÇÔöÇÔöÇÔöÇÔöÇÔöÇÔöÇÔöÇÔöÇÔöÇÔöÇÔöÇÔöÇÔöÇÔöÇÔöÇÔöÇÔöÇÔöÇÔöÇÔöÇÔöÇÔöÇÔöÇÔöÇÔöÇÔöÇÔöÇÔöÇÔöÇÔöÇÔöÇÔöÇÔöÇÔöÇÔöÇÔöÇÔöÇÔöÇÔöÇÔöÇÔöÇÔöÇÔöÇÔöÇÔöÇÔöÇÔöÇÔöÇÔöÇÔöÇÔöÇÔöÇÔöÇÔöÇÔöÇÔöÇÔöÇÔöÇ[0m
[38;5;12mÔöé 01:00:45.888 (+0:00:00.026099)[0m
[38;5;12mÔö£ÔöäÔöäÔöäÔöäÔöäÔöäÔöäÔöäÔöäÔöäÔöäÔöäÔöäÔöäÔöäÔöäÔöäÔöäÔöäÔöäÔöäÔöäÔöäÔöäÔöäÔöäÔöäÔöäÔöäÔöäÔöäÔöäÔöäÔöäÔöäÔöäÔöäÔöäÔöäÔöäÔöäÔöäÔöäÔöäÔöäÔöäÔöäÔöäÔöäÔöäÔöäÔöäÔöäÔöäÔöäÔöäÔöäÔöäÔöäÔöäÔöäÔöäÔöäÔöäÔöäÔöäÔöäÔöäÔöäÔöäÔöäÔöäÔöäÔöäÔöäÔöäÔöäÔöäÔöä[0m
[38;5;12mÔöé ­ƒÆí [Tag] Message 423[0m
[38;5;12mÔööÔöÇÔöÇÔöÇÔöÇÔöÇÔöÇÔöÇÔöÇÔöÇÔöÇÔöÇÔöÇÔöÇÔöÇÔöÇÔöÇÔöÇÔöÇÔöÇÔöÇÔöÇÔöÇÔöÇÔöÇÔöÇÔöÇÔöÇÔöÇÔöÇÔöÇÔöÇÔöÇÔöÇÔöÇÔöÇÔöÇÔöÇÔöÇÔöÇÔöÇÔöÇÔöÇÔöÇÔöÇÔöÇÔöÇÔöÇÔöÇÔöÇÔöÇÔöÇÔöÇÔöÇÔöÇÔöÇÔöÇÔöÇÔöÇÔöÇÔöÇÔöÇÔöÇÔöÇÔöÇÔöÇÔöÇÔöÇÔöÇÔöÇÔöÇÔöÇÔöÇÔöÇÔöÇÔöÇÔöÇÔöÇÔöÇÔöÇ[0m
[38;5;12mÔöîÔöÇÔöÇÔöÇÔöÇÔöÇÔöÇÔöÇÔöÇÔöÇÔöÇÔöÇÔöÇÔöÇÔöÇÔöÇÔöÇÔöÇÔöÇÔöÇÔöÇÔöÇÔöÇÔöÇÔöÇÔöÇÔöÇÔöÇÔöÇÔöÇÔöÇÔöÇÔöÇÔöÇÔöÇÔöÇÔöÇÔöÇÔöÇÔöÇÔöÇÔöÇÔöÇÔöÇÔöÇÔöÇÔöÇÔöÇÔöÇÔöÇÔöÇÔöÇÔöÇÔöÇÔöÇÔöÇÔöÇÔöÇÔöÇÔöÇÔöÇÔöÇÔöÇÔöÇÔöÇÔöÇÔöÇÔöÇÔöÇÔöÇÔöÇÔöÇÔöÇÔöÇÔöÇÔöÇÔöÇÔöÇÔöÇÔöÇ[0m
[38;5;12mÔöé 01:00:45.888 (+0:00:00.026099)[0m
[38;5;12mÔö£ÔöäÔöäÔöäÔöäÔöäÔöäÔöäÔöäÔöäÔöäÔöäÔöäÔöäÔöäÔöäÔöäÔöäÔöäÔöäÔöäÔöäÔöäÔöäÔöäÔöäÔöäÔöäÔöäÔöäÔöäÔöäÔöäÔöäÔöäÔöäÔöäÔöäÔöäÔöäÔöäÔöäÔöäÔöäÔöäÔöäÔöäÔöäÔöäÔöäÔöäÔöäÔöäÔöäÔöäÔöäÔöäÔöäÔöäÔöäÔöäÔöäÔöäÔöäÔöäÔöäÔöäÔöäÔöäÔöäÔöäÔöäÔöäÔöäÔöäÔöäÔöäÔöäÔöäÔöä[0m
[38;5;12mÔöé ­ƒÆí [Tag] Message 424[0m
[38;5;12mÔööÔöÇÔöÇÔöÇÔöÇÔöÇÔöÇÔöÇÔöÇÔöÇÔöÇÔöÇÔöÇÔöÇÔöÇÔöÇÔöÇÔöÇÔöÇÔöÇÔöÇÔöÇÔöÇÔöÇÔöÇÔöÇÔöÇÔöÇÔöÇÔöÇÔöÇÔöÇÔöÇÔöÇÔöÇÔöÇÔöÇÔöÇÔöÇÔöÇÔöÇÔöÇÔöÇÔöÇÔöÇÔöÇÔöÇÔöÇÔöÇÔöÇÔöÇÔöÇÔöÇÔöÇÔöÇÔöÇÔöÇÔöÇÔöÇÔöÇÔöÇÔöÇÔöÇÔöÇÔöÇÔöÇÔöÇÔöÇÔöÇÔöÇÔöÇÔöÇÔöÇÔöÇÔöÇÔöÇÔöÇÔöÇÔöÇÔöÇ[0m
[38;5;12mÔöîÔöÇÔöÇÔöÇÔöÇÔöÇÔöÇÔöÇÔöÇÔöÇÔöÇÔöÇÔöÇÔöÇÔöÇÔöÇÔöÇÔöÇÔöÇÔöÇÔöÇÔöÇÔöÇÔöÇÔöÇÔöÇÔöÇÔöÇÔöÇÔöÇÔöÇÔöÇÔöÇÔöÇÔöÇÔöÇÔöÇÔöÇÔöÇÔöÇÔöÇÔöÇÔöÇÔöÇÔöÇÔöÇÔöÇÔöÇÔöÇÔöÇÔöÇÔöÇÔöÇÔöÇÔöÇÔöÇÔöÇÔöÇÔöÇÔöÇÔöÇÔöÇÔöÇÔöÇÔöÇÔöÇÔöÇÔöÇÔöÇÔöÇÔöÇÔöÇÔöÇÔöÇÔöÇÔöÇÔöÇÔöÇÔöÇÔöÇ[0m
[38;5;12mÔöé 01:00:45.888 (+0:00:00.026099)[0m
[38;5;12mÔö£ÔöäÔöäÔöäÔöäÔöäÔöäÔöäÔöäÔöäÔöäÔöäÔöäÔöäÔöäÔöäÔöäÔöäÔöäÔöäÔöäÔöäÔöäÔöäÔöäÔöäÔöäÔöäÔöäÔöäÔöäÔöäÔöäÔöäÔöäÔöäÔöäÔöäÔöäÔöäÔöäÔöäÔöäÔöäÔöäÔöäÔöäÔöäÔöäÔöäÔöäÔöäÔöäÔöäÔöäÔöäÔöäÔöäÔöäÔöäÔöäÔöäÔöäÔöäÔöäÔöäÔöäÔöäÔöäÔöäÔöäÔöäÔöäÔöäÔöäÔöäÔöäÔöäÔöäÔöä[0m
[38;5;12mÔöé ­ƒÆí [Tag] Message 425[0m
[38;5;12mÔööÔöÇÔöÇÔöÇÔöÇÔöÇÔöÇÔöÇÔöÇÔöÇÔöÇÔöÇÔöÇÔöÇÔöÇÔöÇÔöÇÔöÇÔöÇÔöÇÔöÇÔöÇÔöÇÔöÇÔöÇÔöÇÔöÇÔöÇÔöÇÔöÇÔöÇÔöÇÔöÇÔöÇÔöÇÔöÇÔöÇÔöÇÔöÇÔöÇÔöÇÔöÇÔöÇÔöÇÔöÇÔöÇÔöÇÔöÇÔöÇÔöÇÔöÇÔöÇÔöÇÔöÇÔöÇÔöÇÔöÇÔöÇÔöÇÔöÇÔöÇÔöÇÔöÇÔöÇÔöÇÔöÇÔöÇÔöÇÔöÇÔöÇÔöÇÔöÇÔöÇÔöÇÔöÇÔöÇÔöÇÔöÇÔöÇÔöÇ[0m
[38;5;12mÔöîÔöÇÔöÇÔöÇÔöÇÔöÇÔöÇÔöÇÔöÇÔöÇÔöÇÔöÇÔöÇÔöÇÔöÇÔöÇÔöÇÔöÇÔöÇÔöÇÔöÇÔöÇÔöÇÔöÇÔöÇÔöÇÔöÇÔöÇÔöÇÔöÇÔöÇÔöÇÔöÇÔöÇÔöÇÔöÇÔöÇÔöÇÔöÇÔöÇÔöÇÔöÇÔöÇÔöÇÔöÇÔöÇÔöÇÔöÇÔöÇÔöÇÔöÇÔöÇÔöÇÔöÇÔöÇÔöÇÔöÇÔöÇÔöÇÔöÇÔöÇÔöÇÔöÇÔöÇÔöÇÔöÇÔöÇÔöÇÔöÇÔöÇÔöÇÔöÇÔöÇÔöÇÔöÇÔöÇÔöÇÔöÇÔöÇÔöÇ[0m
[38;5;12mÔöé 01:00:45.888 (+0:00:00.026099)[0m
[38;5;12mÔö£ÔöäÔöäÔöäÔöäÔöäÔöäÔöäÔöäÔöäÔöäÔöäÔöäÔöäÔöäÔöäÔöäÔöäÔöäÔöäÔöäÔöäÔöäÔöäÔöäÔöäÔöäÔöäÔöäÔöäÔöäÔöäÔöäÔöäÔöäÔöäÔöäÔöäÔöäÔöäÔöäÔöäÔöäÔöäÔöäÔöäÔöäÔöäÔöäÔöäÔöäÔöäÔöäÔöäÔöäÔöäÔöäÔöäÔöäÔöäÔöäÔöäÔöäÔöäÔöäÔöäÔöäÔöäÔöäÔöäÔöäÔöäÔöäÔöäÔöäÔöäÔöäÔöäÔöäÔöä[0m
[38;5;12mÔöé ­ƒÆí [Tag] Message 426[0m
[38;5;12mÔööÔöÇÔöÇÔöÇÔöÇÔöÇÔöÇÔöÇÔöÇÔöÇÔöÇÔöÇÔöÇÔöÇÔöÇÔöÇÔöÇÔöÇÔöÇÔöÇÔöÇÔöÇÔöÇÔöÇÔöÇÔöÇÔöÇÔöÇÔöÇÔöÇÔöÇÔöÇÔöÇÔöÇÔöÇÔöÇÔöÇÔöÇÔöÇÔöÇÔöÇÔöÇÔöÇÔöÇÔöÇÔöÇÔöÇÔöÇÔöÇÔöÇÔöÇÔöÇÔöÇÔöÇÔöÇÔöÇÔöÇÔöÇÔöÇÔöÇÔöÇÔöÇÔöÇÔöÇÔöÇÔöÇÔöÇÔöÇÔöÇÔöÇÔöÇÔöÇÔöÇÔöÇÔöÇÔöÇÔöÇÔöÇÔöÇÔöÇ[0m
[38;5;12mÔöîÔöÇÔöÇÔöÇÔöÇÔöÇÔöÇÔöÇÔöÇÔöÇÔöÇÔöÇÔöÇÔöÇÔöÇÔöÇÔöÇÔöÇÔöÇÔöÇÔöÇÔöÇÔöÇÔöÇÔöÇÔöÇÔöÇÔöÇÔöÇÔöÇÔöÇÔöÇÔöÇÔöÇÔöÇÔöÇÔöÇÔöÇÔöÇÔöÇÔöÇÔöÇÔöÇÔöÇÔöÇÔöÇÔöÇÔöÇÔöÇÔöÇÔöÇÔöÇÔöÇÔöÇÔöÇÔöÇÔöÇÔöÇÔöÇÔöÇÔöÇÔöÇÔöÇÔöÇÔöÇÔöÇÔöÇÔöÇÔöÇÔöÇÔöÇÔöÇÔöÇÔöÇÔöÇÔöÇÔöÇÔöÇÔöÇÔöÇ[0m
[38;5;12mÔöé 01:00:45.888 (+0:00:00.026099)[0m
[38;5;12mÔö£ÔöäÔöäÔöäÔöäÔöäÔöäÔöäÔöäÔöäÔöäÔöäÔöäÔöäÔöäÔöäÔöäÔöäÔöäÔöäÔöäÔöäÔöäÔöäÔöäÔöäÔöäÔöäÔöäÔöäÔöäÔöäÔöäÔöäÔöäÔöäÔöäÔöäÔöäÔöäÔöäÔöäÔöäÔöäÔöäÔöäÔöäÔöäÔöäÔöäÔöäÔöäÔöäÔöäÔöäÔöäÔöäÔöäÔöäÔöäÔöäÔöäÔöäÔöäÔöäÔöäÔöäÔöäÔöäÔöäÔöäÔöäÔöäÔöäÔöäÔöäÔöäÔöäÔöäÔöä[0m
[38;5;12mÔöé ­ƒÆí [Tag] Message 427[0m
[38;5;12mÔööÔöÇÔöÇÔöÇÔöÇÔöÇÔöÇÔöÇÔöÇÔöÇÔöÇÔöÇÔöÇÔöÇÔöÇÔöÇÔöÇÔöÇÔöÇÔöÇÔöÇÔöÇÔöÇÔöÇÔöÇÔöÇÔöÇÔöÇÔöÇÔöÇÔöÇÔöÇÔöÇÔöÇÔöÇÔöÇÔöÇÔöÇÔöÇÔöÇÔöÇÔöÇÔöÇÔöÇÔöÇÔöÇÔöÇÔöÇÔöÇÔöÇÔöÇÔöÇÔöÇÔöÇÔöÇÔöÇÔöÇÔöÇÔöÇÔöÇÔöÇÔöÇÔöÇÔöÇÔöÇÔöÇÔöÇÔöÇÔöÇÔöÇÔöÇÔöÇÔöÇÔöÇÔöÇÔöÇÔöÇÔöÇÔöÇÔöÇ[0m
[38;5;12mÔöîÔöÇÔöÇÔöÇÔöÇÔöÇÔöÇÔöÇÔöÇÔöÇÔöÇÔöÇÔöÇÔöÇÔöÇÔöÇÔöÇÔöÇÔöÇÔöÇÔöÇÔöÇÔöÇÔöÇÔöÇÔöÇÔöÇÔöÇÔöÇÔöÇÔöÇÔöÇÔöÇÔöÇÔöÇÔöÇÔöÇÔöÇÔöÇÔöÇÔöÇÔöÇÔöÇÔöÇÔöÇÔöÇÔöÇÔöÇÔöÇÔöÇÔöÇÔöÇÔöÇÔöÇÔöÇÔöÇÔöÇÔöÇÔöÇÔöÇÔöÇÔöÇÔöÇÔöÇÔöÇÔöÇÔöÇÔöÇÔöÇÔöÇÔöÇÔöÇÔöÇÔöÇÔöÇÔöÇÔöÇÔöÇÔöÇÔöÇ[0m
[38;5;12mÔöé 01:00:45.888 (+0:00:00.026099)[0m
[38;5;12mÔö£ÔöäÔöäÔöäÔöäÔöäÔöäÔöäÔöäÔöäÔöäÔöäÔöäÔöäÔöäÔöäÔöäÔöäÔöäÔöäÔöäÔöäÔöäÔöäÔöäÔöäÔöäÔöäÔöäÔöäÔöäÔöäÔöäÔöäÔöäÔöäÔöäÔöäÔöäÔöäÔöäÔöäÔöäÔöäÔöäÔöäÔöäÔöäÔöäÔöäÔöäÔöäÔöäÔöäÔöäÔöäÔöäÔöäÔöäÔöäÔöäÔöäÔöäÔöäÔöäÔöäÔöäÔöäÔöäÔöäÔöäÔöäÔöäÔöäÔöäÔöäÔöäÔöäÔöäÔöä[0m
[38;5;12mÔöé ­ƒÆí [Tag] Message 428[0m
[38;5;12mÔööÔöÇÔöÇÔöÇÔöÇÔöÇÔöÇÔöÇÔöÇÔöÇÔöÇÔöÇÔöÇÔöÇÔöÇÔöÇÔöÇÔöÇÔöÇÔöÇÔöÇÔöÇÔöÇÔöÇÔöÇÔöÇÔöÇÔöÇÔöÇÔöÇÔöÇÔöÇÔöÇÔöÇÔöÇÔöÇÔöÇÔöÇÔöÇÔöÇÔöÇÔöÇÔöÇÔöÇÔöÇÔöÇÔöÇÔöÇÔöÇÔöÇÔöÇÔöÇÔöÇÔöÇÔöÇÔöÇÔöÇÔöÇÔöÇÔöÇÔöÇÔöÇÔöÇÔöÇÔöÇÔöÇÔöÇÔöÇÔöÇÔöÇÔöÇÔöÇÔöÇÔöÇÔöÇÔöÇÔöÇÔöÇÔöÇÔöÇ[0m
[38;5;12mÔöîÔöÇÔöÇÔöÇÔöÇÔöÇÔöÇÔöÇÔöÇÔöÇÔöÇÔöÇÔöÇÔöÇÔöÇÔöÇÔöÇÔöÇÔöÇÔöÇÔöÇÔöÇÔöÇÔöÇÔöÇÔöÇÔöÇÔöÇÔöÇÔöÇÔöÇÔöÇÔöÇÔöÇÔöÇÔöÇÔöÇÔöÇÔöÇÔöÇÔöÇÔöÇÔöÇÔöÇÔöÇÔöÇÔöÇÔöÇÔöÇÔöÇÔöÇÔöÇÔöÇÔöÇÔöÇÔöÇÔöÇÔöÇÔöÇÔöÇÔöÇÔöÇÔöÇÔöÇÔöÇÔöÇÔöÇÔöÇÔöÇÔöÇÔöÇÔöÇÔöÇÔöÇÔöÇÔöÇÔöÇÔöÇÔöÇÔöÇ[0m
[38;5;12mÔöé 01:00:45.888 (+0:00:00.026690)[0m
[38;5;12mÔö£ÔöäÔöäÔöäÔöäÔöäÔöäÔöäÔöäÔöäÔöäÔöäÔöäÔöäÔöäÔöäÔöäÔöäÔöäÔöäÔöäÔöäÔöäÔöäÔöäÔöäÔöäÔöäÔöäÔöäÔöäÔöäÔöäÔöäÔöäÔöäÔöäÔöäÔöäÔöäÔöäÔöäÔöäÔöäÔöäÔöäÔöäÔöäÔöäÔöäÔöäÔöäÔöäÔöäÔöäÔöäÔöäÔöäÔöäÔöäÔöäÔöäÔöäÔöäÔöäÔöäÔöäÔöäÔöäÔöäÔöäÔöäÔöäÔöäÔöäÔöäÔöäÔöäÔöäÔöä[0m
[38;5;12mÔöé ­ƒÆí [Tag] Message 429[0m
[38;5;12mÔööÔöÇÔöÇÔöÇÔöÇÔöÇÔöÇÔöÇÔöÇÔöÇÔöÇÔöÇÔöÇÔöÇÔöÇÔöÇÔöÇÔöÇÔöÇÔöÇÔöÇÔöÇÔöÇÔöÇÔöÇÔöÇÔöÇÔöÇÔöÇÔöÇÔöÇÔöÇÔöÇÔöÇÔöÇÔöÇÔöÇÔöÇÔöÇÔöÇÔöÇÔöÇÔöÇÔöÇÔöÇÔöÇÔöÇÔöÇÔöÇÔöÇÔöÇÔöÇÔöÇÔöÇÔöÇÔöÇÔöÇÔöÇÔöÇÔöÇÔöÇÔöÇÔöÇÔöÇÔöÇÔöÇÔöÇÔöÇÔöÇÔöÇÔöÇÔöÇÔöÇÔöÇÔöÇÔöÇÔöÇÔöÇÔöÇÔöÇ[0m
[38;5;12mÔöîÔöÇÔöÇÔöÇÔöÇÔöÇÔöÇÔöÇÔöÇÔöÇÔöÇÔöÇÔöÇÔöÇÔöÇÔöÇÔöÇÔöÇÔöÇÔöÇÔöÇÔöÇÔöÇÔöÇÔöÇÔöÇÔöÇÔöÇÔöÇÔöÇÔöÇÔöÇÔöÇÔöÇÔöÇÔöÇÔöÇÔöÇÔöÇÔöÇÔöÇÔöÇÔöÇÔöÇÔöÇÔöÇÔöÇÔöÇÔöÇÔöÇÔöÇÔöÇÔöÇÔöÇÔöÇÔöÇÔöÇÔöÇÔöÇÔöÇÔöÇÔöÇÔöÇÔöÇÔöÇÔöÇÔöÇÔöÇÔöÇÔöÇÔöÇÔöÇÔöÇÔöÇÔöÇÔöÇÔöÇÔöÇÔöÇÔöÇ[0m
[38;5;12mÔöé 01:00:45.888 (+0:00:00.026690)[0m
[38;5;12mÔö£ÔöäÔöäÔöäÔöäÔöäÔöäÔöäÔöäÔöäÔöäÔöäÔöäÔöäÔöäÔöäÔöäÔöäÔöäÔöäÔöäÔöäÔöäÔöäÔöäÔöäÔöäÔöäÔöäÔöäÔöäÔöäÔöäÔöäÔöäÔöäÔöäÔöäÔöäÔöäÔöäÔöäÔöäÔöäÔöäÔöäÔöäÔöäÔöäÔöäÔöäÔöäÔöäÔöäÔöäÔöäÔöäÔöäÔöäÔöäÔöäÔöäÔöäÔöäÔöäÔöäÔöäÔöäÔöäÔöäÔöäÔöäÔöäÔöäÔöäÔöäÔöäÔöäÔöäÔöä[0m
[38;5;12mÔöé ­ƒÆí [Tag] Message 430[0m
[38;5;12mÔööÔöÇÔöÇÔöÇÔöÇÔöÇÔöÇÔöÇÔöÇÔöÇÔöÇÔöÇÔöÇÔöÇÔöÇÔöÇÔöÇÔöÇÔöÇÔöÇÔöÇÔöÇÔöÇÔöÇÔöÇÔöÇÔöÇÔöÇÔöÇÔöÇÔöÇÔöÇÔöÇÔöÇÔöÇÔöÇÔöÇÔöÇÔöÇÔöÇÔöÇÔöÇÔöÇÔöÇÔöÇÔöÇÔöÇÔöÇÔöÇÔöÇÔöÇÔöÇÔöÇÔöÇÔöÇÔöÇÔöÇÔöÇÔöÇÔöÇÔöÇÔöÇÔöÇÔöÇÔöÇÔöÇÔöÇÔöÇÔöÇÔöÇÔöÇÔöÇÔöÇÔöÇÔöÇÔöÇÔöÇÔöÇÔöÇÔöÇ[0m
[38;5;12mÔöîÔöÇÔöÇÔöÇÔöÇÔöÇÔöÇÔöÇÔöÇÔöÇÔöÇÔöÇÔöÇÔöÇÔöÇÔöÇÔöÇÔöÇÔöÇÔöÇÔöÇÔöÇÔöÇÔöÇÔöÇÔöÇÔöÇÔöÇÔöÇÔöÇÔöÇÔöÇÔöÇÔöÇÔöÇÔöÇÔöÇÔöÇÔöÇÔöÇÔöÇÔöÇÔöÇÔöÇÔöÇÔöÇÔöÇÔöÇÔöÇÔöÇÔöÇÔöÇÔöÇÔöÇÔöÇÔöÇÔöÇÔöÇÔöÇÔöÇÔöÇÔöÇÔöÇÔöÇÔöÇÔöÇÔöÇÔöÇÔöÇÔöÇÔöÇÔöÇÔöÇÔöÇÔöÇÔöÇÔöÇÔöÇÔöÇÔöÇ[0m
[38;5;12mÔöé 01:00:45.888 (+0:00:00.026690)[0m
[38;5;12mÔö£ÔöäÔöäÔöäÔöäÔöäÔöäÔöäÔöäÔöäÔöäÔöäÔöäÔöäÔöäÔöäÔöäÔöäÔöäÔöäÔöäÔöäÔöäÔöäÔöäÔöäÔöäÔöäÔöäÔöäÔöäÔöäÔöäÔöäÔöäÔöäÔöäÔöäÔöäÔöäÔöäÔöäÔöäÔöäÔöäÔöäÔöäÔöäÔöäÔöäÔöäÔöäÔöäÔöäÔöäÔöäÔöäÔöäÔöäÔöäÔöäÔöäÔöäÔöäÔöäÔöäÔöäÔöäÔöäÔöäÔöäÔöäÔöäÔöäÔöäÔöäÔöäÔöäÔöäÔöä[0m
[38;5;12mÔöé ­ƒÆí [Tag] Message 431[0m
[38;5;12mÔööÔöÇÔöÇÔöÇÔöÇÔöÇÔöÇÔöÇÔöÇÔöÇÔöÇÔöÇÔöÇÔöÇÔöÇÔöÇÔöÇÔöÇÔöÇÔöÇÔöÇÔöÇÔöÇÔöÇÔöÇÔöÇÔöÇÔöÇÔöÇÔöÇÔöÇÔöÇÔöÇÔöÇÔöÇÔöÇÔöÇÔöÇÔöÇÔöÇÔöÇÔöÇÔöÇÔöÇÔöÇÔöÇÔöÇÔöÇÔöÇÔöÇÔöÇÔöÇÔöÇÔöÇÔöÇÔöÇÔöÇÔöÇÔöÇÔöÇÔöÇÔöÇÔöÇÔöÇÔöÇÔöÇÔöÇÔöÇÔöÇÔöÇÔöÇÔöÇÔöÇÔöÇÔöÇÔöÇÔöÇÔöÇÔöÇÔöÇ[0m
[38;5;12mÔöîÔöÇÔöÇÔöÇÔöÇÔöÇÔöÇÔöÇÔöÇÔöÇÔöÇÔöÇÔöÇÔöÇÔöÇÔöÇÔöÇÔöÇÔöÇÔöÇÔöÇÔöÇÔöÇÔöÇÔöÇÔöÇÔöÇÔöÇÔöÇÔöÇÔöÇÔöÇÔöÇÔöÇÔöÇÔöÇÔöÇÔöÇÔöÇÔöÇÔöÇÔöÇÔöÇÔöÇÔöÇÔöÇÔöÇÔöÇÔöÇÔöÇÔöÇÔöÇÔöÇÔöÇÔöÇÔöÇÔöÇÔöÇÔöÇÔöÇÔöÇÔöÇÔöÇÔöÇÔöÇÔöÇÔöÇÔöÇÔöÇÔöÇÔöÇÔöÇÔöÇÔöÇÔöÇÔöÇÔöÇÔöÇÔöÇÔöÇ[0m
[38;5;12mÔöé 01:00:45.888 (+0:00:00.026690)[0m
[38;5;12mÔö£ÔöäÔöäÔöäÔöäÔöäÔöäÔöäÔöäÔöäÔöäÔöäÔöäÔöäÔöäÔöäÔöäÔöäÔöäÔöäÔöäÔöäÔöäÔöäÔöäÔöäÔöäÔöäÔöäÔöäÔöäÔöäÔöäÔöäÔöäÔöäÔöäÔöäÔöäÔöäÔöäÔöäÔöäÔöäÔöäÔöäÔöäÔöäÔöäÔöäÔöäÔöäÔöäÔöäÔöäÔöäÔöäÔöäÔöäÔöäÔöäÔöäÔöäÔöäÔöäÔöäÔöäÔöäÔöäÔöäÔöäÔöäÔöäÔöäÔöäÔöäÔöäÔöäÔöäÔöä[0m
[38;5;12mÔöé ­ƒÆí [Tag] Message 432[0m
[38;5;12mÔööÔöÇÔöÇÔöÇÔöÇÔöÇÔöÇÔöÇÔöÇÔöÇÔöÇÔöÇÔöÇÔöÇÔöÇÔöÇÔöÇÔöÇÔöÇÔöÇÔöÇÔöÇÔöÇÔöÇÔöÇÔöÇÔöÇÔöÇÔöÇÔöÇÔöÇÔöÇÔöÇÔöÇÔöÇÔöÇÔöÇÔöÇÔöÇÔöÇÔöÇÔöÇÔöÇÔöÇÔöÇÔöÇÔöÇÔöÇÔöÇÔöÇÔöÇÔöÇÔöÇÔöÇÔöÇÔöÇÔöÇÔöÇÔöÇÔöÇÔöÇÔöÇÔöÇÔöÇÔöÇÔöÇÔöÇÔöÇÔöÇÔöÇÔöÇÔöÇÔöÇÔöÇÔöÇÔöÇÔöÇÔöÇÔöÇÔöÇ[0m
[38;5;12mÔöîÔöÇÔöÇÔöÇÔöÇÔöÇÔöÇÔöÇÔöÇÔöÇÔöÇÔöÇÔöÇÔöÇÔöÇÔöÇÔöÇÔöÇÔöÇÔöÇÔöÇÔöÇÔöÇÔöÇÔöÇÔöÇÔöÇÔöÇÔöÇÔöÇÔöÇÔöÇÔöÇÔöÇÔöÇÔöÇÔöÇÔöÇÔöÇÔöÇÔöÇÔöÇÔöÇÔöÇÔöÇÔöÇÔöÇÔöÇÔöÇÔöÇÔöÇÔöÇÔöÇÔöÇÔöÇÔöÇÔöÇÔöÇÔöÇÔöÇÔöÇÔöÇÔöÇÔöÇÔöÇÔöÇÔöÇÔöÇÔöÇÔöÇÔöÇÔöÇÔöÇÔöÇÔöÇÔöÇÔöÇÔöÇÔöÇÔöÇ[0m
[38;5;12mÔöé 01:00:45.888 (+0:00:00.026690)[0m
[38;5;12mÔö£ÔöäÔöäÔöäÔöäÔöäÔöäÔöäÔöäÔöäÔöäÔöäÔöäÔöäÔöäÔöäÔöäÔöäÔöäÔöäÔöäÔöäÔöäÔöäÔöäÔöäÔöäÔöäÔöäÔöäÔöäÔöäÔöäÔöäÔöäÔöäÔöäÔöäÔöäÔöäÔöäÔöäÔöäÔöäÔöäÔöäÔöäÔöäÔöäÔöäÔöäÔöäÔöäÔöäÔöäÔöäÔöäÔöäÔöäÔöäÔöäÔöäÔöäÔöäÔöäÔöäÔöäÔöäÔöäÔöäÔöäÔöäÔöäÔöäÔöäÔöäÔöäÔöäÔöäÔöä[0m
[38;5;12mÔöé ­ƒÆí [Tag] Message 433[0m
[38;5;12mÔööÔöÇÔöÇÔöÇÔöÇÔöÇÔöÇÔöÇÔöÇÔöÇÔöÇÔöÇÔöÇÔöÇÔöÇÔöÇÔöÇÔöÇÔöÇÔöÇÔöÇÔöÇÔöÇÔöÇÔöÇÔöÇÔöÇÔöÇÔöÇÔöÇÔöÇÔöÇÔöÇÔöÇÔöÇÔöÇÔöÇÔöÇÔöÇÔöÇÔöÇÔöÇÔöÇÔöÇÔöÇÔöÇÔöÇÔöÇÔöÇÔöÇÔöÇÔöÇÔöÇÔöÇÔöÇÔöÇÔöÇÔöÇÔöÇÔöÇÔöÇÔöÇÔöÇÔöÇÔöÇÔöÇÔöÇÔöÇÔöÇÔöÇÔöÇÔöÇÔöÇÔöÇÔöÇÔöÇÔöÇÔöÇÔöÇÔöÇ[0m
[38;5;12mÔöîÔöÇÔöÇÔöÇÔöÇÔöÇÔöÇÔöÇÔöÇÔöÇÔöÇÔöÇÔöÇÔöÇÔöÇÔöÇÔöÇÔöÇÔöÇÔöÇÔöÇÔöÇÔöÇÔöÇÔöÇÔöÇÔöÇÔöÇÔöÇÔöÇÔöÇÔöÇÔöÇÔöÇÔöÇÔöÇÔöÇÔöÇÔöÇÔöÇÔöÇÔöÇÔöÇÔöÇÔöÇÔöÇÔöÇÔöÇÔöÇÔöÇÔöÇÔöÇÔöÇÔöÇÔöÇÔöÇÔöÇÔöÇÔöÇÔöÇÔöÇÔöÇÔöÇÔöÇÔöÇÔöÇÔöÇÔöÇÔöÇÔöÇÔöÇÔöÇÔöÇÔöÇÔöÇÔöÇÔöÇÔöÇÔöÇÔöÇ[0m
[38;5;12mÔöé 01:00:45.888 (+0:00:00.026690)[0m
[38;5;12mÔö£ÔöäÔöäÔöäÔöäÔöäÔöäÔöäÔöäÔöäÔöäÔöäÔöäÔöäÔöäÔöäÔöäÔöäÔöäÔöäÔöäÔöäÔöäÔöäÔöäÔöäÔöäÔöäÔöäÔöäÔöäÔöäÔöäÔöäÔöäÔöäÔöäÔöäÔöäÔöäÔöäÔöäÔöäÔöäÔöäÔöäÔöäÔöäÔöäÔöäÔöäÔöäÔöäÔöäÔöäÔöäÔöäÔöäÔöäÔöäÔöäÔöäÔöäÔöäÔöäÔöäÔöäÔöäÔöäÔöäÔöäÔöäÔöäÔöäÔöäÔöäÔöäÔöäÔöäÔöä[0m
[38;5;12mÔöé ­ƒÆí [Tag] Message 434[0m
[38;5;12mÔööÔöÇÔöÇÔöÇÔöÇÔöÇÔöÇÔöÇÔöÇÔöÇÔöÇÔöÇÔöÇÔöÇÔöÇÔöÇÔöÇÔöÇÔöÇÔöÇÔöÇÔöÇÔöÇÔöÇÔöÇÔöÇÔöÇÔöÇÔöÇÔöÇÔöÇÔöÇÔöÇÔöÇÔöÇÔöÇÔöÇÔöÇÔöÇÔöÇÔöÇÔöÇÔöÇÔöÇÔöÇÔöÇÔöÇÔöÇÔöÇÔöÇÔöÇÔöÇÔöÇÔöÇÔöÇÔöÇÔöÇÔöÇÔöÇÔöÇÔöÇÔöÇÔöÇÔöÇÔöÇÔöÇÔöÇÔöÇÔöÇÔöÇÔöÇÔöÇÔöÇÔöÇÔöÇÔöÇÔöÇÔöÇÔöÇÔöÇ[0m
[38;5;12mÔöîÔöÇÔöÇÔöÇÔöÇÔöÇÔöÇÔöÇÔöÇÔöÇÔöÇÔöÇÔöÇÔöÇÔöÇÔöÇÔöÇÔöÇÔöÇÔöÇÔöÇÔöÇÔöÇÔöÇÔöÇÔöÇÔöÇÔöÇÔöÇÔöÇÔöÇÔöÇÔöÇÔöÇÔöÇÔöÇÔöÇÔöÇÔöÇÔöÇÔöÇÔöÇÔöÇÔöÇÔöÇÔöÇÔöÇÔöÇÔöÇÔöÇÔöÇÔöÇÔöÇÔöÇÔöÇÔöÇÔöÇÔöÇÔöÇÔöÇÔöÇÔöÇÔöÇÔöÇÔöÇÔöÇÔöÇÔöÇÔöÇÔöÇÔöÇÔöÇÔöÇÔöÇÔöÇÔöÇÔöÇÔöÇÔöÇÔöÇ[0m
[38;5;12mÔöé 01:00:45.888 (+0:00:00.026690)[0m
[38;5;12mÔö£ÔöäÔöäÔöäÔöäÔöäÔöäÔöäÔöäÔöäÔöäÔöäÔöäÔöäÔöäÔöäÔöäÔöäÔöäÔöäÔöäÔöäÔöäÔöäÔöäÔöäÔöäÔöäÔöäÔöäÔöäÔöäÔöäÔöäÔöäÔöäÔöäÔöäÔöäÔöäÔöäÔöäÔöäÔöäÔöäÔöäÔöäÔöäÔöäÔöäÔöäÔöäÔöäÔöäÔöäÔöäÔöäÔöäÔöäÔöäÔöäÔöäÔöäÔöäÔöäÔöäÔöäÔöäÔöäÔöäÔöäÔöäÔöäÔöäÔöäÔöäÔöäÔöäÔöäÔöä[0m
[38;5;12mÔöé ­ƒÆí [Tag] Message 435[0m
[38;5;12mÔööÔöÇÔöÇÔöÇÔöÇÔöÇÔöÇÔöÇÔöÇÔöÇÔöÇÔöÇÔöÇÔöÇÔöÇÔöÇÔöÇÔöÇÔöÇÔöÇÔöÇÔöÇÔöÇÔöÇÔöÇÔöÇÔöÇÔöÇÔöÇÔöÇÔöÇÔöÇÔöÇÔöÇÔöÇÔöÇÔöÇÔöÇÔöÇÔöÇÔöÇÔöÇÔöÇÔöÇÔöÇÔöÇÔöÇÔöÇÔöÇÔöÇÔöÇÔöÇÔöÇÔöÇÔöÇÔöÇÔöÇÔöÇÔöÇÔöÇÔöÇÔöÇÔöÇÔöÇÔöÇÔöÇÔöÇÔöÇÔöÇÔöÇÔöÇÔöÇÔöÇÔöÇÔöÇÔöÇÔöÇÔöÇÔöÇÔöÇ[0m
[38;5;12mÔöîÔöÇÔöÇÔöÇÔöÇÔöÇÔöÇÔöÇÔöÇÔöÇÔöÇÔöÇÔöÇÔöÇÔöÇÔöÇÔöÇÔöÇÔöÇÔöÇÔöÇÔöÇÔöÇÔöÇÔöÇÔöÇÔöÇÔöÇÔöÇÔöÇÔöÇÔöÇÔöÇÔöÇÔöÇÔöÇÔöÇÔöÇÔöÇÔöÇÔöÇÔöÇÔöÇÔöÇÔöÇÔöÇÔöÇÔöÇÔöÇÔöÇÔöÇÔöÇÔöÇÔöÇÔöÇÔöÇÔöÇÔöÇÔöÇÔöÇÔöÇÔöÇÔöÇÔöÇÔöÇÔöÇÔöÇÔöÇÔöÇÔöÇÔöÇÔöÇÔöÇÔöÇÔöÇÔöÇÔöÇÔöÇÔöÇÔöÇ[0m
[38;5;12mÔöé 01:00:45.888 (+0:00:00.026690)[0m
[38;5;12mÔö£ÔöäÔöäÔöäÔöäÔöäÔöäÔöäÔöäÔöäÔöäÔöäÔöäÔöäÔöäÔöäÔöäÔöäÔöäÔöäÔöäÔöäÔöäÔöäÔöäÔöäÔöäÔöäÔöäÔöäÔöäÔöäÔöäÔöäÔöäÔöäÔöäÔöäÔöäÔöäÔöäÔöäÔöäÔöäÔöäÔöäÔöäÔöäÔöäÔöäÔöäÔöäÔöäÔöäÔöäÔöäÔöäÔöäÔöäÔöäÔöäÔöäÔöäÔöäÔöäÔöäÔöäÔöäÔöäÔöäÔöäÔöäÔöäÔöäÔöäÔöäÔöäÔöäÔöäÔöä[0m
[38;5;12mÔöé ­ƒÆí [Tag] Message 436[0m
[38;5;12mÔööÔöÇÔöÇÔöÇÔöÇÔöÇÔöÇÔöÇÔöÇÔöÇÔöÇÔöÇÔöÇÔöÇÔöÇÔöÇÔöÇÔöÇÔöÇÔöÇÔöÇÔöÇÔöÇÔöÇÔöÇÔöÇÔöÇÔöÇÔöÇÔöÇÔöÇÔöÇÔöÇÔöÇÔöÇÔöÇÔöÇÔöÇÔöÇÔöÇÔöÇÔöÇÔöÇÔöÇÔöÇÔöÇÔöÇÔöÇÔöÇÔöÇÔöÇÔöÇÔöÇÔöÇÔöÇÔöÇÔöÇÔöÇÔöÇÔöÇÔöÇÔöÇÔöÇÔöÇÔöÇÔöÇÔöÇÔöÇÔöÇÔöÇÔöÇÔöÇÔöÇÔöÇÔöÇÔöÇÔöÇÔöÇÔöÇÔöÇ[0m
[38;5;12mÔöîÔöÇÔöÇÔöÇÔöÇÔöÇÔöÇÔöÇÔöÇÔöÇÔöÇÔöÇÔöÇÔöÇÔöÇÔöÇÔöÇÔöÇÔöÇÔöÇÔöÇÔöÇÔöÇÔöÇÔöÇÔöÇÔöÇÔöÇÔöÇÔöÇÔöÇÔöÇÔöÇÔöÇÔöÇÔöÇÔöÇÔöÇÔöÇÔöÇÔöÇÔöÇÔöÇÔöÇÔöÇÔöÇÔöÇÔöÇÔöÇÔöÇÔöÇÔöÇÔöÇÔöÇÔöÇÔöÇÔöÇÔöÇÔöÇÔöÇÔöÇÔöÇÔöÇÔöÇÔöÇÔöÇÔöÇÔöÇÔöÇÔöÇÔöÇÔöÇÔöÇÔöÇÔöÇÔöÇÔöÇÔöÇÔöÇÔöÇ[0m
[38;5;12mÔöé 01:00:45.888 (+0:00:00.026690)[0m
[38;5;12mÔö£ÔöäÔöäÔöäÔöäÔöäÔöäÔöäÔöäÔöäÔöäÔöäÔöäÔöäÔöäÔöäÔöäÔöäÔöäÔöäÔöäÔöäÔöäÔöäÔöäÔöäÔöäÔöäÔöäÔöäÔöäÔöäÔöäÔöäÔöäÔöäÔöäÔöäÔöäÔöäÔöäÔöäÔöäÔöäÔöäÔöäÔöäÔöäÔöäÔöäÔöäÔöäÔöäÔöäÔöäÔöäÔöäÔöäÔöäÔöäÔöäÔöäÔöäÔöäÔöäÔöäÔöäÔöäÔöäÔöäÔöäÔöäÔöäÔöäÔöäÔöäÔöäÔöäÔöäÔöä[0m
[38;5;12mÔöé ­ƒÆí [Tag] Message 437[0m
[38;5;12mÔööÔöÇÔöÇÔöÇÔöÇÔöÇÔöÇÔöÇÔöÇÔöÇÔöÇÔöÇÔöÇÔöÇÔöÇÔöÇÔöÇÔöÇÔöÇÔöÇÔöÇÔöÇÔöÇÔöÇÔöÇÔöÇÔöÇÔöÇÔöÇÔöÇÔöÇÔöÇÔöÇÔöÇÔöÇÔöÇÔöÇÔöÇÔöÇÔöÇÔöÇÔöÇÔöÇÔöÇÔöÇÔöÇÔöÇÔöÇÔöÇÔöÇÔöÇÔöÇÔöÇÔöÇÔöÇÔöÇÔöÇÔöÇÔöÇÔöÇÔöÇÔöÇÔöÇÔöÇÔöÇÔöÇÔöÇÔöÇÔöÇÔöÇÔöÇÔöÇÔöÇÔöÇÔöÇÔöÇÔöÇÔöÇÔöÇÔöÇ[0m
[38;5;12mÔöîÔöÇÔöÇÔöÇÔöÇÔöÇÔöÇÔöÇÔöÇÔöÇÔöÇÔöÇÔöÇÔöÇÔöÇÔöÇÔöÇÔöÇÔöÇÔöÇÔöÇÔöÇÔöÇÔöÇÔöÇÔöÇÔöÇÔöÇÔöÇÔöÇÔöÇÔöÇÔöÇÔöÇÔöÇÔöÇÔöÇÔöÇÔöÇÔöÇÔöÇÔöÇÔöÇÔöÇÔöÇÔöÇÔöÇÔöÇÔöÇÔöÇÔöÇÔöÇÔöÇÔöÇÔöÇÔöÇÔöÇÔöÇÔöÇÔöÇÔöÇÔöÇÔöÇÔöÇÔöÇÔöÇÔöÇÔöÇÔöÇÔöÇÔöÇÔöÇÔöÇÔöÇÔöÇÔöÇÔöÇÔöÇÔöÇÔöÇ[0m
[38;5;12mÔöé 01:00:45.888 (+0:00:00.026690)[0m
[38;5;12mÔö£ÔöäÔöäÔöäÔöäÔöäÔöäÔöäÔöäÔöäÔöäÔöäÔöäÔöäÔöäÔöäÔöäÔöäÔöäÔöäÔöäÔöäÔöäÔöäÔöäÔöäÔöäÔöäÔöäÔöäÔöäÔöäÔöäÔöäÔöäÔöäÔöäÔöäÔöäÔöäÔöäÔöäÔöäÔöäÔöäÔöäÔöäÔöäÔöäÔöäÔöäÔöäÔöäÔöäÔöäÔöäÔöäÔöäÔöäÔöäÔöäÔöäÔöäÔöäÔöäÔöäÔöäÔöäÔöäÔöäÔöäÔöäÔöäÔöäÔöäÔöäÔöäÔöäÔöäÔöä[0m
[38;5;12mÔöé ­ƒÆí [Tag] Message 438[0m
[38;5;12mÔööÔöÇÔöÇÔöÇÔöÇÔöÇÔöÇÔöÇÔöÇÔöÇÔöÇÔöÇÔöÇÔöÇÔöÇÔöÇÔöÇÔöÇÔöÇÔöÇÔöÇÔöÇÔöÇÔöÇÔöÇÔöÇÔöÇÔöÇÔöÇÔöÇÔöÇÔöÇÔöÇÔöÇÔöÇÔöÇÔöÇÔöÇÔöÇÔöÇÔöÇÔöÇÔöÇÔöÇÔöÇÔöÇÔöÇÔöÇÔöÇÔöÇÔöÇÔöÇÔöÇÔöÇÔöÇÔöÇÔöÇÔöÇÔöÇÔöÇÔöÇÔöÇÔöÇÔöÇÔöÇÔöÇÔöÇÔöÇÔöÇÔöÇÔöÇÔöÇÔöÇÔöÇÔöÇÔöÇÔöÇÔöÇÔöÇÔöÇ[0m
[38;5;12mÔöîÔöÇÔöÇÔöÇÔöÇÔöÇÔöÇÔöÇÔöÇÔöÇÔöÇÔöÇÔöÇÔöÇÔöÇÔöÇÔöÇÔöÇÔöÇÔöÇÔöÇÔöÇÔöÇÔöÇÔöÇÔöÇÔöÇÔöÇÔöÇÔöÇÔöÇÔöÇÔöÇÔöÇÔöÇÔöÇÔöÇÔöÇÔöÇÔöÇÔöÇÔöÇÔöÇÔöÇÔöÇÔöÇÔöÇÔöÇÔöÇÔöÇÔöÇÔöÇÔöÇÔöÇÔöÇÔöÇÔöÇÔöÇÔöÇÔöÇÔöÇÔöÇÔöÇÔöÇÔöÇÔöÇÔöÇÔöÇÔöÇÔöÇÔöÇÔöÇÔöÇÔöÇÔöÇÔöÇÔöÇÔöÇÔöÇÔöÇ[0m
[38;5;12mÔöé 01:00:45.888 (+0:00:00.026690)[0m
[38;5;12mÔö£ÔöäÔöäÔöäÔöäÔöäÔöäÔöäÔöäÔöäÔöäÔöäÔöäÔöäÔöäÔöäÔöäÔöäÔöäÔöäÔöäÔöäÔöäÔöäÔöäÔöäÔöäÔöäÔöäÔöäÔöäÔöäÔöäÔöäÔöäÔöäÔöäÔöäÔöäÔöäÔöäÔöäÔöäÔöäÔöäÔöäÔöäÔöäÔöäÔöäÔöäÔöäÔöäÔöäÔöäÔöäÔöäÔöäÔöäÔöäÔöäÔöäÔöäÔöäÔöäÔöäÔöäÔöäÔöäÔöäÔöäÔöäÔöäÔöäÔöäÔöäÔöäÔöäÔöäÔöä[0m
[38;5;12mÔöé ­ƒÆí [Tag] Message 439[0m
[38;5;12mÔööÔöÇÔöÇÔöÇÔöÇÔöÇÔöÇÔöÇÔöÇÔöÇÔöÇÔöÇÔöÇÔöÇÔöÇÔöÇÔöÇÔöÇÔöÇÔöÇÔöÇÔöÇÔöÇÔöÇÔöÇÔöÇÔöÇÔöÇÔöÇÔöÇÔöÇÔöÇÔöÇÔöÇÔöÇÔöÇÔöÇÔöÇÔöÇÔöÇÔöÇÔöÇÔöÇÔöÇÔöÇÔöÇÔöÇÔöÇÔöÇÔöÇÔöÇÔöÇÔöÇÔöÇÔöÇÔöÇÔöÇÔöÇÔöÇÔöÇÔöÇÔöÇÔöÇÔöÇÔöÇÔöÇÔöÇÔöÇÔöÇÔöÇÔöÇÔöÇÔöÇÔöÇÔöÇÔöÇÔöÇÔöÇÔöÇÔöÇ[0m
[38;5;12mÔöîÔöÇÔöÇÔöÇÔöÇÔöÇÔöÇÔöÇÔöÇÔöÇÔöÇÔöÇÔöÇÔöÇÔöÇÔöÇÔöÇÔöÇÔöÇÔöÇÔöÇÔöÇÔöÇÔöÇÔöÇÔöÇÔöÇÔöÇÔöÇÔöÇÔöÇÔöÇÔöÇÔöÇÔöÇÔöÇÔöÇÔöÇÔöÇÔöÇÔöÇÔöÇÔöÇÔöÇÔöÇÔöÇÔöÇÔöÇÔöÇÔöÇÔöÇÔöÇÔöÇÔöÇÔöÇÔöÇÔöÇÔöÇÔöÇÔöÇÔöÇÔöÇÔöÇÔöÇÔöÇÔöÇÔöÇÔöÇÔöÇÔöÇÔöÇÔöÇÔöÇÔöÇÔöÇÔöÇÔöÇÔöÇÔöÇÔöÇ[0m
[38;5;12mÔöé 01:00:45.888 (+0:00:00.026690)[0m
[38;5;12mÔö£ÔöäÔöäÔöäÔöäÔöäÔöäÔöäÔöäÔöäÔöäÔöäÔöäÔöäÔöäÔöäÔöäÔöäÔöäÔöäÔöäÔöäÔöäÔöäÔöäÔöäÔöäÔöäÔöäÔöäÔöäÔöäÔöäÔöäÔöäÔöäÔöäÔöäÔöäÔöäÔöäÔöäÔöäÔöäÔöäÔöäÔöäÔöäÔöäÔöäÔöäÔöäÔöäÔöäÔöäÔöäÔöäÔöäÔöäÔöäÔöäÔöäÔöäÔöäÔöäÔöäÔöäÔöäÔöäÔöäÔöäÔöäÔöäÔöäÔöäÔöäÔöäÔöäÔöäÔöä[0m
[38;5;12mÔöé ­ƒÆí [Tag] Message 440[0m
[38;5;12mÔööÔöÇÔöÇÔöÇÔöÇÔöÇÔöÇÔöÇÔöÇÔöÇÔöÇÔöÇÔöÇÔöÇÔöÇÔöÇÔöÇÔöÇÔöÇÔöÇÔöÇÔöÇÔöÇÔöÇÔöÇÔöÇÔöÇÔöÇÔöÇÔöÇÔöÇÔöÇÔöÇÔöÇÔöÇÔöÇÔöÇÔöÇÔöÇÔöÇÔöÇÔöÇÔöÇÔöÇÔöÇÔöÇÔöÇÔöÇÔöÇÔöÇÔöÇÔöÇÔöÇÔöÇÔöÇÔöÇÔöÇÔöÇÔöÇÔöÇÔöÇÔöÇÔöÇÔöÇÔöÇÔöÇÔöÇÔöÇÔöÇÔöÇÔöÇÔöÇÔöÇÔöÇÔöÇÔöÇÔöÇÔöÇÔöÇÔöÇ[0m
[38;5;12mÔöîÔöÇÔöÇÔöÇÔöÇÔöÇÔöÇÔöÇÔöÇÔöÇÔöÇÔöÇÔöÇÔöÇÔöÇÔöÇÔöÇÔöÇÔöÇÔöÇÔöÇÔöÇÔöÇÔöÇÔöÇÔöÇÔöÇÔöÇÔöÇÔöÇÔöÇÔöÇÔöÇÔöÇÔöÇÔöÇÔöÇÔöÇÔöÇÔöÇÔöÇÔöÇÔöÇÔöÇÔöÇÔöÇÔöÇÔöÇÔöÇÔöÇÔöÇÔöÇÔöÇÔöÇÔöÇÔöÇÔöÇÔöÇÔöÇÔöÇÔöÇÔöÇÔöÇÔöÇÔöÇÔöÇÔöÇÔöÇÔöÇÔöÇÔöÇÔöÇÔöÇÔöÇÔöÇÔöÇÔöÇÔöÇÔöÇÔöÇ[0m
[38;5;12mÔöé 01:00:45.888 (+0:00:00.026690)[0m
[38;5;12mÔö£ÔöäÔöäÔöäÔöäÔöäÔöäÔöäÔöäÔöäÔöäÔöäÔöäÔöäÔöäÔöäÔöäÔöäÔöäÔöäÔöäÔöäÔöäÔöäÔöäÔöäÔöäÔöäÔöäÔöäÔöäÔöäÔöäÔöäÔöäÔöäÔöäÔöäÔöäÔöäÔöäÔöäÔöäÔöäÔöäÔöäÔöäÔöäÔöäÔöäÔöäÔöäÔöäÔöäÔöäÔöäÔöäÔöäÔöäÔöäÔöäÔöäÔöäÔöäÔöäÔöäÔöäÔöäÔöäÔöäÔöäÔöäÔöäÔöäÔöäÔöäÔöäÔöäÔöäÔöä[0m
[38;5;12mÔöé ­ƒÆí [Tag] Message 441[0m
[38;5;12mÔööÔöÇÔöÇÔöÇÔöÇÔöÇÔöÇÔöÇÔöÇÔöÇÔöÇÔöÇÔöÇÔöÇÔöÇÔöÇÔöÇÔöÇÔöÇÔöÇÔöÇÔöÇÔöÇÔöÇÔöÇÔöÇÔöÇÔöÇÔöÇÔöÇÔöÇÔöÇÔöÇÔöÇÔöÇÔöÇÔöÇÔöÇÔöÇÔöÇÔöÇÔöÇÔöÇÔöÇÔöÇÔöÇÔöÇÔöÇÔöÇÔöÇÔöÇÔöÇÔöÇÔöÇÔöÇÔöÇÔöÇÔöÇÔöÇÔöÇÔöÇÔöÇÔöÇÔöÇÔöÇÔöÇÔöÇÔöÇÔöÇÔöÇÔöÇÔöÇÔöÇÔöÇÔöÇÔöÇÔöÇÔöÇÔöÇÔöÇ[0m
[38;5;12mÔöîÔöÇÔöÇÔöÇÔöÇÔöÇÔöÇÔöÇÔöÇÔöÇÔöÇÔöÇÔöÇÔöÇÔöÇÔöÇÔöÇÔöÇÔöÇÔöÇÔöÇÔöÇÔöÇÔöÇÔöÇÔöÇÔöÇÔöÇÔöÇÔöÇÔöÇÔöÇÔöÇÔöÇÔöÇÔöÇÔöÇÔöÇÔöÇÔöÇÔöÇÔöÇÔöÇÔöÇÔöÇÔöÇÔöÇÔöÇÔöÇÔöÇÔöÇÔöÇÔöÇÔöÇÔöÇÔöÇÔöÇÔöÇÔöÇÔöÇÔöÇÔöÇÔöÇÔöÇÔöÇÔöÇÔöÇÔöÇÔöÇÔöÇÔöÇÔöÇÔöÇÔöÇÔöÇÔöÇÔöÇÔöÇÔöÇÔöÇ[0m
[38;5;12mÔöé 01:00:45.888 (+0:00:00.026690)[0m
[38;5;12mÔö£ÔöäÔöäÔöäÔöäÔöäÔöäÔöäÔöäÔöäÔöäÔöäÔöäÔöäÔöäÔöäÔöäÔöäÔöäÔöäÔöäÔöäÔöäÔöäÔöäÔöäÔöäÔöäÔöäÔöäÔöäÔöäÔöäÔöäÔöäÔöäÔöäÔöäÔöäÔöäÔöäÔöäÔöäÔöäÔöäÔöäÔöäÔöäÔöäÔöäÔöäÔöäÔöäÔöäÔöäÔöäÔöäÔöäÔöäÔöäÔöäÔöäÔöäÔöäÔöäÔöäÔöäÔöäÔöäÔöäÔöäÔöäÔöäÔöäÔöäÔöäÔöäÔöäÔöäÔöä[0m
[38;5;12mÔöé ­ƒÆí [Tag] Message 442[0m
[38;5;12mÔööÔöÇÔöÇÔöÇÔöÇÔöÇÔöÇÔöÇÔöÇÔöÇÔöÇÔöÇÔöÇÔöÇÔöÇÔöÇÔöÇÔöÇÔöÇÔöÇÔöÇÔöÇÔöÇÔöÇÔöÇÔöÇÔöÇÔöÇÔöÇÔöÇÔöÇÔöÇÔöÇÔöÇÔöÇÔöÇÔöÇÔöÇÔöÇÔöÇÔöÇÔöÇÔöÇÔöÇÔöÇÔöÇÔöÇÔöÇÔöÇÔöÇÔöÇÔöÇÔöÇÔöÇÔöÇÔöÇÔöÇÔöÇÔöÇÔöÇÔöÇÔöÇÔöÇÔöÇÔöÇÔöÇÔöÇÔöÇÔöÇÔöÇÔöÇÔöÇÔöÇÔöÇÔöÇÔöÇÔöÇÔöÇÔöÇÔöÇ[0m
[38;5;12mÔöîÔöÇÔöÇÔöÇÔöÇÔöÇÔöÇÔöÇÔöÇÔöÇÔöÇÔöÇÔöÇÔöÇÔöÇÔöÇÔöÇÔöÇÔöÇÔöÇÔöÇÔöÇÔöÇÔöÇÔöÇÔöÇÔöÇÔöÇÔöÇÔöÇÔöÇÔöÇÔöÇÔöÇÔöÇÔöÇÔöÇÔöÇÔöÇÔöÇÔöÇÔöÇÔöÇÔöÇÔöÇÔöÇÔöÇÔöÇÔöÇÔöÇÔöÇÔöÇÔöÇÔöÇÔöÇÔöÇÔöÇÔöÇÔöÇÔöÇÔöÇÔöÇÔöÇÔöÇÔöÇÔöÇÔöÇÔöÇÔöÇÔöÇÔöÇÔöÇÔöÇÔöÇÔöÇÔöÇÔöÇÔöÇÔöÇÔöÇ[0m
[38;5;12mÔöé 01:00:45.888 (+0:00:00.026690)[0m
[38;5;12mÔö£ÔöäÔöäÔöäÔöäÔöäÔöäÔöäÔöäÔöäÔöäÔöäÔöäÔöäÔöäÔöäÔöäÔöäÔöäÔöäÔöäÔöäÔöäÔöäÔöäÔöäÔöäÔöäÔöäÔöäÔöäÔöäÔöäÔöäÔöäÔöäÔöäÔöäÔöäÔöäÔöäÔöäÔöäÔöäÔöäÔöäÔöäÔöäÔöäÔöäÔöäÔöäÔöäÔöäÔöäÔöäÔöäÔöäÔöäÔöäÔöäÔöäÔöäÔöäÔöäÔöäÔöäÔöäÔöäÔöäÔöäÔöäÔöäÔöäÔöäÔöäÔöäÔöäÔöäÔöä[0m
[38;5;12mÔöé ­ƒÆí [Tag] Message 443[0m
[38;5;12mÔööÔöÇÔöÇÔöÇÔöÇÔöÇÔöÇÔöÇÔöÇÔöÇÔöÇÔöÇÔöÇÔöÇÔöÇÔöÇÔöÇÔöÇÔöÇÔöÇÔöÇÔöÇÔöÇÔöÇÔöÇÔöÇÔöÇÔöÇÔöÇÔöÇÔöÇÔöÇÔöÇÔöÇÔöÇÔöÇÔöÇÔöÇÔöÇÔöÇÔöÇÔöÇÔöÇÔöÇÔöÇÔöÇÔöÇÔöÇÔöÇÔöÇÔöÇÔöÇÔöÇÔöÇÔöÇÔöÇÔöÇÔöÇÔöÇÔöÇÔöÇÔöÇÔöÇÔöÇÔöÇÔöÇÔöÇÔöÇÔöÇÔöÇÔöÇÔöÇÔöÇÔöÇÔöÇÔöÇÔöÇÔöÇÔöÇÔöÇ[0m
[38;5;12mÔöîÔöÇÔöÇÔöÇÔöÇÔöÇÔöÇÔöÇÔöÇÔöÇÔöÇÔöÇÔöÇÔöÇÔöÇÔöÇÔöÇÔöÇÔöÇÔöÇÔöÇÔöÇÔöÇÔöÇÔöÇÔöÇÔöÇÔöÇÔöÇÔöÇÔöÇÔöÇÔöÇÔöÇÔöÇÔöÇÔöÇÔöÇÔöÇÔöÇÔöÇÔöÇÔöÇÔöÇÔöÇÔöÇÔöÇÔöÇÔöÇÔöÇÔöÇÔöÇÔöÇÔöÇÔöÇÔöÇÔöÇÔöÇÔöÇÔöÇÔöÇÔöÇÔöÇÔöÇÔöÇÔöÇÔöÇÔöÇÔöÇÔöÇÔöÇÔöÇÔöÇÔöÇÔöÇÔöÇÔöÇÔöÇÔöÇÔöÇ[0m
[38;5;12mÔöé 01:00:45.888 (+0:00:00.026690)[0m
[38;5;12mÔö£ÔöäÔöäÔöäÔöäÔöäÔöäÔöäÔöäÔöäÔöäÔöäÔöäÔöäÔöäÔöäÔöäÔöäÔöäÔöäÔöäÔöäÔöäÔöäÔöäÔöäÔöäÔöäÔöäÔöäÔöäÔöäÔöäÔöäÔöäÔöäÔöäÔöäÔöäÔöäÔöäÔöäÔöäÔöäÔöäÔöäÔöäÔöäÔöäÔöäÔöäÔöäÔöäÔöäÔöäÔöäÔöäÔöäÔöäÔöäÔöäÔöäÔöäÔöäÔöäÔöäÔöäÔöäÔöäÔöäÔöäÔöäÔöäÔöäÔöäÔöäÔöäÔöäÔöäÔöä[0m
[38;5;12mÔöé ­ƒÆí [Tag] Message 444[0m
[38;5;12mÔööÔöÇÔöÇÔöÇÔöÇÔöÇÔöÇÔöÇÔöÇÔöÇÔöÇÔöÇÔöÇÔöÇÔöÇÔöÇÔöÇÔöÇÔöÇÔöÇÔöÇÔöÇÔöÇÔöÇÔöÇÔöÇÔöÇÔöÇÔöÇÔöÇÔöÇÔöÇÔöÇÔöÇÔöÇÔöÇÔöÇÔöÇÔöÇÔöÇÔöÇÔöÇÔöÇÔöÇÔöÇÔöÇÔöÇÔöÇÔöÇÔöÇÔöÇÔöÇÔöÇÔöÇÔöÇÔöÇÔöÇÔöÇÔöÇÔöÇÔöÇÔöÇÔöÇÔöÇÔöÇÔöÇÔöÇÔöÇÔöÇÔöÇÔöÇÔöÇÔöÇÔöÇÔöÇÔöÇÔöÇÔöÇÔöÇÔöÇ[0m
[38;5;12mÔöîÔöÇÔöÇÔöÇÔöÇÔöÇÔöÇÔöÇÔöÇÔöÇÔöÇÔöÇÔöÇÔöÇÔöÇÔöÇÔöÇÔöÇÔöÇÔöÇÔöÇÔöÇÔöÇÔöÇÔöÇÔöÇÔöÇÔöÇÔöÇÔöÇÔöÇÔöÇÔöÇÔöÇÔöÇÔöÇÔöÇÔöÇÔöÇÔöÇÔöÇÔöÇÔöÇÔöÇÔöÇÔöÇÔöÇÔöÇÔöÇÔöÇÔöÇÔöÇÔöÇÔöÇÔöÇÔöÇÔöÇÔöÇÔöÇÔöÇÔöÇÔöÇÔöÇÔöÇÔöÇÔöÇÔöÇÔöÇÔöÇÔöÇÔöÇÔöÇÔöÇÔöÇÔöÇÔöÇÔöÇÔöÇÔöÇÔöÇ[0m
[38;5;12mÔöé 01:00:45.888 (+0:00:00.026690)[0m
[38;5;12mÔö£ÔöäÔöäÔöäÔöäÔöäÔöäÔöäÔöäÔöäÔöäÔöäÔöäÔöäÔöäÔöäÔöäÔöäÔöäÔöäÔöäÔöäÔöäÔöäÔöäÔöäÔöäÔöäÔöäÔöäÔöäÔöäÔöäÔöäÔöäÔöäÔöäÔöäÔöäÔöäÔöäÔöäÔöäÔöäÔöäÔöäÔöäÔöäÔöäÔöäÔöäÔöäÔöäÔöäÔöäÔöäÔöäÔöäÔöäÔöäÔöäÔöäÔöäÔöäÔöäÔöäÔöäÔöäÔöäÔöäÔöäÔöäÔöäÔöäÔöäÔöäÔöäÔöäÔöäÔöä[0m
[38;5;12mÔöé ­ƒÆí [Tag] Message 445[0m
[38;5;12mÔööÔöÇÔöÇÔöÇÔöÇÔöÇÔöÇÔöÇÔöÇÔöÇÔöÇÔöÇÔöÇÔöÇÔöÇÔöÇÔöÇÔöÇÔöÇÔöÇÔöÇÔöÇÔöÇÔöÇÔöÇÔöÇÔöÇÔöÇÔöÇÔöÇÔöÇÔöÇÔöÇÔöÇÔöÇÔöÇÔöÇÔöÇÔöÇÔöÇÔöÇÔöÇÔöÇÔöÇÔöÇÔöÇÔöÇÔöÇÔöÇÔöÇÔöÇÔöÇÔöÇÔöÇÔöÇÔöÇÔöÇÔöÇÔöÇÔöÇÔöÇÔöÇÔöÇÔöÇÔöÇÔöÇÔöÇÔöÇÔöÇÔöÇÔöÇÔöÇÔöÇÔöÇÔöÇÔöÇÔöÇÔöÇÔöÇÔöÇ[0m
[38;5;12mÔöîÔöÇÔöÇÔöÇÔöÇÔöÇÔöÇÔöÇÔöÇÔöÇÔöÇÔöÇÔöÇÔöÇÔöÇÔöÇÔöÇÔöÇÔöÇÔöÇÔöÇÔöÇÔöÇÔöÇÔöÇÔöÇÔöÇÔöÇÔöÇÔöÇÔöÇÔöÇÔöÇÔöÇÔöÇÔöÇÔöÇÔöÇÔöÇÔöÇÔöÇÔöÇÔöÇÔöÇÔöÇÔöÇÔöÇÔöÇÔöÇÔöÇÔöÇÔöÇÔöÇÔöÇÔöÇÔöÇÔöÇÔöÇÔöÇÔöÇÔöÇÔöÇÔöÇÔöÇÔöÇÔöÇÔöÇÔöÇÔöÇÔöÇÔöÇÔöÇÔöÇÔöÇÔöÇÔöÇÔöÇÔöÇÔöÇÔöÇ[0m
[38;5;12mÔöé 01:00:45.888 (+0:00:00.026690)[0m
[38;5;12mÔö£ÔöäÔöäÔöäÔöäÔöäÔöäÔöäÔöäÔöäÔöäÔöäÔöäÔöäÔöäÔöäÔöäÔöäÔöäÔöäÔöäÔöäÔöäÔöäÔöäÔöäÔöäÔöäÔöäÔöäÔöäÔöäÔöäÔöäÔöäÔöäÔöäÔöäÔöäÔöäÔöäÔöäÔöäÔöäÔöäÔöäÔöäÔöäÔöäÔöäÔöäÔöäÔöäÔöäÔöäÔöäÔöäÔöäÔöäÔöäÔöäÔöäÔöäÔöäÔöäÔöäÔöäÔöäÔöäÔöäÔöäÔöäÔöäÔöäÔöäÔöäÔöäÔöäÔöäÔöä[0m
[38;5;12mÔöé ­ƒÆí [Tag] Message 446[0m
[38;5;12mÔööÔöÇÔöÇÔöÇÔöÇÔöÇÔöÇÔöÇÔöÇÔöÇÔöÇÔöÇÔöÇÔöÇÔöÇÔöÇÔöÇÔöÇÔöÇÔöÇÔöÇÔöÇÔöÇÔöÇÔöÇÔöÇÔöÇÔöÇÔöÇÔöÇÔöÇÔöÇÔöÇÔöÇÔöÇÔöÇÔöÇÔöÇÔöÇÔöÇÔöÇÔöÇÔöÇÔöÇÔöÇÔöÇÔöÇÔöÇÔöÇÔöÇÔöÇÔöÇÔöÇÔöÇÔöÇÔöÇÔöÇÔöÇÔöÇÔöÇÔöÇÔöÇÔöÇÔöÇÔöÇÔöÇÔöÇÔöÇÔöÇÔöÇÔöÇÔöÇÔöÇÔöÇÔöÇÔöÇÔöÇÔöÇÔöÇÔöÇ[0m
[38;5;12mÔöîÔöÇÔöÇÔöÇÔöÇÔöÇÔöÇÔöÇÔöÇÔöÇÔöÇÔöÇÔöÇÔöÇÔöÇÔöÇÔöÇÔöÇÔöÇÔöÇÔöÇÔöÇÔöÇÔöÇÔöÇÔöÇÔöÇÔöÇÔöÇÔöÇÔöÇÔöÇÔöÇÔöÇÔöÇÔöÇÔöÇÔöÇÔöÇÔöÇÔöÇÔöÇÔöÇÔöÇÔöÇÔöÇÔöÇÔöÇÔöÇÔöÇÔöÇÔöÇÔöÇÔöÇÔöÇÔöÇÔöÇÔöÇÔöÇÔöÇÔöÇÔöÇÔöÇÔöÇÔöÇÔöÇÔöÇÔöÇÔöÇÔöÇÔöÇÔöÇÔöÇÔöÇÔöÇÔöÇÔöÇÔöÇÔöÇÔöÇ[0m
[38;5;12mÔöé 01:00:45.888 (+0:00:00.026690)[0m
[38;5;12mÔö£ÔöäÔöäÔöäÔöäÔöäÔöäÔöäÔöäÔöäÔöäÔöäÔöäÔöäÔöäÔöäÔöäÔöäÔöäÔöäÔöäÔöäÔöäÔöäÔöäÔöäÔöäÔöäÔöäÔöäÔöäÔöäÔöäÔöäÔöäÔöäÔöäÔöäÔöäÔöäÔöäÔöäÔöäÔöäÔöäÔöäÔöäÔöäÔöäÔöäÔöäÔöäÔöäÔöäÔöäÔöäÔöäÔöäÔöäÔöäÔöäÔöäÔöäÔöäÔöäÔöäÔöäÔöäÔöäÔöäÔöäÔöäÔöäÔöäÔöäÔöäÔöäÔöäÔöäÔöä[0m
[38;5;12mÔöé ­ƒÆí [Tag] Message 447[0m
[38;5;12mÔööÔöÇÔöÇÔöÇÔöÇÔöÇÔöÇÔöÇÔöÇÔöÇÔöÇÔöÇÔöÇÔöÇÔöÇÔöÇÔöÇÔöÇÔöÇÔöÇÔöÇÔöÇÔöÇÔöÇÔöÇÔöÇÔöÇÔöÇÔöÇÔöÇÔöÇÔöÇÔöÇÔöÇÔöÇÔöÇÔöÇÔöÇÔöÇÔöÇÔöÇÔöÇÔöÇÔöÇÔöÇÔöÇÔöÇÔöÇÔöÇÔöÇÔöÇÔöÇÔöÇÔöÇÔöÇÔöÇÔöÇÔöÇÔöÇÔöÇÔöÇÔöÇÔöÇÔöÇÔöÇÔöÇÔöÇÔöÇÔöÇÔöÇÔöÇÔöÇÔöÇÔöÇÔöÇÔöÇÔöÇÔöÇÔöÇÔöÇ[0m
[38;5;12mÔöîÔöÇÔöÇÔöÇÔöÇÔöÇÔöÇÔöÇÔöÇÔöÇÔöÇÔöÇÔöÇÔöÇÔöÇÔöÇÔöÇÔöÇÔöÇÔöÇÔöÇÔöÇÔöÇÔöÇÔöÇÔöÇÔöÇÔöÇÔöÇÔöÇÔöÇÔöÇÔöÇÔöÇÔöÇÔöÇÔöÇÔöÇÔöÇÔöÇÔöÇÔöÇÔöÇÔöÇÔöÇÔöÇÔöÇÔöÇÔöÇÔöÇÔöÇÔöÇÔöÇÔöÇÔöÇÔöÇÔöÇÔöÇÔöÇÔöÇÔöÇÔöÇÔöÇÔöÇÔöÇÔöÇÔöÇÔöÇÔöÇÔöÇÔöÇÔöÇÔöÇÔöÇÔöÇÔöÇÔöÇÔöÇÔöÇÔöÇ[0m
[38;5;12mÔöé 01:00:45.888 (+0:00:00.026690)[0m
[38;5;12mÔö£ÔöäÔöäÔöäÔöäÔöäÔöäÔöäÔöäÔöäÔöäÔöäÔöäÔöäÔöäÔöäÔöäÔöäÔöäÔöäÔöäÔöäÔöäÔöäÔöäÔöäÔöäÔöäÔöäÔöäÔöäÔöäÔöäÔöäÔöäÔöäÔöäÔöäÔöäÔöäÔöäÔöäÔöäÔöäÔöäÔöäÔöäÔöäÔöäÔöäÔöäÔöäÔöäÔöäÔöäÔöäÔöäÔöäÔöäÔöäÔöäÔöäÔöäÔöäÔöäÔöäÔöäÔöäÔöäÔöäÔöäÔöäÔöäÔöäÔöäÔöäÔöäÔöäÔöäÔöä[0m
[38;5;12mÔöé ­ƒÆí [Tag] Message 448[0m
[38;5;12mÔööÔöÇÔöÇÔöÇÔöÇÔöÇÔöÇÔöÇÔöÇÔöÇÔöÇÔöÇÔöÇÔöÇÔöÇÔöÇÔöÇÔöÇÔöÇÔöÇÔöÇÔöÇÔöÇÔöÇÔöÇÔöÇÔöÇÔöÇÔöÇÔöÇÔöÇÔöÇÔöÇÔöÇÔöÇÔöÇÔöÇÔöÇÔöÇÔöÇÔöÇÔöÇÔöÇÔöÇÔöÇÔöÇÔöÇÔöÇÔöÇÔöÇÔöÇÔöÇÔöÇÔöÇÔöÇÔöÇÔöÇÔöÇÔöÇÔöÇÔöÇÔöÇÔöÇÔöÇÔöÇÔöÇÔöÇÔöÇÔöÇÔöÇÔöÇÔöÇÔöÇÔöÇÔöÇÔöÇÔöÇÔöÇÔöÇÔöÇ[0m
[38;5;12mÔöîÔöÇÔöÇÔöÇÔöÇÔöÇÔöÇÔöÇÔöÇÔöÇÔöÇÔöÇÔöÇÔöÇÔöÇÔöÇÔöÇÔöÇÔöÇÔöÇÔöÇÔöÇÔöÇÔöÇÔöÇÔöÇÔöÇÔöÇÔöÇÔöÇÔöÇÔöÇÔöÇÔöÇÔöÇÔöÇÔöÇÔöÇÔöÇÔöÇÔöÇÔöÇÔöÇÔöÇÔöÇÔöÇÔöÇÔöÇÔöÇÔöÇÔöÇÔöÇÔöÇÔöÇÔöÇÔöÇÔöÇÔöÇÔöÇÔöÇÔöÇÔöÇÔöÇÔöÇÔöÇÔöÇÔöÇÔöÇÔöÇÔöÇÔöÇÔöÇÔöÇÔöÇÔöÇÔöÇÔöÇÔöÇÔöÇÔöÇ[0m
[38;5;12mÔöé 01:00:45.888 (+0:00:00.026690)[0m
[38;5;12mÔö£ÔöäÔöäÔöäÔöäÔöäÔöäÔöäÔöäÔöäÔöäÔöäÔöäÔöäÔöäÔöäÔöäÔöäÔöäÔöäÔöäÔöäÔöäÔöäÔöäÔöäÔöäÔöäÔöäÔöäÔöäÔöäÔöäÔöäÔöäÔöäÔöäÔöäÔöäÔöäÔöäÔöäÔöäÔöäÔöäÔöäÔöäÔöäÔöäÔöäÔöäÔöäÔöäÔöäÔöäÔöäÔöäÔöäÔöäÔöäÔöäÔöäÔöäÔöäÔöäÔöäÔöäÔöäÔöäÔöäÔöäÔöäÔöäÔöäÔöäÔöäÔöäÔöäÔöäÔöä[0m
[38;5;12mÔöé ­ƒÆí [Tag] Message 449[0m
[38;5;12mÔööÔöÇÔöÇÔöÇÔöÇÔöÇÔöÇÔöÇÔöÇÔöÇÔöÇÔöÇÔöÇÔöÇÔöÇÔöÇÔöÇÔöÇÔöÇÔöÇÔöÇÔöÇÔöÇÔöÇÔöÇÔöÇÔöÇÔöÇÔöÇÔöÇÔöÇÔöÇÔöÇÔöÇÔöÇÔöÇÔöÇÔöÇÔöÇÔöÇÔöÇÔöÇÔöÇÔöÇÔöÇÔöÇÔöÇÔöÇÔöÇÔöÇÔöÇÔöÇÔöÇÔöÇÔöÇÔöÇÔöÇÔöÇÔöÇÔöÇÔöÇÔöÇÔöÇÔöÇÔöÇÔöÇÔöÇÔöÇÔöÇÔöÇÔöÇÔöÇÔöÇÔöÇÔöÇÔöÇÔöÇÔöÇÔöÇÔöÇ[0m
[38;5;12mÔöîÔöÇÔöÇÔöÇÔöÇÔöÇÔöÇÔöÇÔöÇÔöÇÔöÇÔöÇÔöÇÔöÇÔöÇÔöÇÔöÇÔöÇÔöÇÔöÇÔöÇÔöÇÔöÇÔöÇÔöÇÔöÇÔöÇÔöÇÔöÇÔöÇÔöÇÔöÇÔöÇÔöÇÔöÇÔöÇÔöÇÔöÇÔöÇÔöÇÔöÇÔöÇÔöÇÔöÇÔöÇÔöÇÔöÇÔöÇÔöÇÔöÇÔöÇÔöÇÔöÇÔöÇÔöÇÔöÇÔöÇÔöÇÔöÇÔöÇÔöÇÔöÇÔöÇÔöÇÔöÇÔöÇÔöÇÔöÇÔöÇÔöÇÔöÇÔöÇÔöÇÔöÇÔöÇÔöÇÔöÇÔöÇÔöÇÔöÇ[0m
[38;5;12mÔöé 01:00:45.888 (+0:00:00.026690)[0m
[38;5;12mÔö£ÔöäÔöäÔöäÔöäÔöäÔöäÔöäÔöäÔöäÔöäÔöäÔöäÔöäÔöäÔöäÔöäÔöäÔöäÔöäÔöäÔöäÔöäÔöäÔöäÔöäÔöäÔöäÔöäÔöäÔöäÔöäÔöäÔöäÔöäÔöäÔöäÔöäÔöäÔöäÔöäÔöäÔöäÔöäÔöäÔöäÔöäÔöäÔöäÔöäÔöäÔöäÔöäÔöäÔöäÔöäÔöäÔöäÔöäÔöäÔöäÔöäÔöäÔöäÔöäÔöäÔöäÔöäÔöäÔöäÔöäÔöäÔöäÔöäÔöäÔöäÔöäÔöäÔöäÔöä[0m
[38;5;12mÔöé ­ƒÆí [Tag] Message 450[0m
[38;5;12mÔööÔöÇÔöÇÔöÇÔöÇÔöÇÔöÇÔöÇÔöÇÔöÇÔöÇÔöÇÔöÇÔöÇÔöÇÔöÇÔöÇÔöÇÔöÇÔöÇÔöÇÔöÇÔöÇÔöÇÔöÇÔöÇÔöÇÔöÇÔöÇÔöÇÔöÇÔöÇÔöÇÔöÇÔöÇÔöÇÔöÇÔöÇÔöÇÔöÇÔöÇÔöÇÔöÇÔöÇÔöÇÔöÇÔöÇÔöÇÔöÇÔöÇÔöÇÔöÇÔöÇÔöÇÔöÇÔöÇÔöÇÔöÇÔöÇÔöÇÔöÇÔöÇÔöÇÔöÇÔöÇÔöÇÔöÇÔöÇÔöÇÔöÇÔöÇÔöÇÔöÇÔöÇÔöÇÔöÇÔöÇÔöÇÔöÇÔöÇ[0m
[38;5;12mÔöîÔöÇÔöÇÔöÇÔöÇÔöÇÔöÇÔöÇÔöÇÔöÇÔöÇÔöÇÔöÇÔöÇÔöÇÔöÇÔöÇÔöÇÔöÇÔöÇÔöÇÔöÇÔöÇÔöÇÔöÇÔöÇÔöÇÔöÇÔöÇÔöÇÔöÇÔöÇÔöÇÔöÇÔöÇÔöÇÔöÇÔöÇÔöÇÔöÇÔöÇÔöÇÔöÇÔöÇÔöÇÔöÇÔöÇÔöÇÔöÇÔöÇÔöÇÔöÇÔöÇÔöÇÔöÇÔöÇÔöÇÔöÇÔöÇÔöÇÔöÇÔöÇÔöÇÔöÇÔöÇÔöÇÔöÇÔöÇÔöÇÔöÇÔöÇÔöÇÔöÇÔöÇÔöÇÔöÇÔöÇÔöÇÔöÇÔöÇ[0m
[38;5;12mÔöé 01:00:45.888 (+0:00:00.026690)[0m
[38;5;12mÔö£ÔöäÔöäÔöäÔöäÔöäÔöäÔöäÔöäÔöäÔöäÔöäÔöäÔöäÔöäÔöäÔöäÔöäÔöäÔöäÔöäÔöäÔöäÔöäÔöäÔöäÔöäÔöäÔöäÔöäÔöäÔöäÔöäÔöäÔöäÔöäÔöäÔöäÔöäÔöäÔöäÔöäÔöäÔöäÔöäÔöäÔöäÔöäÔöäÔöäÔöäÔöäÔöäÔöäÔöäÔöäÔöäÔöäÔöäÔöäÔöäÔöäÔöäÔöäÔöäÔöäÔöäÔöäÔöäÔöäÔöäÔöäÔöäÔöäÔöäÔöäÔöäÔöäÔöäÔöä[0m
[38;5;12mÔöé ­ƒÆí [Tag] Message 451[0m
[38;5;12mÔööÔöÇÔöÇÔöÇÔöÇÔöÇÔöÇÔöÇÔöÇÔöÇÔöÇÔöÇÔöÇÔöÇÔöÇÔöÇÔöÇÔöÇÔöÇÔöÇÔöÇÔöÇÔöÇÔöÇÔöÇÔöÇÔöÇÔöÇÔöÇÔöÇÔöÇÔöÇÔöÇÔöÇÔöÇÔöÇÔöÇÔöÇÔöÇÔöÇÔöÇÔöÇÔöÇÔöÇÔöÇÔöÇÔöÇÔöÇÔöÇÔöÇÔöÇÔöÇÔöÇÔöÇÔöÇÔöÇÔöÇÔöÇÔöÇÔöÇÔöÇÔöÇÔöÇÔöÇÔöÇÔöÇÔöÇÔöÇÔöÇÔöÇÔöÇÔöÇÔöÇÔöÇÔöÇÔöÇÔöÇÔöÇÔöÇÔöÇ[0m
[38;5;12mÔöîÔöÇÔöÇÔöÇÔöÇÔöÇÔöÇÔöÇÔöÇÔöÇÔöÇÔöÇÔöÇÔöÇÔöÇÔöÇÔöÇÔöÇÔöÇÔöÇÔöÇÔöÇÔöÇÔöÇÔöÇÔöÇÔöÇÔöÇÔöÇÔöÇÔöÇÔöÇÔöÇÔöÇÔöÇÔöÇÔöÇÔöÇÔöÇÔöÇÔöÇÔöÇÔöÇÔöÇÔöÇÔöÇÔöÇÔöÇÔöÇÔöÇÔöÇÔöÇÔöÇÔöÇÔöÇÔöÇÔöÇÔöÇÔöÇÔöÇÔöÇÔöÇÔöÇÔöÇÔöÇÔöÇÔöÇÔöÇÔöÇÔöÇÔöÇÔöÇÔöÇÔöÇÔöÇÔöÇÔöÇÔöÇÔöÇÔöÇ[0m
[38;5;12mÔöé 01:00:45.888 (+0:00:00.026690)[0m
[38;5;12mÔö£ÔöäÔöäÔöäÔöäÔöäÔöäÔöäÔöäÔöäÔöäÔöäÔöäÔöäÔöäÔöäÔöäÔöäÔöäÔöäÔöäÔöäÔöäÔöäÔöäÔöäÔöäÔöäÔöäÔöäÔöäÔöäÔöäÔöäÔöäÔöäÔöäÔöäÔöäÔöäÔöäÔöäÔöäÔöäÔöäÔöäÔöäÔöäÔöäÔöäÔöäÔöäÔöäÔöäÔöäÔöäÔöäÔöäÔöäÔöäÔöäÔöäÔöäÔöäÔöäÔöäÔöäÔöäÔöäÔöäÔöäÔöäÔöäÔöäÔöäÔöäÔöäÔöäÔöäÔöä[0m
[38;5;12mÔöé ­ƒÆí [Tag] Message 452[0m
[38;5;12mÔööÔöÇÔöÇÔöÇÔöÇÔöÇÔöÇÔöÇÔöÇÔöÇÔöÇÔöÇÔöÇÔöÇÔöÇÔöÇÔöÇÔöÇÔöÇÔöÇÔöÇÔöÇÔöÇÔöÇÔöÇÔöÇÔöÇÔöÇÔöÇÔöÇÔöÇÔöÇÔöÇÔöÇÔöÇÔöÇÔöÇÔöÇÔöÇÔöÇÔöÇÔöÇÔöÇÔöÇÔöÇÔöÇÔöÇÔöÇÔöÇÔöÇÔöÇÔöÇÔöÇÔöÇÔöÇÔöÇÔöÇÔöÇÔöÇÔöÇÔöÇÔöÇÔöÇÔöÇÔöÇÔöÇÔöÇÔöÇÔöÇÔöÇÔöÇÔöÇÔöÇÔöÇÔöÇÔöÇÔöÇÔöÇÔöÇÔöÇ[0m
[38;5;12mÔöîÔöÇÔöÇÔöÇÔöÇÔöÇÔöÇÔöÇÔöÇÔöÇÔöÇÔöÇÔöÇÔöÇÔöÇÔöÇÔöÇÔöÇÔöÇÔöÇÔöÇÔöÇÔöÇÔöÇÔöÇÔöÇÔöÇÔöÇÔöÇÔöÇÔöÇÔöÇÔöÇÔöÇÔöÇÔöÇÔöÇÔöÇÔöÇÔöÇÔöÇÔöÇÔöÇÔöÇÔöÇÔöÇÔöÇÔöÇÔöÇÔöÇÔöÇÔöÇÔöÇÔöÇÔöÇÔöÇÔöÇÔöÇÔöÇÔöÇÔöÇÔöÇÔöÇÔöÇÔöÇÔöÇÔöÇÔöÇÔöÇÔöÇÔöÇÔöÇÔöÇÔöÇÔöÇÔöÇÔöÇÔöÇÔöÇÔöÇ[0m
[38;5;12mÔöé 01:00:45.888 (+0:00:00.026690)[0m
[38;5;12mÔö£ÔöäÔöäÔöäÔöäÔöäÔöäÔöäÔöäÔöäÔöäÔöäÔöäÔöäÔöäÔöäÔöäÔöäÔöäÔöäÔöäÔöäÔöäÔöäÔöäÔöäÔöäÔöäÔöäÔöäÔöäÔöäÔöäÔöäÔöäÔöäÔöäÔöäÔöäÔöäÔöäÔöäÔöäÔöäÔöäÔöäÔöäÔöäÔöäÔöäÔöäÔöäÔöäÔöäÔöäÔöäÔöäÔöäÔöäÔöäÔöäÔöäÔöäÔöäÔöäÔöäÔöäÔöäÔöäÔöäÔöäÔöäÔöäÔöäÔöäÔöäÔöäÔöäÔöäÔöä[0m
[38;5;12mÔöé ­ƒÆí [Tag] Message 453[0m
[38;5;12mÔööÔöÇÔöÇÔöÇÔöÇÔöÇÔöÇÔöÇÔöÇÔöÇÔöÇÔöÇÔöÇÔöÇÔöÇÔöÇÔöÇÔöÇÔöÇÔöÇÔöÇÔöÇÔöÇÔöÇÔöÇÔöÇÔöÇÔöÇÔöÇÔöÇÔöÇÔöÇÔöÇÔöÇÔöÇÔöÇÔöÇÔöÇÔöÇÔöÇÔöÇÔöÇÔöÇÔöÇÔöÇÔöÇÔöÇÔöÇÔöÇÔöÇÔöÇÔöÇÔöÇÔöÇÔöÇÔöÇÔöÇÔöÇÔöÇÔöÇÔöÇÔöÇÔöÇÔöÇÔöÇÔöÇÔöÇÔöÇÔöÇÔöÇÔöÇÔöÇÔöÇÔöÇÔöÇÔöÇÔöÇÔöÇÔöÇÔöÇ[0m
[38;5;12mÔöîÔöÇÔöÇÔöÇÔöÇÔöÇÔöÇÔöÇÔöÇÔöÇÔöÇÔöÇÔöÇÔöÇÔöÇÔöÇÔöÇÔöÇÔöÇÔöÇÔöÇÔöÇÔöÇÔöÇÔöÇÔöÇÔöÇÔöÇÔöÇÔöÇÔöÇÔöÇÔöÇÔöÇÔöÇÔöÇÔöÇÔöÇÔöÇÔöÇÔöÇÔöÇÔöÇÔöÇÔöÇÔöÇÔöÇÔöÇÔöÇÔöÇÔöÇÔöÇÔöÇÔöÇÔöÇÔöÇÔöÇÔöÇÔöÇÔöÇÔöÇÔöÇÔöÇÔöÇÔöÇÔöÇÔöÇÔöÇÔöÇÔöÇÔöÇÔöÇÔöÇÔöÇÔöÇÔöÇÔöÇÔöÇÔöÇÔöÇ[0m
[38;5;12mÔöé 01:00:45.888 (+0:00:00.026690)[0m
[38;5;12mÔö£ÔöäÔöäÔöäÔöäÔöäÔöäÔöäÔöäÔöäÔöäÔöäÔöäÔöäÔöäÔöäÔöäÔöäÔöäÔöäÔöäÔöäÔöäÔöäÔöäÔöäÔöäÔöäÔöäÔöäÔöäÔöäÔöäÔöäÔöäÔöäÔöäÔöäÔöäÔöäÔöäÔöäÔöäÔöäÔöäÔöäÔöäÔöäÔöäÔöäÔöäÔöäÔöäÔöäÔöäÔöäÔöäÔöäÔöäÔöäÔöäÔöäÔöäÔöäÔöäÔöäÔöäÔöäÔöäÔöäÔöäÔöäÔöäÔöäÔöäÔöäÔöäÔöäÔöäÔöä[0m
[38;5;12mÔöé ­ƒÆí [Tag] Message 454[0m
[38;5;12mÔööÔöÇÔöÇÔöÇÔöÇÔöÇÔöÇÔöÇÔöÇÔöÇÔöÇÔöÇÔöÇÔöÇÔöÇÔöÇÔöÇÔöÇÔöÇÔöÇÔöÇÔöÇÔöÇÔöÇÔöÇÔöÇÔöÇÔöÇÔöÇÔöÇÔöÇÔöÇÔöÇÔöÇÔöÇÔöÇÔöÇÔöÇÔöÇÔöÇÔöÇÔöÇÔöÇÔöÇÔöÇÔöÇÔöÇÔöÇÔöÇÔöÇÔöÇÔöÇÔöÇÔöÇÔöÇÔöÇÔöÇÔöÇÔöÇÔöÇÔöÇÔöÇÔöÇÔöÇÔöÇÔöÇÔöÇÔöÇÔöÇÔöÇÔöÇÔöÇÔöÇÔöÇÔöÇÔöÇÔöÇÔöÇÔöÇÔöÇ[0m
[38;5;12mÔöîÔöÇÔöÇÔöÇÔöÇÔöÇÔöÇÔöÇÔöÇÔöÇÔöÇÔöÇÔöÇÔöÇÔöÇÔöÇÔöÇÔöÇÔöÇÔöÇÔöÇÔöÇÔöÇÔöÇÔöÇÔöÇÔöÇÔöÇÔöÇÔöÇÔöÇÔöÇÔöÇÔöÇÔöÇÔöÇÔöÇÔöÇÔöÇÔöÇÔöÇÔöÇÔöÇÔöÇÔöÇÔöÇÔöÇÔöÇÔöÇÔöÇÔöÇÔöÇÔöÇÔöÇÔöÇÔöÇÔöÇÔöÇÔöÇÔöÇÔöÇÔöÇÔöÇÔöÇÔöÇÔöÇÔöÇÔöÇÔöÇÔöÇÔöÇÔöÇÔöÇÔöÇÔöÇÔöÇÔöÇÔöÇÔöÇÔöÇ[0m
[38;5;12mÔöé 01:00:45.888 (+0:00:00.026690)[0m
[38;5;12mÔö£ÔöäÔöäÔöäÔöäÔöäÔöäÔöäÔöäÔöäÔöäÔöäÔöäÔöäÔöäÔöäÔöäÔöäÔöäÔöäÔöäÔöäÔöäÔöäÔöäÔöäÔöäÔöäÔöäÔöäÔöäÔöäÔöäÔöäÔöäÔöäÔöäÔöäÔöäÔöäÔöäÔöäÔöäÔöäÔöäÔöäÔöäÔöäÔöäÔöäÔöäÔöäÔöäÔöäÔöäÔöäÔöäÔöäÔöäÔöäÔöäÔöäÔöäÔöäÔöäÔöäÔöäÔöäÔöäÔöäÔöäÔöäÔöäÔöäÔöäÔöäÔöäÔöäÔöäÔöä[0m
[38;5;12mÔöé ­ƒÆí [Tag] Message 455[0m
[38;5;12mÔööÔöÇÔöÇÔöÇÔöÇÔöÇÔöÇÔöÇÔöÇÔöÇÔöÇÔöÇÔöÇÔöÇÔöÇÔöÇÔöÇÔöÇÔöÇÔöÇÔöÇÔöÇÔöÇÔöÇÔöÇÔöÇÔöÇÔöÇÔöÇÔöÇÔöÇÔöÇÔöÇÔöÇÔöÇÔöÇÔöÇÔöÇÔöÇÔöÇÔöÇÔöÇÔöÇÔöÇÔöÇÔöÇÔöÇÔöÇÔöÇÔöÇÔöÇÔöÇÔöÇÔöÇÔöÇÔöÇÔöÇÔöÇÔöÇÔöÇÔöÇÔöÇÔöÇÔöÇÔöÇÔöÇÔöÇÔöÇÔöÇÔöÇÔöÇÔöÇÔöÇÔöÇÔöÇÔöÇÔöÇÔöÇÔöÇÔöÇ[0m
[38;5;12mÔöîÔöÇÔöÇÔöÇÔöÇÔöÇÔöÇÔöÇÔöÇÔöÇÔöÇÔöÇÔöÇÔöÇÔöÇÔöÇÔöÇÔöÇÔöÇÔöÇÔöÇÔöÇÔöÇÔöÇÔöÇÔöÇÔöÇÔöÇÔöÇÔöÇÔöÇÔöÇÔöÇÔöÇÔöÇÔöÇÔöÇÔöÇÔöÇÔöÇÔöÇÔöÇÔöÇÔöÇÔöÇÔöÇÔöÇÔöÇÔöÇÔöÇÔöÇÔöÇÔöÇÔöÇÔöÇÔöÇÔöÇÔöÇÔöÇÔöÇÔöÇÔöÇÔöÇÔöÇÔöÇÔöÇÔöÇÔöÇÔöÇÔöÇÔöÇÔöÇÔöÇÔöÇÔöÇÔöÇÔöÇÔöÇÔöÇÔöÇ[0m
[38;5;12mÔöé 01:00:45.888 (+0:00:00.026690)[0m
[38;5;12mÔö£ÔöäÔöäÔöäÔöäÔöäÔöäÔöäÔöäÔöäÔöäÔöäÔöäÔöäÔöäÔöäÔöäÔöäÔöäÔöäÔöäÔöäÔöäÔöäÔöäÔöäÔöäÔöäÔöäÔöäÔöäÔöäÔöäÔöäÔöäÔöäÔöäÔöäÔöäÔöäÔöäÔöäÔöäÔöäÔöäÔöäÔöäÔöäÔöäÔöäÔöäÔöäÔöäÔöäÔöäÔöäÔöäÔöäÔöäÔöäÔöäÔöäÔöäÔöäÔöäÔöäÔöäÔöäÔöäÔöäÔöäÔöäÔöäÔöäÔöäÔöäÔöäÔöäÔöäÔöä[0m
[38;5;12mÔöé ­ƒÆí [Tag] Message 456[0m
[38;5;12mÔööÔöÇÔöÇÔöÇÔöÇÔöÇÔöÇÔöÇÔöÇÔöÇÔöÇÔöÇÔöÇÔöÇÔöÇÔöÇÔöÇÔöÇÔöÇÔöÇÔöÇÔöÇÔöÇÔöÇÔöÇÔöÇÔöÇÔöÇÔöÇÔöÇÔöÇÔöÇÔöÇÔöÇÔöÇÔöÇÔöÇÔöÇÔöÇÔöÇÔöÇÔöÇÔöÇÔöÇÔöÇÔöÇÔöÇÔöÇÔöÇÔöÇÔöÇÔöÇÔöÇÔöÇÔöÇÔöÇÔöÇÔöÇÔöÇÔöÇÔöÇÔöÇÔöÇÔöÇÔöÇÔöÇÔöÇÔöÇÔöÇÔöÇÔöÇÔöÇÔöÇÔöÇÔöÇÔöÇÔöÇÔöÇÔöÇÔöÇ[0m
[38;5;12mÔöîÔöÇÔöÇÔöÇÔöÇÔöÇÔöÇÔöÇÔöÇÔöÇÔöÇÔöÇÔöÇÔöÇÔöÇÔöÇÔöÇÔöÇÔöÇÔöÇÔöÇÔöÇÔöÇÔöÇÔöÇÔöÇÔöÇÔöÇÔöÇÔöÇÔöÇÔöÇÔöÇÔöÇÔöÇÔöÇÔöÇÔöÇÔöÇÔöÇÔöÇÔöÇÔöÇÔöÇÔöÇÔöÇÔöÇÔöÇÔöÇÔöÇÔöÇÔöÇÔöÇÔöÇÔöÇÔöÇÔöÇÔöÇÔöÇÔöÇÔöÇÔöÇÔöÇÔöÇÔöÇÔöÇÔöÇÔöÇÔöÇÔöÇÔöÇÔöÇÔöÇÔöÇÔöÇÔöÇÔöÇÔöÇÔöÇÔöÇ[0m
[38;5;12mÔöé 01:00:45.888 (+0:00:00.026690)[0m
[38;5;12mÔö£ÔöäÔöäÔöäÔöäÔöäÔöäÔöäÔöäÔöäÔöäÔöäÔöäÔöäÔöäÔöäÔöäÔöäÔöäÔöäÔöäÔöäÔöäÔöäÔöäÔöäÔöäÔöäÔöäÔöäÔöäÔöäÔöäÔöäÔöäÔöäÔöäÔöäÔöäÔöäÔöäÔöäÔöäÔöäÔöäÔöäÔöäÔöäÔöäÔöäÔöäÔöäÔöäÔöäÔöäÔöäÔöäÔöäÔöäÔöäÔöäÔöäÔöäÔöäÔöäÔöäÔöäÔöäÔöäÔöäÔöäÔöäÔöäÔöäÔöäÔöäÔöäÔöäÔöäÔöä[0m
[38;5;12mÔöé ­ƒÆí [Tag] Message 457[0m
[38;5;12mÔööÔöÇÔöÇÔöÇÔöÇÔöÇÔöÇÔöÇÔöÇÔöÇÔöÇÔöÇÔöÇÔöÇÔöÇÔöÇÔöÇÔöÇÔöÇÔöÇÔöÇÔöÇÔöÇÔöÇÔöÇÔöÇÔöÇÔöÇÔöÇÔöÇÔöÇÔöÇÔöÇÔöÇÔöÇÔöÇÔöÇÔöÇÔöÇÔöÇÔöÇÔöÇÔöÇÔöÇÔöÇÔöÇÔöÇÔöÇÔöÇÔöÇÔöÇÔöÇÔöÇÔöÇÔöÇÔöÇÔöÇÔöÇÔöÇÔöÇÔöÇÔöÇÔöÇÔöÇÔöÇÔöÇÔöÇÔöÇÔöÇÔöÇÔöÇÔöÇÔöÇÔöÇÔöÇÔöÇÔöÇÔöÇÔöÇÔöÇ[0m
[38;5;12mÔöîÔöÇÔöÇÔöÇÔöÇÔöÇÔöÇÔöÇÔöÇÔöÇÔöÇÔöÇÔöÇÔöÇÔöÇÔöÇÔöÇÔöÇÔöÇÔöÇÔöÇÔöÇÔöÇÔöÇÔöÇÔöÇÔöÇÔöÇÔöÇÔöÇÔöÇÔöÇÔöÇÔöÇÔöÇÔöÇÔöÇÔöÇÔöÇÔöÇÔöÇÔöÇÔöÇÔöÇÔöÇÔöÇÔöÇÔöÇÔöÇÔöÇÔöÇÔöÇÔöÇÔöÇÔöÇÔöÇÔöÇÔöÇÔöÇÔöÇÔöÇÔöÇÔöÇÔöÇÔöÇÔöÇÔöÇÔöÇÔöÇÔöÇÔöÇÔöÇÔöÇÔöÇÔöÇÔöÇÔöÇÔöÇÔöÇÔöÇ[0m
[38;5;12mÔöé 01:00:45.888 (+0:00:00.026690)[0m
[38;5;12mÔö£ÔöäÔöäÔöäÔöäÔöäÔöäÔöäÔöäÔöäÔöäÔöäÔöäÔöäÔöäÔöäÔöäÔöäÔöäÔöäÔöäÔöäÔöäÔöäÔöäÔöäÔöäÔöäÔöäÔöäÔöäÔöäÔöäÔöäÔöäÔöäÔöäÔöäÔöäÔöäÔöäÔöäÔöäÔöäÔöäÔöäÔöäÔöäÔöäÔöäÔöäÔöäÔöäÔöäÔöäÔöäÔöäÔöäÔöäÔöäÔöäÔöäÔöäÔöäÔöäÔöäÔöäÔöäÔöäÔöäÔöäÔöäÔöäÔöäÔöäÔöäÔöäÔöäÔöäÔöä[0m
[38;5;12mÔöé ­ƒÆí [Tag] Message 458[0m
[38;5;12mÔööÔöÇÔöÇÔöÇÔöÇÔöÇÔöÇÔöÇÔöÇÔöÇÔöÇÔöÇÔöÇÔöÇÔöÇÔöÇÔöÇÔöÇÔöÇÔöÇÔöÇÔöÇÔöÇÔöÇÔöÇÔöÇÔöÇÔöÇÔöÇÔöÇÔöÇÔöÇÔöÇÔöÇÔöÇÔöÇÔöÇÔöÇÔöÇÔöÇÔöÇÔöÇÔöÇÔöÇÔöÇÔöÇÔöÇÔöÇÔöÇÔöÇÔöÇÔöÇÔöÇÔöÇÔöÇÔöÇÔöÇÔöÇÔöÇÔöÇÔöÇÔöÇÔöÇÔöÇÔöÇÔöÇÔöÇÔöÇÔöÇÔöÇÔöÇÔöÇÔöÇÔöÇÔöÇÔöÇÔöÇÔöÇÔöÇÔöÇ[0m
[38;5;12mÔöîÔöÇÔöÇÔöÇÔöÇÔöÇÔöÇÔöÇÔöÇÔöÇÔöÇÔöÇÔöÇÔöÇÔöÇÔöÇÔöÇÔöÇÔöÇÔöÇÔöÇÔöÇÔöÇÔöÇÔöÇÔöÇÔöÇÔöÇÔöÇÔöÇÔöÇÔöÇÔöÇÔöÇÔöÇÔöÇÔöÇÔöÇÔöÇÔöÇÔöÇÔöÇÔöÇÔöÇÔöÇÔöÇÔöÇÔöÇÔöÇÔöÇÔöÇÔöÇÔöÇÔöÇÔöÇÔöÇÔöÇÔöÇÔöÇÔöÇÔöÇÔöÇÔöÇÔöÇÔöÇÔöÇÔöÇÔöÇÔöÇÔöÇÔöÇÔöÇÔöÇÔöÇÔöÇÔöÇÔöÇÔöÇÔöÇÔöÇ[0m
[38;5;12mÔöé 01:00:45.888 (+0:00:00.026690)[0m
[38;5;12mÔö£ÔöäÔöäÔöäÔöäÔöäÔöäÔöäÔöäÔöäÔöäÔöäÔöäÔöäÔöäÔöäÔöäÔöäÔöäÔöäÔöäÔöäÔöäÔöäÔöäÔöäÔöäÔöäÔöäÔöäÔöäÔöäÔöäÔöäÔöäÔöäÔöäÔöäÔöäÔöäÔöäÔöäÔöäÔöäÔöäÔöäÔöäÔöäÔöäÔöäÔöäÔöäÔöäÔöäÔöäÔöäÔöäÔöäÔöäÔöäÔöäÔöäÔöäÔöäÔöäÔöäÔöäÔöäÔöäÔöäÔöäÔöäÔöäÔöäÔöäÔöäÔöäÔöäÔöäÔöä[0m
[38;5;12mÔöé ­ƒÆí [Tag] Message 459[0m
[38;5;12mÔööÔöÇÔöÇÔöÇÔöÇÔöÇÔöÇÔöÇÔöÇÔöÇÔöÇÔöÇÔöÇÔöÇÔöÇÔöÇÔöÇÔöÇÔöÇÔöÇÔöÇÔöÇÔöÇÔöÇÔöÇÔöÇÔöÇÔöÇÔöÇÔöÇÔöÇÔöÇÔöÇÔöÇÔöÇÔöÇÔöÇÔöÇÔöÇÔöÇÔöÇÔöÇÔöÇÔöÇÔöÇÔöÇÔöÇÔöÇÔöÇÔöÇÔöÇÔöÇÔöÇÔöÇÔöÇÔöÇÔöÇÔöÇÔöÇÔöÇÔöÇÔöÇÔöÇÔöÇÔöÇÔöÇÔöÇÔöÇÔöÇÔöÇÔöÇÔöÇÔöÇÔöÇÔöÇÔöÇÔöÇÔöÇÔöÇÔöÇ[0m
[38;5;12mÔöîÔöÇÔöÇÔöÇÔöÇÔöÇÔöÇÔöÇÔöÇÔöÇÔöÇÔöÇÔöÇÔöÇÔöÇÔöÇÔöÇÔöÇÔöÇÔöÇÔöÇÔöÇÔöÇÔöÇÔöÇÔöÇÔöÇÔöÇÔöÇÔöÇÔöÇÔöÇÔöÇÔöÇÔöÇÔöÇÔöÇÔöÇÔöÇÔöÇÔöÇÔöÇÔöÇÔöÇÔöÇÔöÇÔöÇÔöÇÔöÇÔöÇÔöÇÔöÇÔöÇÔöÇÔöÇÔöÇÔöÇÔöÇÔöÇÔöÇÔöÇÔöÇÔöÇÔöÇÔöÇÔöÇÔöÇÔöÇÔöÇÔöÇÔöÇÔöÇÔöÇÔöÇÔöÇÔöÇÔöÇÔöÇÔöÇÔöÇ[0m
[38;5;12mÔöé 01:00:45.888 (+0:00:00.026690)[0m
[38;5;12mÔö£ÔöäÔöäÔöäÔöäÔöäÔöäÔöäÔöäÔöäÔöäÔöäÔöäÔöäÔöäÔöäÔöäÔöäÔöäÔöäÔöäÔöäÔöäÔöäÔöäÔöäÔöäÔöäÔöäÔöäÔöäÔöäÔöäÔöäÔöäÔöäÔöäÔöäÔöäÔöäÔöäÔöäÔöäÔöäÔöäÔöäÔöäÔöäÔöäÔöäÔöäÔöäÔöäÔöäÔöäÔöäÔöäÔöäÔöäÔöäÔöäÔöäÔöäÔöäÔöäÔöäÔöäÔöäÔöäÔöäÔöäÔöäÔöäÔöäÔöäÔöäÔöäÔöäÔöäÔöä[0m
[38;5;12mÔöé ­ƒÆí [Tag] Message 460[0m
[38;5;12mÔööÔöÇÔöÇÔöÇÔöÇÔöÇÔöÇÔöÇÔöÇÔöÇÔöÇÔöÇÔöÇÔöÇÔöÇÔöÇÔöÇÔöÇÔöÇÔöÇÔöÇÔöÇÔöÇÔöÇÔöÇÔöÇÔöÇÔöÇÔöÇÔöÇÔöÇÔöÇÔöÇÔöÇÔöÇÔöÇÔöÇÔöÇÔöÇÔöÇÔöÇÔöÇÔöÇÔöÇÔöÇÔöÇÔöÇÔöÇÔöÇÔöÇÔöÇÔöÇÔöÇÔöÇÔöÇÔöÇÔöÇÔöÇÔöÇÔöÇÔöÇÔöÇÔöÇÔöÇÔöÇÔöÇÔöÇÔöÇÔöÇÔöÇÔöÇÔöÇÔöÇÔöÇÔöÇÔöÇÔöÇÔöÇÔöÇÔöÇ[0m
[38;5;12mÔöîÔöÇÔöÇÔöÇÔöÇÔöÇÔöÇÔöÇÔöÇÔöÇÔöÇÔöÇÔöÇÔöÇÔöÇÔöÇÔöÇÔöÇÔöÇÔöÇÔöÇÔöÇÔöÇÔöÇÔöÇÔöÇÔöÇÔöÇÔöÇÔöÇÔöÇÔöÇÔöÇÔöÇÔöÇÔöÇÔöÇÔöÇÔöÇÔöÇÔöÇÔöÇÔöÇÔöÇÔöÇÔöÇÔöÇÔöÇÔöÇÔöÇÔöÇÔöÇÔöÇÔöÇÔöÇÔöÇÔöÇÔöÇÔöÇÔöÇÔöÇÔöÇÔöÇÔöÇÔöÇÔöÇÔöÇÔöÇÔöÇÔöÇÔöÇÔöÇÔöÇÔöÇÔöÇÔöÇÔöÇÔöÇÔöÇÔöÇ[0m
[38;5;12mÔöé 01:00:45.888 (+0:00:00.026690)[0m
[38;5;12mÔö£ÔöäÔöäÔöäÔöäÔöäÔöäÔöäÔöäÔöäÔöäÔöäÔöäÔöäÔöäÔöäÔöäÔöäÔöäÔöäÔöäÔöäÔöäÔöäÔöäÔöäÔöäÔöäÔöäÔöäÔöäÔöäÔöäÔöäÔöäÔöäÔöäÔöäÔöäÔöäÔöäÔöäÔöäÔöäÔöäÔöäÔöäÔöäÔöäÔöäÔöäÔöäÔöäÔöäÔöäÔöäÔöäÔöäÔöäÔöäÔöäÔöäÔöäÔöäÔöäÔöäÔöäÔöäÔöäÔöäÔöäÔöäÔöäÔöäÔöäÔöäÔöäÔöäÔöäÔöä[0m
[38;5;12mÔöé ­ƒÆí [Tag] Message 461[0m
[38;5;12mÔööÔöÇÔöÇÔöÇÔöÇÔöÇÔöÇÔöÇÔöÇÔöÇÔöÇÔöÇÔöÇÔöÇÔöÇÔöÇÔöÇÔöÇÔöÇÔöÇÔöÇÔöÇÔöÇÔöÇÔöÇÔöÇÔöÇÔöÇÔöÇÔöÇÔöÇÔöÇÔöÇÔöÇÔöÇÔöÇÔöÇÔöÇÔöÇÔöÇÔöÇÔöÇÔöÇÔöÇÔöÇÔöÇÔöÇÔöÇÔöÇÔöÇÔöÇÔöÇÔöÇÔöÇÔöÇÔöÇÔöÇÔöÇÔöÇÔöÇÔöÇÔöÇÔöÇÔöÇÔöÇÔöÇÔöÇÔöÇÔöÇÔöÇÔöÇÔöÇÔöÇÔöÇÔöÇÔöÇÔöÇÔöÇÔöÇÔöÇ[0m
[38;5;12mÔöîÔöÇÔöÇÔöÇÔöÇÔöÇÔöÇÔöÇÔöÇÔöÇÔöÇÔöÇÔöÇÔöÇÔöÇÔöÇÔöÇÔöÇÔöÇÔöÇÔöÇÔöÇÔöÇÔöÇÔöÇÔöÇÔöÇÔöÇÔöÇÔöÇÔöÇÔöÇÔöÇÔöÇÔöÇÔöÇÔöÇÔöÇÔöÇÔöÇÔöÇÔöÇÔöÇÔöÇÔöÇÔöÇÔöÇÔöÇÔöÇÔöÇÔöÇÔöÇÔöÇÔöÇÔöÇÔöÇÔöÇÔöÇÔöÇÔöÇÔöÇÔöÇÔöÇÔöÇÔöÇÔöÇÔöÇÔöÇÔöÇÔöÇÔöÇÔöÇÔöÇÔöÇÔöÇÔöÇÔöÇÔöÇÔöÇÔöÇ[0m
[38;5;12mÔöé 01:00:45.888 (+0:00:00.026690)[0m
[38;5;12mÔö£ÔöäÔöäÔöäÔöäÔöäÔöäÔöäÔöäÔöäÔöäÔöäÔöäÔöäÔöäÔöäÔöäÔöäÔöäÔöäÔöäÔöäÔöäÔöäÔöäÔöäÔöäÔöäÔöäÔöäÔöäÔöäÔöäÔöäÔöäÔöäÔöäÔöäÔöäÔöäÔöäÔöäÔöäÔöäÔöäÔöäÔöäÔöäÔöäÔöäÔöäÔöäÔöäÔöäÔöäÔöäÔöäÔöäÔöäÔöäÔöäÔöäÔöäÔöäÔöäÔöäÔöäÔöäÔöäÔöäÔöäÔöäÔöäÔöäÔöäÔöäÔöäÔöäÔöäÔöä[0m
[38;5;12mÔöé ­ƒÆí [Tag] Message 462[0m
[38;5;12mÔööÔöÇÔöÇÔöÇÔöÇÔöÇÔöÇÔöÇÔöÇÔöÇÔöÇÔöÇÔöÇÔöÇÔöÇÔöÇÔöÇÔöÇÔöÇÔöÇÔöÇÔöÇÔöÇÔöÇÔöÇÔöÇÔöÇÔöÇÔöÇÔöÇÔöÇÔöÇÔöÇÔöÇÔöÇÔöÇÔöÇÔöÇÔöÇÔöÇÔöÇÔöÇÔöÇÔöÇÔöÇÔöÇÔöÇÔöÇÔöÇÔöÇÔöÇÔöÇÔöÇÔöÇÔöÇÔöÇÔöÇÔöÇÔöÇÔöÇÔöÇÔöÇÔöÇÔöÇÔöÇÔöÇÔöÇÔöÇÔöÇÔöÇÔöÇÔöÇÔöÇÔöÇÔöÇÔöÇÔöÇÔöÇÔöÇÔöÇ[0m
[38;5;12mÔöîÔöÇÔöÇÔöÇÔöÇÔöÇÔöÇÔöÇÔöÇÔöÇÔöÇÔöÇÔöÇÔöÇÔöÇÔöÇÔöÇÔöÇÔöÇÔöÇÔöÇÔöÇÔöÇÔöÇÔöÇÔöÇÔöÇÔöÇÔöÇÔöÇÔöÇÔöÇÔöÇÔöÇÔöÇÔöÇÔöÇÔöÇÔöÇÔöÇÔöÇÔöÇÔöÇÔöÇÔöÇÔöÇÔöÇÔöÇÔöÇÔöÇÔöÇÔöÇÔöÇÔöÇÔöÇÔöÇÔöÇÔöÇÔöÇÔöÇÔöÇÔöÇÔöÇÔöÇÔöÇÔöÇÔöÇÔöÇÔöÇÔöÇÔöÇÔöÇÔöÇÔöÇÔöÇÔöÇÔöÇÔöÇÔöÇÔöÇ[0m
[38;5;12mÔöé 01:00:45.888 (+0:00:00.026690)[0m
[38;5;12mÔö£ÔöäÔöäÔöäÔöäÔöäÔöäÔöäÔöäÔöäÔöäÔöäÔöäÔöäÔöäÔöäÔöäÔöäÔöäÔöäÔöäÔöäÔöäÔöäÔöäÔöäÔöäÔöäÔöäÔöäÔöäÔöäÔöäÔöäÔöäÔöäÔöäÔöäÔöäÔöäÔöäÔöäÔöäÔöäÔöäÔöäÔöäÔöäÔöäÔöäÔöäÔöäÔöäÔöäÔöäÔöäÔöäÔöäÔöäÔöäÔöäÔöäÔöäÔöäÔöäÔöäÔöäÔöäÔöäÔöäÔöäÔöäÔöäÔöäÔöäÔöäÔöäÔöäÔöäÔöä[0m
[38;5;12mÔöé ­ƒÆí [Tag] Message 463[0m
[38;5;12mÔööÔöÇÔöÇÔöÇÔöÇÔöÇÔöÇÔöÇÔöÇÔöÇÔöÇÔöÇÔöÇÔöÇÔöÇÔöÇÔöÇÔöÇÔöÇÔöÇÔöÇÔöÇÔöÇÔöÇÔöÇÔöÇÔöÇÔöÇÔöÇÔöÇÔöÇÔöÇÔöÇÔöÇÔöÇÔöÇÔöÇÔöÇÔöÇÔöÇÔöÇÔöÇÔöÇÔöÇÔöÇÔöÇÔöÇÔöÇÔöÇÔöÇÔöÇÔöÇÔöÇÔöÇÔöÇÔöÇÔöÇÔöÇÔöÇÔöÇÔöÇÔöÇÔöÇÔöÇÔöÇÔöÇÔöÇÔöÇÔöÇÔöÇÔöÇÔöÇÔöÇÔöÇÔöÇÔöÇÔöÇÔöÇÔöÇÔöÇ[0m
[38;5;12mÔöîÔöÇÔöÇÔöÇÔöÇÔöÇÔöÇÔöÇÔöÇÔöÇÔöÇÔöÇÔöÇÔöÇÔöÇÔöÇÔöÇÔöÇÔöÇÔöÇÔöÇÔöÇÔöÇÔöÇÔöÇÔöÇÔöÇÔöÇÔöÇÔöÇÔöÇÔöÇÔöÇÔöÇÔöÇÔöÇÔöÇÔöÇÔöÇÔöÇÔöÇÔöÇÔöÇÔöÇÔöÇÔöÇÔöÇÔöÇÔöÇÔöÇÔöÇÔöÇÔöÇÔöÇÔöÇÔöÇÔöÇÔöÇÔöÇÔöÇÔöÇÔöÇÔöÇÔöÇÔöÇÔöÇÔöÇÔöÇÔöÇÔöÇÔöÇÔöÇÔöÇÔöÇÔöÇÔöÇÔöÇÔöÇÔöÇÔöÇ[0m
[38;5;12mÔöé 01:00:45.888 (+0:00:00.026690)[0m
[38;5;12mÔö£ÔöäÔöäÔöäÔöäÔöäÔöäÔöäÔöäÔöäÔöäÔöäÔöäÔöäÔöäÔöäÔöäÔöäÔöäÔöäÔöäÔöäÔöäÔöäÔöäÔöäÔöäÔöäÔöäÔöäÔöäÔöäÔöäÔöäÔöäÔöäÔöäÔöäÔöäÔöäÔöäÔöäÔöäÔöäÔöäÔöäÔöäÔöäÔöäÔöäÔöäÔöäÔöäÔöäÔöäÔöäÔöäÔöäÔöäÔöäÔöäÔöäÔöäÔöäÔöäÔöäÔöäÔöäÔöäÔöäÔöäÔöäÔöäÔöäÔöäÔöäÔöäÔöäÔöäÔöä[0m
[38;5;12mÔöé ­ƒÆí [Tag] Message 464[0m
[38;5;12mÔööÔöÇÔöÇÔöÇÔöÇÔöÇÔöÇÔöÇÔöÇÔöÇÔöÇÔöÇÔöÇÔöÇÔöÇÔöÇÔöÇÔöÇÔöÇÔöÇÔöÇÔöÇÔöÇÔöÇÔöÇÔöÇÔöÇÔöÇÔöÇÔöÇÔöÇÔöÇÔöÇÔöÇÔöÇÔöÇÔöÇÔöÇÔöÇÔöÇÔöÇÔöÇÔöÇÔöÇÔöÇÔöÇÔöÇÔöÇÔöÇÔöÇÔöÇÔöÇÔöÇÔöÇÔöÇÔöÇÔöÇÔöÇÔöÇÔöÇÔöÇÔöÇÔöÇÔöÇÔöÇÔöÇÔöÇÔöÇÔöÇÔöÇÔöÇÔöÇÔöÇÔöÇÔöÇÔöÇÔöÇÔöÇÔöÇÔöÇ[0m
[38;5;12mÔöîÔöÇÔöÇÔöÇÔöÇÔöÇÔöÇÔöÇÔöÇÔöÇÔöÇÔöÇÔöÇÔöÇÔöÇÔöÇÔöÇÔöÇÔöÇÔöÇÔöÇÔöÇÔöÇÔöÇÔöÇÔöÇÔöÇÔöÇÔöÇÔöÇÔöÇÔöÇÔöÇÔöÇÔöÇÔöÇÔöÇÔöÇÔöÇÔöÇÔöÇÔöÇÔöÇÔöÇÔöÇÔöÇÔöÇÔöÇÔöÇÔöÇÔöÇÔöÇÔöÇÔöÇÔöÇÔöÇÔöÇÔöÇÔöÇÔöÇÔöÇÔöÇÔöÇÔöÇÔöÇÔöÇÔöÇÔöÇÔöÇÔöÇÔöÇÔöÇÔöÇÔöÇÔöÇÔöÇÔöÇÔöÇÔöÇÔöÇ[0m
[38;5;12mÔöé 01:00:45.888 (+0:00:00.026690)[0m
[38;5;12mÔö£ÔöäÔöäÔöäÔöäÔöäÔöäÔöäÔöäÔöäÔöäÔöäÔöäÔöäÔöäÔöäÔöäÔöäÔöäÔöäÔöäÔöäÔöäÔöäÔöäÔöäÔöäÔöäÔöäÔöäÔöäÔöäÔöäÔöäÔöäÔöäÔöäÔöäÔöäÔöäÔöäÔöäÔöäÔöäÔöäÔöäÔöäÔöäÔöäÔöäÔöäÔöäÔöäÔöäÔöäÔöäÔöäÔöäÔöäÔöäÔöäÔöäÔöäÔöäÔöäÔöäÔöäÔöäÔöäÔöäÔöäÔöäÔöäÔöäÔöäÔöäÔöäÔöäÔöäÔöä[0m
[38;5;12mÔöé ­ƒÆí [Tag] Message 465[0m
[38;5;12mÔööÔöÇÔöÇÔöÇÔöÇÔöÇÔöÇÔöÇÔöÇÔöÇÔöÇÔöÇÔöÇÔöÇÔöÇÔöÇÔöÇÔöÇÔöÇÔöÇÔöÇÔöÇÔöÇÔöÇÔöÇÔöÇÔöÇÔöÇÔöÇÔöÇÔöÇÔöÇÔöÇÔöÇÔöÇÔöÇÔöÇÔöÇÔöÇÔöÇÔöÇÔöÇÔöÇÔöÇÔöÇÔöÇÔöÇÔöÇÔöÇÔöÇÔöÇÔöÇÔöÇÔöÇÔöÇÔöÇÔöÇÔöÇÔöÇÔöÇÔöÇÔöÇÔöÇÔöÇÔöÇÔöÇÔöÇÔöÇÔöÇÔöÇÔöÇÔöÇÔöÇÔöÇÔöÇÔöÇÔöÇÔöÇÔöÇÔöÇ[0m
[38;5;12mÔöîÔöÇÔöÇÔöÇÔöÇÔöÇÔöÇÔöÇÔöÇÔöÇÔöÇÔöÇÔöÇÔöÇÔöÇÔöÇÔöÇÔöÇÔöÇÔöÇÔöÇÔöÇÔöÇÔöÇÔöÇÔöÇÔöÇÔöÇÔöÇÔöÇÔöÇÔöÇÔöÇÔöÇÔöÇÔöÇÔöÇÔöÇÔöÇÔöÇÔöÇÔöÇÔöÇÔöÇÔöÇÔöÇÔöÇÔöÇÔöÇÔöÇÔöÇÔöÇÔöÇÔöÇÔöÇÔöÇÔöÇÔöÇÔöÇÔöÇÔöÇÔöÇÔöÇÔöÇÔöÇÔöÇÔöÇÔöÇÔöÇÔöÇÔöÇÔöÇÔöÇÔöÇÔöÇÔöÇÔöÇÔöÇÔöÇÔöÇ[0m
[38;5;12mÔöé 01:00:45.888 (+0:00:00.026690)[0m
[38;5;12mÔö£ÔöäÔöäÔöäÔöäÔöäÔöäÔöäÔöäÔöäÔöäÔöäÔöäÔöäÔöäÔöäÔöäÔöäÔöäÔöäÔöäÔöäÔöäÔöäÔöäÔöäÔöäÔöäÔöäÔöäÔöäÔöäÔöäÔöäÔöäÔöäÔöäÔöäÔöäÔöäÔöäÔöäÔöäÔöäÔöäÔöäÔöäÔöäÔöäÔöäÔöäÔöäÔöäÔöäÔöäÔöäÔöäÔöäÔöäÔöäÔöäÔöäÔöäÔöäÔöäÔöäÔöäÔöäÔöäÔöäÔöäÔöäÔöäÔöäÔöäÔöäÔöäÔöäÔöäÔöä[0m
[38;5;12mÔöé ­ƒÆí [Tag] Message 466[0m
[38;5;12mÔööÔöÇÔöÇÔöÇÔöÇÔöÇÔöÇÔöÇÔöÇÔöÇÔöÇÔöÇÔöÇÔöÇÔöÇÔöÇÔöÇÔöÇÔöÇÔöÇÔöÇÔöÇÔöÇÔöÇÔöÇÔöÇÔöÇÔöÇÔöÇÔöÇÔöÇÔöÇÔöÇÔöÇÔöÇÔöÇÔöÇÔöÇÔöÇÔöÇÔöÇÔöÇÔöÇÔöÇÔöÇÔöÇÔöÇÔöÇÔöÇÔöÇÔöÇÔöÇÔöÇÔöÇÔöÇÔöÇÔöÇÔöÇÔöÇÔöÇÔöÇÔöÇÔöÇÔöÇÔöÇÔöÇÔöÇÔöÇÔöÇÔöÇÔöÇÔöÇÔöÇÔöÇÔöÇÔöÇÔöÇÔöÇÔöÇÔöÇ[0m
[38;5;12mÔöîÔöÇÔöÇÔöÇÔöÇÔöÇÔöÇÔöÇÔöÇÔöÇÔöÇÔöÇÔöÇÔöÇÔöÇÔöÇÔöÇÔöÇÔöÇÔöÇÔöÇÔöÇÔöÇÔöÇÔöÇÔöÇÔöÇÔöÇÔöÇÔöÇÔöÇÔöÇÔöÇÔöÇÔöÇÔöÇÔöÇÔöÇÔöÇÔöÇÔöÇÔöÇÔöÇÔöÇÔöÇÔöÇÔöÇÔöÇÔöÇÔöÇÔöÇÔöÇÔöÇÔöÇÔöÇÔöÇÔöÇÔöÇÔöÇÔöÇÔöÇÔöÇÔöÇÔöÇÔöÇÔöÇÔöÇÔöÇÔöÇÔöÇÔöÇÔöÇÔöÇÔöÇÔöÇÔöÇÔöÇÔöÇÔöÇÔöÇ[0m
[38;5;12mÔöé 01:00:45.888 (+0:00:00.026690)[0m
[38;5;12mÔö£ÔöäÔöäÔöäÔöäÔöäÔöäÔöäÔöäÔöäÔöäÔöäÔöäÔöäÔöäÔöäÔöäÔöäÔöäÔöäÔöäÔöäÔöäÔöäÔöäÔöäÔöäÔöäÔöäÔöäÔöäÔöäÔöäÔöäÔöäÔöäÔöäÔöäÔöäÔöäÔöäÔöäÔöäÔöäÔöäÔöäÔöäÔöäÔöäÔöäÔöäÔöäÔöäÔöäÔöäÔöäÔöäÔöäÔöäÔöäÔöäÔöäÔöäÔöäÔöäÔöäÔöäÔöäÔöäÔöäÔöäÔöäÔöäÔöäÔöäÔöäÔöäÔöäÔöäÔöä[0m
[38;5;12mÔöé ­ƒÆí [Tag] Message 467[0m
[38;5;12mÔööÔöÇÔöÇÔöÇÔöÇÔöÇÔöÇÔöÇÔöÇÔöÇÔöÇÔöÇÔöÇÔöÇÔöÇÔöÇÔöÇÔöÇÔöÇÔöÇÔöÇÔöÇÔöÇÔöÇÔöÇÔöÇÔöÇÔöÇÔöÇÔöÇÔöÇÔöÇÔöÇÔöÇÔöÇÔöÇÔöÇÔöÇÔöÇÔöÇÔöÇÔöÇÔöÇÔöÇÔöÇÔöÇÔöÇÔöÇÔöÇÔöÇÔöÇÔöÇÔöÇÔöÇÔöÇÔöÇÔöÇÔöÇÔöÇÔöÇÔöÇÔöÇÔöÇÔöÇÔöÇÔöÇÔöÇÔöÇÔöÇÔöÇÔöÇÔöÇÔöÇÔöÇÔöÇÔöÇÔöÇÔöÇÔöÇÔöÇ[0m
[38;5;12mÔöîÔöÇÔöÇÔöÇÔöÇÔöÇÔöÇÔöÇÔöÇÔöÇÔöÇÔöÇÔöÇÔöÇÔöÇÔöÇÔöÇÔöÇÔöÇÔöÇÔöÇÔöÇÔöÇÔöÇÔöÇÔöÇÔöÇÔöÇÔöÇÔöÇÔöÇÔöÇÔöÇÔöÇÔöÇÔöÇÔöÇÔöÇÔöÇÔöÇÔöÇÔöÇÔöÇÔöÇÔöÇÔöÇÔöÇÔöÇÔöÇÔöÇÔöÇÔöÇÔöÇÔöÇÔöÇÔöÇÔöÇÔöÇÔöÇÔöÇÔöÇÔöÇÔöÇÔöÇÔöÇÔöÇÔöÇÔöÇÔöÇÔöÇÔöÇÔöÇÔöÇÔöÇÔöÇÔöÇÔöÇÔöÇÔöÇÔöÇ[0m
[38;5;12mÔöé 01:00:45.888 (+0:00:00.026690)[0m
[38;5;12mÔö£ÔöäÔöäÔöäÔöäÔöäÔöäÔöäÔöäÔöäÔöäÔöäÔöäÔöäÔöäÔöäÔöäÔöäÔöäÔöäÔöäÔöäÔöäÔöäÔöäÔöäÔöäÔöäÔöäÔöäÔöäÔöäÔöäÔöäÔöäÔöäÔöäÔöäÔöäÔöäÔöäÔöäÔöäÔöäÔöäÔöäÔöäÔöäÔöäÔöäÔöäÔöäÔöäÔöäÔöäÔöäÔöäÔöäÔöäÔöäÔöäÔöäÔöäÔöäÔöäÔöäÔöäÔöäÔöäÔöäÔöäÔöäÔöäÔöäÔöäÔöäÔöäÔöäÔöäÔöä[0m
[38;5;12mÔöé ­ƒÆí [Tag] Message 468[0m
[38;5;12mÔööÔöÇÔöÇÔöÇÔöÇÔöÇÔöÇÔöÇÔöÇÔöÇÔöÇÔöÇÔöÇÔöÇÔöÇÔöÇÔöÇÔöÇÔöÇÔöÇÔöÇÔöÇÔöÇÔöÇÔöÇÔöÇÔöÇÔöÇÔöÇÔöÇÔöÇÔöÇÔöÇÔöÇÔöÇÔöÇÔöÇÔöÇÔöÇÔöÇÔöÇÔöÇÔöÇÔöÇÔöÇÔöÇÔöÇÔöÇÔöÇÔöÇÔöÇÔöÇÔöÇÔöÇÔöÇÔöÇÔöÇÔöÇÔöÇÔöÇÔöÇÔöÇÔöÇÔöÇÔöÇÔöÇÔöÇÔöÇÔöÇÔöÇÔöÇÔöÇÔöÇÔöÇÔöÇÔöÇÔöÇÔöÇÔöÇÔöÇ[0m
[38;5;12mÔöîÔöÇÔöÇÔöÇÔöÇÔöÇÔöÇÔöÇÔöÇÔöÇÔöÇÔöÇÔöÇÔöÇÔöÇÔöÇÔöÇÔöÇÔöÇÔöÇÔöÇÔöÇÔöÇÔöÇÔöÇÔöÇÔöÇÔöÇÔöÇÔöÇÔöÇÔöÇÔöÇÔöÇÔöÇÔöÇÔöÇÔöÇÔöÇÔöÇÔöÇÔöÇÔöÇÔöÇÔöÇÔöÇÔöÇÔöÇÔöÇÔöÇÔöÇÔöÇÔöÇÔöÇÔöÇÔöÇÔöÇÔöÇÔöÇÔöÇÔöÇÔöÇÔöÇÔöÇÔöÇÔöÇÔöÇÔöÇÔöÇÔöÇÔöÇÔöÇÔöÇÔöÇÔöÇÔöÇÔöÇÔöÇÔöÇÔöÇ[0m
[38;5;12mÔöé 01:00:45.888 (+0:00:00.026690)[0m
[38;5;12mÔö£ÔöäÔöäÔöäÔöäÔöäÔöäÔöäÔöäÔöäÔöäÔöäÔöäÔöäÔöäÔöäÔöäÔöäÔöäÔöäÔöäÔöäÔöäÔöäÔöäÔöäÔöäÔöäÔöäÔöäÔöäÔöäÔöäÔöäÔöäÔöäÔöäÔöäÔöäÔöäÔöäÔöäÔöäÔöäÔöäÔöäÔöäÔöäÔöäÔöäÔöäÔöäÔöäÔöäÔöäÔöäÔöäÔöäÔöäÔöäÔöäÔöäÔöäÔöäÔöäÔöäÔöäÔöäÔöäÔöäÔöäÔöäÔöäÔöäÔöäÔöäÔöäÔöäÔöäÔöä[0m
[38;5;12mÔöé ­ƒÆí [Tag] Message 469[0m
[38;5;12mÔööÔöÇÔöÇÔöÇÔöÇÔöÇÔöÇÔöÇÔöÇÔöÇÔöÇÔöÇÔöÇÔöÇÔöÇÔöÇÔöÇÔöÇÔöÇÔöÇÔöÇÔöÇÔöÇÔöÇÔöÇÔöÇÔöÇÔöÇÔöÇÔöÇÔöÇÔöÇÔöÇÔöÇÔöÇÔöÇÔöÇÔöÇÔöÇÔöÇÔöÇÔöÇÔöÇÔöÇÔöÇÔöÇÔöÇÔöÇÔöÇÔöÇÔöÇÔöÇÔöÇÔöÇÔöÇÔöÇÔöÇÔöÇÔöÇÔöÇÔöÇÔöÇÔöÇÔöÇÔöÇÔöÇÔöÇÔöÇÔöÇÔöÇÔöÇÔöÇÔöÇÔöÇÔöÇÔöÇÔöÇÔöÇÔöÇÔöÇ[0m
[38;5;12mÔöîÔöÇÔöÇÔöÇÔöÇÔöÇÔöÇÔöÇÔöÇÔöÇÔöÇÔöÇÔöÇÔöÇÔöÇÔöÇÔöÇÔöÇÔöÇÔöÇÔöÇÔöÇÔöÇÔöÇÔöÇÔöÇÔöÇÔöÇÔöÇÔöÇÔöÇÔöÇÔöÇÔöÇÔöÇÔöÇÔöÇÔöÇÔöÇÔöÇÔöÇÔöÇÔöÇÔöÇÔöÇÔöÇÔöÇÔöÇÔöÇÔöÇÔöÇÔöÇÔöÇÔöÇÔöÇÔöÇÔöÇÔöÇÔöÇÔöÇÔöÇÔöÇÔöÇÔöÇÔöÇÔöÇÔöÇÔöÇÔöÇÔöÇÔöÇÔöÇÔöÇÔöÇÔöÇÔöÇÔöÇÔöÇÔöÇÔöÇ[0m
[38;5;12mÔöé 01:00:45.888 (+0:00:00.026690)[0m
[38;5;12mÔö£ÔöäÔöäÔöäÔöäÔöäÔöäÔöäÔöäÔöäÔöäÔöäÔöäÔöäÔöäÔöäÔöäÔöäÔöäÔöäÔöäÔöäÔöäÔöäÔöäÔöäÔöäÔöäÔöäÔöäÔöäÔöäÔöäÔöäÔöäÔöäÔöäÔöäÔöäÔöäÔöäÔöäÔöäÔöäÔöäÔöäÔöäÔöäÔöäÔöäÔöäÔöäÔöäÔöäÔöäÔöäÔöäÔöäÔöäÔöäÔöäÔöäÔöäÔöäÔöäÔöäÔöäÔöäÔöäÔöäÔöäÔöäÔöäÔöäÔöäÔöäÔöäÔöäÔöäÔöä[0m
[38;5;12mÔöé ­ƒÆí [Tag] Message 470[0m
[38;5;12mÔööÔöÇÔöÇÔöÇÔöÇÔöÇÔöÇÔöÇÔöÇÔöÇÔöÇÔöÇÔöÇÔöÇÔöÇÔöÇÔöÇÔöÇÔöÇÔöÇÔöÇÔöÇÔöÇÔöÇÔöÇÔöÇÔöÇÔöÇÔöÇÔöÇÔöÇÔöÇÔöÇÔöÇÔöÇÔöÇÔöÇÔöÇÔöÇÔöÇÔöÇÔöÇÔöÇÔöÇÔöÇÔöÇÔöÇÔöÇÔöÇÔöÇÔöÇÔöÇÔöÇÔöÇÔöÇÔöÇÔöÇÔöÇÔöÇÔöÇÔöÇÔöÇÔöÇÔöÇÔöÇÔöÇÔöÇÔöÇÔöÇÔöÇÔöÇÔöÇÔöÇÔöÇÔöÇÔöÇÔöÇÔöÇÔöÇÔöÇ[0m
[38;5;12mÔöîÔöÇÔöÇÔöÇÔöÇÔöÇÔöÇÔöÇÔöÇÔöÇÔöÇÔöÇÔöÇÔöÇÔöÇÔöÇÔöÇÔöÇÔöÇÔöÇÔöÇÔöÇÔöÇÔöÇÔöÇÔöÇÔöÇÔöÇÔöÇÔöÇÔöÇÔöÇÔöÇÔöÇÔöÇÔöÇÔöÇÔöÇÔöÇÔöÇÔöÇÔöÇÔöÇÔöÇÔöÇÔöÇÔöÇÔöÇÔöÇÔöÇÔöÇÔöÇÔöÇÔöÇÔöÇÔöÇÔöÇÔöÇÔöÇÔöÇÔöÇÔöÇÔöÇÔöÇÔöÇÔöÇÔöÇÔöÇÔöÇÔöÇÔöÇÔöÇÔöÇÔöÇÔöÇÔöÇÔöÇÔöÇÔöÇÔöÇ[0m
[38;5;12mÔöé 01:00:45.888 (+0:00:00.026690)[0m
[38;5;12mÔö£ÔöäÔöäÔöäÔöäÔöäÔöäÔöäÔöäÔöäÔöäÔöäÔöäÔöäÔöäÔöäÔöäÔöäÔöäÔöäÔöäÔöäÔöäÔöäÔöäÔöäÔöäÔöäÔöäÔöäÔöäÔöäÔöäÔöäÔöäÔöäÔöäÔöäÔöäÔöäÔöäÔöäÔöäÔöäÔöäÔöäÔöäÔöäÔöäÔöäÔöäÔöäÔöäÔöäÔöäÔöäÔöäÔöäÔöäÔöäÔöäÔöäÔöäÔöäÔöäÔöäÔöäÔöäÔöäÔöäÔöäÔöäÔöäÔöäÔöäÔöäÔöäÔöäÔöäÔöä[0m
[38;5;12mÔöé ­ƒÆí [Tag] Message 471[0m
[38;5;12mÔööÔöÇÔöÇÔöÇÔöÇÔöÇÔöÇÔöÇÔöÇÔöÇÔöÇÔöÇÔöÇÔöÇÔöÇÔöÇÔöÇÔöÇÔöÇÔöÇÔöÇÔöÇÔöÇÔöÇÔöÇÔöÇÔöÇÔöÇÔöÇÔöÇÔöÇÔöÇÔöÇÔöÇÔöÇÔöÇÔöÇÔöÇÔöÇÔöÇÔöÇÔöÇÔöÇÔöÇÔöÇÔöÇÔöÇÔöÇÔöÇÔöÇÔöÇÔöÇÔöÇÔöÇÔöÇÔöÇÔöÇÔöÇÔöÇÔöÇÔöÇÔöÇÔöÇÔöÇÔöÇÔöÇÔöÇÔöÇÔöÇÔöÇÔöÇÔöÇÔöÇÔöÇÔöÇÔöÇÔöÇÔöÇÔöÇÔöÇ[0m
[38;5;12mÔöîÔöÇÔöÇÔöÇÔöÇÔöÇÔöÇÔöÇÔöÇÔöÇÔöÇÔöÇÔöÇÔöÇÔöÇÔöÇÔöÇÔöÇÔöÇÔöÇÔöÇÔöÇÔöÇÔöÇÔöÇÔöÇÔöÇÔöÇÔöÇÔöÇÔöÇÔöÇÔöÇÔöÇÔöÇÔöÇÔöÇÔöÇÔöÇÔöÇÔöÇÔöÇÔöÇÔöÇÔöÇÔöÇÔöÇÔöÇÔöÇÔöÇÔöÇÔöÇÔöÇÔöÇÔöÇÔöÇÔöÇÔöÇÔöÇÔöÇÔöÇÔöÇÔöÇÔöÇÔöÇÔöÇÔöÇÔöÇÔöÇÔöÇÔöÇÔöÇÔöÇÔöÇÔöÇÔöÇÔöÇÔöÇÔöÇÔöÇ[0m
[38;5;12mÔöé 01:00:45.888 (+0:00:00.026690)[0m
[38;5;12mÔö£ÔöäÔöäÔöäÔöäÔöäÔöäÔöäÔöäÔöäÔöäÔöäÔöäÔöäÔöäÔöäÔöäÔöäÔöäÔöäÔöäÔöäÔöäÔöäÔöäÔöäÔöäÔöäÔöäÔöäÔöäÔöäÔöäÔöäÔöäÔöäÔöäÔöäÔöäÔöäÔöäÔöäÔöäÔöäÔöäÔöäÔöäÔöäÔöäÔöäÔöäÔöäÔöäÔöäÔöäÔöäÔöäÔöäÔöäÔöäÔöäÔöäÔöäÔöäÔöäÔöäÔöäÔöäÔöäÔöäÔöäÔöäÔöäÔöäÔöäÔöäÔöäÔöäÔöäÔöä[0m
[38;5;12mÔöé ­ƒÆí [Tag] Message 472[0m
[38;5;12mÔööÔöÇÔöÇÔöÇÔöÇÔöÇÔöÇÔöÇÔöÇÔöÇÔöÇÔöÇÔöÇÔöÇÔöÇÔöÇÔöÇÔöÇÔöÇÔöÇÔöÇÔöÇÔöÇÔöÇÔöÇÔöÇÔöÇÔöÇÔöÇÔöÇÔöÇÔöÇÔöÇÔöÇÔöÇÔöÇÔöÇÔöÇÔöÇÔöÇÔöÇÔöÇÔöÇÔöÇÔöÇÔöÇÔöÇÔöÇÔöÇÔöÇÔöÇÔöÇÔöÇÔöÇÔöÇÔöÇÔöÇÔöÇÔöÇÔöÇÔöÇÔöÇÔöÇÔöÇÔöÇÔöÇÔöÇÔöÇÔöÇÔöÇÔöÇÔöÇÔöÇÔöÇÔöÇÔöÇÔöÇÔöÇÔöÇÔöÇ[0m
[38;5;12mÔöîÔöÇÔöÇÔöÇÔöÇÔöÇÔöÇÔöÇÔöÇÔöÇÔöÇÔöÇÔöÇÔöÇÔöÇÔöÇÔöÇÔöÇÔöÇÔöÇÔöÇÔöÇÔöÇÔöÇÔöÇÔöÇÔöÇÔöÇÔöÇÔöÇÔöÇÔöÇÔöÇÔöÇÔöÇÔöÇÔöÇÔöÇÔöÇÔöÇÔöÇÔöÇÔöÇÔöÇÔöÇÔöÇÔöÇÔöÇÔöÇÔöÇÔöÇÔöÇÔöÇÔöÇÔöÇÔöÇÔöÇÔöÇÔöÇÔöÇÔöÇÔöÇÔöÇÔöÇÔöÇÔöÇÔöÇÔöÇÔöÇÔöÇÔöÇÔöÇÔöÇÔöÇÔöÇÔöÇÔöÇÔöÇÔöÇÔöÇ[0m
[38;5;12mÔöé 01:00:45.888 (+0:00:00.026690)[0m
[38;5;12mÔö£ÔöäÔöäÔöäÔöäÔöäÔöäÔöäÔöäÔöäÔöäÔöäÔöäÔöäÔöäÔöäÔöäÔöäÔöäÔöäÔöäÔöäÔöäÔöäÔöäÔöäÔöäÔöäÔöäÔöäÔöäÔöäÔöäÔöäÔöäÔöäÔöäÔöäÔöäÔöäÔöäÔöäÔöäÔöäÔöäÔöäÔöäÔöäÔöäÔöäÔöäÔöäÔöäÔöäÔöäÔöäÔöäÔöäÔöäÔöäÔöäÔöäÔöäÔöäÔöäÔöäÔöäÔöäÔöäÔöäÔöäÔöäÔöäÔöäÔöäÔöäÔöäÔöäÔöäÔöä[0m
[38;5;12mÔöé ­ƒÆí [Tag] Message 473[0m
[38;5;12mÔööÔöÇÔöÇÔöÇÔöÇÔöÇÔöÇÔöÇÔöÇÔöÇÔöÇÔöÇÔöÇÔöÇÔöÇÔöÇÔöÇÔöÇÔöÇÔöÇÔöÇÔöÇÔöÇÔöÇÔöÇÔöÇÔöÇÔöÇÔöÇÔöÇÔöÇÔöÇÔöÇÔöÇÔöÇÔöÇÔöÇÔöÇÔöÇÔöÇÔöÇÔöÇÔöÇÔöÇÔöÇÔöÇÔöÇÔöÇÔöÇÔöÇÔöÇÔöÇÔöÇÔöÇÔöÇÔöÇÔöÇÔöÇÔöÇÔöÇÔöÇÔöÇÔöÇÔöÇÔöÇÔöÇÔöÇÔöÇÔöÇÔöÇÔöÇÔöÇÔöÇÔöÇÔöÇÔöÇÔöÇÔöÇÔöÇÔöÇ[0m
[38;5;12mÔöîÔöÇÔöÇÔöÇÔöÇÔöÇÔöÇÔöÇÔöÇÔöÇÔöÇÔöÇÔöÇÔöÇÔöÇÔöÇÔöÇÔöÇÔöÇÔöÇÔöÇÔöÇÔöÇÔöÇÔöÇÔöÇÔöÇÔöÇÔöÇÔöÇÔöÇÔöÇÔöÇÔöÇÔöÇÔöÇÔöÇÔöÇÔöÇÔöÇÔöÇÔöÇÔöÇÔöÇÔöÇÔöÇÔöÇÔöÇÔöÇÔöÇÔöÇÔöÇÔöÇÔöÇÔöÇÔöÇÔöÇÔöÇÔöÇÔöÇÔöÇÔöÇÔöÇÔöÇÔöÇÔöÇÔöÇÔöÇÔöÇÔöÇÔöÇÔöÇÔöÇÔöÇÔöÇÔöÇÔöÇÔöÇÔöÇÔöÇ[0m
[38;5;12mÔöé 01:00:45.888 (+0:00:00.026690)[0m
[38;5;12mÔö£ÔöäÔöäÔöäÔöäÔöäÔöäÔöäÔöäÔöäÔöäÔöäÔöäÔöäÔöäÔöäÔöäÔöäÔöäÔöäÔöäÔöäÔöäÔöäÔöäÔöäÔöäÔöäÔöäÔöäÔöäÔöäÔöäÔöäÔöäÔöäÔöäÔöäÔöäÔöäÔöäÔöäÔöäÔöäÔöäÔöäÔöäÔöäÔöäÔöäÔöäÔöäÔöäÔöäÔöäÔöäÔöäÔöäÔöäÔöäÔöäÔöäÔöäÔöäÔöäÔöäÔöäÔöäÔöäÔöäÔöäÔöäÔöäÔöäÔöäÔöäÔöäÔöäÔöäÔöä[0m
[38;5;12mÔöé ­ƒÆí [Tag] Message 474[0m
[38;5;12mÔööÔöÇÔöÇÔöÇÔöÇÔöÇÔöÇÔöÇÔöÇÔöÇÔöÇÔöÇÔöÇÔöÇÔöÇÔöÇÔöÇÔöÇÔöÇÔöÇÔöÇÔöÇÔöÇÔöÇÔöÇÔöÇÔöÇÔöÇÔöÇÔöÇÔöÇÔöÇÔöÇÔöÇÔöÇÔöÇÔöÇÔöÇÔöÇÔöÇÔöÇÔöÇÔöÇÔöÇÔöÇÔöÇÔöÇÔöÇÔöÇÔöÇÔöÇÔöÇÔöÇÔöÇÔöÇÔöÇÔöÇÔöÇÔöÇÔöÇÔöÇÔöÇÔöÇÔöÇÔöÇÔöÇÔöÇÔöÇÔöÇÔöÇÔöÇÔöÇÔöÇÔöÇÔöÇÔöÇÔöÇÔöÇÔöÇÔöÇ[0m
[38;5;12mÔöîÔöÇÔöÇÔöÇÔöÇÔöÇÔöÇÔöÇÔöÇÔöÇÔöÇÔöÇÔöÇÔöÇÔöÇÔöÇÔöÇÔöÇÔöÇÔöÇÔöÇÔöÇÔöÇÔöÇÔöÇÔöÇÔöÇÔöÇÔöÇÔöÇÔöÇÔöÇÔöÇÔöÇÔöÇÔöÇÔöÇÔöÇÔöÇÔöÇÔöÇÔöÇÔöÇÔöÇÔöÇÔöÇÔöÇÔöÇÔöÇÔöÇÔöÇÔöÇÔöÇÔöÇÔöÇÔöÇÔöÇÔöÇÔöÇÔöÇÔöÇÔöÇÔöÇÔöÇÔöÇÔöÇÔöÇÔöÇÔöÇÔöÇÔöÇÔöÇÔöÇÔöÇÔöÇÔöÇÔöÇÔöÇÔöÇÔöÇ[0m
[38;5;12mÔöé 01:00:45.888 (+0:00:00.026690)[0m
[38;5;12mÔö£ÔöäÔöäÔöäÔöäÔöäÔöäÔöäÔöäÔöäÔöäÔöäÔöäÔöäÔöäÔöäÔöäÔöäÔöäÔöäÔöäÔöäÔöäÔöäÔöäÔöäÔöäÔöäÔöäÔöäÔöäÔöäÔöäÔöäÔöäÔöäÔöäÔöäÔöäÔöäÔöäÔöäÔöäÔöäÔöäÔöäÔöäÔöäÔöäÔöäÔöäÔöäÔöäÔöäÔöäÔöäÔöäÔöäÔöäÔöäÔöäÔöäÔöäÔöäÔöäÔöäÔöäÔöäÔöäÔöäÔöäÔöäÔöäÔöäÔöäÔöäÔöäÔöäÔöäÔöä[0m
[38;5;12mÔöé ­ƒÆí [Tag] Message 475[0m
[38;5;12mÔööÔöÇÔöÇÔöÇÔöÇÔöÇÔöÇÔöÇÔöÇÔöÇÔöÇÔöÇÔöÇÔöÇÔöÇÔöÇÔöÇÔöÇÔöÇÔöÇÔöÇÔöÇÔöÇÔöÇÔöÇÔöÇÔöÇÔöÇÔöÇÔöÇÔöÇÔöÇÔöÇÔöÇÔöÇÔöÇÔöÇÔöÇÔöÇÔöÇÔöÇÔöÇÔöÇÔöÇÔöÇÔöÇÔöÇÔöÇÔöÇÔöÇÔöÇÔöÇÔöÇÔöÇÔöÇÔöÇÔöÇÔöÇÔöÇÔöÇÔöÇÔöÇÔöÇÔöÇÔöÇÔöÇÔöÇÔöÇÔöÇÔöÇÔöÇÔöÇÔöÇÔöÇÔöÇÔöÇÔöÇÔöÇÔöÇÔöÇ[0m
[38;5;12mÔöîÔöÇÔöÇÔöÇÔöÇÔöÇÔöÇÔöÇÔöÇÔöÇÔöÇÔöÇÔöÇÔöÇÔöÇÔöÇÔöÇÔöÇÔöÇÔöÇÔöÇÔöÇÔöÇÔöÇÔöÇÔöÇÔöÇÔöÇÔöÇÔöÇÔöÇÔöÇÔöÇÔöÇÔöÇÔöÇÔöÇÔöÇÔöÇÔöÇÔöÇÔöÇÔöÇÔöÇÔöÇÔöÇÔöÇÔöÇÔöÇÔöÇÔöÇÔöÇÔöÇÔöÇÔöÇÔöÇÔöÇÔöÇÔöÇÔöÇÔöÇÔöÇÔöÇÔöÇÔöÇÔöÇÔöÇÔöÇÔöÇÔöÇÔöÇÔöÇÔöÇÔöÇÔöÇÔöÇÔöÇÔöÇÔöÇÔöÇ[0m
[38;5;12mÔöé 01:00:45.888 (+0:00:00.026690)[0m
[38;5;12mÔö£ÔöäÔöäÔöäÔöäÔöäÔöäÔöäÔöäÔöäÔöäÔöäÔöäÔöäÔöäÔöäÔöäÔöäÔöäÔöäÔöäÔöäÔöäÔöäÔöäÔöäÔöäÔöäÔöäÔöäÔöäÔöäÔöäÔöäÔöäÔöäÔöäÔöäÔöäÔöäÔöäÔöäÔöäÔöäÔöäÔöäÔöäÔöäÔöäÔöäÔöäÔöäÔöäÔöäÔöäÔöäÔöäÔöäÔöäÔöäÔöäÔöäÔöäÔöäÔöäÔöäÔöäÔöäÔöäÔöäÔöäÔöäÔöäÔöäÔöäÔöäÔöäÔöäÔöäÔöä[0m
[38;5;12mÔöé ­ƒÆí [Tag] Message 476[0m
[38;5;12mÔööÔöÇÔöÇÔöÇÔöÇÔöÇÔöÇÔöÇÔöÇÔöÇÔöÇÔöÇÔöÇÔöÇÔöÇÔöÇÔöÇÔöÇÔöÇÔöÇÔöÇÔöÇÔöÇÔöÇÔöÇÔöÇÔöÇÔöÇÔöÇÔöÇÔöÇÔöÇÔöÇÔöÇÔöÇÔöÇÔöÇÔöÇÔöÇÔöÇÔöÇÔöÇÔöÇÔöÇÔöÇÔöÇÔöÇÔöÇÔöÇÔöÇÔöÇÔöÇÔöÇÔöÇÔöÇÔöÇÔöÇÔöÇÔöÇÔöÇÔöÇÔöÇÔöÇÔöÇÔöÇÔöÇÔöÇÔöÇÔöÇÔöÇÔöÇÔöÇÔöÇÔöÇÔöÇÔöÇÔöÇÔöÇÔöÇÔöÇ[0m
[38;5;12mÔöîÔöÇÔöÇÔöÇÔöÇÔöÇÔöÇÔöÇÔöÇÔöÇÔöÇÔöÇÔöÇÔöÇÔöÇÔöÇÔöÇÔöÇÔöÇÔöÇÔöÇÔöÇÔöÇÔöÇÔöÇÔöÇÔöÇÔöÇÔöÇÔöÇÔöÇÔöÇÔöÇÔöÇÔöÇÔöÇÔöÇÔöÇÔöÇÔöÇÔöÇÔöÇÔöÇÔöÇÔöÇÔöÇÔöÇÔöÇÔöÇÔöÇÔöÇÔöÇÔöÇÔöÇÔöÇÔöÇÔöÇÔöÇÔöÇÔöÇÔöÇÔöÇÔöÇÔöÇÔöÇÔöÇÔöÇÔöÇÔöÇÔöÇÔöÇÔöÇÔöÇÔöÇÔöÇÔöÇÔöÇÔöÇÔöÇÔöÇ[0m
[38;5;12mÔöé 01:00:45.888 (+0:00:00.026690)[0m
[38;5;12mÔö£ÔöäÔöäÔöäÔöäÔöäÔöäÔöäÔöäÔöäÔöäÔöäÔöäÔöäÔöäÔöäÔöäÔöäÔöäÔöäÔöäÔöäÔöäÔöäÔöäÔöäÔöäÔöäÔöäÔöäÔöäÔöäÔöäÔöäÔöäÔöäÔöäÔöäÔöäÔöäÔöäÔöäÔöäÔöäÔöäÔöäÔöäÔöäÔöäÔöäÔöäÔöäÔöäÔöäÔöäÔöäÔöäÔöäÔöäÔöäÔöäÔöäÔöäÔöäÔöäÔöäÔöäÔöäÔöäÔöäÔöäÔöäÔöäÔöäÔöäÔöäÔöäÔöäÔöäÔöä[0m
[38;5;12mÔöé ­ƒÆí [Tag] Message 477[0m
[38;5;12mÔööÔöÇÔöÇÔöÇÔöÇÔöÇÔöÇÔöÇÔöÇÔöÇÔöÇÔöÇÔöÇÔöÇÔöÇÔöÇÔöÇÔöÇÔöÇÔöÇÔöÇÔöÇÔöÇÔöÇÔöÇÔöÇÔöÇÔöÇÔöÇÔöÇÔöÇÔöÇÔöÇÔöÇÔöÇÔöÇÔöÇÔöÇÔöÇÔöÇÔöÇÔöÇÔöÇÔöÇÔöÇÔöÇÔöÇÔöÇÔöÇÔöÇÔöÇÔöÇÔöÇÔöÇÔöÇÔöÇÔöÇÔöÇÔöÇÔöÇÔöÇÔöÇÔöÇÔöÇÔöÇÔöÇÔöÇÔöÇÔöÇÔöÇÔöÇÔöÇÔöÇÔöÇÔöÇÔöÇÔöÇÔöÇÔöÇÔöÇ[0m
[38;5;12mÔöîÔöÇÔöÇÔöÇÔöÇÔöÇÔöÇÔöÇÔöÇÔöÇÔöÇÔöÇÔöÇÔöÇÔöÇÔöÇÔöÇÔöÇÔöÇÔöÇÔöÇÔöÇÔöÇÔöÇÔöÇÔöÇÔöÇÔöÇÔöÇÔöÇÔöÇÔöÇÔöÇÔöÇÔöÇÔöÇÔöÇÔöÇÔöÇÔöÇÔöÇÔöÇÔöÇÔöÇÔöÇÔöÇÔöÇÔöÇÔöÇÔöÇÔöÇÔöÇÔöÇÔöÇÔöÇÔöÇÔöÇÔöÇÔöÇÔöÇÔöÇÔöÇÔöÇÔöÇÔöÇÔöÇÔöÇÔöÇÔöÇÔöÇÔöÇÔöÇÔöÇÔöÇÔöÇÔöÇÔöÇÔöÇÔöÇÔöÇ[0m
[38;5;12mÔöé 01:00:45.888 (+0:00:00.026690)[0m
[38;5;12mÔö£ÔöäÔöäÔöäÔöäÔöäÔöäÔöäÔöäÔöäÔöäÔöäÔöäÔöäÔöäÔöäÔöäÔöäÔöäÔöäÔöäÔöäÔöäÔöäÔöäÔöäÔöäÔöäÔöäÔöäÔöäÔöäÔöäÔöäÔöäÔöäÔöäÔöäÔöäÔöäÔöäÔöäÔöäÔöäÔöäÔöäÔöäÔöäÔöäÔöäÔöäÔöäÔöäÔöäÔöäÔöäÔöäÔöäÔöäÔöäÔöäÔöäÔöäÔöäÔöäÔöäÔöäÔöäÔöäÔöäÔöäÔöäÔöäÔöäÔöäÔöäÔöäÔöäÔöäÔöä[0m
[38;5;12mÔöé ­ƒÆí [Tag] Message 478[0m
[38;5;12mÔööÔöÇÔöÇÔöÇÔöÇÔöÇÔöÇÔöÇÔöÇÔöÇÔöÇÔöÇÔöÇÔöÇÔöÇÔöÇÔöÇÔöÇÔöÇÔöÇÔöÇÔöÇÔöÇÔöÇÔöÇÔöÇÔöÇÔöÇÔöÇÔöÇÔöÇÔöÇÔöÇÔöÇÔöÇÔöÇÔöÇÔöÇÔöÇÔöÇÔöÇÔöÇÔöÇÔöÇÔöÇÔöÇÔöÇÔöÇÔöÇÔöÇÔöÇÔöÇÔöÇÔöÇÔöÇÔöÇÔöÇÔöÇÔöÇÔöÇÔöÇÔöÇÔöÇÔöÇÔöÇÔöÇÔöÇÔöÇÔöÇÔöÇÔöÇÔöÇÔöÇÔöÇÔöÇÔöÇÔöÇÔöÇÔöÇÔöÇ[0m
[38;5;12mÔöîÔöÇÔöÇÔöÇÔöÇÔöÇÔöÇÔöÇÔöÇÔöÇÔöÇÔöÇÔöÇÔöÇÔöÇÔöÇÔöÇÔöÇÔöÇÔöÇÔöÇÔöÇÔöÇÔöÇÔöÇÔöÇÔöÇÔöÇÔöÇÔöÇÔöÇÔöÇÔöÇÔöÇÔöÇÔöÇÔöÇÔöÇÔöÇÔöÇÔöÇÔöÇÔöÇÔöÇÔöÇÔöÇÔöÇÔöÇÔöÇÔöÇÔöÇÔöÇÔöÇÔöÇÔöÇÔöÇÔöÇÔöÇÔöÇÔöÇÔöÇÔöÇÔöÇÔöÇÔöÇÔöÇÔöÇÔöÇÔöÇÔöÇÔöÇÔöÇÔöÇÔöÇÔöÇÔöÇÔöÇÔöÇÔöÇÔöÇ[0m
[38;5;12mÔöé 01:00:45.888 (+0:00:00.026690)[0m
[38;5;12mÔö£ÔöäÔöäÔöäÔöäÔöäÔöäÔöäÔöäÔöäÔöäÔöäÔöäÔöäÔöäÔöäÔöäÔöäÔöäÔöäÔöäÔöäÔöäÔöäÔöäÔöäÔöäÔöäÔöäÔöäÔöäÔöäÔöäÔöäÔöäÔöäÔöäÔöäÔöäÔöäÔöäÔöäÔöäÔöäÔöäÔöäÔöäÔöäÔöäÔöäÔöäÔöäÔöäÔöäÔöäÔöäÔöäÔöäÔöäÔöäÔöäÔöäÔöäÔöäÔöäÔöäÔöäÔöäÔöäÔöäÔöäÔöäÔöäÔöäÔöäÔöäÔöäÔöäÔöäÔöä[0m
[38;5;12mÔöé ­ƒÆí [Tag] Message 479[0m
[38;5;12mÔööÔöÇÔöÇÔöÇÔöÇÔöÇÔöÇÔöÇÔöÇÔöÇÔöÇÔöÇÔöÇÔöÇÔöÇÔöÇÔöÇÔöÇÔöÇÔöÇÔöÇÔöÇÔöÇÔöÇÔöÇÔöÇÔöÇÔöÇÔöÇÔöÇÔöÇÔöÇÔöÇÔöÇÔöÇÔöÇÔöÇÔöÇÔöÇÔöÇÔöÇÔöÇÔöÇÔöÇÔöÇÔöÇÔöÇÔöÇÔöÇÔöÇÔöÇÔöÇÔöÇÔöÇÔöÇÔöÇÔöÇÔöÇÔöÇÔöÇÔöÇÔöÇÔöÇÔöÇÔöÇÔöÇÔöÇÔöÇÔöÇÔöÇÔöÇÔöÇÔöÇÔöÇÔöÇÔöÇÔöÇÔöÇÔöÇÔöÇ[0m
[38;5;12mÔöîÔöÇÔöÇÔöÇÔöÇÔöÇÔöÇÔöÇÔöÇÔöÇÔöÇÔöÇÔöÇÔöÇÔöÇÔöÇÔöÇÔöÇÔöÇÔöÇÔöÇÔöÇÔöÇÔöÇÔöÇÔöÇÔöÇÔöÇÔöÇÔöÇÔöÇÔöÇÔöÇÔöÇÔöÇÔöÇÔöÇÔöÇÔöÇÔöÇÔöÇÔöÇÔöÇÔöÇÔöÇÔöÇÔöÇÔöÇÔöÇÔöÇÔöÇÔöÇÔöÇÔöÇÔöÇÔöÇÔöÇÔöÇÔöÇÔöÇÔöÇÔöÇÔöÇÔöÇÔöÇÔöÇÔöÇÔöÇÔöÇÔöÇÔöÇÔöÇÔöÇÔöÇÔöÇÔöÇÔöÇÔöÇÔöÇÔöÇ[0m
[38;5;12mÔöé 01:00:45.888 (+0:00:00.026690)[0m
[38;5;12mÔö£ÔöäÔöäÔöäÔöäÔöäÔöäÔöäÔöäÔöäÔöäÔöäÔöäÔöäÔöäÔöäÔöäÔöäÔöäÔöäÔöäÔöäÔöäÔöäÔöäÔöäÔöäÔöäÔöäÔöäÔöäÔöäÔöäÔöäÔöäÔöäÔöäÔöäÔöäÔöäÔöäÔöäÔöäÔöäÔöäÔöäÔöäÔöäÔöäÔöäÔöäÔöäÔöäÔöäÔöäÔöäÔöäÔöäÔöäÔöäÔöäÔöäÔöäÔöäÔöäÔöäÔöäÔöäÔöäÔöäÔöäÔöäÔöäÔöäÔöäÔöäÔöäÔöäÔöäÔöä[0m
[38;5;12mÔöé ­ƒÆí [Tag] Message 480[0m
[38;5;12mÔööÔöÇÔöÇÔöÇÔöÇÔöÇÔöÇÔöÇÔöÇÔöÇÔöÇÔöÇÔöÇÔöÇÔöÇÔöÇÔöÇÔöÇÔöÇÔöÇÔöÇÔöÇÔöÇÔöÇÔöÇÔöÇÔöÇÔöÇÔöÇÔöÇÔöÇÔöÇÔöÇÔöÇÔöÇÔöÇÔöÇÔöÇÔöÇÔöÇÔöÇÔöÇÔöÇÔöÇÔöÇÔöÇÔöÇÔöÇÔöÇÔöÇÔöÇÔöÇÔöÇÔöÇÔöÇÔöÇÔöÇÔöÇÔöÇÔöÇÔöÇÔöÇÔöÇÔöÇÔöÇÔöÇÔöÇÔöÇÔöÇÔöÇÔöÇÔöÇÔöÇÔöÇÔöÇÔöÇÔöÇÔöÇÔöÇÔöÇ[0m
[38;5;12mÔöîÔöÇÔöÇÔöÇÔöÇÔöÇÔöÇÔöÇÔöÇÔöÇÔöÇÔöÇÔöÇÔöÇÔöÇÔöÇÔöÇÔöÇÔöÇÔöÇÔöÇÔöÇÔöÇÔöÇÔöÇÔöÇÔöÇÔöÇÔöÇÔöÇÔöÇÔöÇÔöÇÔöÇÔöÇÔöÇÔöÇÔöÇÔöÇÔöÇÔöÇÔöÇÔöÇÔöÇÔöÇÔöÇÔöÇÔöÇÔöÇÔöÇÔöÇÔöÇÔöÇÔöÇÔöÇÔöÇÔöÇÔöÇÔöÇÔöÇÔöÇÔöÇÔöÇÔöÇÔöÇÔöÇÔöÇÔöÇÔöÇÔöÇÔöÇÔöÇÔöÇÔöÇÔöÇÔöÇÔöÇÔöÇÔöÇÔöÇ[0m
[38;5;12mÔöé 01:00:45.888 (+0:00:00.026690)[0m
[38;5;12mÔö£ÔöäÔöäÔöäÔöäÔöäÔöäÔöäÔöäÔöäÔöäÔöäÔöäÔöäÔöäÔöäÔöäÔöäÔöäÔöäÔöäÔöäÔöäÔöäÔöäÔöäÔöäÔöäÔöäÔöäÔöäÔöäÔöäÔöäÔöäÔöäÔöäÔöäÔöäÔöäÔöäÔöäÔöäÔöäÔöäÔöäÔöäÔöäÔöäÔöäÔöäÔöäÔöäÔöäÔöäÔöäÔöäÔöäÔöäÔöäÔöäÔöäÔöäÔöäÔöäÔöäÔöäÔöäÔöäÔöäÔöäÔöäÔöäÔöäÔöäÔöäÔöäÔöäÔöäÔöä[0m
[38;5;12mÔöé ­ƒÆí [Tag] Message 481[0m
[38;5;12mÔööÔöÇÔöÇÔöÇÔöÇÔöÇÔöÇÔöÇÔöÇÔöÇÔöÇÔöÇÔöÇÔöÇÔöÇÔöÇÔöÇÔöÇÔöÇÔöÇÔöÇÔöÇÔöÇÔöÇÔöÇÔöÇÔöÇÔöÇÔöÇÔöÇÔöÇÔöÇÔöÇÔöÇÔöÇÔöÇÔöÇÔöÇÔöÇÔöÇÔöÇÔöÇÔöÇÔöÇÔöÇÔöÇÔöÇÔöÇÔöÇÔöÇÔöÇÔöÇÔöÇÔöÇÔöÇÔöÇÔöÇÔöÇÔöÇÔöÇÔöÇÔöÇÔöÇÔöÇÔöÇÔöÇÔöÇÔöÇÔöÇÔöÇÔöÇÔöÇÔöÇÔöÇÔöÇÔöÇÔöÇÔöÇÔöÇÔöÇ[0m
[38;5;12mÔöîÔöÇÔöÇÔöÇÔöÇÔöÇÔöÇÔöÇÔöÇÔöÇÔöÇÔöÇÔöÇÔöÇÔöÇÔöÇÔöÇÔöÇÔöÇÔöÇÔöÇÔöÇÔöÇÔöÇÔöÇÔöÇÔöÇÔöÇÔöÇÔöÇÔöÇÔöÇÔöÇÔöÇÔöÇÔöÇÔöÇÔöÇÔöÇÔöÇÔöÇÔöÇÔöÇÔöÇÔöÇÔöÇÔöÇÔöÇÔöÇÔöÇÔöÇÔöÇÔöÇÔöÇÔöÇÔöÇÔöÇÔöÇÔöÇÔöÇÔöÇÔöÇÔöÇÔöÇÔöÇÔöÇÔöÇÔöÇÔöÇÔöÇÔöÇÔöÇÔöÇÔöÇÔöÇÔöÇÔöÇÔöÇÔöÇÔöÇ[0m
[38;5;12mÔöé 01:00:45.888 (+0:00:00.026690)[0m
[38;5;12mÔö£ÔöäÔöäÔöäÔöäÔöäÔöäÔöäÔöäÔöäÔöäÔöäÔöäÔöäÔöäÔöäÔöäÔöäÔöäÔöäÔöäÔöäÔöäÔöäÔöäÔöäÔöäÔöäÔöäÔöäÔöäÔöäÔöäÔöäÔöäÔöäÔöäÔöäÔöäÔöäÔöäÔöäÔöäÔöäÔöäÔöäÔöäÔöäÔöäÔöäÔöäÔöäÔöäÔöäÔöäÔöäÔöäÔöäÔöäÔöäÔöäÔöäÔöäÔöäÔöäÔöäÔöäÔöäÔöäÔöäÔöäÔöäÔöäÔöäÔöäÔöäÔöäÔöäÔöäÔöä[0m
[38;5;12mÔöé ­ƒÆí [Tag] Message 482[0m
[38;5;12mÔööÔöÇÔöÇÔöÇÔöÇÔöÇÔöÇÔöÇÔöÇÔöÇÔöÇÔöÇÔöÇÔöÇÔöÇÔöÇÔöÇÔöÇÔöÇÔöÇÔöÇÔöÇÔöÇÔöÇÔöÇÔöÇÔöÇÔöÇÔöÇÔöÇÔöÇÔöÇÔöÇÔöÇÔöÇÔöÇÔöÇÔöÇÔöÇÔöÇÔöÇÔöÇÔöÇÔöÇÔöÇÔöÇÔöÇÔöÇÔöÇÔöÇÔöÇÔöÇÔöÇÔöÇÔöÇÔöÇÔöÇÔöÇÔöÇÔöÇÔöÇÔöÇÔöÇÔöÇÔöÇÔöÇÔöÇÔöÇÔöÇÔöÇÔöÇÔöÇÔöÇÔöÇÔöÇÔöÇÔöÇÔöÇÔöÇÔöÇ[0m
[38;5;12mÔöîÔöÇÔöÇÔöÇÔöÇÔöÇÔöÇÔöÇÔöÇÔöÇÔöÇÔöÇÔöÇÔöÇÔöÇÔöÇÔöÇÔöÇÔöÇÔöÇÔöÇÔöÇÔöÇÔöÇÔöÇÔöÇÔöÇÔöÇÔöÇÔöÇÔöÇÔöÇÔöÇÔöÇÔöÇÔöÇÔöÇÔöÇÔöÇÔöÇÔöÇÔöÇÔöÇÔöÇÔöÇÔöÇÔöÇÔöÇÔöÇÔöÇÔöÇÔöÇÔöÇÔöÇÔöÇÔöÇÔöÇÔöÇÔöÇÔöÇÔöÇÔöÇÔöÇÔöÇÔöÇÔöÇÔöÇÔöÇÔöÇÔöÇÔöÇÔöÇÔöÇÔöÇÔöÇÔöÇÔöÇÔöÇÔöÇÔöÇ[0m
[38;5;12mÔöé 01:00:45.888 (+0:00:00.026690)[0m
[38;5;12mÔö£ÔöäÔöäÔöäÔöäÔöäÔöäÔöäÔöäÔöäÔöäÔöäÔöäÔöäÔöäÔöäÔöäÔöäÔöäÔöäÔöäÔöäÔöäÔöäÔöäÔöäÔöäÔöäÔöäÔöäÔöäÔöäÔöäÔöäÔöäÔöäÔöäÔöäÔöäÔöäÔöäÔöäÔöäÔöäÔöäÔöäÔöäÔöäÔöäÔöäÔöäÔöäÔöäÔöäÔöäÔöäÔöäÔöäÔöäÔöäÔöäÔöäÔöäÔöäÔöäÔöäÔöäÔöäÔöäÔöäÔöäÔöäÔöäÔöäÔöäÔöäÔöäÔöäÔöäÔöä[0m
[38;5;12mÔöé ­ƒÆí [Tag] Message 483[0m
[38;5;12mÔööÔöÇÔöÇÔöÇÔöÇÔöÇÔöÇÔöÇÔöÇÔöÇÔöÇÔöÇÔöÇÔöÇÔöÇÔöÇÔöÇÔöÇÔöÇÔöÇÔöÇÔöÇÔöÇÔöÇÔöÇÔöÇÔöÇÔöÇÔöÇÔöÇÔöÇÔöÇÔöÇÔöÇÔöÇÔöÇÔöÇÔöÇÔöÇÔöÇÔöÇÔöÇÔöÇÔöÇÔöÇÔöÇÔöÇÔöÇÔöÇÔöÇÔöÇÔöÇÔöÇÔöÇÔöÇÔöÇÔöÇÔöÇÔöÇÔöÇÔöÇÔöÇÔöÇÔöÇÔöÇÔöÇÔöÇÔöÇÔöÇÔöÇÔöÇÔöÇÔöÇÔöÇÔöÇÔöÇÔöÇÔöÇÔöÇÔöÇ[0m
[38;5;12mÔöîÔöÇÔöÇÔöÇÔöÇÔöÇÔöÇÔöÇÔöÇÔöÇÔöÇÔöÇÔöÇÔöÇÔöÇÔöÇÔöÇÔöÇÔöÇÔöÇÔöÇÔöÇÔöÇÔöÇÔöÇÔöÇÔöÇÔöÇÔöÇÔöÇÔöÇÔöÇÔöÇÔöÇÔöÇÔöÇÔöÇÔöÇÔöÇÔöÇÔöÇÔöÇÔöÇÔöÇÔöÇÔöÇÔöÇÔöÇÔöÇÔöÇÔöÇÔöÇÔöÇÔöÇÔöÇÔöÇÔöÇÔöÇÔöÇÔöÇÔöÇÔöÇÔöÇÔöÇÔöÇÔöÇÔöÇÔöÇÔöÇÔöÇÔöÇÔöÇÔöÇÔöÇÔöÇÔöÇÔöÇÔöÇÔöÇÔöÇ[0m
[38;5;12mÔöé 01:00:45.888 (+0:00:00.026690)[0m
[38;5;12mÔö£ÔöäÔöäÔöäÔöäÔöäÔöäÔöäÔöäÔöäÔöäÔöäÔöäÔöäÔöäÔöäÔöäÔöäÔöäÔöäÔöäÔöäÔöäÔöäÔöäÔöäÔöäÔöäÔöäÔöäÔöäÔöäÔöäÔöäÔöäÔöäÔöäÔöäÔöäÔöäÔöäÔöäÔöäÔöäÔöäÔöäÔöäÔöäÔöäÔöäÔöäÔöäÔöäÔöäÔöäÔöäÔöäÔöäÔöäÔöäÔöäÔöäÔöäÔöäÔöäÔöäÔöäÔöäÔöäÔöäÔöäÔöäÔöäÔöäÔöäÔöäÔöäÔöäÔöäÔöä[0m
[38;5;12mÔöé ­ƒÆí [Tag] Message 484[0m
[38;5;12mÔööÔöÇÔöÇÔöÇÔöÇÔöÇÔöÇÔöÇÔöÇÔöÇÔöÇÔöÇÔöÇÔöÇÔöÇÔöÇÔöÇÔöÇÔöÇÔöÇÔöÇÔöÇÔöÇÔöÇÔöÇÔöÇÔöÇÔöÇÔöÇÔöÇÔöÇÔöÇÔöÇÔöÇÔöÇÔöÇÔöÇÔöÇÔöÇÔöÇÔöÇÔöÇÔöÇÔöÇÔöÇÔöÇÔöÇÔöÇÔöÇÔöÇÔöÇÔöÇÔöÇÔöÇÔöÇÔöÇÔöÇÔöÇÔöÇÔöÇÔöÇÔöÇÔöÇÔöÇÔöÇÔöÇÔöÇÔöÇÔöÇÔöÇÔöÇÔöÇÔöÇÔöÇÔöÇÔöÇÔöÇÔöÇÔöÇÔöÇ[0m
[38;5;12mÔöîÔöÇÔöÇÔöÇÔöÇÔöÇÔöÇÔöÇÔöÇÔöÇÔöÇÔöÇÔöÇÔöÇÔöÇÔöÇÔöÇÔöÇÔöÇÔöÇÔöÇÔöÇÔöÇÔöÇÔöÇÔöÇÔöÇÔöÇÔöÇÔöÇÔöÇÔöÇÔöÇÔöÇÔöÇÔöÇÔöÇÔöÇÔöÇÔöÇÔöÇÔöÇÔöÇÔöÇÔöÇÔöÇÔöÇÔöÇÔöÇÔöÇÔöÇÔöÇÔöÇÔöÇÔöÇÔöÇÔöÇÔöÇÔöÇÔöÇÔöÇÔöÇÔöÇÔöÇÔöÇÔöÇÔöÇÔöÇÔöÇÔöÇÔöÇÔöÇÔöÇÔöÇÔöÇÔöÇÔöÇÔöÇÔöÇÔöÇ[0m
[38;5;12mÔöé 01:00:45.888 (+0:00:00.026690)[0m
[38;5;12mÔö£ÔöäÔöäÔöäÔöäÔöäÔöäÔöäÔöäÔöäÔöäÔöäÔöäÔöäÔöäÔöäÔöäÔöäÔöäÔöäÔöäÔöäÔöäÔöäÔöäÔöäÔöäÔöäÔöäÔöäÔöäÔöäÔöäÔöäÔöäÔöäÔöäÔöäÔöäÔöäÔöäÔöäÔöäÔöäÔöäÔöäÔöäÔöäÔöäÔöäÔöäÔöäÔöäÔöäÔöäÔöäÔöäÔöäÔöäÔöäÔöäÔöäÔöäÔöäÔöäÔöäÔöäÔöäÔöäÔöäÔöäÔöäÔöäÔöäÔöäÔöäÔöäÔöäÔöäÔöä[0m
[38;5;12mÔöé ­ƒÆí [Tag] Message 485[0m
[38;5;12mÔööÔöÇÔöÇÔöÇÔöÇÔöÇÔöÇÔöÇÔöÇÔöÇÔöÇÔöÇÔöÇÔöÇÔöÇÔöÇÔöÇÔöÇÔöÇÔöÇÔöÇÔöÇÔöÇÔöÇÔöÇÔöÇÔöÇÔöÇÔöÇÔöÇÔöÇÔöÇÔöÇÔöÇÔöÇÔöÇÔöÇÔöÇÔöÇÔöÇÔöÇÔöÇÔöÇÔöÇÔöÇÔöÇÔöÇÔöÇÔöÇÔöÇÔöÇÔöÇÔöÇÔöÇÔöÇÔöÇÔöÇÔöÇÔöÇÔöÇÔöÇÔöÇÔöÇÔöÇÔöÇÔöÇÔöÇÔöÇÔöÇÔöÇÔöÇÔöÇÔöÇÔöÇÔöÇÔöÇÔöÇÔöÇÔöÇÔöÇ[0m
[38;5;12mÔöîÔöÇÔöÇÔöÇÔöÇÔöÇÔöÇÔöÇÔöÇÔöÇÔöÇÔöÇÔöÇÔöÇÔöÇÔöÇÔöÇÔöÇÔöÇÔöÇÔöÇÔöÇÔöÇÔöÇÔöÇÔöÇÔöÇÔöÇÔöÇÔöÇÔöÇÔöÇÔöÇÔöÇÔöÇÔöÇÔöÇÔöÇÔöÇÔöÇÔöÇÔöÇÔöÇÔöÇÔöÇÔöÇÔöÇÔöÇÔöÇÔöÇÔöÇÔöÇÔöÇÔöÇÔöÇÔöÇÔöÇÔöÇÔöÇÔöÇÔöÇÔöÇÔöÇÔöÇÔöÇÔöÇÔöÇÔöÇÔöÇÔöÇÔöÇÔöÇÔöÇÔöÇÔöÇÔöÇÔöÇÔöÇÔöÇÔöÇ[0m
[38;5;12mÔöé 01:00:45.888 (+0:00:00.026690)[0m
[38;5;12mÔö£ÔöäÔöäÔöäÔöäÔöäÔöäÔöäÔöäÔöäÔöäÔöäÔöäÔöäÔöäÔöäÔöäÔöäÔöäÔöäÔöäÔöäÔöäÔöäÔöäÔöäÔöäÔöäÔöäÔöäÔöäÔöäÔöäÔöäÔöäÔöäÔöäÔöäÔöäÔöäÔöäÔöäÔöäÔöäÔöäÔöäÔöäÔöäÔöäÔöäÔöäÔöäÔöäÔöäÔöäÔöäÔöäÔöäÔöäÔöäÔöäÔöäÔöäÔöäÔöäÔöäÔöäÔöäÔöäÔöäÔöäÔöäÔöäÔöäÔöäÔöäÔöäÔöäÔöäÔöä[0m
[38;5;12mÔöé ­ƒÆí [Tag] Message 486[0m
[38;5;12mÔööÔöÇÔöÇÔöÇÔöÇÔöÇÔöÇÔöÇÔöÇÔöÇÔöÇÔöÇÔöÇÔöÇÔöÇÔöÇÔöÇÔöÇÔöÇÔöÇÔöÇÔöÇÔöÇÔöÇÔöÇÔöÇÔöÇÔöÇÔöÇÔöÇÔöÇÔöÇÔöÇÔöÇÔöÇÔöÇÔöÇÔöÇÔöÇÔöÇÔöÇÔöÇÔöÇÔöÇÔöÇÔöÇÔöÇÔöÇÔöÇÔöÇÔöÇÔöÇÔöÇÔöÇÔöÇÔöÇÔöÇÔöÇÔöÇÔöÇÔöÇÔöÇÔöÇÔöÇÔöÇÔöÇÔöÇÔöÇÔöÇÔöÇÔöÇÔöÇÔöÇÔöÇÔöÇÔöÇÔöÇÔöÇÔöÇÔöÇ[0m
[38;5;12mÔöîÔöÇÔöÇÔöÇÔöÇÔöÇÔöÇÔöÇÔöÇÔöÇÔöÇÔöÇÔöÇÔöÇÔöÇÔöÇÔöÇÔöÇÔöÇÔöÇÔöÇÔöÇÔöÇÔöÇÔöÇÔöÇÔöÇÔöÇÔöÇÔöÇÔöÇÔöÇÔöÇÔöÇÔöÇÔöÇÔöÇÔöÇÔöÇÔöÇÔöÇÔöÇÔöÇÔöÇÔöÇÔöÇÔöÇÔöÇÔöÇÔöÇÔöÇÔöÇÔöÇÔöÇÔöÇÔöÇÔöÇÔöÇÔöÇÔöÇÔöÇÔöÇÔöÇÔöÇÔöÇÔöÇÔöÇÔöÇÔöÇÔöÇÔöÇÔöÇÔöÇÔöÇÔöÇÔöÇÔöÇÔöÇÔöÇÔöÇ[0m
[38;5;12mÔöé 01:00:45.888 (+0:00:00.026690)[0m
[38;5;12mÔö£ÔöäÔöäÔöäÔöäÔöäÔöäÔöäÔöäÔöäÔöäÔöäÔöäÔöäÔöäÔöäÔöäÔöäÔöäÔöäÔöäÔöäÔöäÔöäÔöäÔöäÔöäÔöäÔöäÔöäÔöäÔöäÔöäÔöäÔöäÔöäÔöäÔöäÔöäÔöäÔöäÔöäÔöäÔöäÔöäÔöäÔöäÔöäÔöäÔöäÔöäÔöäÔöäÔöäÔöäÔöäÔöäÔöäÔöäÔöäÔöäÔöäÔöäÔöäÔöäÔöäÔöäÔöäÔöäÔöäÔöäÔöäÔöäÔöäÔöäÔöäÔöäÔöäÔöäÔöä[0m
[38;5;12mÔöé ­ƒÆí [Tag] Message 487[0m
[38;5;12mÔööÔöÇÔöÇÔöÇÔöÇÔöÇÔöÇÔöÇÔöÇÔöÇÔöÇÔöÇÔöÇÔöÇÔöÇÔöÇÔöÇÔöÇÔöÇÔöÇÔöÇÔöÇÔöÇÔöÇÔöÇÔöÇÔöÇÔöÇÔöÇÔöÇÔöÇÔöÇÔöÇÔöÇÔöÇÔöÇÔöÇÔöÇÔöÇÔöÇÔöÇÔöÇÔöÇÔöÇÔöÇÔöÇÔöÇÔöÇÔöÇÔöÇÔöÇÔöÇÔöÇÔöÇÔöÇÔöÇÔöÇÔöÇÔöÇÔöÇÔöÇÔöÇÔöÇÔöÇÔöÇÔöÇÔöÇÔöÇÔöÇÔöÇÔöÇÔöÇÔöÇÔöÇÔöÇÔöÇÔöÇÔöÇÔöÇÔöÇ[0m
[38;5;12mÔöîÔöÇÔöÇÔöÇÔöÇÔöÇÔöÇÔöÇÔöÇÔöÇÔöÇÔöÇÔöÇÔöÇÔöÇÔöÇÔöÇÔöÇÔöÇÔöÇÔöÇÔöÇÔöÇÔöÇÔöÇÔöÇÔöÇÔöÇÔöÇÔöÇÔöÇÔöÇÔöÇÔöÇÔöÇÔöÇÔöÇÔöÇÔöÇÔöÇÔöÇÔöÇÔöÇÔöÇÔöÇÔöÇÔöÇÔöÇÔöÇÔöÇÔöÇÔöÇÔöÇÔöÇÔöÇÔöÇÔöÇÔöÇÔöÇÔöÇÔöÇÔöÇÔöÇÔöÇÔöÇÔöÇÔöÇÔöÇÔöÇÔöÇÔöÇÔöÇÔöÇÔöÇÔöÇÔöÇÔöÇÔöÇÔöÇÔöÇ[0m
[38;5;12mÔöé 01:00:45.888 (+0:00:00.026690)[0m
[38;5;12mÔö£ÔöäÔöäÔöäÔöäÔöäÔöäÔöäÔöäÔöäÔöäÔöäÔöäÔöäÔöäÔöäÔöäÔöäÔöäÔöäÔöäÔöäÔöäÔöäÔöäÔöäÔöäÔöäÔöäÔöäÔöäÔöäÔöäÔöäÔöäÔöäÔöäÔöäÔöäÔöäÔöäÔöäÔöäÔöäÔöäÔöäÔöäÔöäÔöäÔöäÔöäÔöäÔöäÔöäÔöäÔöäÔöäÔöäÔöäÔöäÔöäÔöäÔöäÔöäÔöäÔöäÔöäÔöäÔöäÔöäÔöäÔöäÔöäÔöäÔöäÔöäÔöäÔöäÔöäÔöä[0m
[38;5;12mÔöé ­ƒÆí [Tag] Message 488[0m
[38;5;12mÔööÔöÇÔöÇÔöÇÔöÇÔöÇÔöÇÔöÇÔöÇÔöÇÔöÇÔöÇÔöÇÔöÇÔöÇÔöÇÔöÇÔöÇÔöÇÔöÇÔöÇÔöÇÔöÇÔöÇÔöÇÔöÇÔöÇÔöÇÔöÇÔöÇÔöÇÔöÇÔöÇÔöÇÔöÇÔöÇÔöÇÔöÇÔöÇÔöÇÔöÇÔöÇÔöÇÔöÇÔöÇÔöÇÔöÇÔöÇÔöÇÔöÇÔöÇÔöÇÔöÇÔöÇÔöÇÔöÇÔöÇÔöÇÔöÇÔöÇÔöÇÔöÇÔöÇÔöÇÔöÇÔöÇÔöÇÔöÇÔöÇÔöÇÔöÇÔöÇÔöÇÔöÇÔöÇÔöÇÔöÇÔöÇÔöÇÔöÇ[0m
[38;5;12mÔöîÔöÇÔöÇÔöÇÔöÇÔöÇÔöÇÔöÇÔöÇÔöÇÔöÇÔöÇÔöÇÔöÇÔöÇÔöÇÔöÇÔöÇÔöÇÔöÇÔöÇÔöÇÔöÇÔöÇÔöÇÔöÇÔöÇÔöÇÔöÇÔöÇÔöÇÔöÇÔöÇÔöÇÔöÇÔöÇÔöÇÔöÇÔöÇÔöÇÔöÇÔöÇÔöÇÔöÇÔöÇÔöÇÔöÇÔöÇÔöÇÔöÇÔöÇÔöÇÔöÇÔöÇÔöÇÔöÇÔöÇÔöÇÔöÇÔöÇÔöÇÔöÇÔöÇÔöÇÔöÇÔöÇÔöÇÔöÇÔöÇÔöÇÔöÇÔöÇÔöÇÔöÇÔöÇÔöÇÔöÇÔöÇÔöÇÔöÇ[0m
[38;5;12mÔöé 01:00:45.888 (+0:00:00.026690)[0m
[38;5;12mÔö£ÔöäÔöäÔöäÔöäÔöäÔöäÔöäÔöäÔöäÔöäÔöäÔöäÔöäÔöäÔöäÔöäÔöäÔöäÔöäÔöäÔöäÔöäÔöäÔöäÔöäÔöäÔöäÔöäÔöäÔöäÔöäÔöäÔöäÔöäÔöäÔöäÔöäÔöäÔöäÔöäÔöäÔöäÔöäÔöäÔöäÔöäÔöäÔöäÔöäÔöäÔöäÔöäÔöäÔöäÔöäÔöäÔöäÔöäÔöäÔöäÔöäÔöäÔöäÔöäÔöäÔöäÔöäÔöäÔöäÔöäÔöäÔöäÔöäÔöäÔöäÔöäÔöäÔöäÔöä[0m
[38;5;12mÔöé ­ƒÆí [Tag] Message 489[0m
[38;5;12mÔööÔöÇÔöÇÔöÇÔöÇÔöÇÔöÇÔöÇÔöÇÔöÇÔöÇÔöÇÔöÇÔöÇÔöÇÔöÇÔöÇÔöÇÔöÇÔöÇÔöÇÔöÇÔöÇÔöÇÔöÇÔöÇÔöÇÔöÇÔöÇÔöÇÔöÇÔöÇÔöÇÔöÇÔöÇÔöÇÔöÇÔöÇÔöÇÔöÇÔöÇÔöÇÔöÇÔöÇÔöÇÔöÇÔöÇÔöÇÔöÇÔöÇÔöÇÔöÇÔöÇÔöÇÔöÇÔöÇÔöÇÔöÇÔöÇÔöÇÔöÇÔöÇÔöÇÔöÇÔöÇÔöÇÔöÇÔöÇÔöÇÔöÇÔöÇÔöÇÔöÇÔöÇÔöÇÔöÇÔöÇÔöÇÔöÇÔöÇ[0m
[38;5;12mÔöîÔöÇÔöÇÔöÇÔöÇÔöÇÔöÇÔöÇÔöÇÔöÇÔöÇÔöÇÔöÇÔöÇÔöÇÔöÇÔöÇÔöÇÔöÇÔöÇÔöÇÔöÇÔöÇÔöÇÔöÇÔöÇÔöÇÔöÇÔöÇÔöÇÔöÇÔöÇÔöÇÔöÇÔöÇÔöÇÔöÇÔöÇÔöÇÔöÇÔöÇÔöÇÔöÇÔöÇÔöÇÔöÇÔöÇÔöÇÔöÇÔöÇÔöÇÔöÇÔöÇÔöÇÔöÇÔöÇÔöÇÔöÇÔöÇÔöÇÔöÇÔöÇÔöÇÔöÇÔöÇÔöÇÔöÇÔöÇÔöÇÔöÇÔöÇÔöÇÔöÇÔöÇÔöÇÔöÇÔöÇÔöÇÔöÇÔöÇ[0m
[38;5;12mÔöé 01:00:45.888 (+0:00:00.026690)[0m
[38;5;12mÔö£ÔöäÔöäÔöäÔöäÔöäÔöäÔöäÔöäÔöäÔöäÔöäÔöäÔöäÔöäÔöäÔöäÔöäÔöäÔöäÔöäÔöäÔöäÔöäÔöäÔöäÔöäÔöäÔöäÔöäÔöäÔöäÔöäÔöäÔöäÔöäÔöäÔöäÔöäÔöäÔöäÔöäÔöäÔöäÔöäÔöäÔöäÔöäÔöäÔöäÔöäÔöäÔöäÔöäÔöäÔöäÔöäÔöäÔöäÔöäÔöäÔöäÔöäÔöäÔöäÔöäÔöäÔöäÔöäÔöäÔöäÔöäÔöäÔöäÔöäÔöäÔöäÔöäÔöäÔöä[0m
[38;5;12mÔöé ­ƒÆí [Tag] Message 490[0m
[38;5;12mÔööÔöÇÔöÇÔöÇÔöÇÔöÇÔöÇÔöÇÔöÇÔöÇÔöÇÔöÇÔöÇÔöÇÔöÇÔöÇÔöÇÔöÇÔöÇÔöÇÔöÇÔöÇÔöÇÔöÇÔöÇÔöÇÔöÇÔöÇÔöÇÔöÇÔöÇÔöÇÔöÇÔöÇÔöÇÔöÇÔöÇÔöÇÔöÇÔöÇÔöÇÔöÇÔöÇÔöÇÔöÇÔöÇÔöÇÔöÇÔöÇÔöÇÔöÇÔöÇÔöÇÔöÇÔöÇÔöÇÔöÇÔöÇÔöÇÔöÇÔöÇÔöÇÔöÇÔöÇÔöÇÔöÇÔöÇÔöÇÔöÇÔöÇÔöÇÔöÇÔöÇÔöÇÔöÇÔöÇÔöÇÔöÇÔöÇÔöÇ[0m
[38;5;12mÔöîÔöÇÔöÇÔöÇÔöÇÔöÇÔöÇÔöÇÔöÇÔöÇÔöÇÔöÇÔöÇÔöÇÔöÇÔöÇÔöÇÔöÇÔöÇÔöÇÔöÇÔöÇÔöÇÔöÇÔöÇÔöÇÔöÇÔöÇÔöÇÔöÇÔöÇÔöÇÔöÇÔöÇÔöÇÔöÇÔöÇÔöÇÔöÇÔöÇÔöÇÔöÇÔöÇÔöÇÔöÇÔöÇÔöÇÔöÇÔöÇÔöÇÔöÇÔöÇÔöÇÔöÇÔöÇÔöÇÔöÇÔöÇÔöÇÔöÇÔöÇÔöÇÔöÇÔöÇÔöÇÔöÇÔöÇÔöÇÔöÇÔöÇÔöÇÔöÇÔöÇÔöÇÔöÇÔöÇÔöÇÔöÇÔöÇÔöÇ[0m
[38;5;12mÔöé 01:00:45.888 (+0:00:00.026690)[0m
[38;5;12mÔö£ÔöäÔöäÔöäÔöäÔöäÔöäÔöäÔöäÔöäÔöäÔöäÔöäÔöäÔöäÔöäÔöäÔöäÔöäÔöäÔöäÔöäÔöäÔöäÔöäÔöäÔöäÔöäÔöäÔöäÔöäÔöäÔöäÔöäÔöäÔöäÔöäÔöäÔöäÔöäÔöäÔöäÔöäÔöäÔöäÔöäÔöäÔöäÔöäÔöäÔöäÔöäÔöäÔöäÔöäÔöäÔöäÔöäÔöäÔöäÔöäÔöäÔöäÔöäÔöäÔöäÔöäÔöäÔöäÔöäÔöäÔöäÔöäÔöäÔöäÔöäÔöäÔöäÔöäÔöä[0m
[38;5;12mÔöé ­ƒÆí [Tag] Message 491[0m
[38;5;12mÔööÔöÇÔöÇÔöÇÔöÇÔöÇÔöÇÔöÇÔöÇÔöÇÔöÇÔöÇÔöÇÔöÇÔöÇÔöÇÔöÇÔöÇÔöÇÔöÇÔöÇÔöÇÔöÇÔöÇÔöÇÔöÇÔöÇÔöÇÔöÇÔöÇÔöÇÔöÇÔöÇÔöÇÔöÇÔöÇÔöÇÔöÇÔöÇÔöÇÔöÇÔöÇÔöÇÔöÇÔöÇÔöÇÔöÇÔöÇÔöÇÔöÇÔöÇÔöÇÔöÇÔöÇÔöÇÔöÇÔöÇÔöÇÔöÇÔöÇÔöÇÔöÇÔöÇÔöÇÔöÇÔöÇÔöÇÔöÇÔöÇÔöÇÔöÇÔöÇÔöÇÔöÇÔöÇÔöÇÔöÇÔöÇÔöÇÔöÇ[0m
[38;5;12mÔöîÔöÇÔöÇÔöÇÔöÇÔöÇÔöÇÔöÇÔöÇÔöÇÔöÇÔöÇÔöÇÔöÇÔöÇÔöÇÔöÇÔöÇÔöÇÔöÇÔöÇÔöÇÔöÇÔöÇÔöÇÔöÇÔöÇÔöÇÔöÇÔöÇÔöÇÔöÇÔöÇÔöÇÔöÇÔöÇÔöÇÔöÇÔöÇÔöÇÔöÇÔöÇÔöÇÔöÇÔöÇÔöÇÔöÇÔöÇÔöÇÔöÇÔöÇÔöÇÔöÇÔöÇÔöÇÔöÇÔöÇÔöÇÔöÇÔöÇÔöÇÔöÇÔöÇÔöÇÔöÇÔöÇÔöÇÔöÇÔöÇÔöÇÔöÇÔöÇÔöÇÔöÇÔöÇÔöÇÔöÇÔöÇÔöÇÔöÇ[0m
[38;5;12mÔöé 01:00:45.888 (+0:00:00.026690)[0m
[38;5;12mÔö£ÔöäÔöäÔöäÔöäÔöäÔöäÔöäÔöäÔöäÔöäÔöäÔöäÔöäÔöäÔöäÔöäÔöäÔöäÔöäÔöäÔöäÔöäÔöäÔöäÔöäÔöäÔöäÔöäÔöäÔöäÔöäÔöäÔöäÔöäÔöäÔöäÔöäÔöäÔöäÔöäÔöäÔöäÔöäÔöäÔöäÔöäÔöäÔöäÔöäÔöäÔöäÔöäÔöäÔöäÔöäÔöäÔöäÔöäÔöäÔöäÔöäÔöäÔöäÔöäÔöäÔöäÔöäÔöäÔöäÔöäÔöäÔöäÔöäÔöäÔöäÔöäÔöäÔöäÔöä[0m
[38;5;12mÔöé ­ƒÆí [Tag] Message 492[0m
[38;5;12mÔööÔöÇÔöÇÔöÇÔöÇÔöÇÔöÇÔöÇÔöÇÔöÇÔöÇÔöÇÔöÇÔöÇÔöÇÔöÇÔöÇÔöÇÔöÇÔöÇÔöÇÔöÇÔöÇÔöÇÔöÇÔöÇÔöÇÔöÇÔöÇÔöÇÔöÇÔöÇÔöÇÔöÇÔöÇÔöÇÔöÇÔöÇÔöÇÔöÇÔöÇÔöÇÔöÇÔöÇÔöÇÔöÇÔöÇÔöÇÔöÇÔöÇÔöÇÔöÇÔöÇÔöÇÔöÇÔöÇÔöÇÔöÇÔöÇÔöÇÔöÇÔöÇÔöÇÔöÇÔöÇÔöÇÔöÇÔöÇÔöÇÔöÇÔöÇÔöÇÔöÇÔöÇÔöÇÔöÇÔöÇÔöÇÔöÇÔöÇ[0m
[38;5;12mÔöîÔöÇÔöÇÔöÇÔöÇÔöÇÔöÇÔöÇÔöÇÔöÇÔöÇÔöÇÔöÇÔöÇÔöÇÔöÇÔöÇÔöÇÔöÇÔöÇÔöÇÔöÇÔöÇÔöÇÔöÇÔöÇÔöÇÔöÇÔöÇÔöÇÔöÇÔöÇÔöÇÔöÇÔöÇÔöÇÔöÇÔöÇÔöÇÔöÇÔöÇÔöÇÔöÇÔöÇÔöÇÔöÇÔöÇÔöÇÔöÇÔöÇÔöÇÔöÇÔöÇÔöÇÔöÇÔöÇÔöÇÔöÇÔöÇÔöÇÔöÇÔöÇÔöÇÔöÇÔöÇÔöÇÔöÇÔöÇÔöÇÔöÇÔöÇÔöÇÔöÇÔöÇÔöÇÔöÇÔöÇÔöÇÔöÇÔöÇ[0m
[38;5;12mÔöé 01:00:45.888 (+0:00:00.026690)[0m
[38;5;12mÔö£ÔöäÔöäÔöäÔöäÔöäÔöäÔöäÔöäÔöäÔöäÔöäÔöäÔöäÔöäÔöäÔöäÔöäÔöäÔöäÔöäÔöäÔöäÔöäÔöäÔöäÔöäÔöäÔöäÔöäÔöäÔöäÔöäÔöäÔöäÔöäÔöäÔöäÔöäÔöäÔöäÔöäÔöäÔöäÔöäÔöäÔöäÔöäÔöäÔöäÔöäÔöäÔöäÔöäÔöäÔöäÔöäÔöäÔöäÔöäÔöäÔöäÔöäÔöäÔöäÔöäÔöäÔöäÔöäÔöäÔöäÔöäÔöäÔöäÔöäÔöäÔöäÔöäÔöäÔöä[0m
[38;5;12mÔöé ­ƒÆí [Tag] Message 493[0m
[38;5;12mÔööÔöÇÔöÇÔöÇÔöÇÔöÇÔöÇÔöÇÔöÇÔöÇÔöÇÔöÇÔöÇÔöÇÔöÇÔöÇÔöÇÔöÇÔöÇÔöÇÔöÇÔöÇÔöÇÔöÇÔöÇÔöÇÔöÇÔöÇÔöÇÔöÇÔöÇÔöÇÔöÇÔöÇÔöÇÔöÇÔöÇÔöÇÔöÇÔöÇÔöÇÔöÇÔöÇÔöÇÔöÇÔöÇÔöÇÔöÇÔöÇÔöÇÔöÇÔöÇÔöÇÔöÇÔöÇÔöÇÔöÇÔöÇÔöÇÔöÇÔöÇÔöÇÔöÇÔöÇÔöÇÔöÇÔöÇÔöÇÔöÇÔöÇÔöÇÔöÇÔöÇÔöÇÔöÇÔöÇÔöÇÔöÇÔöÇÔöÇ[0m
[38;5;12mÔöîÔöÇÔöÇÔöÇÔöÇÔöÇÔöÇÔöÇÔöÇÔöÇÔöÇÔöÇÔöÇÔöÇÔöÇÔöÇÔöÇÔöÇÔöÇÔöÇÔöÇÔöÇÔöÇÔöÇÔöÇÔöÇÔöÇÔöÇÔöÇÔöÇÔöÇÔöÇÔöÇÔöÇÔöÇÔöÇÔöÇÔöÇÔöÇÔöÇÔöÇÔöÇÔöÇÔöÇÔöÇÔöÇÔöÇÔöÇÔöÇÔöÇÔöÇÔöÇÔöÇÔöÇÔöÇÔöÇÔöÇÔöÇÔöÇÔöÇÔöÇÔöÇÔöÇÔöÇÔöÇÔöÇÔöÇÔöÇÔöÇÔöÇÔöÇÔöÇÔöÇÔöÇÔöÇÔöÇÔöÇÔöÇÔöÇÔöÇ[0m
[38;5;12mÔöé 01:00:45.888 (+0:00:00.026690)[0m
[38;5;12mÔö£ÔöäÔöäÔöäÔöäÔöäÔöäÔöäÔöäÔöäÔöäÔöäÔöäÔöäÔöäÔöäÔöäÔöäÔöäÔöäÔöäÔöäÔöäÔöäÔöäÔöäÔöäÔöäÔöäÔöäÔöäÔöäÔöäÔöäÔöäÔöäÔöäÔöäÔöäÔöäÔöäÔöäÔöäÔöäÔöäÔöäÔöäÔöäÔöäÔöäÔöäÔöäÔöäÔöäÔöäÔöäÔöäÔöäÔöäÔöäÔöäÔöäÔöäÔöäÔöäÔöäÔöäÔöäÔöäÔöäÔöäÔöäÔöäÔöäÔöäÔöäÔöäÔöäÔöäÔöä[0m
[38;5;12mÔöé ­ƒÆí [Tag] Message 494[0m
[38;5;12mÔööÔöÇÔöÇÔöÇÔöÇÔöÇÔöÇÔöÇÔöÇÔöÇÔöÇÔöÇÔöÇÔöÇÔöÇÔöÇÔöÇÔöÇÔöÇÔöÇÔöÇÔöÇÔöÇÔöÇÔöÇÔöÇÔöÇÔöÇÔöÇÔöÇÔöÇÔöÇÔöÇÔöÇÔöÇÔöÇÔöÇÔöÇÔöÇÔöÇÔöÇÔöÇÔöÇÔöÇÔöÇÔöÇÔöÇÔöÇÔöÇÔöÇÔöÇÔöÇÔöÇÔöÇÔöÇÔöÇÔöÇÔöÇÔöÇÔöÇÔöÇÔöÇÔöÇÔöÇÔöÇÔöÇÔöÇÔöÇÔöÇÔöÇÔöÇÔöÇÔöÇÔöÇÔöÇÔöÇÔöÇÔöÇÔöÇÔöÇ[0m
[38;5;12mÔöîÔöÇÔöÇÔöÇÔöÇÔöÇÔöÇÔöÇÔöÇÔöÇÔöÇÔöÇÔöÇÔöÇÔöÇÔöÇÔöÇÔöÇÔöÇÔöÇÔöÇÔöÇÔöÇÔöÇÔöÇÔöÇÔöÇÔöÇÔöÇÔöÇÔöÇÔöÇÔöÇÔöÇÔöÇÔöÇÔöÇÔöÇÔöÇÔöÇÔöÇÔöÇÔöÇÔöÇÔöÇÔöÇÔöÇÔöÇÔöÇÔöÇÔöÇÔöÇÔöÇÔöÇÔöÇÔöÇÔöÇÔöÇÔöÇÔöÇÔöÇÔöÇÔöÇÔöÇÔöÇÔöÇÔöÇÔöÇÔöÇÔöÇÔöÇÔöÇÔöÇÔöÇÔöÇÔöÇÔöÇÔöÇÔöÇÔöÇ[0m
[38;5;12mÔöé 01:00:45.888 (+0:00:00.026690)[0m
[38;5;12mÔö£ÔöäÔöäÔöäÔöäÔöäÔöäÔöäÔöäÔöäÔöäÔöäÔöäÔöäÔöäÔöäÔöäÔöäÔöäÔöäÔöäÔöäÔöäÔöäÔöäÔöäÔöäÔöäÔöäÔöäÔöäÔöäÔöäÔöäÔöäÔöäÔöäÔöäÔöäÔöäÔöäÔöäÔöäÔöäÔöäÔöäÔöäÔöäÔöäÔöäÔöäÔöäÔöäÔöäÔöäÔöäÔöäÔöäÔöäÔöäÔöäÔöäÔöäÔöäÔöäÔöäÔöäÔöäÔöäÔöäÔöäÔöäÔöäÔöäÔöäÔöäÔöäÔöäÔöäÔöä[0m
[38;5;12mÔöé ­ƒÆí [Tag] Message 495[0m
[38;5;12mÔööÔöÇÔöÇÔöÇÔöÇÔöÇÔöÇÔöÇÔöÇÔöÇÔöÇÔöÇÔöÇÔöÇÔöÇÔöÇÔöÇÔöÇÔöÇÔöÇÔöÇÔöÇÔöÇÔöÇÔöÇÔöÇÔöÇÔöÇÔöÇÔöÇÔöÇÔöÇÔöÇÔöÇÔöÇÔöÇÔöÇÔöÇÔöÇÔöÇÔöÇÔöÇÔöÇÔöÇÔöÇÔöÇÔöÇÔöÇÔöÇÔöÇÔöÇÔöÇÔöÇÔöÇÔöÇÔöÇÔöÇÔöÇÔöÇÔöÇÔöÇÔöÇÔöÇÔöÇÔöÇÔöÇÔöÇÔöÇÔöÇÔöÇÔöÇÔöÇÔöÇÔöÇÔöÇÔöÇÔöÇÔöÇÔöÇÔöÇ[0m
[38;5;12mÔöîÔöÇÔöÇÔöÇÔöÇÔöÇÔöÇÔöÇÔöÇÔöÇÔöÇÔöÇÔöÇÔöÇÔöÇÔöÇÔöÇÔöÇÔöÇÔöÇÔöÇÔöÇÔöÇÔöÇÔöÇÔöÇÔöÇÔöÇÔöÇÔöÇÔöÇÔöÇÔöÇÔöÇÔöÇÔöÇÔöÇÔöÇÔöÇÔöÇÔöÇÔöÇÔöÇÔöÇÔöÇÔöÇÔöÇÔöÇÔöÇÔöÇÔöÇÔöÇÔöÇÔöÇÔöÇÔöÇÔöÇÔöÇÔöÇÔöÇÔöÇÔöÇÔöÇÔöÇÔöÇÔöÇÔöÇÔöÇÔöÇÔöÇÔöÇÔöÇÔöÇÔöÇÔöÇÔöÇÔöÇÔöÇÔöÇÔöÇ[0m
[38;5;12mÔöé 01:00:45.888 (+0:00:00.026690)[0m
[38;5;12mÔö£ÔöäÔöäÔöäÔöäÔöäÔöäÔöäÔöäÔöäÔöäÔöäÔöäÔöäÔöäÔöäÔöäÔöäÔöäÔöäÔöäÔöäÔöäÔöäÔöäÔöäÔöäÔöäÔöäÔöäÔöäÔöäÔöäÔöäÔöäÔöäÔöäÔöäÔöäÔöäÔöäÔöäÔöäÔöäÔöäÔöäÔöäÔöäÔöäÔöäÔöäÔöäÔöäÔöäÔöäÔöäÔöäÔöäÔöäÔöäÔöäÔöäÔöäÔöäÔöäÔöäÔöäÔöäÔöäÔöäÔöäÔöäÔöäÔöäÔöäÔöäÔöäÔöäÔöäÔöä[0m
[38;5;12mÔöé ­ƒÆí [Tag] Message 496[0m
[38;5;12mÔööÔöÇÔöÇÔöÇÔöÇÔöÇÔöÇÔöÇÔöÇÔöÇÔöÇÔöÇÔöÇÔöÇÔöÇÔöÇÔöÇÔöÇÔöÇÔöÇÔöÇÔöÇÔöÇÔöÇÔöÇÔöÇÔöÇÔöÇÔöÇÔöÇÔöÇÔöÇÔöÇÔöÇÔöÇÔöÇÔöÇÔöÇÔöÇÔöÇÔöÇÔöÇÔöÇÔöÇÔöÇÔöÇÔöÇÔöÇÔöÇÔöÇÔöÇÔöÇÔöÇÔöÇÔöÇÔöÇÔöÇÔöÇÔöÇÔöÇÔöÇÔöÇÔöÇÔöÇÔöÇÔöÇÔöÇÔöÇÔöÇÔöÇÔöÇÔöÇÔöÇÔöÇÔöÇÔöÇÔöÇÔöÇÔöÇÔöÇ[0m
[38;5;12mÔöîÔöÇÔöÇÔöÇÔöÇÔöÇÔöÇÔöÇÔöÇÔöÇÔöÇÔöÇÔöÇÔöÇÔöÇÔöÇÔöÇÔöÇÔöÇÔöÇÔöÇÔöÇÔöÇÔöÇÔöÇÔöÇÔöÇÔöÇÔöÇÔöÇÔöÇÔöÇÔöÇÔöÇÔöÇÔöÇÔöÇÔöÇÔöÇÔöÇÔöÇÔöÇÔöÇÔöÇÔöÇÔöÇÔöÇÔöÇÔöÇÔöÇÔöÇÔöÇÔöÇÔöÇÔöÇÔöÇÔöÇÔöÇÔöÇÔöÇÔöÇÔöÇÔöÇÔöÇÔöÇÔöÇÔöÇÔöÇÔöÇÔöÇÔöÇÔöÇÔöÇÔöÇÔöÇÔöÇÔöÇÔöÇÔöÇÔöÇ[0m
[38;5;12mÔöé 01:00:45.888 (+0:00:00.026690)[0m
[38;5;12mÔö£ÔöäÔöäÔöäÔöäÔöäÔöäÔöäÔöäÔöäÔöäÔöäÔöäÔöäÔöäÔöäÔöäÔöäÔöäÔöäÔöäÔöäÔöäÔöäÔöäÔöäÔöäÔöäÔöäÔöäÔöäÔöäÔöäÔöäÔöäÔöäÔöäÔöäÔöäÔöäÔöäÔöäÔöäÔöäÔöäÔöäÔöäÔöäÔöäÔöäÔöäÔöäÔöäÔöäÔöäÔöäÔöäÔöäÔöäÔöäÔöäÔöäÔöäÔöäÔöäÔöäÔöäÔöäÔöäÔöäÔöäÔöäÔöäÔöäÔöäÔöäÔöäÔöäÔöäÔöä[0m
[38;5;12mÔöé ­ƒÆí [Tag] Message 497[0m
[38;5;12mÔööÔöÇÔöÇÔöÇÔöÇÔöÇÔöÇÔöÇÔöÇÔöÇÔöÇÔöÇÔöÇÔöÇÔöÇÔöÇÔöÇÔöÇÔöÇÔöÇÔöÇÔöÇÔöÇÔöÇÔöÇÔöÇÔöÇÔöÇÔöÇÔöÇÔöÇÔöÇÔöÇÔöÇÔöÇÔöÇÔöÇÔöÇÔöÇÔöÇÔöÇÔöÇÔöÇÔöÇÔöÇÔöÇÔöÇÔöÇÔöÇÔöÇÔöÇÔöÇÔöÇÔöÇÔöÇÔöÇÔöÇÔöÇÔöÇÔöÇÔöÇÔöÇÔöÇÔöÇÔöÇÔöÇÔöÇÔöÇÔöÇÔöÇÔöÇÔöÇÔöÇÔöÇÔöÇÔöÇÔöÇÔöÇÔöÇÔöÇ[0m
[38;5;12mÔöîÔöÇÔöÇÔöÇÔöÇÔöÇÔöÇÔöÇÔöÇÔöÇÔöÇÔöÇÔöÇÔöÇÔöÇÔöÇÔöÇÔöÇÔöÇÔöÇÔöÇÔöÇÔöÇÔöÇÔöÇÔöÇÔöÇÔöÇÔöÇÔöÇÔöÇÔöÇÔöÇÔöÇÔöÇÔöÇÔöÇÔöÇÔöÇÔöÇÔöÇÔöÇÔöÇÔöÇÔöÇÔöÇÔöÇÔöÇÔöÇÔöÇÔöÇÔöÇÔöÇÔöÇÔöÇÔöÇÔöÇÔöÇÔöÇÔöÇÔöÇÔöÇÔöÇÔöÇÔöÇÔöÇÔöÇÔöÇÔöÇÔöÇÔöÇÔöÇÔöÇÔöÇÔöÇÔöÇÔöÇÔöÇÔöÇÔöÇ[0m
[38;5;12mÔöé 01:00:45.888 (+0:00:00.026690)[0m
[38;5;12mÔö£ÔöäÔöäÔöäÔöäÔöäÔöäÔöäÔöäÔöäÔöäÔöäÔöäÔöäÔöäÔöäÔöäÔöäÔöäÔöäÔöäÔöäÔöäÔöäÔöäÔöäÔöäÔöäÔöäÔöäÔöäÔöäÔöäÔöäÔöäÔöäÔöäÔöäÔöäÔöäÔöäÔöäÔöäÔöäÔöäÔöäÔöäÔöäÔöäÔöäÔöäÔöäÔöäÔöäÔöäÔöäÔöäÔöäÔöäÔöäÔöäÔöäÔöäÔöäÔöäÔöäÔöäÔöäÔöäÔöäÔöäÔöäÔöäÔöäÔöäÔöäÔöäÔöäÔöäÔöä[0m
[38;5;12mÔöé ­ƒÆí [Tag] Message 498[0m
[38;5;12mÔööÔöÇÔöÇÔöÇÔöÇÔöÇÔöÇÔöÇÔöÇÔöÇÔöÇÔöÇÔöÇÔöÇÔöÇÔöÇÔöÇÔöÇÔöÇÔöÇÔöÇÔöÇÔöÇÔöÇÔöÇÔöÇÔöÇÔöÇÔöÇÔöÇÔöÇÔöÇÔöÇÔöÇÔöÇÔöÇÔöÇÔöÇÔöÇÔöÇÔöÇÔöÇÔöÇÔöÇÔöÇÔöÇÔöÇÔöÇÔöÇÔöÇÔöÇÔöÇÔöÇÔöÇÔöÇÔöÇÔöÇÔöÇÔöÇÔöÇÔöÇÔöÇÔöÇÔöÇÔöÇÔöÇÔöÇÔöÇÔöÇÔöÇÔöÇÔöÇÔöÇÔöÇÔöÇÔöÇÔöÇÔöÇÔöÇÔöÇ[0m
[38;5;12mÔöîÔöÇÔöÇÔöÇÔöÇÔöÇÔöÇÔöÇÔöÇÔöÇÔöÇÔöÇÔöÇÔöÇÔöÇÔöÇÔöÇÔöÇÔöÇÔöÇÔöÇÔöÇÔöÇÔöÇÔöÇÔöÇÔöÇÔöÇÔöÇÔöÇÔöÇÔöÇÔöÇÔöÇÔöÇÔöÇÔöÇÔöÇÔöÇÔöÇÔöÇÔöÇÔöÇÔöÇÔöÇÔöÇÔöÇÔöÇÔöÇÔöÇÔöÇÔöÇÔöÇÔöÇÔöÇÔöÇÔöÇÔöÇÔöÇÔöÇÔöÇÔöÇÔöÇÔöÇÔöÇÔöÇÔöÇÔöÇÔöÇÔöÇÔöÇÔöÇÔöÇÔöÇÔöÇÔöÇÔöÇÔöÇÔöÇÔöÇ[0m
[38;5;12mÔöé 01:00:45.888 (+0:00:00.026690)[0m
[38;5;12mÔö£ÔöäÔöäÔöäÔöäÔöäÔöäÔöäÔöäÔöäÔöäÔöäÔöäÔöäÔöäÔöäÔöäÔöäÔöäÔöäÔöäÔöäÔöäÔöäÔöäÔöäÔöäÔöäÔöäÔöäÔöäÔöäÔöäÔöäÔöäÔöäÔöäÔöäÔöäÔöäÔöäÔöäÔöäÔöäÔöäÔöäÔöäÔöäÔöäÔöäÔöäÔöäÔöäÔöäÔöäÔöäÔöäÔöäÔöäÔöäÔöäÔöäÔöäÔöäÔöäÔöäÔöäÔöäÔöäÔöäÔöäÔöäÔöäÔöäÔöäÔöäÔöäÔöäÔöäÔöä[0m
[38;5;12mÔöé ­ƒÆí [Tag] Message 499[0m
[38;5;12mÔööÔöÇÔöÇÔöÇÔöÇÔöÇÔöÇÔöÇÔöÇÔöÇÔöÇÔöÇÔöÇÔöÇÔöÇÔöÇÔöÇÔöÇÔöÇÔöÇÔöÇÔöÇÔöÇÔöÇÔöÇÔöÇÔöÇÔöÇÔöÇÔöÇÔöÇÔöÇÔöÇÔöÇÔöÇÔöÇÔöÇÔöÇÔöÇÔöÇÔöÇÔöÇÔöÇÔöÇÔöÇÔöÇÔöÇÔöÇÔöÇÔöÇÔöÇÔöÇÔöÇÔöÇÔöÇÔöÇÔöÇÔöÇÔöÇÔöÇÔöÇÔöÇÔöÇÔöÇÔöÇÔöÇÔöÇÔöÇÔöÇÔöÇÔöÇÔöÇÔöÇÔöÇÔöÇÔöÇÔöÇÔöÇÔöÇÔöÇ[0m
[38;5;12mÔöîÔöÇÔöÇÔöÇÔöÇÔöÇÔöÇÔöÇÔöÇÔöÇÔöÇÔöÇÔöÇÔöÇÔöÇÔöÇÔöÇÔöÇÔöÇÔöÇÔöÇÔöÇÔöÇÔöÇÔöÇÔöÇÔöÇÔöÇÔöÇÔöÇÔöÇÔöÇÔöÇÔöÇÔöÇÔöÇÔöÇÔöÇÔöÇÔöÇÔöÇÔöÇÔöÇÔöÇÔöÇÔöÇÔöÇÔöÇÔöÇÔöÇÔöÇÔöÇÔöÇÔöÇÔöÇÔöÇÔöÇÔöÇÔöÇÔöÇÔöÇÔöÇÔöÇÔöÇÔöÇÔöÇÔöÇÔöÇÔöÇÔöÇÔöÇÔöÇÔöÇÔöÇÔöÇÔöÇÔöÇÔöÇÔöÇÔöÇ[0m
[38;5;12mÔöé 01:00:45.888 (+0:00:00.026690)[0m
[38;5;12mÔö£ÔöäÔöäÔöäÔöäÔöäÔöäÔöäÔöäÔöäÔöäÔöäÔöäÔöäÔöäÔöäÔöäÔöäÔöäÔöäÔöäÔöäÔöäÔöäÔöäÔöäÔöäÔöäÔöäÔöäÔöäÔöäÔöäÔöäÔöäÔöäÔöäÔöäÔöäÔöäÔöäÔöäÔöäÔöäÔöäÔöäÔöäÔöäÔöäÔöäÔöäÔöäÔöäÔöäÔöäÔöäÔöäÔöäÔöäÔöäÔöäÔöäÔöäÔöäÔöäÔöäÔöäÔöäÔöäÔöäÔöäÔöäÔöäÔöäÔöäÔöäÔöäÔöäÔöäÔöä[0m
[38;5;12mÔöé ­ƒÆí [Tag] Message 500[0m
[38;5;12mÔööÔöÇÔöÇÔöÇÔöÇÔöÇÔöÇÔöÇÔöÇÔöÇÔöÇÔöÇÔöÇÔöÇÔöÇÔöÇÔöÇÔöÇÔöÇÔöÇÔöÇÔöÇÔöÇÔöÇÔöÇÔöÇÔöÇÔöÇÔöÇÔöÇÔöÇÔöÇÔöÇÔöÇÔöÇÔöÇÔöÇÔöÇÔöÇÔöÇÔöÇÔöÇÔöÇÔöÇÔöÇÔöÇÔöÇÔöÇÔöÇÔöÇÔöÇÔöÇÔöÇÔöÇÔöÇÔöÇÔöÇÔöÇÔöÇÔöÇÔöÇÔöÇÔöÇÔöÇÔöÇÔöÇÔöÇÔöÇÔöÇÔöÇÔöÇÔöÇÔöÇÔöÇÔöÇÔöÇÔöÇÔöÇÔöÇÔöÇ[0m
[38;5;12mÔöîÔöÇÔöÇÔöÇÔöÇÔöÇÔöÇÔöÇÔöÇÔöÇÔöÇÔöÇÔöÇÔöÇÔöÇÔöÇÔöÇÔöÇÔöÇÔöÇÔöÇÔöÇÔöÇÔöÇÔöÇÔöÇÔöÇÔöÇÔöÇÔöÇÔöÇÔöÇÔöÇÔöÇÔöÇÔöÇÔöÇÔöÇÔöÇÔöÇÔöÇÔöÇÔöÇÔöÇÔöÇÔöÇÔöÇÔöÇÔöÇÔöÇÔöÇÔöÇÔöÇÔöÇÔöÇÔöÇÔöÇÔöÇÔöÇÔöÇÔöÇÔöÇÔöÇÔöÇÔöÇÔöÇÔöÇÔöÇÔöÇÔöÇÔöÇÔöÇÔöÇÔöÇÔöÇÔöÇÔöÇÔöÇÔöÇÔöÇ[0m
[38;5;12mÔöé 01:00:45.888 (+0:00:00.026690)[0m
[38;5;12mÔö£ÔöäÔöäÔöäÔöäÔöäÔöäÔöäÔöäÔöäÔöäÔöäÔöäÔöäÔöäÔöäÔöäÔöäÔöäÔöäÔöäÔöäÔöäÔöäÔöäÔöäÔöäÔöäÔöäÔöäÔöäÔöäÔöäÔöäÔöäÔöäÔöäÔöäÔöäÔöäÔöäÔöäÔöäÔöäÔöäÔöäÔöäÔöäÔöäÔöäÔöäÔöäÔöäÔöäÔöäÔöäÔöäÔöäÔöäÔöäÔöäÔöäÔöäÔöäÔöäÔöäÔöäÔöäÔöäÔöäÔöäÔöäÔöäÔöäÔöäÔöäÔöäÔöäÔöäÔöä[0m
[38;5;12mÔöé ­ƒÆí [Tag] Message 501[0m
[38;5;12mÔööÔöÇÔöÇÔöÇÔöÇÔöÇÔöÇÔöÇÔöÇÔöÇÔöÇÔöÇÔöÇÔöÇÔöÇÔöÇÔöÇÔöÇÔöÇÔöÇÔöÇÔöÇÔöÇÔöÇÔöÇÔöÇÔöÇÔöÇÔöÇÔöÇÔöÇÔöÇÔöÇÔöÇÔöÇÔöÇÔöÇÔöÇÔöÇÔöÇÔöÇÔöÇÔöÇÔöÇÔöÇÔöÇÔöÇÔöÇÔöÇÔöÇÔöÇÔöÇÔöÇÔöÇÔöÇÔöÇÔöÇÔöÇÔöÇÔöÇÔöÇÔöÇÔöÇÔöÇÔöÇÔöÇÔöÇÔöÇÔöÇÔöÇÔöÇÔöÇÔöÇÔöÇÔöÇÔöÇÔöÇÔöÇÔöÇÔöÇ[0m
[38;5;12mÔöîÔöÇÔöÇÔöÇÔöÇÔöÇÔöÇÔöÇÔöÇÔöÇÔöÇÔöÇÔöÇÔöÇÔöÇÔöÇÔöÇÔöÇÔöÇÔöÇÔöÇÔöÇÔöÇÔöÇÔöÇÔöÇÔöÇÔöÇÔöÇÔöÇÔöÇÔöÇÔöÇÔöÇÔöÇÔöÇÔöÇÔöÇÔöÇÔöÇÔöÇÔöÇÔöÇÔöÇÔöÇÔöÇÔöÇÔöÇÔöÇÔöÇÔöÇÔöÇÔöÇÔöÇÔöÇÔöÇÔöÇÔöÇÔöÇÔöÇÔöÇÔöÇÔöÇÔöÇÔöÇÔöÇÔöÇÔöÇÔöÇÔöÇÔöÇÔöÇÔöÇÔöÇÔöÇÔöÇÔöÇÔöÇÔöÇÔöÇ[0m
[38;5;12mÔöé 01:00:45.888 (+0:00:00.026690)[0m
[38;5;12mÔö£ÔöäÔöäÔöäÔöäÔöäÔöäÔöäÔöäÔöäÔöäÔöäÔöäÔöäÔöäÔöäÔöäÔöäÔöäÔöäÔöäÔöäÔöäÔöäÔöäÔöäÔöäÔöäÔöäÔöäÔöäÔöäÔöäÔöäÔöäÔöäÔöäÔöäÔöäÔöäÔöäÔöäÔöäÔöäÔöäÔöäÔöäÔöäÔöäÔöäÔöäÔöäÔöäÔöäÔöäÔöäÔöäÔöäÔöäÔöäÔöäÔöäÔöäÔöäÔöäÔöäÔöäÔöäÔöäÔöäÔöäÔöäÔöäÔöäÔöäÔöäÔöäÔöäÔöäÔöä[0m
[38;5;12mÔöé ­ƒÆí [Tag] Message 502[0m
[38;5;12mÔööÔöÇÔöÇÔöÇÔöÇÔöÇÔöÇÔöÇÔöÇÔöÇÔöÇÔöÇÔöÇÔöÇÔöÇÔöÇÔöÇÔöÇÔöÇÔöÇÔöÇÔöÇÔöÇÔöÇÔöÇÔöÇÔöÇÔöÇÔöÇÔöÇÔöÇÔöÇÔöÇÔöÇÔöÇÔöÇÔöÇÔöÇÔöÇÔöÇÔöÇÔöÇÔöÇÔöÇÔöÇÔöÇÔöÇÔöÇÔöÇÔöÇÔöÇÔöÇÔöÇÔöÇÔöÇÔöÇÔöÇÔöÇÔöÇÔöÇÔöÇÔöÇÔöÇÔöÇÔöÇÔöÇÔöÇÔöÇÔöÇÔöÇÔöÇÔöÇÔöÇÔöÇÔöÇÔöÇÔöÇÔöÇÔöÇÔöÇ[0m
[38;5;12mÔöîÔöÇÔöÇÔöÇÔöÇÔöÇÔöÇÔöÇÔöÇÔöÇÔöÇÔöÇÔöÇÔöÇÔöÇÔöÇÔöÇÔöÇÔöÇÔöÇÔöÇÔöÇÔöÇÔöÇÔöÇÔöÇÔöÇÔöÇÔöÇÔöÇÔöÇÔöÇÔöÇÔöÇÔöÇÔöÇÔöÇÔöÇÔöÇÔöÇÔöÇÔöÇÔöÇÔöÇÔöÇÔöÇÔöÇÔöÇÔöÇÔöÇÔöÇÔöÇÔöÇÔöÇÔöÇÔöÇÔöÇÔöÇÔöÇÔöÇÔöÇÔöÇÔöÇÔöÇÔöÇÔöÇÔöÇÔöÇÔöÇÔöÇÔöÇÔöÇÔöÇÔöÇÔöÇÔöÇÔöÇÔöÇÔöÇÔöÇ[0m
[38;5;12mÔöé 01:00:45.888 (+0:00:00.026690)[0m
[38;5;12mÔö£ÔöäÔöäÔöäÔöäÔöäÔöäÔöäÔöäÔöäÔöäÔöäÔöäÔöäÔöäÔöäÔöäÔöäÔöäÔöäÔöäÔöäÔöäÔöäÔöäÔöäÔöäÔöäÔöäÔöäÔöäÔöäÔöäÔöäÔöäÔöäÔöäÔöäÔöäÔöäÔöäÔöäÔöäÔöäÔöäÔöäÔöäÔöäÔöäÔöäÔöäÔöäÔöäÔöäÔöäÔöäÔöäÔöäÔöäÔöäÔöäÔöäÔöäÔöäÔöäÔöäÔöäÔöäÔöäÔöäÔöäÔöäÔöäÔöäÔöäÔöäÔöäÔöäÔöäÔöä[0m
[38;5;12mÔöé ­ƒÆí [Tag] Message 503[0m
[38;5;12mÔööÔöÇÔöÇÔöÇÔöÇÔöÇÔöÇÔöÇÔöÇÔöÇÔöÇÔöÇÔöÇÔöÇÔöÇÔöÇÔöÇÔöÇÔöÇÔöÇÔöÇÔöÇÔöÇÔöÇÔöÇÔöÇÔöÇÔöÇÔöÇÔöÇÔöÇÔöÇÔöÇÔöÇÔöÇÔöÇÔöÇÔöÇÔöÇÔöÇÔöÇÔöÇÔöÇÔöÇÔöÇÔöÇÔöÇÔöÇÔöÇÔöÇÔöÇÔöÇÔöÇÔöÇÔöÇÔöÇÔöÇÔöÇÔöÇÔöÇÔöÇÔöÇÔöÇÔöÇÔöÇÔöÇÔöÇÔöÇÔöÇÔöÇÔöÇÔöÇÔöÇÔöÇÔöÇÔöÇÔöÇÔöÇÔöÇÔöÇ[0m
[38;5;12mÔöîÔöÇÔöÇÔöÇÔöÇÔöÇÔöÇÔöÇÔöÇÔöÇÔöÇÔöÇÔöÇÔöÇÔöÇÔöÇÔöÇÔöÇÔöÇÔöÇÔöÇÔöÇÔöÇÔöÇÔöÇÔöÇÔöÇÔöÇÔöÇÔöÇÔöÇÔöÇÔöÇÔöÇÔöÇÔöÇÔöÇÔöÇÔöÇÔöÇÔöÇÔöÇÔöÇÔöÇÔöÇÔöÇÔöÇÔöÇÔöÇÔöÇÔöÇÔöÇÔöÇÔöÇÔöÇÔöÇÔöÇÔöÇÔöÇÔöÇÔöÇÔöÇÔöÇÔöÇÔöÇÔöÇÔöÇÔöÇÔöÇÔöÇÔöÇÔöÇÔöÇÔöÇÔöÇÔöÇÔöÇÔöÇÔöÇÔöÇ[0m
[38;5;12mÔöé 01:00:45.888 (+0:00:00.026690)[0m
[38;5;12mÔö£ÔöäÔöäÔöäÔöäÔöäÔöäÔöäÔöäÔöäÔöäÔöäÔöäÔöäÔöäÔöäÔöäÔöäÔöäÔöäÔöäÔöäÔöäÔöäÔöäÔöäÔöäÔöäÔöäÔöäÔöäÔöäÔöäÔöäÔöäÔöäÔöäÔöäÔöäÔöäÔöäÔöäÔöäÔöäÔöäÔöäÔöäÔöäÔöäÔöäÔöäÔöäÔöäÔöäÔöäÔöäÔöäÔöäÔöäÔöäÔöäÔöäÔöäÔöäÔöäÔöäÔöäÔöäÔöäÔöäÔöäÔöäÔöäÔöäÔöäÔöäÔöäÔöäÔöäÔöä[0m
[38;5;12mÔöé ­ƒÆí [Tag] Message 504[0m
[38;5;12mÔööÔöÇÔöÇÔöÇÔöÇÔöÇÔöÇÔöÇÔöÇÔöÇÔöÇÔöÇÔöÇÔöÇÔöÇÔöÇÔöÇÔöÇÔöÇÔöÇÔöÇÔöÇÔöÇÔöÇÔöÇÔöÇÔöÇÔöÇÔöÇÔöÇÔöÇÔöÇÔöÇÔöÇÔöÇÔöÇÔöÇÔöÇÔöÇÔöÇÔöÇÔöÇÔöÇÔöÇÔöÇÔöÇÔöÇÔöÇÔöÇÔöÇÔöÇÔöÇÔöÇÔöÇÔöÇÔöÇÔöÇÔöÇÔöÇÔöÇÔöÇÔöÇÔöÇÔöÇÔöÇÔöÇÔöÇÔöÇÔöÇÔöÇÔöÇÔöÇÔöÇÔöÇÔöÇÔöÇÔöÇÔöÇÔöÇÔöÇ[0m
[38;5;12mÔöîÔöÇÔöÇÔöÇÔöÇÔöÇÔöÇÔöÇÔöÇÔöÇÔöÇÔöÇÔöÇÔöÇÔöÇÔöÇÔöÇÔöÇÔöÇÔöÇÔöÇÔöÇÔöÇÔöÇÔöÇÔöÇÔöÇÔöÇÔöÇÔöÇÔöÇÔöÇÔöÇÔöÇÔöÇÔöÇÔöÇÔöÇÔöÇÔöÇÔöÇÔöÇÔöÇÔöÇÔöÇÔöÇÔöÇÔöÇÔöÇÔöÇÔöÇÔöÇÔöÇÔöÇÔöÇÔöÇÔöÇÔöÇÔöÇÔöÇÔöÇÔöÇÔöÇÔöÇÔöÇÔöÇÔöÇÔöÇÔöÇÔöÇÔöÇÔöÇÔöÇÔöÇÔöÇÔöÇÔöÇÔöÇÔöÇÔöÇ[0m
[38;5;12mÔöé 01:00:45.888 (+0:00:00.026690)[0m
[38;5;12mÔö£ÔöäÔöäÔöäÔöäÔöäÔöäÔöäÔöäÔöäÔöäÔöäÔöäÔöäÔöäÔöäÔöäÔöäÔöäÔöäÔöäÔöäÔöäÔöäÔöäÔöäÔöäÔöäÔöäÔöäÔöäÔöäÔöäÔöäÔöäÔöäÔöäÔöäÔöäÔöäÔöäÔöäÔöäÔöäÔöäÔöäÔöäÔöäÔöäÔöäÔöäÔöäÔöäÔöäÔöäÔöäÔöäÔöäÔöäÔöäÔöäÔöäÔöäÔöäÔöäÔöäÔöäÔöäÔöäÔöäÔöäÔöäÔöäÔöäÔöäÔöäÔöäÔöäÔöäÔöä[0m
[38;5;12mÔöé ­ƒÆí [Tag] Message 505[0m
[38;5;12mÔööÔöÇÔöÇÔöÇÔöÇÔöÇÔöÇÔöÇÔöÇÔöÇÔöÇÔöÇÔöÇÔöÇÔöÇÔöÇÔöÇÔöÇÔöÇÔöÇÔöÇÔöÇÔöÇÔöÇÔöÇÔöÇÔöÇÔöÇÔöÇÔöÇÔöÇÔöÇÔöÇÔöÇÔöÇÔöÇÔöÇÔöÇÔöÇÔöÇÔöÇÔöÇÔöÇÔöÇÔöÇÔöÇÔöÇÔöÇÔöÇÔöÇÔöÇÔöÇÔöÇÔöÇÔöÇÔöÇÔöÇÔöÇÔöÇÔöÇÔöÇÔöÇÔöÇÔöÇÔöÇÔöÇÔöÇÔöÇÔöÇÔöÇÔöÇÔöÇÔöÇÔöÇÔöÇÔöÇÔöÇÔöÇÔöÇÔöÇ[0m
[38;5;12mÔöîÔöÇÔöÇÔöÇÔöÇÔöÇÔöÇÔöÇÔöÇÔöÇÔöÇÔöÇÔöÇÔöÇÔöÇÔöÇÔöÇÔöÇÔöÇÔöÇÔöÇÔöÇÔöÇÔöÇÔöÇÔöÇÔöÇÔöÇÔöÇÔöÇÔöÇÔöÇÔöÇÔöÇÔöÇÔöÇÔöÇÔöÇÔöÇÔöÇÔöÇÔöÇÔöÇÔöÇÔöÇÔöÇÔöÇÔöÇÔöÇÔöÇÔöÇÔöÇÔöÇÔöÇÔöÇÔöÇÔöÇÔöÇÔöÇÔöÇÔöÇÔöÇÔöÇÔöÇÔöÇÔöÇÔöÇÔöÇÔöÇÔöÇÔöÇÔöÇÔöÇÔöÇÔöÇÔöÇÔöÇÔöÇÔöÇÔöÇ[0m
[38;5;12mÔöé 01:00:45.888 (+0:00:00.026690)[0m
[38;5;12mÔö£ÔöäÔöäÔöäÔöäÔöäÔöäÔöäÔöäÔöäÔöäÔöäÔöäÔöäÔöäÔöäÔöäÔöäÔöäÔöäÔöäÔöäÔöäÔöäÔöäÔöäÔöäÔöäÔöäÔöäÔöäÔöäÔöäÔöäÔöäÔöäÔöäÔöäÔöäÔöäÔöäÔöäÔöäÔöäÔöäÔöäÔöäÔöäÔöäÔöäÔöäÔöäÔöäÔöäÔöäÔöäÔöäÔöäÔöäÔöäÔöäÔöäÔöäÔöäÔöäÔöäÔöäÔöäÔöäÔöäÔöäÔöäÔöäÔöäÔöäÔöäÔöäÔöäÔöäÔöä[0m
[38;5;12mÔöé ­ƒÆí [Tag] Message 506[0m
[38;5;12mÔööÔöÇÔöÇÔöÇÔöÇÔöÇÔöÇÔöÇÔöÇÔöÇÔöÇÔöÇÔöÇÔöÇÔöÇÔöÇÔöÇÔöÇÔöÇÔöÇÔöÇÔöÇÔöÇÔöÇÔöÇÔöÇÔöÇÔöÇÔöÇÔöÇÔöÇÔöÇÔöÇÔöÇÔöÇÔöÇÔöÇÔöÇÔöÇÔöÇÔöÇÔöÇÔöÇÔöÇÔöÇÔöÇÔöÇÔöÇÔöÇÔöÇÔöÇÔöÇÔöÇÔöÇÔöÇÔöÇÔöÇÔöÇÔöÇÔöÇÔöÇÔöÇÔöÇÔöÇÔöÇÔöÇÔöÇÔöÇÔöÇÔöÇÔöÇÔöÇÔöÇÔöÇÔöÇÔöÇÔöÇÔöÇÔöÇÔöÇ[0m
[38;5;12mÔöîÔöÇÔöÇÔöÇÔöÇÔöÇÔöÇÔöÇÔöÇÔöÇÔöÇÔöÇÔöÇÔöÇÔöÇÔöÇÔöÇÔöÇÔöÇÔöÇÔöÇÔöÇÔöÇÔöÇÔöÇÔöÇÔöÇÔöÇÔöÇÔöÇÔöÇÔöÇÔöÇÔöÇÔöÇÔöÇÔöÇÔöÇÔöÇÔöÇÔöÇÔöÇÔöÇÔöÇÔöÇÔöÇÔöÇÔöÇÔöÇÔöÇÔöÇÔöÇÔöÇÔöÇÔöÇÔöÇÔöÇÔöÇÔöÇÔöÇÔöÇÔöÇÔöÇÔöÇÔöÇÔöÇÔöÇÔöÇÔöÇÔöÇÔöÇÔöÇÔöÇÔöÇÔöÇÔöÇÔöÇÔöÇÔöÇÔöÇ[0m
[38;5;12mÔöé 01:00:45.888 (+0:00:00.026690)[0m
[38;5;12mÔö£ÔöäÔöäÔöäÔöäÔöäÔöäÔöäÔöäÔöäÔöäÔöäÔöäÔöäÔöäÔöäÔöäÔöäÔöäÔöäÔöäÔöäÔöäÔöäÔöäÔöäÔöäÔöäÔöäÔöäÔöäÔöäÔöäÔöäÔöäÔöäÔöäÔöäÔöäÔöäÔöäÔöäÔöäÔöäÔöäÔöäÔöäÔöäÔöäÔöäÔöäÔöäÔöäÔöäÔöäÔöäÔöäÔöäÔöäÔöäÔöäÔöäÔöäÔöäÔöäÔöäÔöäÔöäÔöäÔöäÔöäÔöäÔöäÔöäÔöäÔöäÔöäÔöäÔöäÔöä[0m
[38;5;12mÔöé ­ƒÆí [Tag] Message 507[0m
[38;5;12mÔööÔöÇÔöÇÔöÇÔöÇÔöÇÔöÇÔöÇÔöÇÔöÇÔöÇÔöÇÔöÇÔöÇÔöÇÔöÇÔöÇÔöÇÔöÇÔöÇÔöÇÔöÇÔöÇÔöÇÔöÇÔöÇÔöÇÔöÇÔöÇÔöÇÔöÇÔöÇÔöÇÔöÇÔöÇÔöÇÔöÇÔöÇÔöÇÔöÇÔöÇÔöÇÔöÇÔöÇÔöÇÔöÇÔöÇÔöÇÔöÇÔöÇÔöÇÔöÇÔöÇÔöÇÔöÇÔöÇÔöÇÔöÇÔöÇÔöÇÔöÇÔöÇÔöÇÔöÇÔöÇÔöÇÔöÇÔöÇÔöÇÔöÇÔöÇÔöÇÔöÇÔöÇÔöÇÔöÇÔöÇÔöÇÔöÇÔöÇ[0m
[38;5;12mÔöîÔöÇÔöÇÔöÇÔöÇÔöÇÔöÇÔöÇÔöÇÔöÇÔöÇÔöÇÔöÇÔöÇÔöÇÔöÇÔöÇÔöÇÔöÇÔöÇÔöÇÔöÇÔöÇÔöÇÔöÇÔöÇÔöÇÔöÇÔöÇÔöÇÔöÇÔöÇÔöÇÔöÇÔöÇÔöÇÔöÇÔöÇÔöÇÔöÇÔöÇÔöÇÔöÇÔöÇÔöÇÔöÇÔöÇÔöÇÔöÇÔöÇÔöÇÔöÇÔöÇÔöÇÔöÇÔöÇÔöÇÔöÇÔöÇÔöÇÔöÇÔöÇÔöÇÔöÇÔöÇÔöÇÔöÇÔöÇÔöÇÔöÇÔöÇÔöÇÔöÇÔöÇÔöÇÔöÇÔöÇÔöÇÔöÇÔöÇ[0m
[38;5;12mÔöé 01:00:45.888 (+0:00:00.026690)[0m
[38;5;12mÔö£ÔöäÔöäÔöäÔöäÔöäÔöäÔöäÔöäÔöäÔöäÔöäÔöäÔöäÔöäÔöäÔöäÔöäÔöäÔöäÔöäÔöäÔöäÔöäÔöäÔöäÔöäÔöäÔöäÔöäÔöäÔöäÔöäÔöäÔöäÔöäÔöäÔöäÔöäÔöäÔöäÔöäÔöäÔöäÔöäÔöäÔöäÔöäÔöäÔöäÔöäÔöäÔöäÔöäÔöäÔöäÔöäÔöäÔöäÔöäÔöäÔöäÔöäÔöäÔöäÔöäÔöäÔöäÔöäÔöäÔöäÔöäÔöäÔöäÔöäÔöäÔöäÔöäÔöäÔöä[0m
[38;5;12mÔöé ­ƒÆí [Tag] Message 508[0m
[38;5;12mÔööÔöÇÔöÇÔöÇÔöÇÔöÇÔöÇÔöÇÔöÇÔöÇÔöÇÔöÇÔöÇÔöÇÔöÇÔöÇÔöÇÔöÇÔöÇÔöÇÔöÇÔöÇÔöÇÔöÇÔöÇÔöÇÔöÇÔöÇÔöÇÔöÇÔöÇÔöÇÔöÇÔöÇÔöÇÔöÇÔöÇÔöÇÔöÇÔöÇÔöÇÔöÇÔöÇÔöÇÔöÇÔöÇÔöÇÔöÇÔöÇÔöÇÔöÇÔöÇÔöÇÔöÇÔöÇÔöÇÔöÇÔöÇÔöÇÔöÇÔöÇÔöÇÔöÇÔöÇÔöÇÔöÇÔöÇÔöÇÔöÇÔöÇÔöÇÔöÇÔöÇÔöÇÔöÇÔöÇÔöÇÔöÇÔöÇÔöÇ[0m
[38;5;12mÔöîÔöÇÔöÇÔöÇÔöÇÔöÇÔöÇÔöÇÔöÇÔöÇÔöÇÔöÇÔöÇÔöÇÔöÇÔöÇÔöÇÔöÇÔöÇÔöÇÔöÇÔöÇÔöÇÔöÇÔöÇÔöÇÔöÇÔöÇÔöÇÔöÇÔöÇÔöÇÔöÇÔöÇÔöÇÔöÇÔöÇÔöÇÔöÇÔöÇÔöÇÔöÇÔöÇÔöÇÔöÇÔöÇÔöÇÔöÇÔöÇÔöÇÔöÇÔöÇÔöÇÔöÇÔöÇÔöÇÔöÇÔöÇÔöÇÔöÇÔöÇÔöÇÔöÇÔöÇÔöÇÔöÇÔöÇÔöÇÔöÇÔöÇÔöÇÔöÇÔöÇÔöÇÔöÇÔöÇÔöÇÔöÇÔöÇÔöÇ[0m
[38;5;12mÔöé 01:00:45.888 (+0:00:00.026690)[0m
[38;5;12mÔö£ÔöäÔöäÔöäÔöäÔöäÔöäÔöäÔöäÔöäÔöäÔöäÔöäÔöäÔöäÔöäÔöäÔöäÔöäÔöäÔöäÔöäÔöäÔöäÔöäÔöäÔöäÔöäÔöäÔöäÔöäÔöäÔöäÔöäÔöäÔöäÔöäÔöäÔöäÔöäÔöäÔöäÔöäÔöäÔöäÔöäÔöäÔöäÔöäÔöäÔöäÔöäÔöäÔöäÔöäÔöäÔöäÔöäÔöäÔöäÔöäÔöäÔöäÔöäÔöäÔöäÔöäÔöäÔöäÔöäÔöäÔöäÔöäÔöäÔöäÔöäÔöäÔöäÔöäÔöä[0m
[38;5;12mÔöé ­ƒÆí [Tag] Message 509[0m
[38;5;12mÔööÔöÇÔöÇÔöÇÔöÇÔöÇÔöÇÔöÇÔöÇÔöÇÔöÇÔöÇÔöÇÔöÇÔöÇÔöÇÔöÇÔöÇÔöÇÔöÇÔöÇÔöÇÔöÇÔöÇÔöÇÔöÇÔöÇÔöÇÔöÇÔöÇÔöÇÔöÇÔöÇÔöÇÔöÇÔöÇÔöÇÔöÇÔöÇÔöÇÔöÇÔöÇÔöÇÔöÇÔöÇÔöÇÔöÇÔöÇÔöÇÔöÇÔöÇÔöÇÔöÇÔöÇÔöÇÔöÇÔöÇÔöÇÔöÇÔöÇÔöÇÔöÇÔöÇÔöÇÔöÇÔöÇÔöÇÔöÇÔöÇÔöÇÔöÇÔöÇÔöÇÔöÇÔöÇÔöÇÔöÇÔöÇÔöÇÔöÇ[0m
[38;5;12mÔöîÔöÇÔöÇÔöÇÔöÇÔöÇÔöÇÔöÇÔöÇÔöÇÔöÇÔöÇÔöÇÔöÇÔöÇÔöÇÔöÇÔöÇÔöÇÔöÇÔöÇÔöÇÔöÇÔöÇÔöÇÔöÇÔöÇÔöÇÔöÇÔöÇÔöÇÔöÇÔöÇÔöÇÔöÇÔöÇÔöÇÔöÇÔöÇÔöÇÔöÇÔöÇÔöÇÔöÇÔöÇÔöÇÔöÇÔöÇÔöÇÔöÇÔöÇÔöÇÔöÇÔöÇÔöÇÔöÇÔöÇÔöÇÔöÇÔöÇÔöÇÔöÇÔöÇÔöÇÔöÇÔöÇÔöÇÔöÇÔöÇÔöÇÔöÇÔöÇÔöÇÔöÇÔöÇÔöÇÔöÇÔöÇÔöÇÔöÇ[0m
[38;5;12mÔöé 01:00:45.888 (+0:00:00.026690)[0m
[38;5;12mÔö£ÔöäÔöäÔöäÔöäÔöäÔöäÔöäÔöäÔöäÔöäÔöäÔöäÔöäÔöäÔöäÔöäÔöäÔöäÔöäÔöäÔöäÔöäÔöäÔöäÔöäÔöäÔöäÔöäÔöäÔöäÔöäÔöäÔöäÔöäÔöäÔöäÔöäÔöäÔöäÔöäÔöäÔöäÔöäÔöäÔöäÔöäÔöäÔöäÔöäÔöäÔöäÔöäÔöäÔöäÔöäÔöäÔöäÔöäÔöäÔöäÔöäÔöäÔöäÔöäÔöäÔöäÔöäÔöäÔöäÔöäÔöäÔöäÔöäÔöäÔöäÔöäÔöäÔöäÔöä[0m
[38;5;12mÔöé ­ƒÆí [Tag] Message 510[0m
[38;5;12mÔööÔöÇÔöÇÔöÇÔöÇÔöÇÔöÇÔöÇÔöÇÔöÇÔöÇÔöÇÔöÇÔöÇÔöÇÔöÇÔöÇÔöÇÔöÇÔöÇÔöÇÔöÇÔöÇÔöÇÔöÇÔöÇÔöÇÔöÇÔöÇÔöÇÔöÇÔöÇÔöÇÔöÇÔöÇÔöÇÔöÇÔöÇÔöÇÔöÇÔöÇÔöÇÔöÇÔöÇÔöÇÔöÇÔöÇÔöÇÔöÇÔöÇÔöÇÔöÇÔöÇÔöÇÔöÇÔöÇÔöÇÔöÇÔöÇÔöÇÔöÇÔöÇÔöÇÔöÇÔöÇÔöÇÔöÇÔöÇÔöÇÔöÇÔöÇÔöÇÔöÇÔöÇÔöÇÔöÇÔöÇÔöÇÔöÇÔöÇ[0m
[38;5;12mÔöîÔöÇÔöÇÔöÇÔöÇÔöÇÔöÇÔöÇÔöÇÔöÇÔöÇÔöÇÔöÇÔöÇÔöÇÔöÇÔöÇÔöÇÔöÇÔöÇÔöÇÔöÇÔöÇÔöÇÔöÇÔöÇÔöÇÔöÇÔöÇÔöÇÔöÇÔöÇÔöÇÔöÇÔöÇÔöÇÔöÇÔöÇÔöÇÔöÇÔöÇÔöÇÔöÇÔöÇÔöÇÔöÇÔöÇÔöÇÔöÇÔöÇÔöÇÔöÇÔöÇÔöÇÔöÇÔöÇÔöÇÔöÇÔöÇÔöÇÔöÇÔöÇÔöÇÔöÇÔöÇÔöÇÔöÇÔöÇÔöÇÔöÇÔöÇÔöÇÔöÇÔöÇÔöÇÔöÇÔöÇÔöÇÔöÇÔöÇ[0m
[38;5;12mÔöé 01:00:45.888 (+0:00:00.026690)[0m
[38;5;12mÔö£ÔöäÔöäÔöäÔöäÔöäÔöäÔöäÔöäÔöäÔöäÔöäÔöäÔöäÔöäÔöäÔöäÔöäÔöäÔöäÔöäÔöäÔöäÔöäÔöäÔöäÔöäÔöäÔöäÔöäÔöäÔöäÔöäÔöäÔöäÔöäÔöäÔöäÔöäÔöäÔöäÔöäÔöäÔöäÔöäÔöäÔöäÔöäÔöäÔöäÔöäÔöäÔöäÔöäÔöäÔöäÔöäÔöäÔöäÔöäÔöäÔöäÔöäÔöäÔöäÔöäÔöäÔöäÔöäÔöäÔöäÔöäÔöäÔöäÔöäÔöäÔöäÔöäÔöäÔöä[0m
[38;5;12mÔöé ­ƒÆí [Tag] Message 511[0m
[38;5;12mÔööÔöÇÔöÇÔöÇÔöÇÔöÇÔöÇÔöÇÔöÇÔöÇÔöÇÔöÇÔöÇÔöÇÔöÇÔöÇÔöÇÔöÇÔöÇÔöÇÔöÇÔöÇÔöÇÔöÇÔöÇÔöÇÔöÇÔöÇÔöÇÔöÇÔöÇÔöÇÔöÇÔöÇÔöÇÔöÇÔöÇÔöÇÔöÇÔöÇÔöÇÔöÇÔöÇÔöÇÔöÇÔöÇÔöÇÔöÇÔöÇÔöÇÔöÇÔöÇÔöÇÔöÇÔöÇÔöÇÔöÇÔöÇÔöÇÔöÇÔöÇÔöÇÔöÇÔöÇÔöÇÔöÇÔöÇÔöÇÔöÇÔöÇÔöÇÔöÇÔöÇÔöÇÔöÇÔöÇÔöÇÔöÇÔöÇÔöÇ[0m
[38;5;12mÔöîÔöÇÔöÇÔöÇÔöÇÔöÇÔöÇÔöÇÔöÇÔöÇÔöÇÔöÇÔöÇÔöÇÔöÇÔöÇÔöÇÔöÇÔöÇÔöÇÔöÇÔöÇÔöÇÔöÇÔöÇÔöÇÔöÇÔöÇÔöÇÔöÇÔöÇÔöÇÔöÇÔöÇÔöÇÔöÇÔöÇÔöÇÔöÇÔöÇÔöÇÔöÇÔöÇÔöÇÔöÇÔöÇÔöÇÔöÇÔöÇÔöÇÔöÇÔöÇÔöÇÔöÇÔöÇÔöÇÔöÇÔöÇÔöÇÔöÇÔöÇÔöÇÔöÇÔöÇÔöÇÔöÇÔöÇÔöÇÔöÇÔöÇÔöÇÔöÇÔöÇÔöÇÔöÇÔöÇÔöÇÔöÇÔöÇÔöÇ[0m
[38;5;12mÔöé 01:00:45.888 (+0:00:00.026690)[0m
[38;5;12mÔö£ÔöäÔöäÔöäÔöäÔöäÔöäÔöäÔöäÔöäÔöäÔöäÔöäÔöäÔöäÔöäÔöäÔöäÔöäÔöäÔöäÔöäÔöäÔöäÔöäÔöäÔöäÔöäÔöäÔöäÔöäÔöäÔöäÔöäÔöäÔöäÔöäÔöäÔöäÔöäÔöäÔöäÔöäÔöäÔöäÔöäÔöäÔöäÔöäÔöäÔöäÔöäÔöäÔöäÔöäÔöäÔöäÔöäÔöäÔöäÔöäÔöäÔöäÔöäÔöäÔöäÔöäÔöäÔöäÔöäÔöäÔöäÔöäÔöäÔöäÔöäÔöäÔöäÔöäÔöä[0m
[38;5;12mÔöé ­ƒÆí [Tag] Message 512[0m
[38;5;12mÔööÔöÇÔöÇÔöÇÔöÇÔöÇÔöÇÔöÇÔöÇÔöÇÔöÇÔöÇÔöÇÔöÇÔöÇÔöÇÔöÇÔöÇÔöÇÔöÇÔöÇÔöÇÔöÇÔöÇÔöÇÔöÇÔöÇÔöÇÔöÇÔöÇÔöÇÔöÇÔöÇÔöÇÔöÇÔöÇÔöÇÔöÇÔöÇÔöÇÔöÇÔöÇÔöÇÔöÇÔöÇÔöÇÔöÇÔöÇÔöÇÔöÇÔöÇÔöÇÔöÇÔöÇÔöÇÔöÇÔöÇÔöÇÔöÇÔöÇÔöÇÔöÇÔöÇÔöÇÔöÇÔöÇÔöÇÔöÇÔöÇÔöÇÔöÇÔöÇÔöÇÔöÇÔöÇÔöÇÔöÇÔöÇÔöÇÔöÇ[0m
[38;5;12mÔöîÔöÇÔöÇÔöÇÔöÇÔöÇÔöÇÔöÇÔöÇÔöÇÔöÇÔöÇÔöÇÔöÇÔöÇÔöÇÔöÇÔöÇÔöÇÔöÇÔöÇÔöÇÔöÇÔöÇÔöÇÔöÇÔöÇÔöÇÔöÇÔöÇÔöÇÔöÇÔöÇÔöÇÔöÇÔöÇÔöÇÔöÇÔöÇÔöÇÔöÇÔöÇÔöÇÔöÇÔöÇÔöÇÔöÇÔöÇÔöÇÔöÇÔöÇÔöÇÔöÇÔöÇÔöÇÔöÇÔöÇÔöÇÔöÇÔöÇÔöÇÔöÇÔöÇÔöÇÔöÇÔöÇÔöÇÔöÇÔöÇÔöÇÔöÇÔöÇÔöÇÔöÇÔöÇÔöÇÔöÇÔöÇÔöÇÔöÇ[0m
[38;5;12mÔöé 01:00:45.888 (+0:00:00.026690)[0m
[38;5;12mÔö£ÔöäÔöäÔöäÔöäÔöäÔöäÔöäÔöäÔöäÔöäÔöäÔöäÔöäÔöäÔöäÔöäÔöäÔöäÔöäÔöäÔöäÔöäÔöäÔöäÔöäÔöäÔöäÔöäÔöäÔöäÔöäÔöäÔöäÔöäÔöäÔöäÔöäÔöäÔöäÔöäÔöäÔöäÔöäÔöäÔöäÔöäÔöäÔöäÔöäÔöäÔöäÔöäÔöäÔöäÔöäÔöäÔöäÔöäÔöäÔöäÔöäÔöäÔöäÔöäÔöäÔöäÔöäÔöäÔöäÔöäÔöäÔöäÔöäÔöäÔöäÔöäÔöäÔöäÔöä[0m
[38;5;12mÔöé ­ƒÆí [Tag] Message 513[0m
[38;5;12mÔööÔöÇÔöÇÔöÇÔöÇÔöÇÔöÇÔöÇÔöÇÔöÇÔöÇÔöÇÔöÇÔöÇÔöÇÔöÇÔöÇÔöÇÔöÇÔöÇÔöÇÔöÇÔöÇÔöÇÔöÇÔöÇÔöÇÔöÇÔöÇÔöÇÔöÇÔöÇÔöÇÔöÇÔöÇÔöÇÔöÇÔöÇÔöÇÔöÇÔöÇÔöÇÔöÇÔöÇÔöÇÔöÇÔöÇÔöÇÔöÇÔöÇÔöÇÔöÇÔöÇÔöÇÔöÇÔöÇÔöÇÔöÇÔöÇÔöÇÔöÇÔöÇÔöÇÔöÇÔöÇÔöÇÔöÇÔöÇÔöÇÔöÇÔöÇÔöÇÔöÇÔöÇÔöÇÔöÇÔöÇÔöÇÔöÇÔöÇ[0m
[38;5;12mÔöîÔöÇÔöÇÔöÇÔöÇÔöÇÔöÇÔöÇÔöÇÔöÇÔöÇÔöÇÔöÇÔöÇÔöÇÔöÇÔöÇÔöÇÔöÇÔöÇÔöÇÔöÇÔöÇÔöÇÔöÇÔöÇÔöÇÔöÇÔöÇÔöÇÔöÇÔöÇÔöÇÔöÇÔöÇÔöÇÔöÇÔöÇÔöÇÔöÇÔöÇÔöÇÔöÇÔöÇÔöÇÔöÇÔöÇÔöÇÔöÇÔöÇÔöÇÔöÇÔöÇÔöÇÔöÇÔöÇÔöÇÔöÇÔöÇÔöÇÔöÇÔöÇÔöÇÔöÇÔöÇÔöÇÔöÇÔöÇÔöÇÔöÇÔöÇÔöÇÔöÇÔöÇÔöÇÔöÇÔöÇÔöÇÔöÇÔöÇ[0m
[38;5;12mÔöé 01:00:45.888 (+0:00:00.026690)[0m
[38;5;12mÔö£ÔöäÔöäÔöäÔöäÔöäÔöäÔöäÔöäÔöäÔöäÔöäÔöäÔöäÔöäÔöäÔöäÔöäÔöäÔöäÔöäÔöäÔöäÔöäÔöäÔöäÔöäÔöäÔöäÔöäÔöäÔöäÔöäÔöäÔöäÔöäÔöäÔöäÔöäÔöäÔöäÔöäÔöäÔöäÔöäÔöäÔöäÔöäÔöäÔöäÔöäÔöäÔöäÔöäÔöäÔöäÔöäÔöäÔöäÔöäÔöäÔöäÔöäÔöäÔöäÔöäÔöäÔöäÔöäÔöäÔöäÔöäÔöäÔöäÔöäÔöäÔöäÔöäÔöäÔöä[0m
[38;5;12mÔöé ­ƒÆí [Tag] Message 514[0m
[38;5;12mÔööÔöÇÔöÇÔöÇÔöÇÔöÇÔöÇÔöÇÔöÇÔöÇÔöÇÔöÇÔöÇÔöÇÔöÇÔöÇÔöÇÔöÇÔöÇÔöÇÔöÇÔöÇÔöÇÔöÇÔöÇÔöÇÔöÇÔöÇÔöÇÔöÇÔöÇÔöÇÔöÇÔöÇÔöÇÔöÇÔöÇÔöÇÔöÇÔöÇÔöÇÔöÇÔöÇÔöÇÔöÇÔöÇÔöÇÔöÇÔöÇÔöÇÔöÇÔöÇÔöÇÔöÇÔöÇÔöÇÔöÇÔöÇÔöÇÔöÇÔöÇÔöÇÔöÇÔöÇÔöÇÔöÇÔöÇÔöÇÔöÇÔöÇÔöÇÔöÇÔöÇÔöÇÔöÇÔöÇÔöÇÔöÇÔöÇÔöÇ[0m
[38;5;12mÔöîÔöÇÔöÇÔöÇÔöÇÔöÇÔöÇÔöÇÔöÇÔöÇÔöÇÔöÇÔöÇÔöÇÔöÇÔöÇÔöÇÔöÇÔöÇÔöÇÔöÇÔöÇÔöÇÔöÇÔöÇÔöÇÔöÇÔöÇÔöÇÔöÇÔöÇÔöÇÔöÇÔöÇÔöÇÔöÇÔöÇÔöÇÔöÇÔöÇÔöÇÔöÇÔöÇÔöÇÔöÇÔöÇÔöÇÔöÇÔöÇÔöÇÔöÇÔöÇÔöÇÔöÇÔöÇÔöÇÔöÇÔöÇÔöÇÔöÇÔöÇÔöÇÔöÇÔöÇÔöÇÔöÇÔöÇÔöÇÔöÇÔöÇÔöÇÔöÇÔöÇÔöÇÔöÇÔöÇÔöÇÔöÇÔöÇÔöÇ[0m
[38;5;12mÔöé 01:00:45.888 (+0:00:00.026690)[0m
[38;5;12mÔö£ÔöäÔöäÔöäÔöäÔöäÔöäÔöäÔöäÔöäÔöäÔöäÔöäÔöäÔöäÔöäÔöäÔöäÔöäÔöäÔöäÔöäÔöäÔöäÔöäÔöäÔöäÔöäÔöäÔöäÔöäÔöäÔöäÔöäÔöäÔöäÔöäÔöäÔöäÔöäÔöäÔöäÔöäÔöäÔöäÔöäÔöäÔöäÔöäÔöäÔöäÔöäÔöäÔöäÔöäÔöäÔöäÔöäÔöäÔöäÔöäÔöäÔöäÔöäÔöäÔöäÔöäÔöäÔöäÔöäÔöäÔöäÔöäÔöäÔöäÔöäÔöäÔöäÔöäÔöä[0m
[38;5;12mÔöé ­ƒÆí [Tag] Message 515[0m
[38;5;12mÔööÔöÇÔöÇÔöÇÔöÇÔöÇÔöÇÔöÇÔöÇÔöÇÔöÇÔöÇÔöÇÔöÇÔöÇÔöÇÔöÇÔöÇÔöÇÔöÇÔöÇÔöÇÔöÇÔöÇÔöÇÔöÇÔöÇÔöÇÔöÇÔöÇÔöÇÔöÇÔöÇÔöÇÔöÇÔöÇÔöÇÔöÇÔöÇÔöÇÔöÇÔöÇÔöÇÔöÇÔöÇÔöÇÔöÇÔöÇÔöÇÔöÇÔöÇÔöÇÔöÇÔöÇÔöÇÔöÇÔöÇÔöÇÔöÇÔöÇÔöÇÔöÇÔöÇÔöÇÔöÇÔöÇÔöÇÔöÇÔöÇÔöÇÔöÇÔöÇÔöÇÔöÇÔöÇÔöÇÔöÇÔöÇÔöÇÔöÇ[0m
[38;5;12mÔöîÔöÇÔöÇÔöÇÔöÇÔöÇÔöÇÔöÇÔöÇÔöÇÔöÇÔöÇÔöÇÔöÇÔöÇÔöÇÔöÇÔöÇÔöÇÔöÇÔöÇÔöÇÔöÇÔöÇÔöÇÔöÇÔöÇÔöÇÔöÇÔöÇÔöÇÔöÇÔöÇÔöÇÔöÇÔöÇÔöÇÔöÇÔöÇÔöÇÔöÇÔöÇÔöÇÔöÇÔöÇÔöÇÔöÇÔöÇÔöÇÔöÇÔöÇÔöÇÔöÇÔöÇÔöÇÔöÇÔöÇÔöÇÔöÇÔöÇÔöÇÔöÇÔöÇÔöÇÔöÇÔöÇÔöÇÔöÇÔöÇÔöÇÔöÇÔöÇÔöÇÔöÇÔöÇÔöÇÔöÇÔöÇÔöÇÔöÇ[0m
[38;5;12mÔöé 01:00:45.888 (+0:00:00.026690)[0m
[38;5;12mÔö£ÔöäÔöäÔöäÔöäÔöäÔöäÔöäÔöäÔöäÔöäÔöäÔöäÔöäÔöäÔöäÔöäÔöäÔöäÔöäÔöäÔöäÔöäÔöäÔöäÔöäÔöäÔöäÔöäÔöäÔöäÔöäÔöäÔöäÔöäÔöäÔöäÔöäÔöäÔöäÔöäÔöäÔöäÔöäÔöäÔöäÔöäÔöäÔöäÔöäÔöäÔöäÔöäÔöäÔöäÔöäÔöäÔöäÔöäÔöäÔöäÔöäÔöäÔöäÔöäÔöäÔöäÔöäÔöäÔöäÔöäÔöäÔöäÔöäÔöäÔöäÔöäÔöäÔöäÔöä[0m
[38;5;12mÔöé ­ƒÆí [Tag] Message 516[0m
[38;5;12mÔööÔöÇÔöÇÔöÇÔöÇÔöÇÔöÇÔöÇÔöÇÔöÇÔöÇÔöÇÔöÇÔöÇÔöÇÔöÇÔöÇÔöÇÔöÇÔöÇÔöÇÔöÇÔöÇÔöÇÔöÇÔöÇÔöÇÔöÇÔöÇÔöÇÔöÇÔöÇÔöÇÔöÇÔöÇÔöÇÔöÇÔöÇÔöÇÔöÇÔöÇÔöÇÔöÇÔöÇÔöÇÔöÇÔöÇÔöÇÔöÇÔöÇÔöÇÔöÇÔöÇÔöÇÔöÇÔöÇÔöÇÔöÇÔöÇÔöÇÔöÇÔöÇÔöÇÔöÇÔöÇÔöÇÔöÇÔöÇÔöÇÔöÇÔöÇÔöÇÔöÇÔöÇÔöÇÔöÇÔöÇÔöÇÔöÇÔöÇ[0m
[38;5;12mÔöîÔöÇÔöÇÔöÇÔöÇÔöÇÔöÇÔöÇÔöÇÔöÇÔöÇÔöÇÔöÇÔöÇÔöÇÔöÇÔöÇÔöÇÔöÇÔöÇÔöÇÔöÇÔöÇÔöÇÔöÇÔöÇÔöÇÔöÇÔöÇÔöÇÔöÇÔöÇÔöÇÔöÇÔöÇÔöÇÔöÇÔöÇÔöÇÔöÇÔöÇÔöÇÔöÇÔöÇÔöÇÔöÇÔöÇÔöÇÔöÇÔöÇÔöÇÔöÇÔöÇÔöÇÔöÇÔöÇÔöÇÔöÇÔöÇÔöÇÔöÇÔöÇÔöÇÔöÇÔöÇÔöÇÔöÇÔöÇÔöÇÔöÇÔöÇÔöÇÔöÇÔöÇÔöÇÔöÇÔöÇÔöÇÔöÇÔöÇ[0m
[38;5;12mÔöé 01:00:45.888 (+0:00:00.026690)[0m
[38;5;12mÔö£ÔöäÔöäÔöäÔöäÔöäÔöäÔöäÔöäÔöäÔöäÔöäÔöäÔöäÔöäÔöäÔöäÔöäÔöäÔöäÔöäÔöäÔöäÔöäÔöäÔöäÔöäÔöäÔöäÔöäÔöäÔöäÔöäÔöäÔöäÔöäÔöäÔöäÔöäÔöäÔöäÔöäÔöäÔöäÔöäÔöäÔöäÔöäÔöäÔöäÔöäÔöäÔöäÔöäÔöäÔöäÔöäÔöäÔöäÔöäÔöäÔöäÔöäÔöäÔöäÔöäÔöäÔöäÔöäÔöäÔöäÔöäÔöäÔöäÔöäÔöäÔöäÔöäÔöäÔöä[0m
[38;5;12mÔöé ­ƒÆí [Tag] Message 517[0m
[38;5;12mÔööÔöÇÔöÇÔöÇÔöÇÔöÇÔöÇÔöÇÔöÇÔöÇÔöÇÔöÇÔöÇÔöÇÔöÇÔöÇÔöÇÔöÇÔöÇÔöÇÔöÇÔöÇÔöÇÔöÇÔöÇÔöÇÔöÇÔöÇÔöÇÔöÇÔöÇÔöÇÔöÇÔöÇÔöÇÔöÇÔöÇÔöÇÔöÇÔöÇÔöÇÔöÇÔöÇÔöÇÔöÇÔöÇÔöÇÔöÇÔöÇÔöÇÔöÇÔöÇÔöÇÔöÇÔöÇÔöÇÔöÇÔöÇÔöÇÔöÇÔöÇÔöÇÔöÇÔöÇÔöÇÔöÇÔöÇÔöÇÔöÇÔöÇÔöÇÔöÇÔöÇÔöÇÔöÇÔöÇÔöÇÔöÇÔöÇÔöÇ[0m
[38;5;12mÔöîÔöÇÔöÇÔöÇÔöÇÔöÇÔöÇÔöÇÔöÇÔöÇÔöÇÔöÇÔöÇÔöÇÔöÇÔöÇÔöÇÔöÇÔöÇÔöÇÔöÇÔöÇÔöÇÔöÇÔöÇÔöÇÔöÇÔöÇÔöÇÔöÇÔöÇÔöÇÔöÇÔöÇÔöÇÔöÇÔöÇÔöÇÔöÇÔöÇÔöÇÔöÇÔöÇÔöÇÔöÇÔöÇÔöÇÔöÇÔöÇÔöÇÔöÇÔöÇÔöÇÔöÇÔöÇÔöÇÔöÇÔöÇÔöÇÔöÇÔöÇÔöÇÔöÇÔöÇÔöÇÔöÇÔöÇÔöÇÔöÇÔöÇÔöÇÔöÇÔöÇÔöÇÔöÇÔöÇÔöÇÔöÇÔöÇÔöÇ[0m
[38;5;12mÔöé 01:00:45.888 (+0:00:00.026690)[0m
[38;5;12mÔö£ÔöäÔöäÔöäÔöäÔöäÔöäÔöäÔöäÔöäÔöäÔöäÔöäÔöäÔöäÔöäÔöäÔöäÔöäÔöäÔöäÔöäÔöäÔöäÔöäÔöäÔöäÔöäÔöäÔöäÔöäÔöäÔöäÔöäÔöäÔöäÔöäÔöäÔöäÔöäÔöäÔöäÔöäÔöäÔöäÔöäÔöäÔöäÔöäÔöäÔöäÔöäÔöäÔöäÔöäÔöäÔöäÔöäÔöäÔöäÔöäÔöäÔöäÔöäÔöäÔöäÔöäÔöäÔöäÔöäÔöäÔöäÔöäÔöäÔöäÔöäÔöäÔöäÔöäÔöä[0m
[38;5;12mÔöé ­ƒÆí [Tag] Message 518[0m
[38;5;12mÔööÔöÇÔöÇÔöÇÔöÇÔöÇÔöÇÔöÇÔöÇÔöÇÔöÇÔöÇÔöÇÔöÇÔöÇÔöÇÔöÇÔöÇÔöÇÔöÇÔöÇÔöÇÔöÇÔöÇÔöÇÔöÇÔöÇÔöÇÔöÇÔöÇÔöÇÔöÇÔöÇÔöÇÔöÇÔöÇÔöÇÔöÇÔöÇÔöÇÔöÇÔöÇÔöÇÔöÇÔöÇÔöÇÔöÇÔöÇÔöÇÔöÇÔöÇÔöÇÔöÇÔöÇÔöÇÔöÇÔöÇÔöÇÔöÇÔöÇÔöÇÔöÇÔöÇÔöÇÔöÇÔöÇÔöÇÔöÇÔöÇÔöÇÔöÇÔöÇÔöÇÔöÇÔöÇÔöÇÔöÇÔöÇÔöÇÔöÇ[0m
[38;5;12mÔöîÔöÇÔöÇÔöÇÔöÇÔöÇÔöÇÔöÇÔöÇÔöÇÔöÇÔöÇÔöÇÔöÇÔöÇÔöÇÔöÇÔöÇÔöÇÔöÇÔöÇÔöÇÔöÇÔöÇÔöÇÔöÇÔöÇÔöÇÔöÇÔöÇÔöÇÔöÇÔöÇÔöÇÔöÇÔöÇÔöÇÔöÇÔöÇÔöÇÔöÇÔöÇÔöÇÔöÇÔöÇÔöÇÔöÇÔöÇÔöÇÔöÇÔöÇÔöÇÔöÇÔöÇÔöÇÔöÇÔöÇÔöÇÔöÇÔöÇÔöÇÔöÇÔöÇÔöÇÔöÇÔöÇÔöÇÔöÇÔöÇÔöÇÔöÇÔöÇÔöÇÔöÇÔöÇÔöÇÔöÇÔöÇÔöÇÔöÇ[0m
[38;5;12mÔöé 01:00:45.888 (+0:00:00.026690)[0m
[38;5;12mÔö£ÔöäÔöäÔöäÔöäÔöäÔöäÔöäÔöäÔöäÔöäÔöäÔöäÔöäÔöäÔöäÔöäÔöäÔöäÔöäÔöäÔöäÔöäÔöäÔöäÔöäÔöäÔöäÔöäÔöäÔöäÔöäÔöäÔöäÔöäÔöäÔöäÔöäÔöäÔöäÔöäÔöäÔöäÔöäÔöäÔöäÔöäÔöäÔöäÔöäÔöäÔöäÔöäÔöäÔöäÔöäÔöäÔöäÔöäÔöäÔöäÔöäÔöäÔöäÔöäÔöäÔöäÔöäÔöäÔöäÔöäÔöäÔöäÔöäÔöäÔöäÔöäÔöäÔöäÔöä[0m
[38;5;12mÔöé ­ƒÆí [Tag] Message 519[0m
[38;5;12mÔööÔöÇÔöÇÔöÇÔöÇÔöÇÔöÇÔöÇÔöÇÔöÇÔöÇÔöÇÔöÇÔöÇÔöÇÔöÇÔöÇÔöÇÔöÇÔöÇÔöÇÔöÇÔöÇÔöÇÔöÇÔöÇÔöÇÔöÇÔöÇÔöÇÔöÇÔöÇÔöÇÔöÇÔöÇÔöÇÔöÇÔöÇÔöÇÔöÇÔöÇÔöÇÔöÇÔöÇÔöÇÔöÇÔöÇÔöÇÔöÇÔöÇÔöÇÔöÇÔöÇÔöÇÔöÇÔöÇÔöÇÔöÇÔöÇÔöÇÔöÇÔöÇÔöÇÔöÇÔöÇÔöÇÔöÇÔöÇÔöÇÔöÇÔöÇÔöÇÔöÇÔöÇÔöÇÔöÇÔöÇÔöÇÔöÇÔöÇ[0m
[38;5;12mÔöîÔöÇÔöÇÔöÇÔöÇÔöÇÔöÇÔöÇÔöÇÔöÇÔöÇÔöÇÔöÇÔöÇÔöÇÔöÇÔöÇÔöÇÔöÇÔöÇÔöÇÔöÇÔöÇÔöÇÔöÇÔöÇÔöÇÔöÇÔöÇÔöÇÔöÇÔöÇÔöÇÔöÇÔöÇÔöÇÔöÇÔöÇÔöÇÔöÇÔöÇÔöÇÔöÇÔöÇÔöÇÔöÇÔöÇÔöÇÔöÇÔöÇÔöÇÔöÇÔöÇÔöÇÔöÇÔöÇÔöÇÔöÇÔöÇÔöÇÔöÇÔöÇÔöÇÔöÇÔöÇÔöÇÔöÇÔöÇÔöÇÔöÇÔöÇÔöÇÔöÇÔöÇÔöÇÔöÇÔöÇÔöÇÔöÇÔöÇ[0m
[38;5;12mÔöé 01:00:45.888 (+0:00:00.026690)[0m
[38;5;12mÔö£ÔöäÔöäÔöäÔöäÔöäÔöäÔöäÔöäÔöäÔöäÔöäÔöäÔöäÔöäÔöäÔöäÔöäÔöäÔöäÔöäÔöäÔöäÔöäÔöäÔöäÔöäÔöäÔöäÔöäÔöäÔöäÔöäÔöäÔöäÔöäÔöäÔöäÔöäÔöäÔöäÔöäÔöäÔöäÔöäÔöäÔöäÔöäÔöäÔöäÔöäÔöäÔöäÔöäÔöäÔöäÔöäÔöäÔöäÔöäÔöäÔöäÔöäÔöäÔöäÔöäÔöäÔöäÔöäÔöäÔöäÔöäÔöäÔöäÔöäÔöäÔöäÔöäÔöäÔöä[0m
[38;5;12mÔöé ­ƒÆí [Tag] Message 520[0m
[38;5;12mÔööÔöÇÔöÇÔöÇÔöÇÔöÇÔöÇÔöÇÔöÇÔöÇÔöÇÔöÇÔöÇÔöÇÔöÇÔöÇÔöÇÔöÇÔöÇÔöÇÔöÇÔöÇÔöÇÔöÇÔöÇÔöÇÔöÇÔöÇÔöÇÔöÇÔöÇÔöÇÔöÇÔöÇÔöÇÔöÇÔöÇÔöÇÔöÇÔöÇÔöÇÔöÇÔöÇÔöÇÔöÇÔöÇÔöÇÔöÇÔöÇÔöÇÔöÇÔöÇÔöÇÔöÇÔöÇÔöÇÔöÇÔöÇÔöÇÔöÇÔöÇÔöÇÔöÇÔöÇÔöÇÔöÇÔöÇÔöÇÔöÇÔöÇÔöÇÔöÇÔöÇÔöÇÔöÇÔöÇÔöÇÔöÇÔöÇÔöÇ[0m
[38;5;12mÔöîÔöÇÔöÇÔöÇÔöÇÔöÇÔöÇÔöÇÔöÇÔöÇÔöÇÔöÇÔöÇÔöÇÔöÇÔöÇÔöÇÔöÇÔöÇÔöÇÔöÇÔöÇÔöÇÔöÇÔöÇÔöÇÔöÇÔöÇÔöÇÔöÇÔöÇÔöÇÔöÇÔöÇÔöÇÔöÇÔöÇÔöÇÔöÇÔöÇÔöÇÔöÇÔöÇÔöÇÔöÇÔöÇÔöÇÔöÇÔöÇÔöÇÔöÇÔöÇÔöÇÔöÇÔöÇÔöÇÔöÇÔöÇÔöÇÔöÇÔöÇÔöÇÔöÇÔöÇÔöÇÔöÇÔöÇÔöÇÔöÇÔöÇÔöÇÔöÇÔöÇÔöÇÔöÇÔöÇÔöÇÔöÇÔöÇÔöÇ[0m
[38;5;12mÔöé 01:00:45.888 (+0:00:00.026690)[0m
[38;5;12mÔö£ÔöäÔöäÔöäÔöäÔöäÔöäÔöäÔöäÔöäÔöäÔöäÔöäÔöäÔöäÔöäÔöäÔöäÔöäÔöäÔöäÔöäÔöäÔöäÔöäÔöäÔöäÔöäÔöäÔöäÔöäÔöäÔöäÔöäÔöäÔöäÔöäÔöäÔöäÔöäÔöäÔöäÔöäÔöäÔöäÔöäÔöäÔöäÔöäÔöäÔöäÔöäÔöäÔöäÔöäÔöäÔöäÔöäÔöäÔöäÔöäÔöäÔöäÔöäÔöäÔöäÔöäÔöäÔöäÔöäÔöäÔöäÔöäÔöäÔöäÔöäÔöäÔöäÔöäÔöä[0m
[38;5;12mÔöé ­ƒÆí [Tag] Message 521[0m
[38;5;12mÔööÔöÇÔöÇÔöÇÔöÇÔöÇÔöÇÔöÇÔöÇÔöÇÔöÇÔöÇÔöÇÔöÇÔöÇÔöÇÔöÇÔöÇÔöÇÔöÇÔöÇÔöÇÔöÇÔöÇÔöÇÔöÇÔöÇÔöÇÔöÇÔöÇÔöÇÔöÇÔöÇÔöÇÔöÇÔöÇÔöÇÔöÇÔöÇÔöÇÔöÇÔöÇÔöÇÔöÇÔöÇÔöÇÔöÇÔöÇÔöÇÔöÇÔöÇÔöÇÔöÇÔöÇÔöÇÔöÇÔöÇÔöÇÔöÇÔöÇÔöÇÔöÇÔöÇÔöÇÔöÇÔöÇÔöÇÔöÇÔöÇÔöÇÔöÇÔöÇÔöÇÔöÇÔöÇÔöÇÔöÇÔöÇÔöÇÔöÇ[0m
[38;5;12mÔöîÔöÇÔöÇÔöÇÔöÇÔöÇÔöÇÔöÇÔöÇÔöÇÔöÇÔöÇÔöÇÔöÇÔöÇÔöÇÔöÇÔöÇÔöÇÔöÇÔöÇÔöÇÔöÇÔöÇÔöÇÔöÇÔöÇÔöÇÔöÇÔöÇÔöÇÔöÇÔöÇÔöÇÔöÇÔöÇÔöÇÔöÇÔöÇÔöÇÔöÇÔöÇÔöÇÔöÇÔöÇÔöÇÔöÇÔöÇÔöÇÔöÇÔöÇÔöÇÔöÇÔöÇÔöÇÔöÇÔöÇÔöÇÔöÇÔöÇÔöÇÔöÇÔöÇÔöÇÔöÇÔöÇÔöÇÔöÇÔöÇÔöÇÔöÇÔöÇÔöÇÔöÇÔöÇÔöÇÔöÇÔöÇÔöÇÔöÇ[0m
[38;5;12mÔöé 01:00:45.888 (+0:00:00.026690)[0m
[38;5;12mÔö£ÔöäÔöäÔöäÔöäÔöäÔöäÔöäÔöäÔöäÔöäÔöäÔöäÔöäÔöäÔöäÔöäÔöäÔöäÔöäÔöäÔöäÔöäÔöäÔöäÔöäÔöäÔöäÔöäÔöäÔöäÔöäÔöäÔöäÔöäÔöäÔöäÔöäÔöäÔöäÔöäÔöäÔöäÔöäÔöäÔöäÔöäÔöäÔöäÔöäÔöäÔöäÔöäÔöäÔöäÔöäÔöäÔöäÔöäÔöäÔöäÔöäÔöäÔöäÔöäÔöäÔöäÔöäÔöäÔöäÔöäÔöäÔöäÔöäÔöäÔöäÔöäÔöäÔöäÔöä[0m
[38;5;12mÔöé ­ƒÆí [Tag] Message 522[0m
[38;5;12mÔööÔöÇÔöÇÔöÇÔöÇÔöÇÔöÇÔöÇÔöÇÔöÇÔöÇÔöÇÔöÇÔöÇÔöÇÔöÇÔöÇÔöÇÔöÇÔöÇÔöÇÔöÇÔöÇÔöÇÔöÇÔöÇÔöÇÔöÇÔöÇÔöÇÔöÇÔöÇÔöÇÔöÇÔöÇÔöÇÔöÇÔöÇÔöÇÔöÇÔöÇÔöÇÔöÇÔöÇÔöÇÔöÇÔöÇÔöÇÔöÇÔöÇÔöÇÔöÇÔöÇÔöÇÔöÇÔöÇÔöÇÔöÇÔöÇÔöÇÔöÇÔöÇÔöÇÔöÇÔöÇÔöÇÔöÇÔöÇÔöÇÔöÇÔöÇÔöÇÔöÇÔöÇÔöÇÔöÇÔöÇÔöÇÔöÇÔöÇ[0m
[38;5;12mÔöîÔöÇÔöÇÔöÇÔöÇÔöÇÔöÇÔöÇÔöÇÔöÇÔöÇÔöÇÔöÇÔöÇÔöÇÔöÇÔöÇÔöÇÔöÇÔöÇÔöÇÔöÇÔöÇÔöÇÔöÇÔöÇÔöÇÔöÇÔöÇÔöÇÔöÇÔöÇÔöÇÔöÇÔöÇÔöÇÔöÇÔöÇÔöÇÔöÇÔöÇÔöÇÔöÇÔöÇÔöÇÔöÇÔöÇÔöÇÔöÇÔöÇÔöÇÔöÇÔöÇÔöÇÔöÇÔöÇÔöÇÔöÇÔöÇÔöÇÔöÇÔöÇÔöÇÔöÇÔöÇÔöÇÔöÇÔöÇÔöÇÔöÇÔöÇÔöÇÔöÇÔöÇÔöÇÔöÇÔöÇÔöÇÔöÇÔöÇ[0m
[38;5;12mÔöé 01:00:45.888 (+0:00:00.026690)[0m
[38;5;12mÔö£ÔöäÔöäÔöäÔöäÔöäÔöäÔöäÔöäÔöäÔöäÔöäÔöäÔöäÔöäÔöäÔöäÔöäÔöäÔöäÔöäÔöäÔöäÔöäÔöäÔöäÔöäÔöäÔöäÔöäÔöäÔöäÔöäÔöäÔöäÔöäÔöäÔöäÔöäÔöäÔöäÔöäÔöäÔöäÔöäÔöäÔöäÔöäÔöäÔöäÔöäÔöäÔöäÔöäÔöäÔöäÔöäÔöäÔöäÔöäÔöäÔöäÔöäÔöäÔöäÔöäÔöäÔöäÔöäÔöäÔöäÔöäÔöäÔöäÔöäÔöäÔöäÔöäÔöäÔöä[0m
[38;5;12mÔöé ­ƒÆí [Tag] Message 523[0m
[38;5;12mÔööÔöÇÔöÇÔöÇÔöÇÔöÇÔöÇÔöÇÔöÇÔöÇÔöÇÔöÇÔöÇÔöÇÔöÇÔöÇÔöÇÔöÇÔöÇÔöÇÔöÇÔöÇÔöÇÔöÇÔöÇÔöÇÔöÇÔöÇÔöÇÔöÇÔöÇÔöÇÔöÇÔöÇÔöÇÔöÇÔöÇÔöÇÔöÇÔöÇÔöÇÔöÇÔöÇÔöÇÔöÇÔöÇÔöÇÔöÇÔöÇÔöÇÔöÇÔöÇÔöÇÔöÇÔöÇÔöÇÔöÇÔöÇÔöÇÔöÇÔöÇÔöÇÔöÇÔöÇÔöÇÔöÇÔöÇÔöÇÔöÇÔöÇÔöÇÔöÇÔöÇÔöÇÔöÇÔöÇÔöÇÔöÇÔöÇÔöÇ[0m
[38;5;12mÔöîÔöÇÔöÇÔöÇÔöÇÔöÇÔöÇÔöÇÔöÇÔöÇÔöÇÔöÇÔöÇÔöÇÔöÇÔöÇÔöÇÔöÇÔöÇÔöÇÔöÇÔöÇÔöÇÔöÇÔöÇÔöÇÔöÇÔöÇÔöÇÔöÇÔöÇÔöÇÔöÇÔöÇÔöÇÔöÇÔöÇÔöÇÔöÇÔöÇÔöÇÔöÇÔöÇÔöÇÔöÇÔöÇÔöÇÔöÇÔöÇÔöÇÔöÇÔöÇÔöÇÔöÇÔöÇÔöÇÔöÇÔöÇÔöÇÔöÇÔöÇÔöÇÔöÇÔöÇÔöÇÔöÇÔöÇÔöÇÔöÇÔöÇÔöÇÔöÇÔöÇÔöÇÔöÇÔöÇÔöÇÔöÇÔöÇÔöÇ[0m
[38;5;12mÔöé 01:00:45.888 (+0:00:00.026690)[0m
[38;5;12mÔö£ÔöäÔöäÔöäÔöäÔöäÔöäÔöäÔöäÔöäÔöäÔöäÔöäÔöäÔöäÔöäÔöäÔöäÔöäÔöäÔöäÔöäÔöäÔöäÔöäÔöäÔöäÔöäÔöäÔöäÔöäÔöäÔöäÔöäÔöäÔöäÔöäÔöäÔöäÔöäÔöäÔöäÔöäÔöäÔöäÔöäÔöäÔöäÔöäÔöäÔöäÔöäÔöäÔöäÔöäÔöäÔöäÔöäÔöäÔöäÔöäÔöäÔöäÔöäÔöäÔöäÔöäÔöäÔöäÔöäÔöäÔöäÔöäÔöäÔöäÔöäÔöäÔöäÔöäÔöä[0m
[38;5;12mÔöé ­ƒÆí [Tag] Message 524[0m
[38;5;12mÔööÔöÇÔöÇÔöÇÔöÇÔöÇÔöÇÔöÇÔöÇÔöÇÔöÇÔöÇÔöÇÔöÇÔöÇÔöÇÔöÇÔöÇÔöÇÔöÇÔöÇÔöÇÔöÇÔöÇÔöÇÔöÇÔöÇÔöÇÔöÇÔöÇÔöÇÔöÇÔöÇÔöÇÔöÇÔöÇÔöÇÔöÇÔöÇÔöÇÔöÇÔöÇÔöÇÔöÇÔöÇÔöÇÔöÇÔöÇÔöÇÔöÇÔöÇÔöÇÔöÇÔöÇÔöÇÔöÇÔöÇÔöÇÔöÇÔöÇÔöÇÔöÇÔöÇÔöÇÔöÇÔöÇÔöÇÔöÇÔöÇÔöÇÔöÇÔöÇÔöÇÔöÇÔöÇÔöÇÔöÇÔöÇÔöÇÔöÇ[0m
[38;5;12mÔöîÔöÇÔöÇÔöÇÔöÇÔöÇÔöÇÔöÇÔöÇÔöÇÔöÇÔöÇÔöÇÔöÇÔöÇÔöÇÔöÇÔöÇÔöÇÔöÇÔöÇÔöÇÔöÇÔöÇÔöÇÔöÇÔöÇÔöÇÔöÇÔöÇÔöÇÔöÇÔöÇÔöÇÔöÇÔöÇÔöÇÔöÇÔöÇÔöÇÔöÇÔöÇÔöÇÔöÇÔöÇÔöÇÔöÇÔöÇÔöÇÔöÇÔöÇÔöÇÔöÇÔöÇÔöÇÔöÇÔöÇÔöÇÔöÇÔöÇÔöÇÔöÇÔöÇÔöÇÔöÇÔöÇÔöÇÔöÇÔöÇÔöÇÔöÇÔöÇÔöÇÔöÇÔöÇÔöÇÔöÇÔöÇÔöÇÔöÇ[0m
[38;5;12mÔöé 01:00:45.888 (+0:00:00.026690)[0m
[38;5;12mÔö£ÔöäÔöäÔöäÔöäÔöäÔöäÔöäÔöäÔöäÔöäÔöäÔöäÔöäÔöäÔöäÔöäÔöäÔöäÔöäÔöäÔöäÔöäÔöäÔöäÔöäÔöäÔöäÔöäÔöäÔöäÔöäÔöäÔöäÔöäÔöäÔöäÔöäÔöäÔöäÔöäÔöäÔöäÔöäÔöäÔöäÔöäÔöäÔöäÔöäÔöäÔöäÔöäÔöäÔöäÔöäÔöäÔöäÔöäÔöäÔöäÔöäÔöäÔöäÔöäÔöäÔöäÔöäÔöäÔöäÔöäÔöäÔöäÔöäÔöäÔöäÔöäÔöäÔöäÔöä[0m
[38;5;12mÔöé ­ƒÆí [Tag] Message 525[0m
[38;5;12mÔööÔöÇÔöÇÔöÇÔöÇÔöÇÔöÇÔöÇÔöÇÔöÇÔöÇÔöÇÔöÇÔöÇÔöÇÔöÇÔöÇÔöÇÔöÇÔöÇÔöÇÔöÇÔöÇÔöÇÔöÇÔöÇÔöÇÔöÇÔöÇÔöÇÔöÇÔöÇÔöÇÔöÇÔöÇÔöÇÔöÇÔöÇÔöÇÔöÇÔöÇÔöÇÔöÇÔöÇÔöÇÔöÇÔöÇÔöÇÔöÇÔöÇÔöÇÔöÇÔöÇÔöÇÔöÇÔöÇÔöÇÔöÇÔöÇÔöÇÔöÇÔöÇÔöÇÔöÇÔöÇÔöÇÔöÇÔöÇÔöÇÔöÇÔöÇÔöÇÔöÇÔöÇÔöÇÔöÇÔöÇÔöÇÔöÇÔöÇ[0m
[38;5;12mÔöîÔöÇÔöÇÔöÇÔöÇÔöÇÔöÇÔöÇÔöÇÔöÇÔöÇÔöÇÔöÇÔöÇÔöÇÔöÇÔöÇÔöÇÔöÇÔöÇÔöÇÔöÇÔöÇÔöÇÔöÇÔöÇÔöÇÔöÇÔöÇÔöÇÔöÇÔöÇÔöÇÔöÇÔöÇÔöÇÔöÇÔöÇÔöÇÔöÇÔöÇÔöÇÔöÇÔöÇÔöÇÔöÇÔöÇÔöÇÔöÇÔöÇÔöÇÔöÇÔöÇÔöÇÔöÇÔöÇÔöÇÔöÇÔöÇÔöÇÔöÇÔöÇÔöÇÔöÇÔöÇÔöÇÔöÇÔöÇÔöÇÔöÇÔöÇÔöÇÔöÇÔöÇÔöÇÔöÇÔöÇÔöÇÔöÇÔöÇ[0m
[38;5;12mÔöé 01:00:45.888 (+0:00:00.026690)[0m
[38;5;12mÔö£ÔöäÔöäÔöäÔöäÔöäÔöäÔöäÔöäÔöäÔöäÔöäÔöäÔöäÔöäÔöäÔöäÔöäÔöäÔöäÔöäÔöäÔöäÔöäÔöäÔöäÔöäÔöäÔöäÔöäÔöäÔöäÔöäÔöäÔöäÔöäÔöäÔöäÔöäÔöäÔöäÔöäÔöäÔöäÔöäÔöäÔöäÔöäÔöäÔöäÔöäÔöäÔöäÔöäÔöäÔöäÔöäÔöäÔöäÔöäÔöäÔöäÔöäÔöäÔöäÔöäÔöäÔöäÔöäÔöäÔöäÔöäÔöäÔöäÔöäÔöäÔöäÔöäÔöäÔöä[0m
[38;5;12mÔöé ­ƒÆí [Tag] Message 526[0m
[38;5;12mÔööÔöÇÔöÇÔöÇÔöÇÔöÇÔöÇÔöÇÔöÇÔöÇÔöÇÔöÇÔöÇÔöÇÔöÇÔöÇÔöÇÔöÇÔöÇÔöÇÔöÇÔöÇÔöÇÔöÇÔöÇÔöÇÔöÇÔöÇÔöÇÔöÇÔöÇÔöÇÔöÇÔöÇÔöÇÔöÇÔöÇÔöÇÔöÇÔöÇÔöÇÔöÇÔöÇÔöÇÔöÇÔöÇÔöÇÔöÇÔöÇÔöÇÔöÇÔöÇÔöÇÔöÇÔöÇÔöÇÔöÇÔöÇÔöÇÔöÇÔöÇÔöÇÔöÇÔöÇÔöÇÔöÇÔöÇÔöÇÔöÇÔöÇÔöÇÔöÇÔöÇÔöÇÔöÇÔöÇÔöÇÔöÇÔöÇÔöÇ[0m
[38;5;12mÔöîÔöÇÔöÇÔöÇÔöÇÔöÇÔöÇÔöÇÔöÇÔöÇÔöÇÔöÇÔöÇÔöÇÔöÇÔöÇÔöÇÔöÇÔöÇÔöÇÔöÇÔöÇÔöÇÔöÇÔöÇÔöÇÔöÇÔöÇÔöÇÔöÇÔöÇÔöÇÔöÇÔöÇÔöÇÔöÇÔöÇÔöÇÔöÇÔöÇÔöÇÔöÇÔöÇÔöÇÔöÇÔöÇÔöÇÔöÇÔöÇÔöÇÔöÇÔöÇÔöÇÔöÇÔöÇÔöÇÔöÇÔöÇÔöÇÔöÇÔöÇÔöÇÔöÇÔöÇÔöÇÔöÇÔöÇÔöÇÔöÇÔöÇÔöÇÔöÇÔöÇÔöÇÔöÇÔöÇÔöÇÔöÇÔöÇÔöÇ[0m
[38;5;12mÔöé 01:00:45.888 (+0:00:00.026690)[0m
[38;5;12mÔö£ÔöäÔöäÔöäÔöäÔöäÔöäÔöäÔöäÔöäÔöäÔöäÔöäÔöäÔöäÔöäÔöäÔöäÔöäÔöäÔöäÔöäÔöäÔöäÔöäÔöäÔöäÔöäÔöäÔöäÔöäÔöäÔöäÔöäÔöäÔöäÔöäÔöäÔöäÔöäÔöäÔöäÔöäÔöäÔöäÔöäÔöäÔöäÔöäÔöäÔöäÔöäÔöäÔöäÔöäÔöäÔöäÔöäÔöäÔöäÔöäÔöäÔöäÔöäÔöäÔöäÔöäÔöäÔöäÔöäÔöäÔöäÔöäÔöäÔöäÔöäÔöäÔöäÔöäÔöä[0m
[38;5;12mÔöé ­ƒÆí [Tag] Message 527[0m
[38;5;12mÔööÔöÇÔöÇÔöÇÔöÇÔöÇÔöÇÔöÇÔöÇÔöÇÔöÇÔöÇÔöÇÔöÇÔöÇÔöÇÔöÇÔöÇÔöÇÔöÇÔöÇÔöÇÔöÇÔöÇÔöÇÔöÇÔöÇÔöÇÔöÇÔöÇÔöÇÔöÇÔöÇÔöÇÔöÇÔöÇÔöÇÔöÇÔöÇÔöÇÔöÇÔöÇÔöÇÔöÇÔöÇÔöÇÔöÇÔöÇÔöÇÔöÇÔöÇÔöÇÔöÇÔöÇÔöÇÔöÇÔöÇÔöÇÔöÇÔöÇÔöÇÔöÇÔöÇÔöÇÔöÇÔöÇÔöÇÔöÇÔöÇÔöÇÔöÇÔöÇÔöÇÔöÇÔöÇÔöÇÔöÇÔöÇÔöÇÔöÇ[0m
[38;5;12mÔöîÔöÇÔöÇÔöÇÔöÇÔöÇÔöÇÔöÇÔöÇÔöÇÔöÇÔöÇÔöÇÔöÇÔöÇÔöÇÔöÇÔöÇÔöÇÔöÇÔöÇÔöÇÔöÇÔöÇÔöÇÔöÇÔöÇÔöÇÔöÇÔöÇÔöÇÔöÇÔöÇÔöÇÔöÇÔöÇÔöÇÔöÇÔöÇÔöÇÔöÇÔöÇÔöÇÔöÇÔöÇÔöÇÔöÇÔöÇÔöÇÔöÇÔöÇÔöÇÔöÇÔöÇÔöÇÔöÇÔöÇÔöÇÔöÇÔöÇÔöÇÔöÇÔöÇÔöÇÔöÇÔöÇÔöÇÔöÇÔöÇÔöÇÔöÇÔöÇÔöÇÔöÇÔöÇÔöÇÔöÇÔöÇÔöÇÔöÇ[0m
[38;5;12mÔöé 01:00:45.888 (+0:00:00.026690)[0m
[38;5;12mÔö£ÔöäÔöäÔöäÔöäÔöäÔöäÔöäÔöäÔöäÔöäÔöäÔöäÔöäÔöäÔöäÔöäÔöäÔöäÔöäÔöäÔöäÔöäÔöäÔöäÔöäÔöäÔöäÔöäÔöäÔöäÔöäÔöäÔöäÔöäÔöäÔöäÔöäÔöäÔöäÔöäÔöäÔöäÔöäÔöäÔöäÔöäÔöäÔöäÔöäÔöäÔöäÔöäÔöäÔöäÔöäÔöäÔöäÔöäÔöäÔöäÔöäÔöäÔöäÔöäÔöäÔöäÔöäÔöäÔöäÔöäÔöäÔöäÔöäÔöäÔöäÔöäÔöäÔöäÔöä[0m
[38;5;12mÔöé ­ƒÆí [Tag] Message 528[0m
[38;5;12mÔööÔöÇÔöÇÔöÇÔöÇÔöÇÔöÇÔöÇÔöÇÔöÇÔöÇÔöÇÔöÇÔöÇÔöÇÔöÇÔöÇÔöÇÔöÇÔöÇÔöÇÔöÇÔöÇÔöÇÔöÇÔöÇÔöÇÔöÇÔöÇÔöÇÔöÇÔöÇÔöÇÔöÇÔöÇÔöÇÔöÇÔöÇÔöÇÔöÇÔöÇÔöÇÔöÇÔöÇÔöÇÔöÇÔöÇÔöÇÔöÇÔöÇÔöÇÔöÇÔöÇÔöÇÔöÇÔöÇÔöÇÔöÇÔöÇÔöÇÔöÇÔöÇÔöÇÔöÇÔöÇÔöÇÔöÇÔöÇÔöÇÔöÇÔöÇÔöÇÔöÇÔöÇÔöÇÔöÇÔöÇÔöÇÔöÇÔöÇ[0m
[38;5;12mÔöîÔöÇÔöÇÔöÇÔöÇÔöÇÔöÇÔöÇÔöÇÔöÇÔöÇÔöÇÔöÇÔöÇÔöÇÔöÇÔöÇÔöÇÔöÇÔöÇÔöÇÔöÇÔöÇÔöÇÔöÇÔöÇÔöÇÔöÇÔöÇÔöÇÔöÇÔöÇÔöÇÔöÇÔöÇÔöÇÔöÇÔöÇÔöÇÔöÇÔöÇÔöÇÔöÇÔöÇÔöÇÔöÇÔöÇÔöÇÔöÇÔöÇÔöÇÔöÇÔöÇÔöÇÔöÇÔöÇÔöÇÔöÇÔöÇÔöÇÔöÇÔöÇÔöÇÔöÇÔöÇÔöÇÔöÇÔöÇÔöÇÔöÇÔöÇÔöÇÔöÇÔöÇÔöÇÔöÇÔöÇÔöÇÔöÇÔöÇ[0m
[38;5;12mÔöé 01:00:45.888 (+0:00:00.026690)[0m
[38;5;12mÔö£ÔöäÔöäÔöäÔöäÔöäÔöäÔöäÔöäÔöäÔöäÔöäÔöäÔöäÔöäÔöäÔöäÔöäÔöäÔöäÔöäÔöäÔöäÔöäÔöäÔöäÔöäÔöäÔöäÔöäÔöäÔöäÔöäÔöäÔöäÔöäÔöäÔöäÔöäÔöäÔöäÔöäÔöäÔöäÔöäÔöäÔöäÔöäÔöäÔöäÔöäÔöäÔöäÔöäÔöäÔöäÔöäÔöäÔöäÔöäÔöäÔöäÔöäÔöäÔöäÔöäÔöäÔöäÔöäÔöäÔöäÔöäÔöäÔöäÔöäÔöäÔöäÔöäÔöäÔöä[0m
[38;5;12mÔöé ­ƒÆí [Tag] Message 529[0m
[38;5;12mÔööÔöÇÔöÇÔöÇÔöÇÔöÇÔöÇÔöÇÔöÇÔöÇÔöÇÔöÇÔöÇÔöÇÔöÇÔöÇÔöÇÔöÇÔöÇÔöÇÔöÇÔöÇÔöÇÔöÇÔöÇÔöÇÔöÇÔöÇÔöÇÔöÇÔöÇÔöÇÔöÇÔöÇÔöÇÔöÇÔöÇÔöÇÔöÇÔöÇÔöÇÔöÇÔöÇÔöÇÔöÇÔöÇÔöÇÔöÇÔöÇÔöÇÔöÇÔöÇÔöÇÔöÇÔöÇÔöÇÔöÇÔöÇÔöÇÔöÇÔöÇÔöÇÔöÇÔöÇÔöÇÔöÇÔöÇÔöÇÔöÇÔöÇÔöÇÔöÇÔöÇÔöÇÔöÇÔöÇÔöÇÔöÇÔöÇÔöÇ[0m
[38;5;12mÔöîÔöÇÔöÇÔöÇÔöÇÔöÇÔöÇÔöÇÔöÇÔöÇÔöÇÔöÇÔöÇÔöÇÔöÇÔöÇÔöÇÔöÇÔöÇÔöÇÔöÇÔöÇÔöÇÔöÇÔöÇÔöÇÔöÇÔöÇÔöÇÔöÇÔöÇÔöÇÔöÇÔöÇÔöÇÔöÇÔöÇÔöÇÔöÇÔöÇÔöÇÔöÇÔöÇÔöÇÔöÇÔöÇÔöÇÔöÇÔöÇÔöÇÔöÇÔöÇÔöÇÔöÇÔöÇÔöÇÔöÇÔöÇÔöÇÔöÇÔöÇÔöÇÔöÇÔöÇÔöÇÔöÇÔöÇÔöÇÔöÇÔöÇÔöÇÔöÇÔöÇÔöÇÔöÇÔöÇÔöÇÔöÇÔöÇÔöÇ[0m
[38;5;12mÔöé 01:00:45.888 (+0:00:00.026690)[0m
[38;5;12mÔö£ÔöäÔöäÔöäÔöäÔöäÔöäÔöäÔöäÔöäÔöäÔöäÔöäÔöäÔöäÔöäÔöäÔöäÔöäÔöäÔöäÔöäÔöäÔöäÔöäÔöäÔöäÔöäÔöäÔöäÔöäÔöäÔöäÔöäÔöäÔöäÔöäÔöäÔöäÔöäÔöäÔöäÔöäÔöäÔöäÔöäÔöäÔöäÔöäÔöäÔöäÔöäÔöäÔöäÔöäÔöäÔöäÔöäÔöäÔöäÔöäÔöäÔöäÔöäÔöäÔöäÔöäÔöäÔöäÔöäÔöäÔöäÔöäÔöäÔöäÔöäÔöäÔöäÔöäÔöä[0m
[38;5;12mÔöé ­ƒÆí [Tag] Message 530[0m
[38;5;12mÔööÔöÇÔöÇÔöÇÔöÇÔöÇÔöÇÔöÇÔöÇÔöÇÔöÇÔöÇÔöÇÔöÇÔöÇÔöÇÔöÇÔöÇÔöÇÔöÇÔöÇÔöÇÔöÇÔöÇÔöÇÔöÇÔöÇÔöÇÔöÇÔöÇÔöÇÔöÇÔöÇÔöÇÔöÇÔöÇÔöÇÔöÇÔöÇÔöÇÔöÇÔöÇÔöÇÔöÇÔöÇÔöÇÔöÇÔöÇÔöÇÔöÇÔöÇÔöÇÔöÇÔöÇÔöÇÔöÇÔöÇÔöÇÔöÇÔöÇÔöÇÔöÇÔöÇÔöÇÔöÇÔöÇÔöÇÔöÇÔöÇÔöÇÔöÇÔöÇÔöÇÔöÇÔöÇÔöÇÔöÇÔöÇÔöÇÔöÇ[0m
[38;5;12mÔöîÔöÇÔöÇÔöÇÔöÇÔöÇÔöÇÔöÇÔöÇÔöÇÔöÇÔöÇÔöÇÔöÇÔöÇÔöÇÔöÇÔöÇÔöÇÔöÇÔöÇÔöÇÔöÇÔöÇÔöÇÔöÇÔöÇÔöÇÔöÇÔöÇÔöÇÔöÇÔöÇÔöÇÔöÇÔöÇÔöÇÔöÇÔöÇÔöÇÔöÇÔöÇÔöÇÔöÇÔöÇÔöÇÔöÇÔöÇÔöÇÔöÇÔöÇÔöÇÔöÇÔöÇÔöÇÔöÇÔöÇÔöÇÔöÇÔöÇÔöÇÔöÇÔöÇÔöÇÔöÇÔöÇÔöÇÔöÇÔöÇÔöÇÔöÇÔöÇÔöÇÔöÇÔöÇÔöÇÔöÇÔöÇÔöÇÔöÇ[0m
[38;5;12mÔöé 01:00:45.888 (+0:00:00.026690)[0m
[38;5;12mÔö£ÔöäÔöäÔöäÔöäÔöäÔöäÔöäÔöäÔöäÔöäÔöäÔöäÔöäÔöäÔöäÔöäÔöäÔöäÔöäÔöäÔöäÔöäÔöäÔöäÔöäÔöäÔöäÔöäÔöäÔöäÔöäÔöäÔöäÔöäÔöäÔöäÔöäÔöäÔöäÔöäÔöäÔöäÔöäÔöäÔöäÔöäÔöäÔöäÔöäÔöäÔöäÔöäÔöäÔöäÔöäÔöäÔöäÔöäÔöäÔöäÔöäÔöäÔöäÔöäÔöäÔöäÔöäÔöäÔöäÔöäÔöäÔöäÔöäÔöäÔöäÔöäÔöäÔöäÔöä[0m
[38;5;12mÔöé ­ƒÆí [Tag] Message 531[0m
[38;5;12mÔööÔöÇÔöÇÔöÇÔöÇÔöÇÔöÇÔöÇÔöÇÔöÇÔöÇÔöÇÔöÇÔöÇÔöÇÔöÇÔöÇÔöÇÔöÇÔöÇÔöÇÔöÇÔöÇÔöÇÔöÇÔöÇÔöÇÔöÇÔöÇÔöÇÔöÇÔöÇÔöÇÔöÇÔöÇÔöÇÔöÇÔöÇÔöÇÔöÇÔöÇÔöÇÔöÇÔöÇÔöÇÔöÇÔöÇÔöÇÔöÇÔöÇÔöÇÔöÇÔöÇÔöÇÔöÇÔöÇÔöÇÔöÇÔöÇÔöÇÔöÇÔöÇÔöÇÔöÇÔöÇÔöÇÔöÇÔöÇÔöÇÔöÇÔöÇÔöÇÔöÇÔöÇÔöÇÔöÇÔöÇÔöÇÔöÇÔöÇ[0m
[38;5;12mÔöîÔöÇÔöÇÔöÇÔöÇÔöÇÔöÇÔöÇÔöÇÔöÇÔöÇÔöÇÔöÇÔöÇÔöÇÔöÇÔöÇÔöÇÔöÇÔöÇÔöÇÔöÇÔöÇÔöÇÔöÇÔöÇÔöÇÔöÇÔöÇÔöÇÔöÇÔöÇÔöÇÔöÇÔöÇÔöÇÔöÇÔöÇÔöÇÔöÇÔöÇÔöÇÔöÇÔöÇÔöÇÔöÇÔöÇÔöÇÔöÇÔöÇÔöÇÔöÇÔöÇÔöÇÔöÇÔöÇÔöÇÔöÇÔöÇÔöÇÔöÇÔöÇÔöÇÔöÇÔöÇÔöÇÔöÇÔöÇÔöÇÔöÇÔöÇÔöÇÔöÇÔöÇÔöÇÔöÇÔöÇÔöÇÔöÇÔöÇ[0m
[38;5;12mÔöé 01:00:45.888 (+0:00:00.026690)[0m
[38;5;12mÔö£ÔöäÔöäÔöäÔöäÔöäÔöäÔöäÔöäÔöäÔöäÔöäÔöäÔöäÔöäÔöäÔöäÔöäÔöäÔöäÔöäÔöäÔöäÔöäÔöäÔöäÔöäÔöäÔöäÔöäÔöäÔöäÔöäÔöäÔöäÔöäÔöäÔöäÔöäÔöäÔöäÔöäÔöäÔöäÔöäÔöäÔöäÔöäÔöäÔöäÔöäÔöäÔöäÔöäÔöäÔöäÔöäÔöäÔöäÔöäÔöäÔöäÔöäÔöäÔöäÔöäÔöäÔöäÔöäÔöäÔöäÔöäÔöäÔöäÔöäÔöäÔöäÔöäÔöäÔöä[0m
[38;5;12mÔöé ­ƒÆí [Tag] Message 532[0m
[38;5;12mÔööÔöÇÔöÇÔöÇÔöÇÔöÇÔöÇÔöÇÔöÇÔöÇÔöÇÔöÇÔöÇÔöÇÔöÇÔöÇÔöÇÔöÇÔöÇÔöÇÔöÇÔöÇÔöÇÔöÇÔöÇÔöÇÔöÇÔöÇÔöÇÔöÇÔöÇÔöÇÔöÇÔöÇÔöÇÔöÇÔöÇÔöÇÔöÇÔöÇÔöÇÔöÇÔöÇÔöÇÔöÇÔöÇÔöÇÔöÇÔöÇÔöÇÔöÇÔöÇÔöÇÔöÇÔöÇÔöÇÔöÇÔöÇÔöÇÔöÇÔöÇÔöÇÔöÇÔöÇÔöÇÔöÇÔöÇÔöÇÔöÇÔöÇÔöÇÔöÇÔöÇÔöÇÔöÇÔöÇÔöÇÔöÇÔöÇÔöÇ[0m
[38;5;12mÔöîÔöÇÔöÇÔöÇÔöÇÔöÇÔöÇÔöÇÔöÇÔöÇÔöÇÔöÇÔöÇÔöÇÔöÇÔöÇÔöÇÔöÇÔöÇÔöÇÔöÇÔöÇÔöÇÔöÇÔöÇÔöÇÔöÇÔöÇÔöÇÔöÇÔöÇÔöÇÔöÇÔöÇÔöÇÔöÇÔöÇÔöÇÔöÇÔöÇÔöÇÔöÇÔöÇÔöÇÔöÇÔöÇÔöÇÔöÇÔöÇÔöÇÔöÇÔöÇÔöÇÔöÇÔöÇÔöÇÔöÇÔöÇÔöÇÔöÇÔöÇÔöÇÔöÇÔöÇÔöÇÔöÇÔöÇÔöÇÔöÇÔöÇÔöÇÔöÇÔöÇÔöÇÔöÇÔöÇÔöÇÔöÇÔöÇÔöÇ[0m
[38;5;12mÔöé 01:00:45.888 (+0:00:00.026690)[0m
[38;5;12mÔö£ÔöäÔöäÔöäÔöäÔöäÔöäÔöäÔöäÔöäÔöäÔöäÔöäÔöäÔöäÔöäÔöäÔöäÔöäÔöäÔöäÔöäÔöäÔöäÔöäÔöäÔöäÔöäÔöäÔöäÔöäÔöäÔöäÔöäÔöäÔöäÔöäÔöäÔöäÔöäÔöäÔöäÔöäÔöäÔöäÔöäÔöäÔöäÔöäÔöäÔöäÔöäÔöäÔöäÔöäÔöäÔöäÔöäÔöäÔöäÔöäÔöäÔöäÔöäÔöäÔöäÔöäÔöäÔöäÔöäÔöäÔöäÔöäÔöäÔöäÔöäÔöäÔöäÔöäÔöä[0m
[38;5;12mÔöé ­ƒÆí [Tag] Message 533[0m
[38;5;12mÔööÔöÇÔöÇÔöÇÔöÇÔöÇÔöÇÔöÇÔöÇÔöÇÔöÇÔöÇÔöÇÔöÇÔöÇÔöÇÔöÇÔöÇÔöÇÔöÇÔöÇÔöÇÔöÇÔöÇÔöÇÔöÇÔöÇÔöÇÔöÇÔöÇÔöÇÔöÇÔöÇÔöÇÔöÇÔöÇÔöÇÔöÇÔöÇÔöÇÔöÇÔöÇÔöÇÔöÇÔöÇÔöÇÔöÇÔöÇÔöÇÔöÇÔöÇÔöÇÔöÇÔöÇÔöÇÔöÇÔöÇÔöÇÔöÇÔöÇÔöÇÔöÇÔöÇÔöÇÔöÇÔöÇÔöÇÔöÇÔöÇÔöÇÔöÇÔöÇÔöÇÔöÇÔöÇÔöÇÔöÇÔöÇÔöÇÔöÇ[0m
[38;5;12mÔöîÔöÇÔöÇÔöÇÔöÇÔöÇÔöÇÔöÇÔöÇÔöÇÔöÇÔöÇÔöÇÔöÇÔöÇÔöÇÔöÇÔöÇÔöÇÔöÇÔöÇÔöÇÔöÇÔöÇÔöÇÔöÇÔöÇÔöÇÔöÇÔöÇÔöÇÔöÇÔöÇÔöÇÔöÇÔöÇÔöÇÔöÇÔöÇÔöÇÔöÇÔöÇÔöÇÔöÇÔöÇÔöÇÔöÇÔöÇÔöÇÔöÇÔöÇÔöÇÔöÇÔöÇÔöÇÔöÇÔöÇÔöÇÔöÇÔöÇÔöÇÔöÇÔöÇÔöÇÔöÇÔöÇÔöÇÔöÇÔöÇÔöÇÔöÇÔöÇÔöÇÔöÇÔöÇÔöÇÔöÇÔöÇÔöÇÔöÇ[0m
[38;5;12mÔöé 01:00:45.888 (+0:00:00.026690)[0m
[38;5;12mÔö£ÔöäÔöäÔöäÔöäÔöäÔöäÔöäÔöäÔöäÔöäÔöäÔöäÔöäÔöäÔöäÔöäÔöäÔöäÔöäÔöäÔöäÔöäÔöäÔöäÔöäÔöäÔöäÔöäÔöäÔöäÔöäÔöäÔöäÔöäÔöäÔöäÔöäÔöäÔöäÔöäÔöäÔöäÔöäÔöäÔöäÔöäÔöäÔöäÔöäÔöäÔöäÔöäÔöäÔöäÔöäÔöäÔöäÔöäÔöäÔöäÔöäÔöäÔöäÔöäÔöäÔöäÔöäÔöäÔöäÔöäÔöäÔöäÔöäÔöäÔöäÔöäÔöäÔöäÔöä[0m
[38;5;12mÔöé ­ƒÆí [Tag] Message 534[0m
[38;5;12mÔööÔöÇÔöÇÔöÇÔöÇÔöÇÔöÇÔöÇÔöÇÔöÇÔöÇÔöÇÔöÇÔöÇÔöÇÔöÇÔöÇÔöÇÔöÇÔöÇÔöÇÔöÇÔöÇÔöÇÔöÇÔöÇÔöÇÔöÇÔöÇÔöÇÔöÇÔöÇÔöÇÔöÇÔöÇÔöÇÔöÇÔöÇÔöÇÔöÇÔöÇÔöÇÔöÇÔöÇÔöÇÔöÇÔöÇÔöÇÔöÇÔöÇÔöÇÔöÇÔöÇÔöÇÔöÇÔöÇÔöÇÔöÇÔöÇÔöÇÔöÇÔöÇÔöÇÔöÇÔöÇÔöÇÔöÇÔöÇÔöÇÔöÇÔöÇÔöÇÔöÇÔöÇÔöÇÔöÇÔöÇÔöÇÔöÇÔöÇ[0m
[38;5;12mÔöîÔöÇÔöÇÔöÇÔöÇÔöÇÔöÇÔöÇÔöÇÔöÇÔöÇÔöÇÔöÇÔöÇÔöÇÔöÇÔöÇÔöÇÔöÇÔöÇÔöÇÔöÇÔöÇÔöÇÔöÇÔöÇÔöÇÔöÇÔöÇÔöÇÔöÇÔöÇÔöÇÔöÇÔöÇÔöÇÔöÇÔöÇÔöÇÔöÇÔöÇÔöÇÔöÇÔöÇÔöÇÔöÇÔöÇÔöÇÔöÇÔöÇÔöÇÔöÇÔöÇÔöÇÔöÇÔöÇÔöÇÔöÇÔöÇÔöÇÔöÇÔöÇÔöÇÔöÇÔöÇÔöÇÔöÇÔöÇÔöÇÔöÇÔöÇÔöÇÔöÇÔöÇÔöÇÔöÇÔöÇÔöÇÔöÇÔöÇ[0m
[38;5;12mÔöé 01:00:45.888 (+0:00:00.026690)[0m
[38;5;12mÔö£ÔöäÔöäÔöäÔöäÔöäÔöäÔöäÔöäÔöäÔöäÔöäÔöäÔöäÔöäÔöäÔöäÔöäÔöäÔöäÔöäÔöäÔöäÔöäÔöäÔöäÔöäÔöäÔöäÔöäÔöäÔöäÔöäÔöäÔöäÔöäÔöäÔöäÔöäÔöäÔöäÔöäÔöäÔöäÔöäÔöäÔöäÔöäÔöäÔöäÔöäÔöäÔöäÔöäÔöäÔöäÔöäÔöäÔöäÔöäÔöäÔöäÔöäÔöäÔöäÔöäÔöäÔöäÔöäÔöäÔöäÔöäÔöäÔöäÔöäÔöäÔöäÔöäÔöäÔöä[0m
[38;5;12mÔöé ­ƒÆí [Tag] Message 535[0m
[38;5;12mÔööÔöÇÔöÇÔöÇÔöÇÔöÇÔöÇÔöÇÔöÇÔöÇÔöÇÔöÇÔöÇÔöÇÔöÇÔöÇÔöÇÔöÇÔöÇÔöÇÔöÇÔöÇÔöÇÔöÇÔöÇÔöÇÔöÇÔöÇÔöÇÔöÇÔöÇÔöÇÔöÇÔöÇÔöÇÔöÇÔöÇÔöÇÔöÇÔöÇÔöÇÔöÇÔöÇÔöÇÔöÇÔöÇÔöÇÔöÇÔöÇÔöÇÔöÇÔöÇÔöÇÔöÇÔöÇÔöÇÔöÇÔöÇÔöÇÔöÇÔöÇÔöÇÔöÇÔöÇÔöÇÔöÇÔöÇÔöÇÔöÇÔöÇÔöÇÔöÇÔöÇÔöÇÔöÇÔöÇÔöÇÔöÇÔöÇÔöÇ[0m
[38;5;12mÔöîÔöÇÔöÇÔöÇÔöÇÔöÇÔöÇÔöÇÔöÇÔöÇÔöÇÔöÇÔöÇÔöÇÔöÇÔöÇÔöÇÔöÇÔöÇÔöÇÔöÇÔöÇÔöÇÔöÇÔöÇÔöÇÔöÇÔöÇÔöÇÔöÇÔöÇÔöÇÔöÇÔöÇÔöÇÔöÇÔöÇÔöÇÔöÇÔöÇÔöÇÔöÇÔöÇÔöÇÔöÇÔöÇÔöÇÔöÇÔöÇÔöÇÔöÇÔöÇÔöÇÔöÇÔöÇÔöÇÔöÇÔöÇÔöÇÔöÇÔöÇÔöÇÔöÇÔöÇÔöÇÔöÇÔöÇÔöÇÔöÇÔöÇÔöÇÔöÇÔöÇÔöÇÔöÇÔöÇÔöÇÔöÇÔöÇÔöÇ[0m
[38;5;12mÔöé 01:00:45.888 (+0:00:00.026690)[0m
[38;5;12mÔö£ÔöäÔöäÔöäÔöäÔöäÔöäÔöäÔöäÔöäÔöäÔöäÔöäÔöäÔöäÔöäÔöäÔöäÔöäÔöäÔöäÔöäÔöäÔöäÔöäÔöäÔöäÔöäÔöäÔöäÔöäÔöäÔöäÔöäÔöäÔöäÔöäÔöäÔöäÔöäÔöäÔöäÔöäÔöäÔöäÔöäÔöäÔöäÔöäÔöäÔöäÔöäÔöäÔöäÔöäÔöäÔöäÔöäÔöäÔöäÔöäÔöäÔöäÔöäÔöäÔöäÔöäÔöäÔöäÔöäÔöäÔöäÔöäÔöäÔöäÔöäÔöäÔöäÔöäÔöä[0m
[38;5;12mÔöé ­ƒÆí [Tag] Message 536[0m
[38;5;12mÔööÔöÇÔöÇÔöÇÔöÇÔöÇÔöÇÔöÇÔöÇÔöÇÔöÇÔöÇÔöÇÔöÇÔöÇÔöÇÔöÇÔöÇÔöÇÔöÇÔöÇÔöÇÔöÇÔöÇÔöÇÔöÇÔöÇÔöÇÔöÇÔöÇÔöÇÔöÇÔöÇÔöÇÔöÇÔöÇÔöÇÔöÇÔöÇÔöÇÔöÇÔöÇÔöÇÔöÇÔöÇÔöÇÔöÇÔöÇÔöÇÔöÇÔöÇÔöÇÔöÇÔöÇÔöÇÔöÇÔöÇÔöÇÔöÇÔöÇÔöÇÔöÇÔöÇÔöÇÔöÇÔöÇÔöÇÔöÇÔöÇÔöÇÔöÇÔöÇÔöÇÔöÇÔöÇÔöÇÔöÇÔöÇÔöÇÔöÇ[0m
[38;5;12mÔöîÔöÇÔöÇÔöÇÔöÇÔöÇÔöÇÔöÇÔöÇÔöÇÔöÇÔöÇÔöÇÔöÇÔöÇÔöÇÔöÇÔöÇÔöÇÔöÇÔöÇÔöÇÔöÇÔöÇÔöÇÔöÇÔöÇÔöÇÔöÇÔöÇÔöÇÔöÇÔöÇÔöÇÔöÇÔöÇÔöÇÔöÇÔöÇÔöÇÔöÇÔöÇÔöÇÔöÇÔöÇÔöÇÔöÇÔöÇÔöÇÔöÇÔöÇÔöÇÔöÇÔöÇÔöÇÔöÇÔöÇÔöÇÔöÇÔöÇÔöÇÔöÇÔöÇÔöÇÔöÇÔöÇÔöÇÔöÇÔöÇÔöÇÔöÇÔöÇÔöÇÔöÇÔöÇÔöÇÔöÇÔöÇÔöÇÔöÇ[0m
[38;5;12mÔöé 01:00:45.888 (+0:00:00.026690)[0m
[38;5;12mÔö£ÔöäÔöäÔöäÔöäÔöäÔöäÔöäÔöäÔöäÔöäÔöäÔöäÔöäÔöäÔöäÔöäÔöäÔöäÔöäÔöäÔöäÔöäÔöäÔöäÔöäÔöäÔöäÔöäÔöäÔöäÔöäÔöäÔöäÔöäÔöäÔöäÔöäÔöäÔöäÔöäÔöäÔöäÔöäÔöäÔöäÔöäÔöäÔöäÔöäÔöäÔöäÔöäÔöäÔöäÔöäÔöäÔöäÔöäÔöäÔöäÔöäÔöäÔöäÔöäÔöäÔöäÔöäÔöäÔöäÔöäÔöäÔöäÔöäÔöäÔöäÔöäÔöäÔöäÔöä[0m
[38;5;12mÔöé ­ƒÆí [Tag] Message 537[0m
[38;5;12mÔööÔöÇÔöÇÔöÇÔöÇÔöÇÔöÇÔöÇÔöÇÔöÇÔöÇÔöÇÔöÇÔöÇÔöÇÔöÇÔöÇÔöÇÔöÇÔöÇÔöÇÔöÇÔöÇÔöÇÔöÇÔöÇÔöÇÔöÇÔöÇÔöÇÔöÇÔöÇÔöÇÔöÇÔöÇÔöÇÔöÇÔöÇÔöÇÔöÇÔöÇÔöÇÔöÇÔöÇÔöÇÔöÇÔöÇÔöÇÔöÇÔöÇÔöÇÔöÇÔöÇÔöÇÔöÇÔöÇÔöÇÔöÇÔöÇÔöÇÔöÇÔöÇÔöÇÔöÇÔöÇÔöÇÔöÇÔöÇÔöÇÔöÇÔöÇÔöÇÔöÇÔöÇÔöÇÔöÇÔöÇÔöÇÔöÇÔöÇ[0m
[38;5;12mÔöîÔöÇÔöÇÔöÇÔöÇÔöÇÔöÇÔöÇÔöÇÔöÇÔöÇÔöÇÔöÇÔöÇÔöÇÔöÇÔöÇÔöÇÔöÇÔöÇÔöÇÔöÇÔöÇÔöÇÔöÇÔöÇÔöÇÔöÇÔöÇÔöÇÔöÇÔöÇÔöÇÔöÇÔöÇÔöÇÔöÇÔöÇÔöÇÔöÇÔöÇÔöÇÔöÇÔöÇÔöÇÔöÇÔöÇÔöÇÔöÇÔöÇÔöÇÔöÇÔöÇÔöÇÔöÇÔöÇÔöÇÔöÇÔöÇÔöÇÔöÇÔöÇÔöÇÔöÇÔöÇÔöÇÔöÇÔöÇÔöÇÔöÇÔöÇÔöÇÔöÇÔöÇÔöÇÔöÇÔöÇÔöÇÔöÇÔöÇ[0m
[38;5;12mÔöé 01:00:45.888 (+0:00:00.026690)[0m
[38;5;12mÔö£ÔöäÔöäÔöäÔöäÔöäÔöäÔöäÔöäÔöäÔöäÔöäÔöäÔöäÔöäÔöäÔöäÔöäÔöäÔöäÔöäÔöäÔöäÔöäÔöäÔöäÔöäÔöäÔöäÔöäÔöäÔöäÔöäÔöäÔöäÔöäÔöäÔöäÔöäÔöäÔöäÔöäÔöäÔöäÔöäÔöäÔöäÔöäÔöäÔöäÔöäÔöäÔöäÔöäÔöäÔöäÔöäÔöäÔöäÔöäÔöäÔöäÔöäÔöäÔöäÔöäÔöäÔöäÔöäÔöäÔöäÔöäÔöäÔöäÔöäÔöäÔöäÔöäÔöäÔöä[0m
[38;5;12mÔöé ­ƒÆí [Tag] Message 538[0m
[38;5;12mÔööÔöÇÔöÇÔöÇÔöÇÔöÇÔöÇÔöÇÔöÇÔöÇÔöÇÔöÇÔöÇÔöÇÔöÇÔöÇÔöÇÔöÇÔöÇÔöÇÔöÇÔöÇÔöÇÔöÇÔöÇÔöÇÔöÇÔöÇÔöÇÔöÇÔöÇÔöÇÔöÇÔöÇÔöÇÔöÇÔöÇÔöÇÔöÇÔöÇÔöÇÔöÇÔöÇÔöÇÔöÇÔöÇÔöÇÔöÇÔöÇÔöÇÔöÇÔöÇÔöÇÔöÇÔöÇÔöÇÔöÇÔöÇÔöÇÔöÇÔöÇÔöÇÔöÇÔöÇÔöÇÔöÇÔöÇÔöÇÔöÇÔöÇÔöÇÔöÇÔöÇÔöÇÔöÇÔöÇÔöÇÔöÇÔöÇÔöÇ[0m
[38;5;12mÔöîÔöÇÔöÇÔöÇÔöÇÔöÇÔöÇÔöÇÔöÇÔöÇÔöÇÔöÇÔöÇÔöÇÔöÇÔöÇÔöÇÔöÇÔöÇÔöÇÔöÇÔöÇÔöÇÔöÇÔöÇÔöÇÔöÇÔöÇÔöÇÔöÇÔöÇÔöÇÔöÇÔöÇÔöÇÔöÇÔöÇÔöÇÔöÇÔöÇÔöÇÔöÇÔöÇÔöÇÔöÇÔöÇÔöÇÔöÇÔöÇÔöÇÔöÇÔöÇÔöÇÔöÇÔöÇÔöÇÔöÇÔöÇÔöÇÔöÇÔöÇÔöÇÔöÇÔöÇÔöÇÔöÇÔöÇÔöÇÔöÇÔöÇÔöÇÔöÇÔöÇÔöÇÔöÇÔöÇÔöÇÔöÇÔöÇÔöÇ[0m
[38;5;12mÔöé 01:00:45.888 (+0:00:00.026690)[0m
[38;5;12mÔö£ÔöäÔöäÔöäÔöäÔöäÔöäÔöäÔöäÔöäÔöäÔöäÔöäÔöäÔöäÔöäÔöäÔöäÔöäÔöäÔöäÔöäÔöäÔöäÔöäÔöäÔöäÔöäÔöäÔöäÔöäÔöäÔöäÔöäÔöäÔöäÔöäÔöäÔöäÔöäÔöäÔöäÔöäÔöäÔöäÔöäÔöäÔöäÔöäÔöäÔöäÔöäÔöäÔöäÔöäÔöäÔöäÔöäÔöäÔöäÔöäÔöäÔöäÔöäÔöäÔöäÔöäÔöäÔöäÔöäÔöäÔöäÔöäÔöäÔöäÔöäÔöäÔöäÔöäÔöä[0m
[38;5;12mÔöé ­ƒÆí [Tag] Message 539[0m
[38;5;12mÔööÔöÇÔöÇÔöÇÔöÇÔöÇÔöÇÔöÇÔöÇÔöÇÔöÇÔöÇÔöÇÔöÇÔöÇÔöÇÔöÇÔöÇÔöÇÔöÇÔöÇÔöÇÔöÇÔöÇÔöÇÔöÇÔöÇÔöÇÔöÇÔöÇÔöÇÔöÇÔöÇÔöÇÔöÇÔöÇÔöÇÔöÇÔöÇÔöÇÔöÇÔöÇÔöÇÔöÇÔöÇÔöÇÔöÇÔöÇÔöÇÔöÇÔöÇÔöÇÔöÇÔöÇÔöÇÔöÇÔöÇÔöÇÔöÇÔöÇÔöÇÔöÇÔöÇÔöÇÔöÇÔöÇÔöÇÔöÇÔöÇÔöÇÔöÇÔöÇÔöÇÔöÇÔöÇÔöÇÔöÇÔöÇÔöÇÔöÇ[0m
[38;5;12mÔöîÔöÇÔöÇÔöÇÔöÇÔöÇÔöÇÔöÇÔöÇÔöÇÔöÇÔöÇÔöÇÔöÇÔöÇÔöÇÔöÇÔöÇÔöÇÔöÇÔöÇÔöÇÔöÇÔöÇÔöÇÔöÇÔöÇÔöÇÔöÇÔöÇÔöÇÔöÇÔöÇÔöÇÔöÇÔöÇÔöÇÔöÇÔöÇÔöÇÔöÇÔöÇÔöÇÔöÇÔöÇÔöÇÔöÇÔöÇÔöÇÔöÇÔöÇÔöÇÔöÇÔöÇÔöÇÔöÇÔöÇÔöÇÔöÇÔöÇÔöÇÔöÇÔöÇÔöÇÔöÇÔöÇÔöÇÔöÇÔöÇÔöÇÔöÇÔöÇÔöÇÔöÇÔöÇÔöÇÔöÇÔöÇÔöÇÔöÇ[0m
[38;5;12mÔöé 01:00:45.888 (+0:00:00.026690)[0m
[38;5;12mÔö£ÔöäÔöäÔöäÔöäÔöäÔöäÔöäÔöäÔöäÔöäÔöäÔöäÔöäÔöäÔöäÔöäÔöäÔöäÔöäÔöäÔöäÔöäÔöäÔöäÔöäÔöäÔöäÔöäÔöäÔöäÔöäÔöäÔöäÔöäÔöäÔöäÔöäÔöäÔöäÔöäÔöäÔöäÔöäÔöäÔöäÔöäÔöäÔöäÔöäÔöäÔöäÔöäÔöäÔöäÔöäÔöäÔöäÔöäÔöäÔöäÔöäÔöäÔöäÔöäÔöäÔöäÔöäÔöäÔöäÔöäÔöäÔöäÔöäÔöäÔöäÔöäÔöäÔöäÔöä[0m
[38;5;12mÔöé ­ƒÆí [Tag] Message 540[0m
[38;5;12mÔööÔöÇÔöÇÔöÇÔöÇÔöÇÔöÇÔöÇÔöÇÔöÇÔöÇÔöÇÔöÇÔöÇÔöÇÔöÇÔöÇÔöÇÔöÇÔöÇÔöÇÔöÇÔöÇÔöÇÔöÇÔöÇÔöÇÔöÇÔöÇÔöÇÔöÇÔöÇÔöÇÔöÇÔöÇÔöÇÔöÇÔöÇÔöÇÔöÇÔöÇÔöÇÔöÇÔöÇÔöÇÔöÇÔöÇÔöÇÔöÇÔöÇÔöÇÔöÇÔöÇÔöÇÔöÇÔöÇÔöÇÔöÇÔöÇÔöÇÔöÇÔöÇÔöÇÔöÇÔöÇÔöÇÔöÇÔöÇÔöÇÔöÇÔöÇÔöÇÔöÇÔöÇÔöÇÔöÇÔöÇÔöÇÔöÇÔöÇ[0m
[38;5;12mÔöîÔöÇÔöÇÔöÇÔöÇÔöÇÔöÇÔöÇÔöÇÔöÇÔöÇÔöÇÔöÇÔöÇÔöÇÔöÇÔöÇÔöÇÔöÇÔöÇÔöÇÔöÇÔöÇÔöÇÔöÇÔöÇÔöÇÔöÇÔöÇÔöÇÔöÇÔöÇÔöÇÔöÇÔöÇÔöÇÔöÇÔöÇÔöÇÔöÇÔöÇÔöÇÔöÇÔöÇÔöÇÔöÇÔöÇÔöÇÔöÇÔöÇÔöÇÔöÇÔöÇÔöÇÔöÇÔöÇÔöÇÔöÇÔöÇÔöÇÔöÇÔöÇÔöÇÔöÇÔöÇÔöÇÔöÇÔöÇÔöÇÔöÇÔöÇÔöÇÔöÇÔöÇÔöÇÔöÇÔöÇÔöÇÔöÇÔöÇ[0m
[38;5;12mÔöé 01:00:45.888 (+0:00:00.026690)[0m
[38;5;12mÔö£ÔöäÔöäÔöäÔöäÔöäÔöäÔöäÔöäÔöäÔöäÔöäÔöäÔöäÔöäÔöäÔöäÔöäÔöäÔöäÔöäÔöäÔöäÔöäÔöäÔöäÔöäÔöäÔöäÔöäÔöäÔöäÔöäÔöäÔöäÔöäÔöäÔöäÔöäÔöäÔöäÔöäÔöäÔöäÔöäÔöäÔöäÔöäÔöäÔöäÔöäÔöäÔöäÔöäÔöäÔöäÔöäÔöäÔöäÔöäÔöäÔöäÔöäÔöäÔöäÔöäÔöäÔöäÔöäÔöäÔöäÔöäÔöäÔöäÔöäÔöäÔöäÔöäÔöäÔöä[0m
[38;5;12mÔöé ­ƒÆí [Tag] Message 541[0m
[38;5;12mÔööÔöÇÔöÇÔöÇÔöÇÔöÇÔöÇÔöÇÔöÇÔöÇÔöÇÔöÇÔöÇÔöÇÔöÇÔöÇÔöÇÔöÇÔöÇÔöÇÔöÇÔöÇÔöÇÔöÇÔöÇÔöÇÔöÇÔöÇÔöÇÔöÇÔöÇÔöÇÔöÇÔöÇÔöÇÔöÇÔöÇÔöÇÔöÇÔöÇÔöÇÔöÇÔöÇÔöÇÔöÇÔöÇÔöÇÔöÇÔöÇÔöÇÔöÇÔöÇÔöÇÔöÇÔöÇÔöÇÔöÇÔöÇÔöÇÔöÇÔöÇÔöÇÔöÇÔöÇÔöÇÔöÇÔöÇÔöÇÔöÇÔöÇÔöÇÔöÇÔöÇÔöÇÔöÇÔöÇÔöÇÔöÇÔöÇÔöÇ[0m
[38;5;12mÔöîÔöÇÔöÇÔöÇÔöÇÔöÇÔöÇÔöÇÔöÇÔöÇÔöÇÔöÇÔöÇÔöÇÔöÇÔöÇÔöÇÔöÇÔöÇÔöÇÔöÇÔöÇÔöÇÔöÇÔöÇÔöÇÔöÇÔöÇÔöÇÔöÇÔöÇÔöÇÔöÇÔöÇÔöÇÔöÇÔöÇÔöÇÔöÇÔöÇÔöÇÔöÇÔöÇÔöÇÔöÇÔöÇÔöÇÔöÇÔöÇÔöÇÔöÇÔöÇÔöÇÔöÇÔöÇÔöÇÔöÇÔöÇÔöÇÔöÇÔöÇÔöÇÔöÇÔöÇÔöÇÔöÇÔöÇÔöÇÔöÇÔöÇÔöÇÔöÇÔöÇÔöÇÔöÇÔöÇÔöÇÔöÇÔöÇÔöÇ[0m
[38;5;12mÔöé 01:00:45.888 (+0:00:00.026690)[0m
[38;5;12mÔö£ÔöäÔöäÔöäÔöäÔöäÔöäÔöäÔöäÔöäÔöäÔöäÔöäÔöäÔöäÔöäÔöäÔöäÔöäÔöäÔöäÔöäÔöäÔöäÔöäÔöäÔöäÔöäÔöäÔöäÔöäÔöäÔöäÔöäÔöäÔöäÔöäÔöäÔöäÔöäÔöäÔöäÔöäÔöäÔöäÔöäÔöäÔöäÔöäÔöäÔöäÔöäÔöäÔöäÔöäÔöäÔöäÔöäÔöäÔöäÔöäÔöäÔöäÔöäÔöäÔöäÔöäÔöäÔöäÔöäÔöäÔöäÔöäÔöäÔöäÔöäÔöäÔöäÔöäÔöä[0m
[38;5;12mÔöé ­ƒÆí [Tag] Message 542[0m
[38;5;12mÔööÔöÇÔöÇÔöÇÔöÇÔöÇÔöÇÔöÇÔöÇÔöÇÔöÇÔöÇÔöÇÔöÇÔöÇÔöÇÔöÇÔöÇÔöÇÔöÇÔöÇÔöÇÔöÇÔöÇÔöÇÔöÇÔöÇÔöÇÔöÇÔöÇÔöÇÔöÇÔöÇÔöÇÔöÇÔöÇÔöÇÔöÇÔöÇÔöÇÔöÇÔöÇÔöÇÔöÇÔöÇÔöÇÔöÇÔöÇÔöÇÔöÇÔöÇÔöÇÔöÇÔöÇÔöÇÔöÇÔöÇÔöÇÔöÇÔöÇÔöÇÔöÇÔöÇÔöÇÔöÇÔöÇÔöÇÔöÇÔöÇÔöÇÔöÇÔöÇÔöÇÔöÇÔöÇÔöÇÔöÇÔöÇÔöÇÔöÇ[0m
[38;5;12mÔöîÔöÇÔöÇÔöÇÔöÇÔöÇÔöÇÔöÇÔöÇÔöÇÔöÇÔöÇÔöÇÔöÇÔöÇÔöÇÔöÇÔöÇÔöÇÔöÇÔöÇÔöÇÔöÇÔöÇÔöÇÔöÇÔöÇÔöÇÔöÇÔöÇÔöÇÔöÇÔöÇÔöÇÔöÇÔöÇÔöÇÔöÇÔöÇÔöÇÔöÇÔöÇÔöÇÔöÇÔöÇÔöÇÔöÇÔöÇÔöÇÔöÇÔöÇÔöÇÔöÇÔöÇÔöÇÔöÇÔöÇÔöÇÔöÇÔöÇÔöÇÔöÇÔöÇÔöÇÔöÇÔöÇÔöÇÔöÇÔöÇÔöÇÔöÇÔöÇÔöÇÔöÇÔöÇÔöÇÔöÇÔöÇÔöÇÔöÇ[0m
[38;5;12mÔöé 01:00:45.888 (+0:00:00.026690)[0m
[38;5;12mÔö£ÔöäÔöäÔöäÔöäÔöäÔöäÔöäÔöäÔöäÔöäÔöäÔöäÔöäÔöäÔöäÔöäÔöäÔöäÔöäÔöäÔöäÔöäÔöäÔöäÔöäÔöäÔöäÔöäÔöäÔöäÔöäÔöäÔöäÔöäÔöäÔöäÔöäÔöäÔöäÔöäÔöäÔöäÔöäÔöäÔöäÔöäÔöäÔöäÔöäÔöäÔöäÔöäÔöäÔöäÔöäÔöäÔöäÔöäÔöäÔöäÔöäÔöäÔöäÔöäÔöäÔöäÔöäÔöäÔöäÔöäÔöäÔöäÔöäÔöäÔöäÔöäÔöäÔöäÔöä[0m
[38;5;12mÔöé ­ƒÆí [Tag] Message 543[0m
[38;5;12mÔööÔöÇÔöÇÔöÇÔöÇÔöÇÔöÇÔöÇÔöÇÔöÇÔöÇÔöÇÔöÇÔöÇÔöÇÔöÇÔöÇÔöÇÔöÇÔöÇÔöÇÔöÇÔöÇÔöÇÔöÇÔöÇÔöÇÔöÇÔöÇÔöÇÔöÇÔöÇÔöÇÔöÇÔöÇÔöÇÔöÇÔöÇÔöÇÔöÇÔöÇÔöÇÔöÇÔöÇÔöÇÔöÇÔöÇÔöÇÔöÇÔöÇÔöÇÔöÇÔöÇÔöÇÔöÇÔöÇÔöÇÔöÇÔöÇÔöÇÔöÇÔöÇÔöÇÔöÇÔöÇÔöÇÔöÇÔöÇÔöÇÔöÇÔöÇÔöÇÔöÇÔöÇÔöÇÔöÇÔöÇÔöÇÔöÇÔöÇ[0m
[38;5;12mÔöîÔöÇÔöÇÔöÇÔöÇÔöÇÔöÇÔöÇÔöÇÔöÇÔöÇÔöÇÔöÇÔöÇÔöÇÔöÇÔöÇÔöÇÔöÇÔöÇÔöÇÔöÇÔöÇÔöÇÔöÇÔöÇÔöÇÔöÇÔöÇÔöÇÔöÇÔöÇÔöÇÔöÇÔöÇÔöÇÔöÇÔöÇÔöÇÔöÇÔöÇÔöÇÔöÇÔöÇÔöÇÔöÇÔöÇÔöÇÔöÇÔöÇÔöÇÔöÇÔöÇÔöÇÔöÇÔöÇÔöÇÔöÇÔöÇÔöÇÔöÇÔöÇÔöÇÔöÇÔöÇÔöÇÔöÇÔöÇÔöÇÔöÇÔöÇÔöÇÔöÇÔöÇÔöÇÔöÇÔöÇÔöÇÔöÇÔöÇ[0m
[38;5;12mÔöé 01:00:45.888 (+0:00:00.026690)[0m
[38;5;12mÔö£ÔöäÔöäÔöäÔöäÔöäÔöäÔöäÔöäÔöäÔöäÔöäÔöäÔöäÔöäÔöäÔöäÔöäÔöäÔöäÔöäÔöäÔöäÔöäÔöäÔöäÔöäÔöäÔöäÔöäÔöäÔöäÔöäÔöäÔöäÔöäÔöäÔöäÔöäÔöäÔöäÔöäÔöäÔöäÔöäÔöäÔöäÔöäÔöäÔöäÔöäÔöäÔöäÔöäÔöäÔöäÔöäÔöäÔöäÔöäÔöäÔöäÔöäÔöäÔöäÔöäÔöäÔöäÔöäÔöäÔöäÔöäÔöäÔöäÔöäÔöäÔöäÔöäÔöäÔöä[0m
[38;5;12mÔöé ­ƒÆí [Tag] Message 544[0m
[38;5;12mÔööÔöÇÔöÇÔöÇÔöÇÔöÇÔöÇÔöÇÔöÇÔöÇÔöÇÔöÇÔöÇÔöÇÔöÇÔöÇÔöÇÔöÇÔöÇÔöÇÔöÇÔöÇÔöÇÔöÇÔöÇÔöÇÔöÇÔöÇÔöÇÔöÇÔöÇÔöÇÔöÇÔöÇÔöÇÔöÇÔöÇÔöÇÔöÇÔöÇÔöÇÔöÇÔöÇÔöÇÔöÇÔöÇÔöÇÔöÇÔöÇÔöÇÔöÇÔöÇÔöÇÔöÇÔöÇÔöÇÔöÇÔöÇÔöÇÔöÇÔöÇÔöÇÔöÇÔöÇÔöÇÔöÇÔöÇÔöÇÔöÇÔöÇÔöÇÔöÇÔöÇÔöÇÔöÇÔöÇÔöÇÔöÇÔöÇÔöÇ[0m
[38;5;12mÔöîÔöÇÔöÇÔöÇÔöÇÔöÇÔöÇÔöÇÔöÇÔöÇÔöÇÔöÇÔöÇÔöÇÔöÇÔöÇÔöÇÔöÇÔöÇÔöÇÔöÇÔöÇÔöÇÔöÇÔöÇÔöÇÔöÇÔöÇÔöÇÔöÇÔöÇÔöÇÔöÇÔöÇÔöÇÔöÇÔöÇÔöÇÔöÇÔöÇÔöÇÔöÇÔöÇÔöÇÔöÇÔöÇÔöÇÔöÇÔöÇÔöÇÔöÇÔöÇÔöÇÔöÇÔöÇÔöÇÔöÇÔöÇÔöÇÔöÇÔöÇÔöÇÔöÇÔöÇÔöÇÔöÇÔöÇÔöÇÔöÇÔöÇÔöÇÔöÇÔöÇÔöÇÔöÇÔöÇÔöÇÔöÇÔöÇÔöÇ[0m
[38;5;12mÔöé 01:00:45.888 (+0:00:00.026690)[0m
[38;5;12mÔö£ÔöäÔöäÔöäÔöäÔöäÔöäÔöäÔöäÔöäÔöäÔöäÔöäÔöäÔöäÔöäÔöäÔöäÔöäÔöäÔöäÔöäÔöäÔöäÔöäÔöäÔöäÔöäÔöäÔöäÔöäÔöäÔöäÔöäÔöäÔöäÔöäÔöäÔöäÔöäÔöäÔöäÔöäÔöäÔöäÔöäÔöäÔöäÔöäÔöäÔöäÔöäÔöäÔöäÔöäÔöäÔöäÔöäÔöäÔöäÔöäÔöäÔöäÔöäÔöäÔöäÔöäÔöäÔöäÔöäÔöäÔöäÔöäÔöäÔöäÔöäÔöäÔöäÔöäÔöä[0m
[38;5;12mÔöé ­ƒÆí [Tag] Message 545[0m
[38;5;12mÔööÔöÇÔöÇÔöÇÔöÇÔöÇÔöÇÔöÇÔöÇÔöÇÔöÇÔöÇÔöÇÔöÇÔöÇÔöÇÔöÇÔöÇÔöÇÔöÇÔöÇÔöÇÔöÇÔöÇÔöÇÔöÇÔöÇÔöÇÔöÇÔöÇÔöÇÔöÇÔöÇÔöÇÔöÇÔöÇÔöÇÔöÇÔöÇÔöÇÔöÇÔöÇÔöÇÔöÇÔöÇÔöÇÔöÇÔöÇÔöÇÔöÇÔöÇÔöÇÔöÇÔöÇÔöÇÔöÇÔöÇÔöÇÔöÇÔöÇÔöÇÔöÇÔöÇÔöÇÔöÇÔöÇÔöÇÔöÇÔöÇÔöÇÔöÇÔöÇÔöÇÔöÇÔöÇÔöÇÔöÇÔöÇÔöÇÔöÇ[0m
[38;5;12mÔöîÔöÇÔöÇÔöÇÔöÇÔöÇÔöÇÔöÇÔöÇÔöÇÔöÇÔöÇÔöÇÔöÇÔöÇÔöÇÔöÇÔöÇÔöÇÔöÇÔöÇÔöÇÔöÇÔöÇÔöÇÔöÇÔöÇÔöÇÔöÇÔöÇÔöÇÔöÇÔöÇÔöÇÔöÇÔöÇÔöÇÔöÇÔöÇÔöÇÔöÇÔöÇÔöÇÔöÇÔöÇÔöÇÔöÇÔöÇÔöÇÔöÇÔöÇÔöÇÔöÇÔöÇÔöÇÔöÇÔöÇÔöÇÔöÇÔöÇÔöÇÔöÇÔöÇÔöÇÔöÇÔöÇÔöÇÔöÇÔöÇÔöÇÔöÇÔöÇÔöÇÔöÇÔöÇÔöÇÔöÇÔöÇÔöÇÔöÇ[0m
[38;5;12mÔöé 01:00:45.888 (+0:00:00.026690)[0m
[38;5;12mÔö£ÔöäÔöäÔöäÔöäÔöäÔöäÔöäÔöäÔöäÔöäÔöäÔöäÔöäÔöäÔöäÔöäÔöäÔöäÔöäÔöäÔöäÔöäÔöäÔöäÔöäÔöäÔöäÔöäÔöäÔöäÔöäÔöäÔöäÔöäÔöäÔöäÔöäÔöäÔöäÔöäÔöäÔöäÔöäÔöäÔöäÔöäÔöäÔöäÔöäÔöäÔöäÔöäÔöäÔöäÔöäÔöäÔöäÔöäÔöäÔöäÔöäÔöäÔöäÔöäÔöäÔöäÔöäÔöäÔöäÔöäÔöäÔöäÔöäÔöäÔöäÔöäÔöäÔöäÔöä[0m
[38;5;12mÔöé ­ƒÆí [Tag] Message 546[0m
[38;5;12mÔööÔöÇÔöÇÔöÇÔöÇÔöÇÔöÇÔöÇÔöÇÔöÇÔöÇÔöÇÔöÇÔöÇÔöÇÔöÇÔöÇÔöÇÔöÇÔöÇÔöÇÔöÇÔöÇÔöÇÔöÇÔöÇÔöÇÔöÇÔöÇÔöÇÔöÇÔöÇÔöÇÔöÇÔöÇÔöÇÔöÇÔöÇÔöÇÔöÇÔöÇÔöÇÔöÇÔöÇÔöÇÔöÇÔöÇÔöÇÔöÇÔöÇÔöÇÔöÇÔöÇÔöÇÔöÇÔöÇÔöÇÔöÇÔöÇÔöÇÔöÇÔöÇÔöÇÔöÇÔöÇÔöÇÔöÇÔöÇÔöÇÔöÇÔöÇÔöÇÔöÇÔöÇÔöÇÔöÇÔöÇÔöÇÔöÇÔöÇ[0m
[38;5;12mÔöîÔöÇÔöÇÔöÇÔöÇÔöÇÔöÇÔöÇÔöÇÔöÇÔöÇÔöÇÔöÇÔöÇÔöÇÔöÇÔöÇÔöÇÔöÇÔöÇÔöÇÔöÇÔöÇÔöÇÔöÇÔöÇÔöÇÔöÇÔöÇÔöÇÔöÇÔöÇÔöÇÔöÇÔöÇÔöÇÔöÇÔöÇÔöÇÔöÇÔöÇÔöÇÔöÇÔöÇÔöÇÔöÇÔöÇÔöÇÔöÇÔöÇÔöÇÔöÇÔöÇÔöÇÔöÇÔöÇÔöÇÔöÇÔöÇÔöÇÔöÇÔöÇÔöÇÔöÇÔöÇÔöÇÔöÇÔöÇÔöÇÔöÇÔöÇÔöÇÔöÇÔöÇÔöÇÔöÇÔöÇÔöÇÔöÇÔöÇ[0m
[38;5;12mÔöé 01:00:45.888 (+0:00:00.026690)[0m
[38;5;12mÔö£ÔöäÔöäÔöäÔöäÔöäÔöäÔöäÔöäÔöäÔöäÔöäÔöäÔöäÔöäÔöäÔöäÔöäÔöäÔöäÔöäÔöäÔöäÔöäÔöäÔöäÔöäÔöäÔöäÔöäÔöäÔöäÔöäÔöäÔöäÔöäÔöäÔöäÔöäÔöäÔöäÔöäÔöäÔöäÔöäÔöäÔöäÔöäÔöäÔöäÔöäÔöäÔöäÔöäÔöäÔöäÔöäÔöäÔöäÔöäÔöäÔöäÔöäÔöäÔöäÔöäÔöäÔöäÔöäÔöäÔöäÔöäÔöäÔöäÔöäÔöäÔöäÔöäÔöäÔöä[0m
[38;5;12mÔöé ­ƒÆí [Tag] Message 547[0m
[38;5;12mÔööÔöÇÔöÇÔöÇÔöÇÔöÇÔöÇÔöÇÔöÇÔöÇÔöÇÔöÇÔöÇÔöÇÔöÇÔöÇÔöÇÔöÇÔöÇÔöÇÔöÇÔöÇÔöÇÔöÇÔöÇÔöÇÔöÇÔöÇÔöÇÔöÇÔöÇÔöÇÔöÇÔöÇÔöÇÔöÇÔöÇÔöÇÔöÇÔöÇÔöÇÔöÇÔöÇÔöÇÔöÇÔöÇÔöÇÔöÇÔöÇÔöÇÔöÇÔöÇÔöÇÔöÇÔöÇÔöÇÔöÇÔöÇÔöÇÔöÇÔöÇÔöÇÔöÇÔöÇÔöÇÔöÇÔöÇÔöÇÔöÇÔöÇÔöÇÔöÇÔöÇÔöÇÔöÇÔöÇÔöÇÔöÇÔöÇÔöÇ[0m
[38;5;12mÔöîÔöÇÔöÇÔöÇÔöÇÔöÇÔöÇÔöÇÔöÇÔöÇÔöÇÔöÇÔöÇÔöÇÔöÇÔöÇÔöÇÔöÇÔöÇÔöÇÔöÇÔöÇÔöÇÔöÇÔöÇÔöÇÔöÇÔöÇÔöÇÔöÇÔöÇÔöÇÔöÇÔöÇÔöÇÔöÇÔöÇÔöÇÔöÇÔöÇÔöÇÔöÇÔöÇÔöÇÔöÇÔöÇÔöÇÔöÇÔöÇÔöÇÔöÇÔöÇÔöÇÔöÇÔöÇÔöÇÔöÇÔöÇÔöÇÔöÇÔöÇÔöÇÔöÇÔöÇÔöÇÔöÇÔöÇÔöÇÔöÇÔöÇÔöÇÔöÇÔöÇÔöÇÔöÇÔöÇÔöÇÔöÇÔöÇÔöÇ[0m
[38;5;12mÔöé 01:00:45.888 (+0:00:00.026690)[0m
[38;5;12mÔö£ÔöäÔöäÔöäÔöäÔöäÔöäÔöäÔöäÔöäÔöäÔöäÔöäÔöäÔöäÔöäÔöäÔöäÔöäÔöäÔöäÔöäÔöäÔöäÔöäÔöäÔöäÔöäÔöäÔöäÔöäÔöäÔöäÔöäÔöäÔöäÔöäÔöäÔöäÔöäÔöäÔöäÔöäÔöäÔöäÔöäÔöäÔöäÔöäÔöäÔöäÔöäÔöäÔöäÔöäÔöäÔöäÔöäÔöäÔöäÔöäÔöäÔöäÔöäÔöäÔöäÔöäÔöäÔöäÔöäÔöäÔöäÔöäÔöäÔöäÔöäÔöäÔöäÔöäÔöä[0m
[38;5;12mÔöé ­ƒÆí [Tag] Message 548[0m
[38;5;12mÔööÔöÇÔöÇÔöÇÔöÇÔöÇÔöÇÔöÇÔöÇÔöÇÔöÇÔöÇÔöÇÔöÇÔöÇÔöÇÔöÇÔöÇÔöÇÔöÇÔöÇÔöÇÔöÇÔöÇÔöÇÔöÇÔöÇÔöÇÔöÇÔöÇÔöÇÔöÇÔöÇÔöÇÔöÇÔöÇÔöÇÔöÇÔöÇÔöÇÔöÇÔöÇÔöÇÔöÇÔöÇÔöÇÔöÇÔöÇÔöÇÔöÇÔöÇÔöÇÔöÇÔöÇÔöÇÔöÇÔöÇÔöÇÔöÇÔöÇÔöÇÔöÇÔöÇÔöÇÔöÇÔöÇÔöÇÔöÇÔöÇÔöÇÔöÇÔöÇÔöÇÔöÇÔöÇÔöÇÔöÇÔöÇÔöÇÔöÇ[0m
[38;5;12mÔöîÔöÇÔöÇÔöÇÔöÇÔöÇÔöÇÔöÇÔöÇÔöÇÔöÇÔöÇÔöÇÔöÇÔöÇÔöÇÔöÇÔöÇÔöÇÔöÇÔöÇÔöÇÔöÇÔöÇÔöÇÔöÇÔöÇÔöÇÔöÇÔöÇÔöÇÔöÇÔöÇÔöÇÔöÇÔöÇÔöÇÔöÇÔöÇÔöÇÔöÇÔöÇÔöÇÔöÇÔöÇÔöÇÔöÇÔöÇÔöÇÔöÇÔöÇÔöÇÔöÇÔöÇÔöÇÔöÇÔöÇÔöÇÔöÇÔöÇÔöÇÔöÇÔöÇÔöÇÔöÇÔöÇÔöÇÔöÇÔöÇÔöÇÔöÇÔöÇÔöÇÔöÇÔöÇÔöÇÔöÇÔöÇÔöÇÔöÇ[0m
[38;5;12mÔöé 01:00:45.888 (+0:00:00.026690)[0m
[38;5;12mÔö£ÔöäÔöäÔöäÔöäÔöäÔöäÔöäÔöäÔöäÔöäÔöäÔöäÔöäÔöäÔöäÔöäÔöäÔöäÔöäÔöäÔöäÔöäÔöäÔöäÔöäÔöäÔöäÔöäÔöäÔöäÔöäÔöäÔöäÔöäÔöäÔöäÔöäÔöäÔöäÔöäÔöäÔöäÔöäÔöäÔöäÔöäÔöäÔöäÔöäÔöäÔöäÔöäÔöäÔöäÔöäÔöäÔöäÔöäÔöäÔöäÔöäÔöäÔöäÔöäÔöäÔöäÔöäÔöäÔöäÔöäÔöäÔöäÔöäÔöäÔöäÔöäÔöäÔöäÔöä[0m
[38;5;12mÔöé ­ƒÆí [Tag] Message 549[0m
[38;5;12mÔööÔöÇÔöÇÔöÇÔöÇÔöÇÔöÇÔöÇÔöÇÔöÇÔöÇÔöÇÔöÇÔöÇÔöÇÔöÇÔöÇÔöÇÔöÇÔöÇÔöÇÔöÇÔöÇÔöÇÔöÇÔöÇÔöÇÔöÇÔöÇÔöÇÔöÇÔöÇÔöÇÔöÇÔöÇÔöÇÔöÇÔöÇÔöÇÔöÇÔöÇÔöÇÔöÇÔöÇÔöÇÔöÇÔöÇÔöÇÔöÇÔöÇÔöÇÔöÇÔöÇÔöÇÔöÇÔöÇÔöÇÔöÇÔöÇÔöÇÔöÇÔöÇÔöÇÔöÇÔöÇÔöÇÔöÇÔöÇÔöÇÔöÇÔöÇÔöÇÔöÇÔöÇÔöÇÔöÇÔöÇÔöÇÔöÇÔöÇ[0m
[38;5;12mÔöîÔöÇÔöÇÔöÇÔöÇÔöÇÔöÇÔöÇÔöÇÔöÇÔöÇÔöÇÔöÇÔöÇÔöÇÔöÇÔöÇÔöÇÔöÇÔöÇÔöÇÔöÇÔöÇÔöÇÔöÇÔöÇÔöÇÔöÇÔöÇÔöÇÔöÇÔöÇÔöÇÔöÇÔöÇÔöÇÔöÇÔöÇÔöÇÔöÇÔöÇÔöÇÔöÇÔöÇÔöÇÔöÇÔöÇÔöÇÔöÇÔöÇÔöÇÔöÇÔöÇÔöÇÔöÇÔöÇÔöÇÔöÇÔöÇÔöÇÔöÇÔöÇÔöÇÔöÇÔöÇÔöÇÔöÇÔöÇÔöÇÔöÇÔöÇÔöÇÔöÇÔöÇÔöÇÔöÇÔöÇÔöÇÔöÇÔöÇ[0m
[38;5;12mÔöé 01:00:45.888 (+0:00:00.026690)[0m
[38;5;12mÔö£ÔöäÔöäÔöäÔöäÔöäÔöäÔöäÔöäÔöäÔöäÔöäÔöäÔöäÔöäÔöäÔöäÔöäÔöäÔöäÔöäÔöäÔöäÔöäÔöäÔöäÔöäÔöäÔöäÔöäÔöäÔöäÔöäÔöäÔöäÔöäÔöäÔöäÔöäÔöäÔöäÔöäÔöäÔöäÔöäÔöäÔöäÔöäÔöäÔöäÔöäÔöäÔöäÔöäÔöäÔöäÔöäÔöäÔöäÔöäÔöäÔöäÔöäÔöäÔöäÔöäÔöäÔöäÔöäÔöäÔöäÔöäÔöäÔöäÔöäÔöäÔöäÔöäÔöäÔöä[0m
[38;5;12mÔöé ­ƒÆí [Tag] Message 550[0m
[38;5;12mÔööÔöÇÔöÇÔöÇÔöÇÔöÇÔöÇÔöÇÔöÇÔöÇÔöÇÔöÇÔöÇÔöÇÔöÇÔöÇÔöÇÔöÇÔöÇÔöÇÔöÇÔöÇÔöÇÔöÇÔöÇÔöÇÔöÇÔöÇÔöÇÔöÇÔöÇÔöÇÔöÇÔöÇÔöÇÔöÇÔöÇÔöÇÔöÇÔöÇÔöÇÔöÇÔöÇÔöÇÔöÇÔöÇÔöÇÔöÇÔöÇÔöÇÔöÇÔöÇÔöÇÔöÇÔöÇÔöÇÔöÇÔöÇÔöÇÔöÇÔöÇÔöÇÔöÇÔöÇÔöÇÔöÇÔöÇÔöÇÔöÇÔöÇÔöÇÔöÇÔöÇÔöÇÔöÇÔöÇÔöÇÔöÇÔöÇÔöÇ[0m
[38;5;12mÔöîÔöÇÔöÇÔöÇÔöÇÔöÇÔöÇÔöÇÔöÇÔöÇÔöÇÔöÇÔöÇÔöÇÔöÇÔöÇÔöÇÔöÇÔöÇÔöÇÔöÇÔöÇÔöÇÔöÇÔöÇÔöÇÔöÇÔöÇÔöÇÔöÇÔöÇÔöÇÔöÇÔöÇÔöÇÔöÇÔöÇÔöÇÔöÇÔöÇÔöÇÔöÇÔöÇÔöÇÔöÇÔöÇÔöÇÔöÇÔöÇÔöÇÔöÇÔöÇÔöÇÔöÇÔöÇÔöÇÔöÇÔöÇÔöÇÔöÇÔöÇÔöÇÔöÇÔöÇÔöÇÔöÇÔöÇÔöÇÔöÇÔöÇÔöÇÔöÇÔöÇÔöÇÔöÇÔöÇÔöÇÔöÇÔöÇÔöÇ[0m
[38;5;12mÔöé 01:00:45.888 (+0:00:00.026690)[0m
[38;5;12mÔö£ÔöäÔöäÔöäÔöäÔöäÔöäÔöäÔöäÔöäÔöäÔöäÔöäÔöäÔöäÔöäÔöäÔöäÔöäÔöäÔöäÔöäÔöäÔöäÔöäÔöäÔöäÔöäÔöäÔöäÔöäÔöäÔöäÔöäÔöäÔöäÔöäÔöäÔöäÔöäÔöäÔöäÔöäÔöäÔöäÔöäÔöäÔöäÔöäÔöäÔöäÔöäÔöäÔöäÔöäÔöäÔöäÔöäÔöäÔöäÔöäÔöäÔöäÔöäÔöäÔöäÔöäÔöäÔöäÔöäÔöäÔöäÔöäÔöäÔöäÔöäÔöäÔöäÔöäÔöä[0m
[38;5;12mÔöé ­ƒÆí [Tag] Message 551[0m
[38;5;12mÔööÔöÇÔöÇÔöÇÔöÇÔöÇÔöÇÔöÇÔöÇÔöÇÔöÇÔöÇÔöÇÔöÇÔöÇÔöÇÔöÇÔöÇÔöÇÔöÇÔöÇÔöÇÔöÇÔöÇÔöÇÔöÇÔöÇÔöÇÔöÇÔöÇÔöÇÔöÇÔöÇÔöÇÔöÇÔöÇÔöÇÔöÇÔöÇÔöÇÔöÇÔöÇÔöÇÔöÇÔöÇÔöÇÔöÇÔöÇÔöÇÔöÇÔöÇÔöÇÔöÇÔöÇÔöÇÔöÇÔöÇÔöÇÔöÇÔöÇÔöÇÔöÇÔöÇÔöÇÔöÇÔöÇÔöÇÔöÇÔöÇÔöÇÔöÇÔöÇÔöÇÔöÇÔöÇÔöÇÔöÇÔöÇÔöÇÔöÇ[0m
[38;5;12mÔöîÔöÇÔöÇÔöÇÔöÇÔöÇÔöÇÔöÇÔöÇÔöÇÔöÇÔöÇÔöÇÔöÇÔöÇÔöÇÔöÇÔöÇÔöÇÔöÇÔöÇÔöÇÔöÇÔöÇÔöÇÔöÇÔöÇÔöÇÔöÇÔöÇÔöÇÔöÇÔöÇÔöÇÔöÇÔöÇÔöÇÔöÇÔöÇÔöÇÔöÇÔöÇÔöÇÔöÇÔöÇÔöÇÔöÇÔöÇÔöÇÔöÇÔöÇÔöÇÔöÇÔöÇÔöÇÔöÇÔöÇÔöÇÔöÇÔöÇÔöÇÔöÇÔöÇÔöÇÔöÇÔöÇÔöÇÔöÇÔöÇÔöÇÔöÇÔöÇÔöÇÔöÇÔöÇÔöÇÔöÇÔöÇÔöÇÔöÇ[0m
[38;5;12mÔöé 01:00:45.888 (+0:00:00.026690)[0m
[38;5;12mÔö£ÔöäÔöäÔöäÔöäÔöäÔöäÔöäÔöäÔöäÔöäÔöäÔöäÔöäÔöäÔöäÔöäÔöäÔöäÔöäÔöäÔöäÔöäÔöäÔöäÔöäÔöäÔöäÔöäÔöäÔöäÔöäÔöäÔöäÔöäÔöäÔöäÔöäÔöäÔöäÔöäÔöäÔöäÔöäÔöäÔöäÔöäÔöäÔöäÔöäÔöäÔöäÔöäÔöäÔöäÔöäÔöäÔöäÔöäÔöäÔöäÔöäÔöäÔöäÔöäÔöäÔöäÔöäÔöäÔöäÔöäÔöäÔöäÔöäÔöäÔöäÔöäÔöäÔöäÔöä[0m
[38;5;12mÔöé ­ƒÆí [Tag] Message 552[0m
[38;5;12mÔööÔöÇÔöÇÔöÇÔöÇÔöÇÔöÇÔöÇÔöÇÔöÇÔöÇÔöÇÔöÇÔöÇÔöÇÔöÇÔöÇÔöÇÔöÇÔöÇÔöÇÔöÇÔöÇÔöÇÔöÇÔöÇÔöÇÔöÇÔöÇÔöÇÔöÇÔöÇÔöÇÔöÇÔöÇÔöÇÔöÇÔöÇÔöÇÔöÇÔöÇÔöÇÔöÇÔöÇÔöÇÔöÇÔöÇÔöÇÔöÇÔöÇÔöÇÔöÇÔöÇÔöÇÔöÇÔöÇÔöÇÔöÇÔöÇÔöÇÔöÇÔöÇÔöÇÔöÇÔöÇÔöÇÔöÇÔöÇÔöÇÔöÇÔöÇÔöÇÔöÇÔöÇÔöÇÔöÇÔöÇÔöÇÔöÇÔöÇ[0m
[38;5;12mÔöîÔöÇÔöÇÔöÇÔöÇÔöÇÔöÇÔöÇÔöÇÔöÇÔöÇÔöÇÔöÇÔöÇÔöÇÔöÇÔöÇÔöÇÔöÇÔöÇÔöÇÔöÇÔöÇÔöÇÔöÇÔöÇÔöÇÔöÇÔöÇÔöÇÔöÇÔöÇÔöÇÔöÇÔöÇÔöÇÔöÇÔöÇÔöÇÔöÇÔöÇÔöÇÔöÇÔöÇÔöÇÔöÇÔöÇÔöÇÔöÇÔöÇÔöÇÔöÇÔöÇÔöÇÔöÇÔöÇÔöÇÔöÇÔöÇÔöÇÔöÇÔöÇÔöÇÔöÇÔöÇÔöÇÔöÇÔöÇÔöÇÔöÇÔöÇÔöÇÔöÇÔöÇÔöÇÔöÇÔöÇÔöÇÔöÇÔöÇ[0m
[38;5;12mÔöé 01:00:45.888 (+0:00:00.026690)[0m
[38;5;12mÔö£ÔöäÔöäÔöäÔöäÔöäÔöäÔöäÔöäÔöäÔöäÔöäÔöäÔöäÔöäÔöäÔöäÔöäÔöäÔöäÔöäÔöäÔöäÔöäÔöäÔöäÔöäÔöäÔöäÔöäÔöäÔöäÔöäÔöäÔöäÔöäÔöäÔöäÔöäÔöäÔöäÔöäÔöäÔöäÔöäÔöäÔöäÔöäÔöäÔöäÔöäÔöäÔöäÔöäÔöäÔöäÔöäÔöäÔöäÔöäÔöäÔöäÔöäÔöäÔöäÔöäÔöäÔöäÔöäÔöäÔöäÔöäÔöäÔöäÔöäÔöäÔöäÔöäÔöäÔöä[0m
[38;5;12mÔöé ­ƒÆí [Tag] Message 553[0m
[38;5;12mÔööÔöÇÔöÇÔöÇÔöÇÔöÇÔöÇÔöÇÔöÇÔöÇÔöÇÔöÇÔöÇÔöÇÔöÇÔöÇÔöÇÔöÇÔöÇÔöÇÔöÇÔöÇÔöÇÔöÇÔöÇÔöÇÔöÇÔöÇÔöÇÔöÇÔöÇÔöÇÔöÇÔöÇÔöÇÔöÇÔöÇÔöÇÔöÇÔöÇÔöÇÔöÇÔöÇÔöÇÔöÇÔöÇÔöÇÔöÇÔöÇÔöÇÔöÇÔöÇÔöÇÔöÇÔöÇÔöÇÔöÇÔöÇÔöÇÔöÇÔöÇÔöÇÔöÇÔöÇÔöÇÔöÇÔöÇÔöÇÔöÇÔöÇÔöÇÔöÇÔöÇÔöÇÔöÇÔöÇÔöÇÔöÇÔöÇÔöÇ[0m
[38;5;12mÔöîÔöÇÔöÇÔöÇÔöÇÔöÇÔöÇÔöÇÔöÇÔöÇÔöÇÔöÇÔöÇÔöÇÔöÇÔöÇÔöÇÔöÇÔöÇÔöÇÔöÇÔöÇÔöÇÔöÇÔöÇÔöÇÔöÇÔöÇÔöÇÔöÇÔöÇÔöÇÔöÇÔöÇÔöÇÔöÇÔöÇÔöÇÔöÇÔöÇÔöÇÔöÇÔöÇÔöÇÔöÇÔöÇÔöÇÔöÇÔöÇÔöÇÔöÇÔöÇÔöÇÔöÇÔöÇÔöÇÔöÇÔöÇÔöÇÔöÇÔöÇÔöÇÔöÇÔöÇÔöÇÔöÇÔöÇÔöÇÔöÇÔöÇÔöÇÔöÇÔöÇÔöÇÔöÇÔöÇÔöÇÔöÇÔöÇÔöÇ[0m
[38;5;12mÔöé 01:00:45.888 (+0:00:00.026690)[0m
[38;5;12mÔö£ÔöäÔöäÔöäÔöäÔöäÔöäÔöäÔöäÔöäÔöäÔöäÔöäÔöäÔöäÔöäÔöäÔöäÔöäÔöäÔöäÔöäÔöäÔöäÔöäÔöäÔöäÔöäÔöäÔöäÔöäÔöäÔöäÔöäÔöäÔöäÔöäÔöäÔöäÔöäÔöäÔöäÔöäÔöäÔöäÔöäÔöäÔöäÔöäÔöäÔöäÔöäÔöäÔöäÔöäÔöäÔöäÔöäÔöäÔöäÔöäÔöäÔöäÔöäÔöäÔöäÔöäÔöäÔöäÔöäÔöäÔöäÔöäÔöäÔöäÔöäÔöäÔöäÔöäÔöä[0m
[38;5;12mÔöé ­ƒÆí [Tag] Message 554[0m
[38;5;12mÔööÔöÇÔöÇÔöÇÔöÇÔöÇÔöÇÔöÇÔöÇÔöÇÔöÇÔöÇÔöÇÔöÇÔöÇÔöÇÔöÇÔöÇÔöÇÔöÇÔöÇÔöÇÔöÇÔöÇÔöÇÔöÇÔöÇÔöÇÔöÇÔöÇÔöÇÔöÇÔöÇÔöÇÔöÇÔöÇÔöÇÔöÇÔöÇÔöÇÔöÇÔöÇÔöÇÔöÇÔöÇÔöÇÔöÇÔöÇÔöÇÔöÇÔöÇÔöÇÔöÇÔöÇÔöÇÔöÇÔöÇÔöÇÔöÇÔöÇÔöÇÔöÇÔöÇÔöÇÔöÇÔöÇÔöÇÔöÇÔöÇÔöÇÔöÇÔöÇÔöÇÔöÇÔöÇÔöÇÔöÇÔöÇÔöÇÔöÇ[0m
[38;5;12mÔöîÔöÇÔöÇÔöÇÔöÇÔöÇÔöÇÔöÇÔöÇÔöÇÔöÇÔöÇÔöÇÔöÇÔöÇÔöÇÔöÇÔöÇÔöÇÔöÇÔöÇÔöÇÔöÇÔöÇÔöÇÔöÇÔöÇÔöÇÔöÇÔöÇÔöÇÔöÇÔöÇÔöÇÔöÇÔöÇÔöÇÔöÇÔöÇÔöÇÔöÇÔöÇÔöÇÔöÇÔöÇÔöÇÔöÇÔöÇÔöÇÔöÇÔöÇÔöÇÔöÇÔöÇÔöÇÔöÇÔöÇÔöÇÔöÇÔöÇÔöÇÔöÇÔöÇÔöÇÔöÇÔöÇÔöÇÔöÇÔöÇÔöÇÔöÇÔöÇÔöÇÔöÇÔöÇÔöÇÔöÇÔöÇÔöÇÔöÇ[0m
[38;5;12mÔöé 01:00:45.888 (+0:00:00.026690)[0m
[38;5;12mÔö£ÔöäÔöäÔöäÔöäÔöäÔöäÔöäÔöäÔöäÔöäÔöäÔöäÔöäÔöäÔöäÔöäÔöäÔöäÔöäÔöäÔöäÔöäÔöäÔöäÔöäÔöäÔöäÔöäÔöäÔöäÔöäÔöäÔöäÔöäÔöäÔöäÔöäÔöäÔöäÔöäÔöäÔöäÔöäÔöäÔöäÔöäÔöäÔöäÔöäÔöäÔöäÔöäÔöäÔöäÔöäÔöäÔöäÔöäÔöäÔöäÔöäÔöäÔöäÔöäÔöäÔöäÔöäÔöäÔöäÔöäÔöäÔöäÔöäÔöäÔöäÔöäÔöäÔöäÔöä[0m
[38;5;12mÔöé ­ƒÆí [Tag] Message 555[0m
[38;5;12mÔööÔöÇÔöÇÔöÇÔöÇÔöÇÔöÇÔöÇÔöÇÔöÇÔöÇÔöÇÔöÇÔöÇÔöÇÔöÇÔöÇÔöÇÔöÇÔöÇÔöÇÔöÇÔöÇÔöÇÔöÇÔöÇÔöÇÔöÇÔöÇÔöÇÔöÇÔöÇÔöÇÔöÇÔöÇÔöÇÔöÇÔöÇÔöÇÔöÇÔöÇÔöÇÔöÇÔöÇÔöÇÔöÇÔöÇÔöÇÔöÇÔöÇÔöÇÔöÇÔöÇÔöÇÔöÇÔöÇÔöÇÔöÇÔöÇÔöÇÔöÇÔöÇÔöÇÔöÇÔöÇÔöÇÔöÇÔöÇÔöÇÔöÇÔöÇÔöÇÔöÇÔöÇÔöÇÔöÇÔöÇÔöÇÔöÇÔöÇ[0m
[38;5;12mÔöîÔöÇÔöÇÔöÇÔöÇÔöÇÔöÇÔöÇÔöÇÔöÇÔöÇÔöÇÔöÇÔöÇÔöÇÔöÇÔöÇÔöÇÔöÇÔöÇÔöÇÔöÇÔöÇÔöÇÔöÇÔöÇÔöÇÔöÇÔöÇÔöÇÔöÇÔöÇÔöÇÔöÇÔöÇÔöÇÔöÇÔöÇÔöÇÔöÇÔöÇÔöÇÔöÇÔöÇÔöÇÔöÇÔöÇÔöÇÔöÇÔöÇÔöÇÔöÇÔöÇÔöÇÔöÇÔöÇÔöÇÔöÇÔöÇÔöÇÔöÇÔöÇÔöÇÔöÇÔöÇÔöÇÔöÇÔöÇÔöÇÔöÇÔöÇÔöÇÔöÇÔöÇÔöÇÔöÇÔöÇÔöÇÔöÇÔöÇ[0m
[38;5;12mÔöé 01:00:45.888 (+0:00:00.026690)[0m
[38;5;12mÔö£ÔöäÔöäÔöäÔöäÔöäÔöäÔöäÔöäÔöäÔöäÔöäÔöäÔöäÔöäÔöäÔöäÔöäÔöäÔöäÔöäÔöäÔöäÔöäÔöäÔöäÔöäÔöäÔöäÔöäÔöäÔöäÔöäÔöäÔöäÔöäÔöäÔöäÔöäÔöäÔöäÔöäÔöäÔöäÔöäÔöäÔöäÔöäÔöäÔöäÔöäÔöäÔöäÔöäÔöäÔöäÔöäÔöäÔöäÔöäÔöäÔöäÔöäÔöäÔöäÔöäÔöäÔöäÔöäÔöäÔöäÔöäÔöäÔöäÔöäÔöäÔöäÔöäÔöäÔöä[0m
[38;5;12mÔöé ­ƒÆí [Tag] Message 556[0m
[38;5;12mÔööÔöÇÔöÇÔöÇÔöÇÔöÇÔöÇÔöÇÔöÇÔöÇÔöÇÔöÇÔöÇÔöÇÔöÇÔöÇÔöÇÔöÇÔöÇÔöÇÔöÇÔöÇÔöÇÔöÇÔöÇÔöÇÔöÇÔöÇÔöÇÔöÇÔöÇÔöÇÔöÇÔöÇÔöÇÔöÇÔöÇÔöÇÔöÇÔöÇÔöÇÔöÇÔöÇÔöÇÔöÇÔöÇÔöÇÔöÇÔöÇÔöÇÔöÇÔöÇÔöÇÔöÇÔöÇÔöÇÔöÇÔöÇÔöÇÔöÇÔöÇÔöÇÔöÇÔöÇÔöÇÔöÇÔöÇÔöÇÔöÇÔöÇÔöÇÔöÇÔöÇÔöÇÔöÇÔöÇÔöÇÔöÇÔöÇÔöÇ[0m
[38;5;12mÔöîÔöÇÔöÇÔöÇÔöÇÔöÇÔöÇÔöÇÔöÇÔöÇÔöÇÔöÇÔöÇÔöÇÔöÇÔöÇÔöÇÔöÇÔöÇÔöÇÔöÇÔöÇÔöÇÔöÇÔöÇÔöÇÔöÇÔöÇÔöÇÔöÇÔöÇÔöÇÔöÇÔöÇÔöÇÔöÇÔöÇÔöÇÔöÇÔöÇÔöÇÔöÇÔöÇÔöÇÔöÇÔöÇÔöÇÔöÇÔöÇÔöÇÔöÇÔöÇÔöÇÔöÇÔöÇÔöÇÔöÇÔöÇÔöÇÔöÇÔöÇÔöÇÔöÇÔöÇÔöÇÔöÇÔöÇÔöÇÔöÇÔöÇÔöÇÔöÇÔöÇÔöÇÔöÇÔöÇÔöÇÔöÇÔöÇÔöÇ[0m
[38;5;12mÔöé 01:00:45.888 (+0:00:00.026690)[0m
[38;5;12mÔö£ÔöäÔöäÔöäÔöäÔöäÔöäÔöäÔöäÔöäÔöäÔöäÔöäÔöäÔöäÔöäÔöäÔöäÔöäÔöäÔöäÔöäÔöäÔöäÔöäÔöäÔöäÔöäÔöäÔöäÔöäÔöäÔöäÔöäÔöäÔöäÔöäÔöäÔöäÔöäÔöäÔöäÔöäÔöäÔöäÔöäÔöäÔöäÔöäÔöäÔöäÔöäÔöäÔöäÔöäÔöäÔöäÔöäÔöäÔöäÔöäÔöäÔöäÔöäÔöäÔöäÔöäÔöäÔöäÔöäÔöäÔöäÔöäÔöäÔöäÔöäÔöäÔöäÔöäÔöä[0m
[38;5;12mÔöé ­ƒÆí [Tag] Message 557[0m
[38;5;12mÔööÔöÇÔöÇÔöÇÔöÇÔöÇÔöÇÔöÇÔöÇÔöÇÔöÇÔöÇÔöÇÔöÇÔöÇÔöÇÔöÇÔöÇÔöÇÔöÇÔöÇÔöÇÔöÇÔöÇÔöÇÔöÇÔöÇÔöÇÔöÇÔöÇÔöÇÔöÇÔöÇÔöÇÔöÇÔöÇÔöÇÔöÇÔöÇÔöÇÔöÇÔöÇÔöÇÔöÇÔöÇÔöÇÔöÇÔöÇÔöÇÔöÇÔöÇÔöÇÔöÇÔöÇÔöÇÔöÇÔöÇÔöÇÔöÇÔöÇÔöÇÔöÇÔöÇÔöÇÔöÇÔöÇÔöÇÔöÇÔöÇÔöÇÔöÇÔöÇÔöÇÔöÇÔöÇÔöÇÔöÇÔöÇÔöÇÔöÇ[0m
[38;5;12mÔöîÔöÇÔöÇÔöÇÔöÇÔöÇÔöÇÔöÇÔöÇÔöÇÔöÇÔöÇÔöÇÔöÇÔöÇÔöÇÔöÇÔöÇÔöÇÔöÇÔöÇÔöÇÔöÇÔöÇÔöÇÔöÇÔöÇÔöÇÔöÇÔöÇÔöÇÔöÇÔöÇÔöÇÔöÇÔöÇÔöÇÔöÇÔöÇÔöÇÔöÇÔöÇÔöÇÔöÇÔöÇÔöÇÔöÇÔöÇÔöÇÔöÇÔöÇÔöÇÔöÇÔöÇÔöÇÔöÇÔöÇÔöÇÔöÇÔöÇÔöÇÔöÇÔöÇÔöÇÔöÇÔöÇÔöÇÔöÇÔöÇÔöÇÔöÇÔöÇÔöÇÔöÇÔöÇÔöÇÔöÇÔöÇÔöÇÔöÇ[0m
[38;5;12mÔöé 01:00:45.888 (+0:00:00.026690)[0m
[38;5;12mÔö£ÔöäÔöäÔöäÔöäÔöäÔöäÔöäÔöäÔöäÔöäÔöäÔöäÔöäÔöäÔöäÔöäÔöäÔöäÔöäÔöäÔöäÔöäÔöäÔöäÔöäÔöäÔöäÔöäÔöäÔöäÔöäÔöäÔöäÔöäÔöäÔöäÔöäÔöäÔöäÔöäÔöäÔöäÔöäÔöäÔöäÔöäÔöäÔöäÔöäÔöäÔöäÔöäÔöäÔöäÔöäÔöäÔöäÔöäÔöäÔöäÔöäÔöäÔöäÔöäÔöäÔöäÔöäÔöäÔöäÔöäÔöäÔöäÔöäÔöäÔöäÔöäÔöäÔöäÔöä[0m
[38;5;12mÔöé ­ƒÆí [Tag] Message 558[0m
[38;5;12mÔööÔöÇÔöÇÔöÇÔöÇÔöÇÔöÇÔöÇÔöÇÔöÇÔöÇÔöÇÔöÇÔöÇÔöÇÔöÇÔöÇÔöÇÔöÇÔöÇÔöÇÔöÇÔöÇÔöÇÔöÇÔöÇÔöÇÔöÇÔöÇÔöÇÔöÇÔöÇÔöÇÔöÇÔöÇÔöÇÔöÇÔöÇÔöÇÔöÇÔöÇÔöÇÔöÇÔöÇÔöÇÔöÇÔöÇÔöÇÔöÇÔöÇÔöÇÔöÇÔöÇÔöÇÔöÇÔöÇÔöÇÔöÇÔöÇÔöÇÔöÇÔöÇÔöÇÔöÇÔöÇÔöÇÔöÇÔöÇÔöÇÔöÇÔöÇÔöÇÔöÇÔöÇÔöÇÔöÇÔöÇÔöÇÔöÇÔöÇ[0m
[38;5;12mÔöîÔöÇÔöÇÔöÇÔöÇÔöÇÔöÇÔöÇÔöÇÔöÇÔöÇÔöÇÔöÇÔöÇÔöÇÔöÇÔöÇÔöÇÔöÇÔöÇÔöÇÔöÇÔöÇÔöÇÔöÇÔöÇÔöÇÔöÇÔöÇÔöÇÔöÇÔöÇÔöÇÔöÇÔöÇÔöÇÔöÇÔöÇÔöÇÔöÇÔöÇÔöÇÔöÇÔöÇÔöÇÔöÇÔöÇÔöÇÔöÇÔöÇÔöÇÔöÇÔöÇÔöÇÔöÇÔöÇÔöÇÔöÇÔöÇÔöÇÔöÇÔöÇÔöÇÔöÇÔöÇÔöÇÔöÇÔöÇÔöÇÔöÇÔöÇÔöÇÔöÇÔöÇÔöÇÔöÇÔöÇÔöÇÔöÇÔöÇ[0m
[38;5;12mÔöé 01:00:45.888 (+0:00:00.026690)[0m
[38;5;12mÔö£ÔöäÔöäÔöäÔöäÔöäÔöäÔöäÔöäÔöäÔöäÔöäÔöäÔöäÔöäÔöäÔöäÔöäÔöäÔöäÔöäÔöäÔöäÔöäÔöäÔöäÔöäÔöäÔöäÔöäÔöäÔöäÔöäÔöäÔöäÔöäÔöäÔöäÔöäÔöäÔöäÔöäÔöäÔöäÔöäÔöäÔöäÔöäÔöäÔöäÔöäÔöäÔöäÔöäÔöäÔöäÔöäÔöäÔöäÔöäÔöäÔöäÔöäÔöäÔöäÔöäÔöäÔöäÔöäÔöäÔöäÔöäÔöäÔöäÔöäÔöäÔöäÔöäÔöäÔöä[0m
[38;5;12mÔöé ­ƒÆí [Tag] Message 559[0m
[38;5;12mÔööÔöÇÔöÇÔöÇÔöÇÔöÇÔöÇÔöÇÔöÇÔöÇÔöÇÔöÇÔöÇÔöÇÔöÇÔöÇÔöÇÔöÇÔöÇÔöÇÔöÇÔöÇÔöÇÔöÇÔöÇÔöÇÔöÇÔöÇÔöÇÔöÇÔöÇÔöÇÔöÇÔöÇÔöÇÔöÇÔöÇÔöÇÔöÇÔöÇÔöÇÔöÇÔöÇÔöÇÔöÇÔöÇÔöÇÔöÇÔöÇÔöÇÔöÇÔöÇÔöÇÔöÇÔöÇÔöÇÔöÇÔöÇÔöÇÔöÇÔöÇÔöÇÔöÇÔöÇÔöÇÔöÇÔöÇÔöÇÔöÇÔöÇÔöÇÔöÇÔöÇÔöÇÔöÇÔöÇÔöÇÔöÇÔöÇÔöÇ[0m
[38;5;12mÔöîÔöÇÔöÇÔöÇÔöÇÔöÇÔöÇÔöÇÔöÇÔöÇÔöÇÔöÇÔöÇÔöÇÔöÇÔöÇÔöÇÔöÇÔöÇÔöÇÔöÇÔöÇÔöÇÔöÇÔöÇÔöÇÔöÇÔöÇÔöÇÔöÇÔöÇÔöÇÔöÇÔöÇÔöÇÔöÇÔöÇÔöÇÔöÇÔöÇÔöÇÔöÇÔöÇÔöÇÔöÇÔöÇÔöÇÔöÇÔöÇÔöÇÔöÇÔöÇÔöÇÔöÇÔöÇÔöÇÔöÇÔöÇÔöÇÔöÇÔöÇÔöÇÔöÇÔöÇÔöÇÔöÇÔöÇÔöÇÔöÇÔöÇÔöÇÔöÇÔöÇÔöÇÔöÇÔöÇÔöÇÔöÇÔöÇÔöÇ[0m
[38;5;12mÔöé 01:00:45.888 (+0:00:00.026690)[0m
[38;5;12mÔö£ÔöäÔöäÔöäÔöäÔöäÔöäÔöäÔöäÔöäÔöäÔöäÔöäÔöäÔöäÔöäÔöäÔöäÔöäÔöäÔöäÔöäÔöäÔöäÔöäÔöäÔöäÔöäÔöäÔöäÔöäÔöäÔöäÔöäÔöäÔöäÔöäÔöäÔöäÔöäÔöäÔöäÔöäÔöäÔöäÔöäÔöäÔöäÔöäÔöäÔöäÔöäÔöäÔöäÔöäÔöäÔöäÔöäÔöäÔöäÔöäÔöäÔöäÔöäÔöäÔöäÔöäÔöäÔöäÔöäÔöäÔöäÔöäÔöäÔöäÔöäÔöäÔöäÔöäÔöä[0m
[38;5;12mÔöé ­ƒÆí [Tag] Message 560[0m
[38;5;12mÔööÔöÇÔöÇÔöÇÔöÇÔöÇÔöÇÔöÇÔöÇÔöÇÔöÇÔöÇÔöÇÔöÇÔöÇÔöÇÔöÇÔöÇÔöÇÔöÇÔöÇÔöÇÔöÇÔöÇÔöÇÔöÇÔöÇÔöÇÔöÇÔöÇÔöÇÔöÇÔöÇÔöÇÔöÇÔöÇÔöÇÔöÇÔöÇÔöÇÔöÇÔöÇÔöÇÔöÇÔöÇÔöÇÔöÇÔöÇÔöÇÔöÇÔöÇÔöÇÔöÇÔöÇÔöÇÔöÇÔöÇÔöÇÔöÇÔöÇÔöÇÔöÇÔöÇÔöÇÔöÇÔöÇÔöÇÔöÇÔöÇÔöÇÔöÇÔöÇÔöÇÔöÇÔöÇÔöÇÔöÇÔöÇÔöÇÔöÇ[0m
[38;5;12mÔöîÔöÇÔöÇÔöÇÔöÇÔöÇÔöÇÔöÇÔöÇÔöÇÔöÇÔöÇÔöÇÔöÇÔöÇÔöÇÔöÇÔöÇÔöÇÔöÇÔöÇÔöÇÔöÇÔöÇÔöÇÔöÇÔöÇÔöÇÔöÇÔöÇÔöÇÔöÇÔöÇÔöÇÔöÇÔöÇÔöÇÔöÇÔöÇÔöÇÔöÇÔöÇÔöÇÔöÇÔöÇÔöÇÔöÇÔöÇÔöÇÔöÇÔöÇÔöÇÔöÇÔöÇÔöÇÔöÇÔöÇÔöÇÔöÇÔöÇÔöÇÔöÇÔöÇÔöÇÔöÇÔöÇÔöÇÔöÇÔöÇÔöÇÔöÇÔöÇÔöÇÔöÇÔöÇÔöÇÔöÇÔöÇÔöÇÔöÇ[0m
[38;5;12mÔöé 01:00:45.888 (+0:00:00.026690)[0m
[38;5;12mÔö£ÔöäÔöäÔöäÔöäÔöäÔöäÔöäÔöäÔöäÔöäÔöäÔöäÔöäÔöäÔöäÔöäÔöäÔöäÔöäÔöäÔöäÔöäÔöäÔöäÔöäÔöäÔöäÔöäÔöäÔöäÔöäÔöäÔöäÔöäÔöäÔöäÔöäÔöäÔöäÔöäÔöäÔöäÔöäÔöäÔöäÔöäÔöäÔöäÔöäÔöäÔöäÔöäÔöäÔöäÔöäÔöäÔöäÔöäÔöäÔöäÔöäÔöäÔöäÔöäÔöäÔöäÔöäÔöäÔöäÔöäÔöäÔöäÔöäÔöäÔöäÔöäÔöäÔöäÔöä[0m
[38;5;12mÔöé ­ƒÆí [Tag] Message 561[0m
[38;5;12mÔööÔöÇÔöÇÔöÇÔöÇÔöÇÔöÇÔöÇÔöÇÔöÇÔöÇÔöÇÔöÇÔöÇÔöÇÔöÇÔöÇÔöÇÔöÇÔöÇÔöÇÔöÇÔöÇÔöÇÔöÇÔöÇÔöÇÔöÇÔöÇÔöÇÔöÇÔöÇÔöÇÔöÇÔöÇÔöÇÔöÇÔöÇÔöÇÔöÇÔöÇÔöÇÔöÇÔöÇÔöÇÔöÇÔöÇÔöÇÔöÇÔöÇÔöÇÔöÇÔöÇÔöÇÔöÇÔöÇÔöÇÔöÇÔöÇÔöÇÔöÇÔöÇÔöÇÔöÇÔöÇÔöÇÔöÇÔöÇÔöÇÔöÇÔöÇÔöÇÔöÇÔöÇÔöÇÔöÇÔöÇÔöÇÔöÇÔöÇ[0m
[38;5;12mÔöîÔöÇÔöÇÔöÇÔöÇÔöÇÔöÇÔöÇÔöÇÔöÇÔöÇÔöÇÔöÇÔöÇÔöÇÔöÇÔöÇÔöÇÔöÇÔöÇÔöÇÔöÇÔöÇÔöÇÔöÇÔöÇÔöÇÔöÇÔöÇÔöÇÔöÇÔöÇÔöÇÔöÇÔöÇÔöÇÔöÇÔöÇÔöÇÔöÇÔöÇÔöÇÔöÇÔöÇÔöÇÔöÇÔöÇÔöÇÔöÇÔöÇÔöÇÔöÇÔöÇÔöÇÔöÇÔöÇÔöÇÔöÇÔöÇÔöÇÔöÇÔöÇÔöÇÔöÇÔöÇÔöÇÔöÇÔöÇÔöÇÔöÇÔöÇÔöÇÔöÇÔöÇÔöÇÔöÇÔöÇÔöÇÔöÇÔöÇ[0m
[38;5;12mÔöé 01:00:45.891 (+0:00:00.029302)[0m
[38;5;12mÔö£ÔöäÔöäÔöäÔöäÔöäÔöäÔöäÔöäÔöäÔöäÔöäÔöäÔöäÔöäÔöäÔöäÔöäÔöäÔöäÔöäÔöäÔöäÔöäÔöäÔöäÔöäÔöäÔöäÔöäÔöäÔöäÔöäÔöäÔöäÔöäÔöäÔöäÔöäÔöäÔöäÔöäÔöäÔöäÔöäÔöäÔöäÔöäÔöäÔöäÔöäÔöäÔöäÔöäÔöäÔöäÔöäÔöäÔöäÔöäÔöäÔöäÔöäÔöäÔöäÔöäÔöäÔöäÔöäÔöäÔöäÔöäÔöäÔöäÔöäÔöäÔöäÔöäÔöäÔöä[0m
[38;5;12mÔöé ­ƒÆí [Tag] Message 562[0m
[38;5;12mÔööÔöÇÔöÇÔöÇÔöÇÔöÇÔöÇÔöÇÔöÇÔöÇÔöÇÔöÇÔöÇÔöÇÔöÇÔöÇÔöÇÔöÇÔöÇÔöÇÔöÇÔöÇÔöÇÔöÇÔöÇÔöÇÔöÇÔöÇÔöÇÔöÇÔöÇÔöÇÔöÇÔöÇÔöÇÔöÇÔöÇÔöÇÔöÇÔöÇÔöÇÔöÇÔöÇÔöÇÔöÇÔöÇÔöÇÔöÇÔöÇÔöÇÔöÇÔöÇÔöÇÔöÇÔöÇÔöÇÔöÇÔöÇÔöÇÔöÇÔöÇÔöÇÔöÇÔöÇÔöÇÔöÇÔöÇÔöÇÔöÇÔöÇÔöÇÔöÇÔöÇÔöÇÔöÇÔöÇÔöÇÔöÇÔöÇÔöÇ[0m
[38;5;12mÔöîÔöÇÔöÇÔöÇÔöÇÔöÇÔöÇÔöÇÔöÇÔöÇÔöÇÔöÇÔöÇÔöÇÔöÇÔöÇÔöÇÔöÇÔöÇÔöÇÔöÇÔöÇÔöÇÔöÇÔöÇÔöÇÔöÇÔöÇÔöÇÔöÇÔöÇÔöÇÔöÇÔöÇÔöÇÔöÇÔöÇÔöÇÔöÇÔöÇÔöÇÔöÇÔöÇÔöÇÔöÇÔöÇÔöÇÔöÇÔöÇÔöÇÔöÇÔöÇÔöÇÔöÇÔöÇÔöÇÔöÇÔöÇÔöÇÔöÇÔöÇÔöÇÔöÇÔöÇÔöÇÔöÇÔöÇÔöÇÔöÇÔöÇÔöÇÔöÇÔöÇÔöÇÔöÇÔöÇÔöÇÔöÇÔöÇÔöÇ[0m
[38;5;12mÔöé 01:00:45.891 (+0:00:00.029302)[0m
[38;5;12mÔö£ÔöäÔöäÔöäÔöäÔöäÔöäÔöäÔöäÔöäÔöäÔöäÔöäÔöäÔöäÔöäÔöäÔöäÔöäÔöäÔöäÔöäÔöäÔöäÔöäÔöäÔöäÔöäÔöäÔöäÔöäÔöäÔöäÔöäÔöäÔöäÔöäÔöäÔöäÔöäÔöäÔöäÔöäÔöäÔöäÔöäÔöäÔöäÔöäÔöäÔöäÔöäÔöäÔöäÔöäÔöäÔöäÔöäÔöäÔöäÔöäÔöäÔöäÔöäÔöäÔöäÔöäÔöäÔöäÔöäÔöäÔöäÔöäÔöäÔöäÔöäÔöäÔöäÔöäÔöä[0m
[38;5;12mÔöé ­ƒÆí [Tag] Message 563[0m
[38;5;12mÔööÔöÇÔöÇÔöÇÔöÇÔöÇÔöÇÔöÇÔöÇÔöÇÔöÇÔöÇÔöÇÔöÇÔöÇÔöÇÔöÇÔöÇÔöÇÔöÇÔöÇÔöÇÔöÇÔöÇÔöÇÔöÇÔöÇÔöÇÔöÇÔöÇÔöÇÔöÇÔöÇÔöÇÔöÇÔöÇÔöÇÔöÇÔöÇÔöÇÔöÇÔöÇÔöÇÔöÇÔöÇÔöÇÔöÇÔöÇÔöÇÔöÇÔöÇÔöÇÔöÇÔöÇÔöÇÔöÇÔöÇÔöÇÔöÇÔöÇÔöÇÔöÇÔöÇÔöÇÔöÇÔöÇÔöÇÔöÇÔöÇÔöÇÔöÇÔöÇÔöÇÔöÇÔöÇÔöÇÔöÇÔöÇÔöÇÔöÇ[0m
[38;5;12mÔöîÔöÇÔöÇÔöÇÔöÇÔöÇÔöÇÔöÇÔöÇÔöÇÔöÇÔöÇÔöÇÔöÇÔöÇÔöÇÔöÇÔöÇÔöÇÔöÇÔöÇÔöÇÔöÇÔöÇÔöÇÔöÇÔöÇÔöÇÔöÇÔöÇÔöÇÔöÇÔöÇÔöÇÔöÇÔöÇÔöÇÔöÇÔöÇÔöÇÔöÇÔöÇÔöÇÔöÇÔöÇÔöÇÔöÇÔöÇÔöÇÔöÇÔöÇÔöÇÔöÇÔöÇÔöÇÔöÇÔöÇÔöÇÔöÇÔöÇÔöÇÔöÇÔöÇÔöÇÔöÇÔöÇÔöÇÔöÇÔöÇÔöÇÔöÇÔöÇÔöÇÔöÇÔöÇÔöÇÔöÇÔöÇÔöÇÔöÇ[0m
[38;5;12mÔöé 01:00:45.891 (+0:00:00.029302)[0m
[38;5;12mÔö£ÔöäÔöäÔöäÔöäÔöäÔöäÔöäÔöäÔöäÔöäÔöäÔöäÔöäÔöäÔöäÔöäÔöäÔöäÔöäÔöäÔöäÔöäÔöäÔöäÔöäÔöäÔöäÔöäÔöäÔöäÔöäÔöäÔöäÔöäÔöäÔöäÔöäÔöäÔöäÔöäÔöäÔöäÔöäÔöäÔöäÔöäÔöäÔöäÔöäÔöäÔöäÔöäÔöäÔöäÔöäÔöäÔöäÔöäÔöäÔöäÔöäÔöäÔöäÔöäÔöäÔöäÔöäÔöäÔöäÔöäÔöäÔöäÔöäÔöäÔöäÔöäÔöäÔöäÔöä[0m
[38;5;12mÔöé ­ƒÆí [Tag] Message 564[0m
[38;5;12mÔööÔöÇÔöÇÔöÇÔöÇÔöÇÔöÇÔöÇÔöÇÔöÇÔöÇÔöÇÔöÇÔöÇÔöÇÔöÇÔöÇÔöÇÔöÇÔöÇÔöÇÔöÇÔöÇÔöÇÔöÇÔöÇÔöÇÔöÇÔöÇÔöÇÔöÇÔöÇÔöÇÔöÇÔöÇÔöÇÔöÇÔöÇÔöÇÔöÇÔöÇÔöÇÔöÇÔöÇÔöÇÔöÇÔöÇÔöÇÔöÇÔöÇÔöÇÔöÇÔöÇÔöÇÔöÇÔöÇÔöÇÔöÇÔöÇÔöÇÔöÇÔöÇÔöÇÔöÇÔöÇÔöÇÔöÇÔöÇÔöÇÔöÇÔöÇÔöÇÔöÇÔöÇÔöÇÔöÇÔöÇÔöÇÔöÇÔöÇ[0m
[38;5;12mÔöîÔöÇÔöÇÔöÇÔöÇÔöÇÔöÇÔöÇÔöÇÔöÇÔöÇÔöÇÔöÇÔöÇÔöÇÔöÇÔöÇÔöÇÔöÇÔöÇÔöÇÔöÇÔöÇÔöÇÔöÇÔöÇÔöÇÔöÇÔöÇÔöÇÔöÇÔöÇÔöÇÔöÇÔöÇÔöÇÔöÇÔöÇÔöÇÔöÇÔöÇÔöÇÔöÇÔöÇÔöÇÔöÇÔöÇÔöÇÔöÇÔöÇÔöÇÔöÇÔöÇÔöÇÔöÇÔöÇÔöÇÔöÇÔöÇÔöÇÔöÇÔöÇÔöÇÔöÇÔöÇÔöÇÔöÇÔöÇÔöÇÔöÇÔöÇÔöÇÔöÇÔöÇÔöÇÔöÇÔöÇÔöÇÔöÇÔöÇ[0m
[38;5;12mÔöé 01:00:45.891 (+0:00:00.029302)[0m
[38;5;12mÔö£ÔöäÔöäÔöäÔöäÔöäÔöäÔöäÔöäÔöäÔöäÔöäÔöäÔöäÔöäÔöäÔöäÔöäÔöäÔöäÔöäÔöäÔöäÔöäÔöäÔöäÔöäÔöäÔöäÔöäÔöäÔöäÔöäÔöäÔöäÔöäÔöäÔöäÔöäÔöäÔöäÔöäÔöäÔöäÔöäÔöäÔöäÔöäÔöäÔöäÔöäÔöäÔöäÔöäÔöäÔöäÔöäÔöäÔöäÔöäÔöäÔöäÔöäÔöäÔöäÔöäÔöäÔöäÔöäÔöäÔöäÔöäÔöäÔöäÔöäÔöäÔöäÔöäÔöäÔöä[0m
[38;5;12mÔöé ­ƒÆí [Tag] Message 565[0m
[38;5;12mÔööÔöÇÔöÇÔöÇÔöÇÔöÇÔöÇÔöÇÔöÇÔöÇÔöÇÔöÇÔöÇÔöÇÔöÇÔöÇÔöÇÔöÇÔöÇÔöÇÔöÇÔöÇÔöÇÔöÇÔöÇÔöÇÔöÇÔöÇÔöÇÔöÇÔöÇÔöÇÔöÇÔöÇÔöÇÔöÇÔöÇÔöÇÔöÇÔöÇÔöÇÔöÇÔöÇÔöÇÔöÇÔöÇÔöÇÔöÇÔöÇÔöÇÔöÇÔöÇÔöÇÔöÇÔöÇÔöÇÔöÇÔöÇÔöÇÔöÇÔöÇÔöÇÔöÇÔöÇÔöÇÔöÇÔöÇÔöÇÔöÇÔöÇÔöÇÔöÇÔöÇÔöÇÔöÇÔöÇÔöÇÔöÇÔöÇÔöÇ[0m
[38;5;12mÔöîÔöÇÔöÇÔöÇÔöÇÔöÇÔöÇÔöÇÔöÇÔöÇÔöÇÔöÇÔöÇÔöÇÔöÇÔöÇÔöÇÔöÇÔöÇÔöÇÔöÇÔöÇÔöÇÔöÇÔöÇÔöÇÔöÇÔöÇÔöÇÔöÇÔöÇÔöÇÔöÇÔöÇÔöÇÔöÇÔöÇÔöÇÔöÇÔöÇÔöÇÔöÇÔöÇÔöÇÔöÇÔöÇÔöÇÔöÇÔöÇÔöÇÔöÇÔöÇÔöÇÔöÇÔöÇÔöÇÔöÇÔöÇÔöÇÔöÇÔöÇÔöÇÔöÇÔöÇÔöÇÔöÇÔöÇÔöÇÔöÇÔöÇÔöÇÔöÇÔöÇÔöÇÔöÇÔöÇÔöÇÔöÇÔöÇÔöÇ[0m
[38;5;12mÔöé 01:00:45.891 (+0:00:00.029302)[0m
[38;5;12mÔö£ÔöäÔöäÔöäÔöäÔöäÔöäÔöäÔöäÔöäÔöäÔöäÔöäÔöäÔöäÔöäÔöäÔöäÔöäÔöäÔöäÔöäÔöäÔöäÔöäÔöäÔöäÔöäÔöäÔöäÔöäÔöäÔöäÔöäÔöäÔöäÔöäÔöäÔöäÔöäÔöäÔöäÔöäÔöäÔöäÔöäÔöäÔöäÔöäÔöäÔöäÔöäÔöäÔöäÔöäÔöäÔöäÔöäÔöäÔöäÔöäÔöäÔöäÔöäÔöäÔöäÔöäÔöäÔöäÔöäÔöäÔöäÔöäÔöäÔöäÔöäÔöäÔöäÔöäÔöä[0m
[38;5;12mÔöé ­ƒÆí [Tag] Message 566[0m
[38;5;12mÔööÔöÇÔöÇÔöÇÔöÇÔöÇÔöÇÔöÇÔöÇÔöÇÔöÇÔöÇÔöÇÔöÇÔöÇÔöÇÔöÇÔöÇÔöÇÔöÇÔöÇÔöÇÔöÇÔöÇÔöÇÔöÇÔöÇÔöÇÔöÇÔöÇÔöÇÔöÇÔöÇÔöÇÔöÇÔöÇÔöÇÔöÇÔöÇÔöÇÔöÇÔöÇÔöÇÔöÇÔöÇÔöÇÔöÇÔöÇÔöÇÔöÇÔöÇÔöÇÔöÇÔöÇÔöÇÔöÇÔöÇÔöÇÔöÇÔöÇÔöÇÔöÇÔöÇÔöÇÔöÇÔöÇÔöÇÔöÇÔöÇÔöÇÔöÇÔöÇÔöÇÔöÇÔöÇÔöÇÔöÇÔöÇÔöÇÔöÇ[0m
[38;5;12mÔöîÔöÇÔöÇÔöÇÔöÇÔöÇÔöÇÔöÇÔöÇÔöÇÔöÇÔöÇÔöÇÔöÇÔöÇÔöÇÔöÇÔöÇÔöÇÔöÇÔöÇÔöÇÔöÇÔöÇÔöÇÔöÇÔöÇÔöÇÔöÇÔöÇÔöÇÔöÇÔöÇÔöÇÔöÇÔöÇÔöÇÔöÇÔöÇÔöÇÔöÇÔöÇÔöÇÔöÇÔöÇÔöÇÔöÇÔöÇÔöÇÔöÇÔöÇÔöÇÔöÇÔöÇÔöÇÔöÇÔöÇÔöÇÔöÇÔöÇÔöÇÔöÇÔöÇÔöÇÔöÇÔöÇÔöÇÔöÇÔöÇÔöÇÔöÇÔöÇÔöÇÔöÇÔöÇÔöÇÔöÇÔöÇÔöÇÔöÇ[0m
[38;5;12mÔöé 01:00:45.891 (+0:00:00.029302)[0m
[38;5;12mÔö£ÔöäÔöäÔöäÔöäÔöäÔöäÔöäÔöäÔöäÔöäÔöäÔöäÔöäÔöäÔöäÔöäÔöäÔöäÔöäÔöäÔöäÔöäÔöäÔöäÔöäÔöäÔöäÔöäÔöäÔöäÔöäÔöäÔöäÔöäÔöäÔöäÔöäÔöäÔöäÔöäÔöäÔöäÔöäÔöäÔöäÔöäÔöäÔöäÔöäÔöäÔöäÔöäÔöäÔöäÔöäÔöäÔöäÔöäÔöäÔöäÔöäÔöäÔöäÔöäÔöäÔöäÔöäÔöäÔöäÔöäÔöäÔöäÔöäÔöäÔöäÔöäÔöäÔöäÔöä[0m
[38;5;12mÔöé ­ƒÆí [Tag] Message 567[0m
[38;5;12mÔööÔöÇÔöÇÔöÇÔöÇÔöÇÔöÇÔöÇÔöÇÔöÇÔöÇÔöÇÔöÇÔöÇÔöÇÔöÇÔöÇÔöÇÔöÇÔöÇÔöÇÔöÇÔöÇÔöÇÔöÇÔöÇÔöÇÔöÇÔöÇÔöÇÔöÇÔöÇÔöÇÔöÇÔöÇÔöÇÔöÇÔöÇÔöÇÔöÇÔöÇÔöÇÔöÇÔöÇÔöÇÔöÇÔöÇÔöÇÔöÇÔöÇÔöÇÔöÇÔöÇÔöÇÔöÇÔöÇÔöÇÔöÇÔöÇÔöÇÔöÇÔöÇÔöÇÔöÇÔöÇÔöÇÔöÇÔöÇÔöÇÔöÇÔöÇÔöÇÔöÇÔöÇÔöÇÔöÇÔöÇÔöÇÔöÇÔöÇ[0m
[38;5;12mÔöîÔöÇÔöÇÔöÇÔöÇÔöÇÔöÇÔöÇÔöÇÔöÇÔöÇÔöÇÔöÇÔöÇÔöÇÔöÇÔöÇÔöÇÔöÇÔöÇÔöÇÔöÇÔöÇÔöÇÔöÇÔöÇÔöÇÔöÇÔöÇÔöÇÔöÇÔöÇÔöÇÔöÇÔöÇÔöÇÔöÇÔöÇÔöÇÔöÇÔöÇÔöÇÔöÇÔöÇÔöÇÔöÇÔöÇÔöÇÔöÇÔöÇÔöÇÔöÇÔöÇÔöÇÔöÇÔöÇÔöÇÔöÇÔöÇÔöÇÔöÇÔöÇÔöÇÔöÇÔöÇÔöÇÔöÇÔöÇÔöÇÔöÇÔöÇÔöÇÔöÇÔöÇÔöÇÔöÇÔöÇÔöÇÔöÇÔöÇ[0m
[38;5;12mÔöé 01:00:45.891 (+0:00:00.029302)[0m
[38;5;12mÔö£ÔöäÔöäÔöäÔöäÔöäÔöäÔöäÔöäÔöäÔöäÔöäÔöäÔöäÔöäÔöäÔöäÔöäÔöäÔöäÔöäÔöäÔöäÔöäÔöäÔöäÔöäÔöäÔöäÔöäÔöäÔöäÔöäÔöäÔöäÔöäÔöäÔöäÔöäÔöäÔöäÔöäÔöäÔöäÔöäÔöäÔöäÔöäÔöäÔöäÔöäÔöäÔöäÔöäÔöäÔöäÔöäÔöäÔöäÔöäÔöäÔöäÔöäÔöäÔöäÔöäÔöäÔöäÔöäÔöäÔöäÔöäÔöäÔöäÔöäÔöäÔöäÔöäÔöäÔöä[0m
[38;5;12mÔöé ­ƒÆí [Tag] Message 568[0m
[38;5;12mÔööÔöÇÔöÇÔöÇÔöÇÔöÇÔöÇÔöÇÔöÇÔöÇÔöÇÔöÇÔöÇÔöÇÔöÇÔöÇÔöÇÔöÇÔöÇÔöÇÔöÇÔöÇÔöÇÔöÇÔöÇÔöÇÔöÇÔöÇÔöÇÔöÇÔöÇÔöÇÔöÇÔöÇÔöÇÔöÇÔöÇÔöÇÔöÇÔöÇÔöÇÔöÇÔöÇÔöÇÔöÇÔöÇÔöÇÔöÇÔöÇÔöÇÔöÇÔöÇÔöÇÔöÇÔöÇÔöÇÔöÇÔöÇÔöÇÔöÇÔöÇÔöÇÔöÇÔöÇÔöÇÔöÇÔöÇÔöÇÔöÇÔöÇÔöÇÔöÇÔöÇÔöÇÔöÇÔöÇÔöÇÔöÇÔöÇÔöÇ[0m
[38;5;12mÔöîÔöÇÔöÇÔöÇÔöÇÔöÇÔöÇÔöÇÔöÇÔöÇÔöÇÔöÇÔöÇÔöÇÔöÇÔöÇÔöÇÔöÇÔöÇÔöÇÔöÇÔöÇÔöÇÔöÇÔöÇÔöÇÔöÇÔöÇÔöÇÔöÇÔöÇÔöÇÔöÇÔöÇÔöÇÔöÇÔöÇÔöÇÔöÇÔöÇÔöÇÔöÇÔöÇÔöÇÔöÇÔöÇÔöÇÔöÇÔöÇÔöÇÔöÇÔöÇÔöÇÔöÇÔöÇÔöÇÔöÇÔöÇÔöÇÔöÇÔöÇÔöÇÔöÇÔöÇÔöÇÔöÇÔöÇÔöÇÔöÇÔöÇÔöÇÔöÇÔöÇÔöÇÔöÇÔöÇÔöÇÔöÇÔöÇÔöÇ[0m
[38;5;12mÔöé 01:00:45.891 (+0:00:00.029302)[0m
[38;5;12mÔö£ÔöäÔöäÔöäÔöäÔöäÔöäÔöäÔöäÔöäÔöäÔöäÔöäÔöäÔöäÔöäÔöäÔöäÔöäÔöäÔöäÔöäÔöäÔöäÔöäÔöäÔöäÔöäÔöäÔöäÔöäÔöäÔöäÔöäÔöäÔöäÔöäÔöäÔöäÔöäÔöäÔöäÔöäÔöäÔöäÔöäÔöäÔöäÔöäÔöäÔöäÔöäÔöäÔöäÔöäÔöäÔöäÔöäÔöäÔöäÔöäÔöäÔöäÔöäÔöäÔöäÔöäÔöäÔöäÔöäÔöäÔöäÔöäÔöäÔöäÔöäÔöäÔöäÔöäÔöä[0m
[38;5;12mÔöé ­ƒÆí [Tag] Message 569[0m
[38;5;12mÔööÔöÇÔöÇÔöÇÔöÇÔöÇÔöÇÔöÇÔöÇÔöÇÔöÇÔöÇÔöÇÔöÇÔöÇÔöÇÔöÇÔöÇÔöÇÔöÇÔöÇÔöÇÔöÇÔöÇÔöÇÔöÇÔöÇÔöÇÔöÇÔöÇÔöÇÔöÇÔöÇÔöÇÔöÇÔöÇÔöÇÔöÇÔöÇÔöÇÔöÇÔöÇÔöÇÔöÇÔöÇÔöÇÔöÇÔöÇÔöÇÔöÇÔöÇÔöÇÔöÇÔöÇÔöÇÔöÇÔöÇÔöÇÔöÇÔöÇÔöÇÔöÇÔöÇÔöÇÔöÇÔöÇÔöÇÔöÇÔöÇÔöÇÔöÇÔöÇÔöÇÔöÇÔöÇÔöÇÔöÇÔöÇÔöÇÔöÇ[0m
[38;5;12mÔöîÔöÇÔöÇÔöÇÔöÇÔöÇÔöÇÔöÇÔöÇÔöÇÔöÇÔöÇÔöÇÔöÇÔöÇÔöÇÔöÇÔöÇÔöÇÔöÇÔöÇÔöÇÔöÇÔöÇÔöÇÔöÇÔöÇÔöÇÔöÇÔöÇÔöÇÔöÇÔöÇÔöÇÔöÇÔöÇÔöÇÔöÇÔöÇÔöÇÔöÇÔöÇÔöÇÔöÇÔöÇÔöÇÔöÇÔöÇÔöÇÔöÇÔöÇÔöÇÔöÇÔöÇÔöÇÔöÇÔöÇÔöÇÔöÇÔöÇÔöÇÔöÇÔöÇÔöÇÔöÇÔöÇÔöÇÔöÇÔöÇÔöÇÔöÇÔöÇÔöÇÔöÇÔöÇÔöÇÔöÇÔöÇÔöÇÔöÇ[0m
[38;5;12mÔöé 01:00:45.891 (+0:00:00.029302)[0m
[38;5;12mÔö£ÔöäÔöäÔöäÔöäÔöäÔöäÔöäÔöäÔöäÔöäÔöäÔöäÔöäÔöäÔöäÔöäÔöäÔöäÔöäÔöäÔöäÔöäÔöäÔöäÔöäÔöäÔöäÔöäÔöäÔöäÔöäÔöäÔöäÔöäÔöäÔöäÔöäÔöäÔöäÔöäÔöäÔöäÔöäÔöäÔöäÔöäÔöäÔöäÔöäÔöäÔöäÔöäÔöäÔöäÔöäÔöäÔöäÔöäÔöäÔöäÔöäÔöäÔöäÔöäÔöäÔöäÔöäÔöäÔöäÔöäÔöäÔöäÔöäÔöäÔöäÔöäÔöäÔöäÔöä[0m
[38;5;12mÔöé ­ƒÆí [Tag] Message 570[0m
[38;5;12mÔööÔöÇÔöÇÔöÇÔöÇÔöÇÔöÇÔöÇÔöÇÔöÇÔöÇÔöÇÔöÇÔöÇÔöÇÔöÇÔöÇÔöÇÔöÇÔöÇÔöÇÔöÇÔöÇÔöÇÔöÇÔöÇÔöÇÔöÇÔöÇÔöÇÔöÇÔöÇÔöÇÔöÇÔöÇÔöÇÔöÇÔöÇÔöÇÔöÇÔöÇÔöÇÔöÇÔöÇÔöÇÔöÇÔöÇÔöÇÔöÇÔöÇÔöÇÔöÇÔöÇÔöÇÔöÇÔöÇÔöÇÔöÇÔöÇÔöÇÔöÇÔöÇÔöÇÔöÇÔöÇÔöÇÔöÇÔöÇÔöÇÔöÇÔöÇÔöÇÔöÇÔöÇÔöÇÔöÇÔöÇÔöÇÔöÇÔöÇ[0m
[38;5;12mÔöîÔöÇÔöÇÔöÇÔöÇÔöÇÔöÇÔöÇÔöÇÔöÇÔöÇÔöÇÔöÇÔöÇÔöÇÔöÇÔöÇÔöÇÔöÇÔöÇÔöÇÔöÇÔöÇÔöÇÔöÇÔöÇÔöÇÔöÇÔöÇÔöÇÔöÇÔöÇÔöÇÔöÇÔöÇÔöÇÔöÇÔöÇÔöÇÔöÇÔöÇÔöÇÔöÇÔöÇÔöÇÔöÇÔöÇÔöÇÔöÇÔöÇÔöÇÔöÇÔöÇÔöÇÔöÇÔöÇÔöÇÔöÇÔöÇÔöÇÔöÇÔöÇÔöÇÔöÇÔöÇÔöÇÔöÇÔöÇÔöÇÔöÇÔöÇÔöÇÔöÇÔöÇÔöÇÔöÇÔöÇÔöÇÔöÇÔöÇ[0m
[38;5;12mÔöé 01:00:45.891 (+0:00:00.029302)[0m
[38;5;12mÔö£ÔöäÔöäÔöäÔöäÔöäÔöäÔöäÔöäÔöäÔöäÔöäÔöäÔöäÔöäÔöäÔöäÔöäÔöäÔöäÔöäÔöäÔöäÔöäÔöäÔöäÔöäÔöäÔöäÔöäÔöäÔöäÔöäÔöäÔöäÔöäÔöäÔöäÔöäÔöäÔöäÔöäÔöäÔöäÔöäÔöäÔöäÔöäÔöäÔöäÔöäÔöäÔöäÔöäÔöäÔöäÔöäÔöäÔöäÔöäÔöäÔöäÔöäÔöäÔöäÔöäÔöäÔöäÔöäÔöäÔöäÔöäÔöäÔöäÔöäÔöäÔöäÔöäÔöäÔöä[0m
[38;5;12mÔöé ­ƒÆí [Tag] Message 571[0m
[38;5;12mÔööÔöÇÔöÇÔöÇÔöÇÔöÇÔöÇÔöÇÔöÇÔöÇÔöÇÔöÇÔöÇÔöÇÔöÇÔöÇÔöÇÔöÇÔöÇÔöÇÔöÇÔöÇÔöÇÔöÇÔöÇÔöÇÔöÇÔöÇÔöÇÔöÇÔöÇÔöÇÔöÇÔöÇÔöÇÔöÇÔöÇÔöÇÔöÇÔöÇÔöÇÔöÇÔöÇÔöÇÔöÇÔöÇÔöÇÔöÇÔöÇÔöÇÔöÇÔöÇÔöÇÔöÇÔöÇÔöÇÔöÇÔöÇÔöÇÔöÇÔöÇÔöÇÔöÇÔöÇÔöÇÔöÇÔöÇÔöÇÔöÇÔöÇÔöÇÔöÇÔöÇÔöÇÔöÇÔöÇÔöÇÔöÇÔöÇÔöÇ[0m
[38;5;12mÔöîÔöÇÔöÇÔöÇÔöÇÔöÇÔöÇÔöÇÔöÇÔöÇÔöÇÔöÇÔöÇÔöÇÔöÇÔöÇÔöÇÔöÇÔöÇÔöÇÔöÇÔöÇÔöÇÔöÇÔöÇÔöÇÔöÇÔöÇÔöÇÔöÇÔöÇÔöÇÔöÇÔöÇÔöÇÔöÇÔöÇÔöÇÔöÇÔöÇÔöÇÔöÇÔöÇÔöÇÔöÇÔöÇÔöÇÔöÇÔöÇÔöÇÔöÇÔöÇÔöÇÔöÇÔöÇÔöÇÔöÇÔöÇÔöÇÔöÇÔöÇÔöÇÔöÇÔöÇÔöÇÔöÇÔöÇÔöÇÔöÇÔöÇÔöÇÔöÇÔöÇÔöÇÔöÇÔöÇÔöÇÔöÇÔöÇÔöÇ[0m
[38;5;12mÔöé 01:00:45.891 (+0:00:00.029302)[0m
[38;5;12mÔö£ÔöäÔöäÔöäÔöäÔöäÔöäÔöäÔöäÔöäÔöäÔöäÔöäÔöäÔöäÔöäÔöäÔöäÔöäÔöäÔöäÔöäÔöäÔöäÔöäÔöäÔöäÔöäÔöäÔöäÔöäÔöäÔöäÔöäÔöäÔöäÔöäÔöäÔöäÔöäÔöäÔöäÔöäÔöäÔöäÔöäÔöäÔöäÔöäÔöäÔöäÔöäÔöäÔöäÔöäÔöäÔöäÔöäÔöäÔöäÔöäÔöäÔöäÔöäÔöäÔöäÔöäÔöäÔöäÔöäÔöäÔöäÔöäÔöäÔöäÔöäÔöäÔöäÔöäÔöä[0m
[38;5;12mÔöé ­ƒÆí [Tag] Message 572[0m
[38;5;12mÔööÔöÇÔöÇÔöÇÔöÇÔöÇÔöÇÔöÇÔöÇÔöÇÔöÇÔöÇÔöÇÔöÇÔöÇÔöÇÔöÇÔöÇÔöÇÔöÇÔöÇÔöÇÔöÇÔöÇÔöÇÔöÇÔöÇÔöÇÔöÇÔöÇÔöÇÔöÇÔöÇÔöÇÔöÇÔöÇÔöÇÔöÇÔöÇÔöÇÔöÇÔöÇÔöÇÔöÇÔöÇÔöÇÔöÇÔöÇÔöÇÔöÇÔöÇÔöÇÔöÇÔöÇÔöÇÔöÇÔöÇÔöÇÔöÇÔöÇÔöÇÔöÇÔöÇÔöÇÔöÇÔöÇÔöÇÔöÇÔöÇÔöÇÔöÇÔöÇÔöÇÔöÇÔöÇÔöÇÔöÇÔöÇÔöÇÔöÇ[0m
[38;5;12mÔöîÔöÇÔöÇÔöÇÔöÇÔöÇÔöÇÔöÇÔöÇÔöÇÔöÇÔöÇÔöÇÔöÇÔöÇÔöÇÔöÇÔöÇÔöÇÔöÇÔöÇÔöÇÔöÇÔöÇÔöÇÔöÇÔöÇÔöÇÔöÇÔöÇÔöÇÔöÇÔöÇÔöÇÔöÇÔöÇÔöÇÔöÇÔöÇÔöÇÔöÇÔöÇÔöÇÔöÇÔöÇÔöÇÔöÇÔöÇÔöÇÔöÇÔöÇÔöÇÔöÇÔöÇÔöÇÔöÇÔöÇÔöÇÔöÇÔöÇÔöÇÔöÇÔöÇÔöÇÔöÇÔöÇÔöÇÔöÇÔöÇÔöÇÔöÇÔöÇÔöÇÔöÇÔöÇÔöÇÔöÇÔöÇÔöÇÔöÇ[0m
[38;5;12mÔöé 01:00:45.891 (+0:00:00.029302)[0m
[38;5;12mÔö£ÔöäÔöäÔöäÔöäÔöäÔöäÔöäÔöäÔöäÔöäÔöäÔöäÔöäÔöäÔöäÔöäÔöäÔöäÔöäÔöäÔöäÔöäÔöäÔöäÔöäÔöäÔöäÔöäÔöäÔöäÔöäÔöäÔöäÔöäÔöäÔöäÔöäÔöäÔöäÔöäÔöäÔöäÔöäÔöäÔöäÔöäÔöäÔöäÔöäÔöäÔöäÔöäÔöäÔöäÔöäÔöäÔöäÔöäÔöäÔöäÔöäÔöäÔöäÔöäÔöäÔöäÔöäÔöäÔöäÔöäÔöäÔöäÔöäÔöäÔöäÔöäÔöäÔöäÔöä[0m
[38;5;12mÔöé ­ƒÆí [Tag] Message 573[0m
[38;5;12mÔööÔöÇÔöÇÔöÇÔöÇÔöÇÔöÇÔöÇÔöÇÔöÇÔöÇÔöÇÔöÇÔöÇÔöÇÔöÇÔöÇÔöÇÔöÇÔöÇÔöÇÔöÇÔöÇÔöÇÔöÇÔöÇÔöÇÔöÇÔöÇÔöÇÔöÇÔöÇÔöÇÔöÇÔöÇÔöÇÔöÇÔöÇÔöÇÔöÇÔöÇÔöÇÔöÇÔöÇÔöÇÔöÇÔöÇÔöÇÔöÇÔöÇÔöÇÔöÇÔöÇÔöÇÔöÇÔöÇÔöÇÔöÇÔöÇÔöÇÔöÇÔöÇÔöÇÔöÇÔöÇÔöÇÔöÇÔöÇÔöÇÔöÇÔöÇÔöÇÔöÇÔöÇÔöÇÔöÇÔöÇÔöÇÔöÇÔöÇ[0m
[38;5;12mÔöîÔöÇÔöÇÔöÇÔöÇÔöÇÔöÇÔöÇÔöÇÔöÇÔöÇÔöÇÔöÇÔöÇÔöÇÔöÇÔöÇÔöÇÔöÇÔöÇÔöÇÔöÇÔöÇÔöÇÔöÇÔöÇÔöÇÔöÇÔöÇÔöÇÔöÇÔöÇÔöÇÔöÇÔöÇÔöÇÔöÇÔöÇÔöÇÔöÇÔöÇÔöÇÔöÇÔöÇÔöÇÔöÇÔöÇÔöÇÔöÇÔöÇÔöÇÔöÇÔöÇÔöÇÔöÇÔöÇÔöÇÔöÇÔöÇÔöÇÔöÇÔöÇÔöÇÔöÇÔöÇÔöÇÔöÇÔöÇÔöÇÔöÇÔöÇÔöÇÔöÇÔöÇÔöÇÔöÇÔöÇÔöÇÔöÇÔöÇ[0m
[38;5;12mÔöé 01:00:45.891 (+0:00:00.029302)[0m
[38;5;12mÔö£ÔöäÔöäÔöäÔöäÔöäÔöäÔöäÔöäÔöäÔöäÔöäÔöäÔöäÔöäÔöäÔöäÔöäÔöäÔöäÔöäÔöäÔöäÔöäÔöäÔöäÔöäÔöäÔöäÔöäÔöäÔöäÔöäÔöäÔöäÔöäÔöäÔöäÔöäÔöäÔöäÔöäÔöäÔöäÔöäÔöäÔöäÔöäÔöäÔöäÔöäÔöäÔöäÔöäÔöäÔöäÔöäÔöäÔöäÔöäÔöäÔöäÔöäÔöäÔöäÔöäÔöäÔöäÔöäÔöäÔöäÔöäÔöäÔöäÔöäÔöäÔöäÔöäÔöäÔöä[0m
[38;5;12mÔöé ­ƒÆí [Tag] Message 574[0m
[38;5;12mÔööÔöÇÔöÇÔöÇÔöÇÔöÇÔöÇÔöÇÔöÇÔöÇÔöÇÔöÇÔöÇÔöÇÔöÇÔöÇÔöÇÔöÇÔöÇÔöÇÔöÇÔöÇÔöÇÔöÇÔöÇÔöÇÔöÇÔöÇÔöÇÔöÇÔöÇÔöÇÔöÇÔöÇÔöÇÔöÇÔöÇÔöÇÔöÇÔöÇÔöÇÔöÇÔöÇÔöÇÔöÇÔöÇÔöÇÔöÇÔöÇÔöÇÔöÇÔöÇÔöÇÔöÇÔöÇÔöÇÔöÇÔöÇÔöÇÔöÇÔöÇÔöÇÔöÇÔöÇÔöÇÔöÇÔöÇÔöÇÔöÇÔöÇÔöÇÔöÇÔöÇÔöÇÔöÇÔöÇÔöÇÔöÇÔöÇÔöÇ[0m
[38;5;12mÔöîÔöÇÔöÇÔöÇÔöÇÔöÇÔöÇÔöÇÔöÇÔöÇÔöÇÔöÇÔöÇÔöÇÔöÇÔöÇÔöÇÔöÇÔöÇÔöÇÔöÇÔöÇÔöÇÔöÇÔöÇÔöÇÔöÇÔöÇÔöÇÔöÇÔöÇÔöÇÔöÇÔöÇÔöÇÔöÇÔöÇÔöÇÔöÇÔöÇÔöÇÔöÇÔöÇÔöÇÔöÇÔöÇÔöÇÔöÇÔöÇÔöÇÔöÇÔöÇÔöÇÔöÇÔöÇÔöÇÔöÇÔöÇÔöÇÔöÇÔöÇÔöÇÔöÇÔöÇÔöÇÔöÇÔöÇÔöÇÔöÇÔöÇÔöÇÔöÇÔöÇÔöÇÔöÇÔöÇÔöÇÔöÇÔöÇÔöÇ[0m
[38;5;12mÔöé 01:00:45.891 (+0:00:00.029302)[0m
[38;5;12mÔö£ÔöäÔöäÔöäÔöäÔöäÔöäÔöäÔöäÔöäÔöäÔöäÔöäÔöäÔöäÔöäÔöäÔöäÔöäÔöäÔöäÔöäÔöäÔöäÔöäÔöäÔöäÔöäÔöäÔöäÔöäÔöäÔöäÔöäÔöäÔöäÔöäÔöäÔöäÔöäÔöäÔöäÔöäÔöäÔöäÔöäÔöäÔöäÔöäÔöäÔöäÔöäÔöäÔöäÔöäÔöäÔöäÔöäÔöäÔöäÔöäÔöäÔöäÔöäÔöäÔöäÔöäÔöäÔöäÔöäÔöäÔöäÔöäÔöäÔöäÔöäÔöäÔöäÔöäÔöä[0m
[38;5;12mÔöé ­ƒÆí [Tag] Message 575[0m
[38;5;12mÔööÔöÇÔöÇÔöÇÔöÇÔöÇÔöÇÔöÇÔöÇÔöÇÔöÇÔöÇÔöÇÔöÇÔöÇÔöÇÔöÇÔöÇÔöÇÔöÇÔöÇÔöÇÔöÇÔöÇÔöÇÔöÇÔöÇÔöÇÔöÇÔöÇÔöÇÔöÇÔöÇÔöÇÔöÇÔöÇÔöÇÔöÇÔöÇÔöÇÔöÇÔöÇÔöÇÔöÇÔöÇÔöÇÔöÇÔöÇÔöÇÔöÇÔöÇÔöÇÔöÇÔöÇÔöÇÔöÇÔöÇÔöÇÔöÇÔöÇÔöÇÔöÇÔöÇÔöÇÔöÇÔöÇÔöÇÔöÇÔöÇÔöÇÔöÇÔöÇÔöÇÔöÇÔöÇÔöÇÔöÇÔöÇÔöÇÔöÇ[0m
[38;5;12mÔöîÔöÇÔöÇÔöÇÔöÇÔöÇÔöÇÔöÇÔöÇÔöÇÔöÇÔöÇÔöÇÔöÇÔöÇÔöÇÔöÇÔöÇÔöÇÔöÇÔöÇÔöÇÔöÇÔöÇÔöÇÔöÇÔöÇÔöÇÔöÇÔöÇÔöÇÔöÇÔöÇÔöÇÔöÇÔöÇÔöÇÔöÇÔöÇÔöÇÔöÇÔöÇÔöÇÔöÇÔöÇÔöÇÔöÇÔöÇÔöÇÔöÇÔöÇÔöÇÔöÇÔöÇÔöÇÔöÇÔöÇÔöÇÔöÇÔöÇÔöÇÔöÇÔöÇÔöÇÔöÇÔöÇÔöÇÔöÇÔöÇÔöÇÔöÇÔöÇÔöÇÔöÇÔöÇÔöÇÔöÇÔöÇÔöÇÔöÇ[0m
[38;5;12mÔöé 01:00:45.891 (+0:00:00.029302)[0m
[38;5;12mÔö£ÔöäÔöäÔöäÔöäÔöäÔöäÔöäÔöäÔöäÔöäÔöäÔöäÔöäÔöäÔöäÔöäÔöäÔöäÔöäÔöäÔöäÔöäÔöäÔöäÔöäÔöäÔöäÔöäÔöäÔöäÔöäÔöäÔöäÔöäÔöäÔöäÔöäÔöäÔöäÔöäÔöäÔöäÔöäÔöäÔöäÔöäÔöäÔöäÔöäÔöäÔöäÔöäÔöäÔöäÔöäÔöäÔöäÔöäÔöäÔöäÔöäÔöäÔöäÔöäÔöäÔöäÔöäÔöäÔöäÔöäÔöäÔöäÔöäÔöäÔöäÔöäÔöäÔöäÔöä[0m
[38;5;12mÔöé ­ƒÆí [Tag] Message 576[0m
[38;5;12mÔööÔöÇÔöÇÔöÇÔöÇÔöÇÔöÇÔöÇÔöÇÔöÇÔöÇÔöÇÔöÇÔöÇÔöÇÔöÇÔöÇÔöÇÔöÇÔöÇÔöÇÔöÇÔöÇÔöÇÔöÇÔöÇÔöÇÔöÇÔöÇÔöÇÔöÇÔöÇÔöÇÔöÇÔöÇÔöÇÔöÇÔöÇÔöÇÔöÇÔöÇÔöÇÔöÇÔöÇÔöÇÔöÇÔöÇÔöÇÔöÇÔöÇÔöÇÔöÇÔöÇÔöÇÔöÇÔöÇÔöÇÔöÇÔöÇÔöÇÔöÇÔöÇÔöÇÔöÇÔöÇÔöÇÔöÇÔöÇÔöÇÔöÇÔöÇÔöÇÔöÇÔöÇÔöÇÔöÇÔöÇÔöÇÔöÇÔöÇ[0m
[38;5;12mÔöîÔöÇÔöÇÔöÇÔöÇÔöÇÔöÇÔöÇÔöÇÔöÇÔöÇÔöÇÔöÇÔöÇÔöÇÔöÇÔöÇÔöÇÔöÇÔöÇÔöÇÔöÇÔöÇÔöÇÔöÇÔöÇÔöÇÔöÇÔöÇÔöÇÔöÇÔöÇÔöÇÔöÇÔöÇÔöÇÔöÇÔöÇÔöÇÔöÇÔöÇÔöÇÔöÇÔöÇÔöÇÔöÇÔöÇÔöÇÔöÇÔöÇÔöÇÔöÇÔöÇÔöÇÔöÇÔöÇÔöÇÔöÇÔöÇÔöÇÔöÇÔöÇÔöÇÔöÇÔöÇÔöÇÔöÇÔöÇÔöÇÔöÇÔöÇÔöÇÔöÇÔöÇÔöÇÔöÇÔöÇÔöÇÔöÇÔöÇ[0m
[38;5;12mÔöé 01:00:45.892 (+0:00:00.030026)[0m
[38;5;12mÔö£ÔöäÔöäÔöäÔöäÔöäÔöäÔöäÔöäÔöäÔöäÔöäÔöäÔöäÔöäÔöäÔöäÔöäÔöäÔöäÔöäÔöäÔöäÔöäÔöäÔöäÔöäÔöäÔöäÔöäÔöäÔöäÔöäÔöäÔöäÔöäÔöäÔöäÔöäÔöäÔöäÔöäÔöäÔöäÔöäÔöäÔöäÔöäÔöäÔöäÔöäÔöäÔöäÔöäÔöäÔöäÔöäÔöäÔöäÔöäÔöäÔöäÔöäÔöäÔöäÔöäÔöäÔöäÔöäÔöäÔöäÔöäÔöäÔöäÔöäÔöäÔöäÔöäÔöäÔöä[0m
[38;5;12mÔöé ­ƒÆí [Tag] Message 577[0m
[38;5;12mÔööÔöÇÔöÇÔöÇÔöÇÔöÇÔöÇÔöÇÔöÇÔöÇÔöÇÔöÇÔöÇÔöÇÔöÇÔöÇÔöÇÔöÇÔöÇÔöÇÔöÇÔöÇÔöÇÔöÇÔöÇÔöÇÔöÇÔöÇÔöÇÔöÇÔöÇÔöÇÔöÇÔöÇÔöÇÔöÇÔöÇÔöÇÔöÇÔöÇÔöÇÔöÇÔöÇÔöÇÔöÇÔöÇÔöÇÔöÇÔöÇÔöÇÔöÇÔöÇÔöÇÔöÇÔöÇÔöÇÔöÇÔöÇÔöÇÔöÇÔöÇÔöÇÔöÇÔöÇÔöÇÔöÇÔöÇÔöÇÔöÇÔöÇÔöÇÔöÇÔöÇÔöÇÔöÇÔöÇÔöÇÔöÇÔöÇÔöÇ[0m
[38;5;12mÔöîÔöÇÔöÇÔöÇÔöÇÔöÇÔöÇÔöÇÔöÇÔöÇÔöÇÔöÇÔöÇÔöÇÔöÇÔöÇÔöÇÔöÇÔöÇÔöÇÔöÇÔöÇÔöÇÔöÇÔöÇÔöÇÔöÇÔöÇÔöÇÔöÇÔöÇÔöÇÔöÇÔöÇÔöÇÔöÇÔöÇÔöÇÔöÇÔöÇÔöÇÔöÇÔöÇÔöÇÔöÇÔöÇÔöÇÔöÇÔöÇÔöÇÔöÇÔöÇÔöÇÔöÇÔöÇÔöÇÔöÇÔöÇÔöÇÔöÇÔöÇÔöÇÔöÇÔöÇÔöÇÔöÇÔöÇÔöÇÔöÇÔöÇÔöÇÔöÇÔöÇÔöÇÔöÇÔöÇÔöÇÔöÇÔöÇÔöÇ[0m
[38;5;12mÔöé 01:00:45.892 (+0:00:00.030026)[0m
[38;5;12mÔö£ÔöäÔöäÔöäÔöäÔöäÔöäÔöäÔöäÔöäÔöäÔöäÔöäÔöäÔöäÔöäÔöäÔöäÔöäÔöäÔöäÔöäÔöäÔöäÔöäÔöäÔöäÔöäÔöäÔöäÔöäÔöäÔöäÔöäÔöäÔöäÔöäÔöäÔöäÔöäÔöäÔöäÔöäÔöäÔöäÔöäÔöäÔöäÔöäÔöäÔöäÔöäÔöäÔöäÔöäÔöäÔöäÔöäÔöäÔöäÔöäÔöäÔöäÔöäÔöäÔöäÔöäÔöäÔöäÔöäÔöäÔöäÔöäÔöäÔöäÔöäÔöäÔöäÔöäÔöä[0m
[38;5;12mÔöé ­ƒÆí [Tag] Message 578[0m
[38;5;12mÔööÔöÇÔöÇÔöÇÔöÇÔöÇÔöÇÔöÇÔöÇÔöÇÔöÇÔöÇÔöÇÔöÇÔöÇÔöÇÔöÇÔöÇÔöÇÔöÇÔöÇÔöÇÔöÇÔöÇÔöÇÔöÇÔöÇÔöÇÔöÇÔöÇÔöÇÔöÇÔöÇÔöÇÔöÇÔöÇÔöÇÔöÇÔöÇÔöÇÔöÇÔöÇÔöÇÔöÇÔöÇÔöÇÔöÇÔöÇÔöÇÔöÇÔöÇÔöÇÔöÇÔöÇÔöÇÔöÇÔöÇÔöÇÔöÇÔöÇÔöÇÔöÇÔöÇÔöÇÔöÇÔöÇÔöÇÔöÇÔöÇÔöÇÔöÇÔöÇÔöÇÔöÇÔöÇÔöÇÔöÇÔöÇÔöÇÔöÇ[0m
[38;5;12mÔöîÔöÇÔöÇÔöÇÔöÇÔöÇÔöÇÔöÇÔöÇÔöÇÔöÇÔöÇÔöÇÔöÇÔöÇÔöÇÔöÇÔöÇÔöÇÔöÇÔöÇÔöÇÔöÇÔöÇÔöÇÔöÇÔöÇÔöÇÔöÇÔöÇÔöÇÔöÇÔöÇÔöÇÔöÇÔöÇÔöÇÔöÇÔöÇÔöÇÔöÇÔöÇÔöÇÔöÇÔöÇÔöÇÔöÇÔöÇÔöÇÔöÇÔöÇÔöÇÔöÇÔöÇÔöÇÔöÇÔöÇÔöÇÔöÇÔöÇÔöÇÔöÇÔöÇÔöÇÔöÇÔöÇÔöÇÔöÇÔöÇÔöÇÔöÇÔöÇÔöÇÔöÇÔöÇÔöÇÔöÇÔöÇÔöÇÔöÇ[0m
[38;5;12mÔöé 01:00:45.892 (+0:00:00.030026)[0m
[38;5;12mÔö£ÔöäÔöäÔöäÔöäÔöäÔöäÔöäÔöäÔöäÔöäÔöäÔöäÔöäÔöäÔöäÔöäÔöäÔöäÔöäÔöäÔöäÔöäÔöäÔöäÔöäÔöäÔöäÔöäÔöäÔöäÔöäÔöäÔöäÔöäÔöäÔöäÔöäÔöäÔöäÔöäÔöäÔöäÔöäÔöäÔöäÔöäÔöäÔöäÔöäÔöäÔöäÔöäÔöäÔöäÔöäÔöäÔöäÔöäÔöäÔöäÔöäÔöäÔöäÔöäÔöäÔöäÔöäÔöäÔöäÔöäÔöäÔöäÔöäÔöäÔöäÔöäÔöäÔöäÔöä[0m
[38;5;12mÔöé ­ƒÆí [Tag] Message 579[0m
[38;5;12mÔööÔöÇÔöÇÔöÇÔöÇÔöÇÔöÇÔöÇÔöÇÔöÇÔöÇÔöÇÔöÇÔöÇÔöÇÔöÇÔöÇÔöÇÔöÇÔöÇÔöÇÔöÇÔöÇÔöÇÔöÇÔöÇÔöÇÔöÇÔöÇÔöÇÔöÇÔöÇÔöÇÔöÇÔöÇÔöÇÔöÇÔöÇÔöÇÔöÇÔöÇÔöÇÔöÇÔöÇÔöÇÔöÇÔöÇÔöÇÔöÇÔöÇÔöÇÔöÇÔöÇÔöÇÔöÇÔöÇÔöÇÔöÇÔöÇÔöÇÔöÇÔöÇÔöÇÔöÇÔöÇÔöÇÔöÇÔöÇÔöÇÔöÇÔöÇÔöÇÔöÇÔöÇÔöÇÔöÇÔöÇÔöÇÔöÇÔöÇ[0m
[38;5;12mÔöîÔöÇÔöÇÔöÇÔöÇÔöÇÔöÇÔöÇÔöÇÔöÇÔöÇÔöÇÔöÇÔöÇÔöÇÔöÇÔöÇÔöÇÔöÇÔöÇÔöÇÔöÇÔöÇÔöÇÔöÇÔöÇÔöÇÔöÇÔöÇÔöÇÔöÇÔöÇÔöÇÔöÇÔöÇÔöÇÔöÇÔöÇÔöÇÔöÇÔöÇÔöÇÔöÇÔöÇÔöÇÔöÇÔöÇÔöÇÔöÇÔöÇÔöÇÔöÇÔöÇÔöÇÔöÇÔöÇÔöÇÔöÇÔöÇÔöÇÔöÇÔöÇÔöÇÔöÇÔöÇÔöÇÔöÇÔöÇÔöÇÔöÇÔöÇÔöÇÔöÇÔöÇÔöÇÔöÇÔöÇÔöÇÔöÇÔöÇ[0m
[38;5;12mÔöé 01:00:45.892 (+0:00:00.030026)[0m
[38;5;12mÔö£ÔöäÔöäÔöäÔöäÔöäÔöäÔöäÔöäÔöäÔöäÔöäÔöäÔöäÔöäÔöäÔöäÔöäÔöäÔöäÔöäÔöäÔöäÔöäÔöäÔöäÔöäÔöäÔöäÔöäÔöäÔöäÔöäÔöäÔöäÔöäÔöäÔöäÔöäÔöäÔöäÔöäÔöäÔöäÔöäÔöäÔöäÔöäÔöäÔöäÔöäÔöäÔöäÔöäÔöäÔöäÔöäÔöäÔöäÔöäÔöäÔöäÔöäÔöäÔöäÔöäÔöäÔöäÔöäÔöäÔöäÔöäÔöäÔöäÔöäÔöäÔöäÔöäÔöäÔöä[0m
[38;5;12mÔöé ­ƒÆí [Tag] Message 580[0m
[38;5;12mÔööÔöÇÔöÇÔöÇÔöÇÔöÇÔöÇÔöÇÔöÇÔöÇÔöÇÔöÇÔöÇÔöÇÔöÇÔöÇÔöÇÔöÇÔöÇÔöÇÔöÇÔöÇÔöÇÔöÇÔöÇÔöÇÔöÇÔöÇÔöÇÔöÇÔöÇÔöÇÔöÇÔöÇÔöÇÔöÇÔöÇÔöÇÔöÇÔöÇÔöÇÔöÇÔöÇÔöÇÔöÇÔöÇÔöÇÔöÇÔöÇÔöÇÔöÇÔöÇÔöÇÔöÇÔöÇÔöÇÔöÇÔöÇÔöÇÔöÇÔöÇÔöÇÔöÇÔöÇÔöÇÔöÇÔöÇÔöÇÔöÇÔöÇÔöÇÔöÇÔöÇÔöÇÔöÇÔöÇÔöÇÔöÇÔöÇÔöÇ[0m
[38;5;12mÔöîÔöÇÔöÇÔöÇÔöÇÔöÇÔöÇÔöÇÔöÇÔöÇÔöÇÔöÇÔöÇÔöÇÔöÇÔöÇÔöÇÔöÇÔöÇÔöÇÔöÇÔöÇÔöÇÔöÇÔöÇÔöÇÔöÇÔöÇÔöÇÔöÇÔöÇÔöÇÔöÇÔöÇÔöÇÔöÇÔöÇÔöÇÔöÇÔöÇÔöÇÔöÇÔöÇÔöÇÔöÇÔöÇÔöÇÔöÇÔöÇÔöÇÔöÇÔöÇÔöÇÔöÇÔöÇÔöÇÔöÇÔöÇÔöÇÔöÇÔöÇÔöÇÔöÇÔöÇÔöÇÔöÇÔöÇÔöÇÔöÇÔöÇÔöÇÔöÇÔöÇÔöÇÔöÇÔöÇÔöÇÔöÇÔöÇÔöÇ[0m
[38;5;12mÔöé 01:00:45.892 (+0:00:00.030026)[0m
[38;5;12mÔö£ÔöäÔöäÔöäÔöäÔöäÔöäÔöäÔöäÔöäÔöäÔöäÔöäÔöäÔöäÔöäÔöäÔöäÔöäÔöäÔöäÔöäÔöäÔöäÔöäÔöäÔöäÔöäÔöäÔöäÔöäÔöäÔöäÔöäÔöäÔöäÔöäÔöäÔöäÔöäÔöäÔöäÔöäÔöäÔöäÔöäÔöäÔöäÔöäÔöäÔöäÔöäÔöäÔöäÔöäÔöäÔöäÔöäÔöäÔöäÔöäÔöäÔöäÔöäÔöäÔöäÔöäÔöäÔöäÔöäÔöäÔöäÔöäÔöäÔöäÔöäÔöäÔöäÔöäÔöä[0m
[38;5;12mÔöé ­ƒÆí [Tag] Message 581[0m
[38;5;12mÔööÔöÇÔöÇÔöÇÔöÇÔöÇÔöÇÔöÇÔöÇÔöÇÔöÇÔöÇÔöÇÔöÇÔöÇÔöÇÔöÇÔöÇÔöÇÔöÇÔöÇÔöÇÔöÇÔöÇÔöÇÔöÇÔöÇÔöÇÔöÇÔöÇÔöÇÔöÇÔöÇÔöÇÔöÇÔöÇÔöÇÔöÇÔöÇÔöÇÔöÇÔöÇÔöÇÔöÇÔöÇÔöÇÔöÇÔöÇÔöÇÔöÇÔöÇÔöÇÔöÇÔöÇÔöÇÔöÇÔöÇÔöÇÔöÇÔöÇÔöÇÔöÇÔöÇÔöÇÔöÇÔöÇÔöÇÔöÇÔöÇÔöÇÔöÇÔöÇÔöÇÔöÇÔöÇÔöÇÔöÇÔöÇÔöÇÔöÇ[0m
[38;5;12mÔöîÔöÇÔöÇÔöÇÔöÇÔöÇÔöÇÔöÇÔöÇÔöÇÔöÇÔöÇÔöÇÔöÇÔöÇÔöÇÔöÇÔöÇÔöÇÔöÇÔöÇÔöÇÔöÇÔöÇÔöÇÔöÇÔöÇÔöÇÔöÇÔöÇÔöÇÔöÇÔöÇÔöÇÔöÇÔöÇÔöÇÔöÇÔöÇÔöÇÔöÇÔöÇÔöÇÔöÇÔöÇÔöÇÔöÇÔöÇÔöÇÔöÇÔöÇÔöÇÔöÇÔöÇÔöÇÔöÇÔöÇÔöÇÔöÇÔöÇÔöÇÔöÇÔöÇÔöÇÔöÇÔöÇÔöÇÔöÇÔöÇÔöÇÔöÇÔöÇÔöÇÔöÇÔöÇÔöÇÔöÇÔöÇÔöÇÔöÇ[0m
[38;5;12mÔöé 01:00:45.892 (+0:00:00.030026)[0m
[38;5;12mÔö£ÔöäÔöäÔöäÔöäÔöäÔöäÔöäÔöäÔöäÔöäÔöäÔöäÔöäÔöäÔöäÔöäÔöäÔöäÔöäÔöäÔöäÔöäÔöäÔöäÔöäÔöäÔöäÔöäÔöäÔöäÔöäÔöäÔöäÔöäÔöäÔöäÔöäÔöäÔöäÔöäÔöäÔöäÔöäÔöäÔöäÔöäÔöäÔöäÔöäÔöäÔöäÔöäÔöäÔöäÔöäÔöäÔöäÔöäÔöäÔöäÔöäÔöäÔöäÔöäÔöäÔöäÔöäÔöäÔöäÔöäÔöäÔöäÔöäÔöäÔöäÔöäÔöäÔöäÔöä[0m
[38;5;12mÔöé ­ƒÆí [Tag] Message 582[0m
[38;5;12mÔööÔöÇÔöÇÔöÇÔöÇÔöÇÔöÇÔöÇÔöÇÔöÇÔöÇÔöÇÔöÇÔöÇÔöÇÔöÇÔöÇÔöÇÔöÇÔöÇÔöÇÔöÇÔöÇÔöÇÔöÇÔöÇÔöÇÔöÇÔöÇÔöÇÔöÇÔöÇÔöÇÔöÇÔöÇÔöÇÔöÇÔöÇÔöÇÔöÇÔöÇÔöÇÔöÇÔöÇÔöÇÔöÇÔöÇÔöÇÔöÇÔöÇÔöÇÔöÇÔöÇÔöÇÔöÇÔöÇÔöÇÔöÇÔöÇÔöÇÔöÇÔöÇÔöÇÔöÇÔöÇÔöÇÔöÇÔöÇÔöÇÔöÇÔöÇÔöÇÔöÇÔöÇÔöÇÔöÇÔöÇÔöÇÔöÇÔöÇ[0m
[38;5;12mÔöîÔöÇÔöÇÔöÇÔöÇÔöÇÔöÇÔöÇÔöÇÔöÇÔöÇÔöÇÔöÇÔöÇÔöÇÔöÇÔöÇÔöÇÔöÇÔöÇÔöÇÔöÇÔöÇÔöÇÔöÇÔöÇÔöÇÔöÇÔöÇÔöÇÔöÇÔöÇÔöÇÔöÇÔöÇÔöÇÔöÇÔöÇÔöÇÔöÇÔöÇÔöÇÔöÇÔöÇÔöÇÔöÇÔöÇÔöÇÔöÇÔöÇÔöÇÔöÇÔöÇÔöÇÔöÇÔöÇÔöÇÔöÇÔöÇÔöÇÔöÇÔöÇÔöÇÔöÇÔöÇÔöÇÔöÇÔöÇÔöÇÔöÇÔöÇÔöÇÔöÇÔöÇÔöÇÔöÇÔöÇÔöÇÔöÇÔöÇ[0m
[38;5;12mÔöé 01:00:45.892 (+0:00:00.030026)[0m
[38;5;12mÔö£ÔöäÔöäÔöäÔöäÔöäÔöäÔöäÔöäÔöäÔöäÔöäÔöäÔöäÔöäÔöäÔöäÔöäÔöäÔöäÔöäÔöäÔöäÔöäÔöäÔöäÔöäÔöäÔöäÔöäÔöäÔöäÔöäÔöäÔöäÔöäÔöäÔöäÔöäÔöäÔöäÔöäÔöäÔöäÔöäÔöäÔöäÔöäÔöäÔöäÔöäÔöäÔöäÔöäÔöäÔöäÔöäÔöäÔöäÔöäÔöäÔöäÔöäÔöäÔöäÔöäÔöäÔöäÔöäÔöäÔöäÔöäÔöäÔöäÔöäÔöäÔöäÔöäÔöäÔöä[0m
[38;5;12mÔöé ­ƒÆí [Tag] Message 583[0m
[38;5;12mÔööÔöÇÔöÇÔöÇÔöÇÔöÇÔöÇÔöÇÔöÇÔöÇÔöÇÔöÇÔöÇÔöÇÔöÇÔöÇÔöÇÔöÇÔöÇÔöÇÔöÇÔöÇÔöÇÔöÇÔöÇÔöÇÔöÇÔöÇÔöÇÔöÇÔöÇÔöÇÔöÇÔöÇÔöÇÔöÇÔöÇÔöÇÔöÇÔöÇÔöÇÔöÇÔöÇÔöÇÔöÇÔöÇÔöÇÔöÇÔöÇÔöÇÔöÇÔöÇÔöÇÔöÇÔöÇÔöÇÔöÇÔöÇÔöÇÔöÇÔöÇÔöÇÔöÇÔöÇÔöÇÔöÇÔöÇÔöÇÔöÇÔöÇÔöÇÔöÇÔöÇÔöÇÔöÇÔöÇÔöÇÔöÇÔöÇÔöÇ[0m
[38;5;12mÔöîÔöÇÔöÇÔöÇÔöÇÔöÇÔöÇÔöÇÔöÇÔöÇÔöÇÔöÇÔöÇÔöÇÔöÇÔöÇÔöÇÔöÇÔöÇÔöÇÔöÇÔöÇÔöÇÔöÇÔöÇÔöÇÔöÇÔöÇÔöÇÔöÇÔöÇÔöÇÔöÇÔöÇÔöÇÔöÇÔöÇÔöÇÔöÇÔöÇÔöÇÔöÇÔöÇÔöÇÔöÇÔöÇÔöÇÔöÇÔöÇÔöÇÔöÇÔöÇÔöÇÔöÇÔöÇÔöÇÔöÇÔöÇÔöÇÔöÇÔöÇÔöÇÔöÇÔöÇÔöÇÔöÇÔöÇÔöÇÔöÇÔöÇÔöÇÔöÇÔöÇÔöÇÔöÇÔöÇÔöÇÔöÇÔöÇÔöÇ[0m
[38;5;12mÔöé 01:00:45.892 (+0:00:00.030026)[0m
[38;5;12mÔö£ÔöäÔöäÔöäÔöäÔöäÔöäÔöäÔöäÔöäÔöäÔöäÔöäÔöäÔöäÔöäÔöäÔöäÔöäÔöäÔöäÔöäÔöäÔöäÔöäÔöäÔöäÔöäÔöäÔöäÔöäÔöäÔöäÔöäÔöäÔöäÔöäÔöäÔöäÔöäÔöäÔöäÔöäÔöäÔöäÔöäÔöäÔöäÔöäÔöäÔöäÔöäÔöäÔöäÔöäÔöäÔöäÔöäÔöäÔöäÔöäÔöäÔöäÔöäÔöäÔöäÔöäÔöäÔöäÔöäÔöäÔöäÔöäÔöäÔöäÔöäÔöäÔöäÔöäÔöä[0m
[38;5;12mÔöé ­ƒÆí [Tag] Message 584[0m
[38;5;12mÔööÔöÇÔöÇÔöÇÔöÇÔöÇÔöÇÔöÇÔöÇÔöÇÔöÇÔöÇÔöÇÔöÇÔöÇÔöÇÔöÇÔöÇÔöÇÔöÇÔöÇÔöÇÔöÇÔöÇÔöÇÔöÇÔöÇÔöÇÔöÇÔöÇÔöÇÔöÇÔöÇÔöÇÔöÇÔöÇÔöÇÔöÇÔöÇÔöÇÔöÇÔöÇÔöÇÔöÇÔöÇÔöÇÔöÇÔöÇÔöÇÔöÇÔöÇÔöÇÔöÇÔöÇÔöÇÔöÇÔöÇÔöÇÔöÇÔöÇÔöÇÔöÇÔöÇÔöÇÔöÇÔöÇÔöÇÔöÇÔöÇÔöÇÔöÇÔöÇÔöÇÔöÇÔöÇÔöÇÔöÇÔöÇÔöÇÔöÇ[0m
[38;5;12mÔöîÔöÇÔöÇÔöÇÔöÇÔöÇÔöÇÔöÇÔöÇÔöÇÔöÇÔöÇÔöÇÔöÇÔöÇÔöÇÔöÇÔöÇÔöÇÔöÇÔöÇÔöÇÔöÇÔöÇÔöÇÔöÇÔöÇÔöÇÔöÇÔöÇÔöÇÔöÇÔöÇÔöÇÔöÇÔöÇÔöÇÔöÇÔöÇÔöÇÔöÇÔöÇÔöÇÔöÇÔöÇÔöÇÔöÇÔöÇÔöÇÔöÇÔöÇÔöÇÔöÇÔöÇÔöÇÔöÇÔöÇÔöÇÔöÇÔöÇÔöÇÔöÇÔöÇÔöÇÔöÇÔöÇÔöÇÔöÇÔöÇÔöÇÔöÇÔöÇÔöÇÔöÇÔöÇÔöÇÔöÇÔöÇÔöÇÔöÇ[0m
[38;5;12mÔöé 01:00:45.892 (+0:00:00.030026)[0m
[38;5;12mÔö£ÔöäÔöäÔöäÔöäÔöäÔöäÔöäÔöäÔöäÔöäÔöäÔöäÔöäÔöäÔöäÔöäÔöäÔöäÔöäÔöäÔöäÔöäÔöäÔöäÔöäÔöäÔöäÔöäÔöäÔöäÔöäÔöäÔöäÔöäÔöäÔöäÔöäÔöäÔöäÔöäÔöäÔöäÔöäÔöäÔöäÔöäÔöäÔöäÔöäÔöäÔöäÔöäÔöäÔöäÔöäÔöäÔöäÔöäÔöäÔöäÔöäÔöäÔöäÔöäÔöäÔöäÔöäÔöäÔöäÔöäÔöäÔöäÔöäÔöäÔöäÔöäÔöäÔöäÔöä[0m
[38;5;12mÔöé ­ƒÆí [Tag] Message 585[0m
[38;5;12mÔööÔöÇÔöÇÔöÇÔöÇÔöÇÔöÇÔöÇÔöÇÔöÇÔöÇÔöÇÔöÇÔöÇÔöÇÔöÇÔöÇÔöÇÔöÇÔöÇÔöÇÔöÇÔöÇÔöÇÔöÇÔöÇÔöÇÔöÇÔöÇÔöÇÔöÇÔöÇÔöÇÔöÇÔöÇÔöÇÔöÇÔöÇÔöÇÔöÇÔöÇÔöÇÔöÇÔöÇÔöÇÔöÇÔöÇÔöÇÔöÇÔöÇÔöÇÔöÇÔöÇÔöÇÔöÇÔöÇÔöÇÔöÇÔöÇÔöÇÔöÇÔöÇÔöÇÔöÇÔöÇÔöÇÔöÇÔöÇÔöÇÔöÇÔöÇÔöÇÔöÇÔöÇÔöÇÔöÇÔöÇÔöÇÔöÇÔöÇ[0m
[38;5;12mÔöîÔöÇÔöÇÔöÇÔöÇÔöÇÔöÇÔöÇÔöÇÔöÇÔöÇÔöÇÔöÇÔöÇÔöÇÔöÇÔöÇÔöÇÔöÇÔöÇÔöÇÔöÇÔöÇÔöÇÔöÇÔöÇÔöÇÔöÇÔöÇÔöÇÔöÇÔöÇÔöÇÔöÇÔöÇÔöÇÔöÇÔöÇÔöÇÔöÇÔöÇÔöÇÔöÇÔöÇÔöÇÔöÇÔöÇÔöÇÔöÇÔöÇÔöÇÔöÇÔöÇÔöÇÔöÇÔöÇÔöÇÔöÇÔöÇÔöÇÔöÇÔöÇÔöÇÔöÇÔöÇÔöÇÔöÇÔöÇÔöÇÔöÇÔöÇÔöÇÔöÇÔöÇÔöÇÔöÇÔöÇÔöÇÔöÇÔöÇ[0m
[38;5;12mÔöé 01:00:45.892 (+0:00:00.030026)[0m
[38;5;12mÔö£ÔöäÔöäÔöäÔöäÔöäÔöäÔöäÔöäÔöäÔöäÔöäÔöäÔöäÔöäÔöäÔöäÔöäÔöäÔöäÔöäÔöäÔöäÔöäÔöäÔöäÔöäÔöäÔöäÔöäÔöäÔöäÔöäÔöäÔöäÔöäÔöäÔöäÔöäÔöäÔöäÔöäÔöäÔöäÔöäÔöäÔöäÔöäÔöäÔöäÔöäÔöäÔöäÔöäÔöäÔöäÔöäÔöäÔöäÔöäÔöäÔöäÔöäÔöäÔöäÔöäÔöäÔöäÔöäÔöäÔöäÔöäÔöäÔöäÔöäÔöäÔöäÔöäÔöäÔöä[0m
[38;5;12mÔöé ­ƒÆí [Tag] Message 586[0m
[38;5;12mÔööÔöÇÔöÇÔöÇÔöÇÔöÇÔöÇÔöÇÔöÇÔöÇÔöÇÔöÇÔöÇÔöÇÔöÇÔöÇÔöÇÔöÇÔöÇÔöÇÔöÇÔöÇÔöÇÔöÇÔöÇÔöÇÔöÇÔöÇÔöÇÔöÇÔöÇÔöÇÔöÇÔöÇÔöÇÔöÇÔöÇÔöÇÔöÇÔöÇÔöÇÔöÇÔöÇÔöÇÔöÇÔöÇÔöÇÔöÇÔöÇÔöÇÔöÇÔöÇÔöÇÔöÇÔöÇÔöÇÔöÇÔöÇÔöÇÔöÇÔöÇÔöÇÔöÇÔöÇÔöÇÔöÇÔöÇÔöÇÔöÇÔöÇÔöÇÔöÇÔöÇÔöÇÔöÇÔöÇÔöÇÔöÇÔöÇÔöÇ[0m
[38;5;12mÔöîÔöÇÔöÇÔöÇÔöÇÔöÇÔöÇÔöÇÔöÇÔöÇÔöÇÔöÇÔöÇÔöÇÔöÇÔöÇÔöÇÔöÇÔöÇÔöÇÔöÇÔöÇÔöÇÔöÇÔöÇÔöÇÔöÇÔöÇÔöÇÔöÇÔöÇÔöÇÔöÇÔöÇÔöÇÔöÇÔöÇÔöÇÔöÇÔöÇÔöÇÔöÇÔöÇÔöÇÔöÇÔöÇÔöÇÔöÇÔöÇÔöÇÔöÇÔöÇÔöÇÔöÇÔöÇÔöÇÔöÇÔöÇÔöÇÔöÇÔöÇÔöÇÔöÇÔöÇÔöÇÔöÇÔöÇÔöÇÔöÇÔöÇÔöÇÔöÇÔöÇÔöÇÔöÇÔöÇÔöÇÔöÇÔöÇÔöÇ[0m
[38;5;12mÔöé 01:00:45.892 (+0:00:00.030026)[0m
[38;5;12mÔö£ÔöäÔöäÔöäÔöäÔöäÔöäÔöäÔöäÔöäÔöäÔöäÔöäÔöäÔöäÔöäÔöäÔöäÔöäÔöäÔöäÔöäÔöäÔöäÔöäÔöäÔöäÔöäÔöäÔöäÔöäÔöäÔöäÔöäÔöäÔöäÔöäÔöäÔöäÔöäÔöäÔöäÔöäÔöäÔöäÔöäÔöäÔöäÔöäÔöäÔöäÔöäÔöäÔöäÔöäÔöäÔöäÔöäÔöäÔöäÔöäÔöäÔöäÔöäÔöäÔöäÔöäÔöäÔöäÔöäÔöäÔöäÔöäÔöäÔöäÔöäÔöäÔöäÔöäÔöä[0m
[38;5;12mÔöé ­ƒÆí [Tag] Message 587[0m
[38;5;12mÔööÔöÇÔöÇÔöÇÔöÇÔöÇÔöÇÔöÇÔöÇÔöÇÔöÇÔöÇÔöÇÔöÇÔöÇÔöÇÔöÇÔöÇÔöÇÔöÇÔöÇÔöÇÔöÇÔöÇÔöÇÔöÇÔöÇÔöÇÔöÇÔöÇÔöÇÔöÇÔöÇÔöÇÔöÇÔöÇÔöÇÔöÇÔöÇÔöÇÔöÇÔöÇÔöÇÔöÇÔöÇÔöÇÔöÇÔöÇÔöÇÔöÇÔöÇÔöÇÔöÇÔöÇÔöÇÔöÇÔöÇÔöÇÔöÇÔöÇÔöÇÔöÇÔöÇÔöÇÔöÇÔöÇÔöÇÔöÇÔöÇÔöÇÔöÇÔöÇÔöÇÔöÇÔöÇÔöÇÔöÇÔöÇÔöÇÔöÇ[0m
[38;5;12mÔöîÔöÇÔöÇÔöÇÔöÇÔöÇÔöÇÔöÇÔöÇÔöÇÔöÇÔöÇÔöÇÔöÇÔöÇÔöÇÔöÇÔöÇÔöÇÔöÇÔöÇÔöÇÔöÇÔöÇÔöÇÔöÇÔöÇÔöÇÔöÇÔöÇÔöÇÔöÇÔöÇÔöÇÔöÇÔöÇÔöÇÔöÇÔöÇÔöÇÔöÇÔöÇÔöÇÔöÇÔöÇÔöÇÔöÇÔöÇÔöÇÔöÇÔöÇÔöÇÔöÇÔöÇÔöÇÔöÇÔöÇÔöÇÔöÇÔöÇÔöÇÔöÇÔöÇÔöÇÔöÇÔöÇÔöÇÔöÇÔöÇÔöÇÔöÇÔöÇÔöÇÔöÇÔöÇÔöÇÔöÇÔöÇÔöÇÔöÇ[0m
[38;5;12mÔöé 01:00:45.892 (+0:00:00.030026)[0m
[38;5;12mÔö£ÔöäÔöäÔöäÔöäÔöäÔöäÔöäÔöäÔöäÔöäÔöäÔöäÔöäÔöäÔöäÔöäÔöäÔöäÔöäÔöäÔöäÔöäÔöäÔöäÔöäÔöäÔöäÔöäÔöäÔöäÔöäÔöäÔöäÔöäÔöäÔöäÔöäÔöäÔöäÔöäÔöäÔöäÔöäÔöäÔöäÔöäÔöäÔöäÔöäÔöäÔöäÔöäÔöäÔöäÔöäÔöäÔöäÔöäÔöäÔöäÔöäÔöäÔöäÔöäÔöäÔöäÔöäÔöäÔöäÔöäÔöäÔöäÔöäÔöäÔöäÔöäÔöäÔöäÔöä[0m
[38;5;12mÔöé ­ƒÆí [Tag] Message 588[0m
[38;5;12mÔööÔöÇÔöÇÔöÇÔöÇÔöÇÔöÇÔöÇÔöÇÔöÇÔöÇÔöÇÔöÇÔöÇÔöÇÔöÇÔöÇÔöÇÔöÇÔöÇÔöÇÔöÇÔöÇÔöÇÔöÇÔöÇÔöÇÔöÇÔöÇÔöÇÔöÇÔöÇÔöÇÔöÇÔöÇÔöÇÔöÇÔöÇÔöÇÔöÇÔöÇÔöÇÔöÇÔöÇÔöÇÔöÇÔöÇÔöÇÔöÇÔöÇÔöÇÔöÇÔöÇÔöÇÔöÇÔöÇÔöÇÔöÇÔöÇÔöÇÔöÇÔöÇÔöÇÔöÇÔöÇÔöÇÔöÇÔöÇÔöÇÔöÇÔöÇÔöÇÔöÇÔöÇÔöÇÔöÇÔöÇÔöÇÔöÇÔöÇ[0m
[38;5;12mÔöîÔöÇÔöÇÔöÇÔöÇÔöÇÔöÇÔöÇÔöÇÔöÇÔöÇÔöÇÔöÇÔöÇÔöÇÔöÇÔöÇÔöÇÔöÇÔöÇÔöÇÔöÇÔöÇÔöÇÔöÇÔöÇÔöÇÔöÇÔöÇÔöÇÔöÇÔöÇÔöÇÔöÇÔöÇÔöÇÔöÇÔöÇÔöÇÔöÇÔöÇÔöÇÔöÇÔöÇÔöÇÔöÇÔöÇÔöÇÔöÇÔöÇÔöÇÔöÇÔöÇÔöÇÔöÇÔöÇÔöÇÔöÇÔöÇÔöÇÔöÇÔöÇÔöÇÔöÇÔöÇÔöÇÔöÇÔöÇÔöÇÔöÇÔöÇÔöÇÔöÇÔöÇÔöÇÔöÇÔöÇÔöÇÔöÇÔöÇ[0m
[38;5;12mÔöé 01:00:45.892 (+0:00:00.030026)[0m
[38;5;12mÔö£ÔöäÔöäÔöäÔöäÔöäÔöäÔöäÔöäÔöäÔöäÔöäÔöäÔöäÔöäÔöäÔöäÔöäÔöäÔöäÔöäÔöäÔöäÔöäÔöäÔöäÔöäÔöäÔöäÔöäÔöäÔöäÔöäÔöäÔöäÔöäÔöäÔöäÔöäÔöäÔöäÔöäÔöäÔöäÔöäÔöäÔöäÔöäÔöäÔöäÔöäÔöäÔöäÔöäÔöäÔöäÔöäÔöäÔöäÔöäÔöäÔöäÔöäÔöäÔöäÔöäÔöäÔöäÔöäÔöäÔöäÔöäÔöäÔöäÔöäÔöäÔöäÔöäÔöäÔöä[0m
[38;5;12mÔöé ­ƒÆí [Tag] Message 589[0m
[38;5;12mÔööÔöÇÔöÇÔöÇÔöÇÔöÇÔöÇÔöÇÔöÇÔöÇÔöÇÔöÇÔöÇÔöÇÔöÇÔöÇÔöÇÔöÇÔöÇÔöÇÔöÇÔöÇÔöÇÔöÇÔöÇÔöÇÔöÇÔöÇÔöÇÔöÇÔöÇÔöÇÔöÇÔöÇÔöÇÔöÇÔöÇÔöÇÔöÇÔöÇÔöÇÔöÇÔöÇÔöÇÔöÇÔöÇÔöÇÔöÇÔöÇÔöÇÔöÇÔöÇÔöÇÔöÇÔöÇÔöÇÔöÇÔöÇÔöÇÔöÇÔöÇÔöÇÔöÇÔöÇÔöÇÔöÇÔöÇÔöÇÔöÇÔöÇÔöÇÔöÇÔöÇÔöÇÔöÇÔöÇÔöÇÔöÇÔöÇÔöÇ[0m
[38;5;12mÔöîÔöÇÔöÇÔöÇÔöÇÔöÇÔöÇÔöÇÔöÇÔöÇÔöÇÔöÇÔöÇÔöÇÔöÇÔöÇÔöÇÔöÇÔöÇÔöÇÔöÇÔöÇÔöÇÔöÇÔöÇÔöÇÔöÇÔöÇÔöÇÔöÇÔöÇÔöÇÔöÇÔöÇÔöÇÔöÇÔöÇÔöÇÔöÇÔöÇÔöÇÔöÇÔöÇÔöÇÔöÇÔöÇÔöÇÔöÇÔöÇÔöÇÔöÇÔöÇÔöÇÔöÇÔöÇÔöÇÔöÇÔöÇÔöÇÔöÇÔöÇÔöÇÔöÇÔöÇÔöÇÔöÇÔöÇÔöÇÔöÇÔöÇÔöÇÔöÇÔöÇÔöÇÔöÇÔöÇÔöÇÔöÇÔöÇÔöÇ[0m
[38;5;12mÔöé 01:00:45.892 (+0:00:00.030026)[0m
[38;5;12mÔö£ÔöäÔöäÔöäÔöäÔöäÔöäÔöäÔöäÔöäÔöäÔöäÔöäÔöäÔöäÔöäÔöäÔöäÔöäÔöäÔöäÔöäÔöäÔöäÔöäÔöäÔöäÔöäÔöäÔöäÔöäÔöäÔöäÔöäÔöäÔöäÔöäÔöäÔöäÔöäÔöäÔöäÔöäÔöäÔöäÔöäÔöäÔöäÔöäÔöäÔöäÔöäÔöäÔöäÔöäÔöäÔöäÔöäÔöäÔöäÔöäÔöäÔöäÔöäÔöäÔöäÔöäÔöäÔöäÔöäÔöäÔöäÔöäÔöäÔöäÔöäÔöäÔöäÔöäÔöä[0m
[38;5;12mÔöé ­ƒÆí [Tag] Message 590[0m
[38;5;12mÔööÔöÇÔöÇÔöÇÔöÇÔöÇÔöÇÔöÇÔöÇÔöÇÔöÇÔöÇÔöÇÔöÇÔöÇÔöÇÔöÇÔöÇÔöÇÔöÇÔöÇÔöÇÔöÇÔöÇÔöÇÔöÇÔöÇÔöÇÔöÇÔöÇÔöÇÔöÇÔöÇÔöÇÔöÇÔöÇÔöÇÔöÇÔöÇÔöÇÔöÇÔöÇÔöÇÔöÇÔöÇÔöÇÔöÇÔöÇÔöÇÔöÇÔöÇÔöÇÔöÇÔöÇÔöÇÔöÇÔöÇÔöÇÔöÇÔöÇÔöÇÔöÇÔöÇÔöÇÔöÇÔöÇÔöÇÔöÇÔöÇÔöÇÔöÇÔöÇÔöÇÔöÇÔöÇÔöÇÔöÇÔöÇÔöÇÔöÇ[0m
[38;5;12mÔöîÔöÇÔöÇÔöÇÔöÇÔöÇÔöÇÔöÇÔöÇÔöÇÔöÇÔöÇÔöÇÔöÇÔöÇÔöÇÔöÇÔöÇÔöÇÔöÇÔöÇÔöÇÔöÇÔöÇÔöÇÔöÇÔöÇÔöÇÔöÇÔöÇÔöÇÔöÇÔöÇÔöÇÔöÇÔöÇÔöÇÔöÇÔöÇÔöÇÔöÇÔöÇÔöÇÔöÇÔöÇÔöÇÔöÇÔöÇÔöÇÔöÇÔöÇÔöÇÔöÇÔöÇÔöÇÔöÇÔöÇÔöÇÔöÇÔöÇÔöÇÔöÇÔöÇÔöÇÔöÇÔöÇÔöÇÔöÇÔöÇÔöÇÔöÇÔöÇÔöÇÔöÇÔöÇÔöÇÔöÇÔöÇÔöÇÔöÇ[0m
[38;5;12mÔöé 01:00:45.892 (+0:00:00.030026)[0m
[38;5;12mÔö£ÔöäÔöäÔöäÔöäÔöäÔöäÔöäÔöäÔöäÔöäÔöäÔöäÔöäÔöäÔöäÔöäÔöäÔöäÔöäÔöäÔöäÔöäÔöäÔöäÔöäÔöäÔöäÔöäÔöäÔöäÔöäÔöäÔöäÔöäÔöäÔöäÔöäÔöäÔöäÔöäÔöäÔöäÔöäÔöäÔöäÔöäÔöäÔöäÔöäÔöäÔöäÔöäÔöäÔöäÔöäÔöäÔöäÔöäÔöäÔöäÔöäÔöäÔöäÔöäÔöäÔöäÔöäÔöäÔöäÔöäÔöäÔöäÔöäÔöäÔöäÔöäÔöäÔöäÔöä[0m
[38;5;12mÔöé ­ƒÆí [Tag] Message 591[0m
[38;5;12mÔööÔöÇÔöÇÔöÇÔöÇÔöÇÔöÇÔöÇÔöÇÔöÇÔöÇÔöÇÔöÇÔöÇÔöÇÔöÇÔöÇÔöÇÔöÇÔöÇÔöÇÔöÇÔöÇÔöÇÔöÇÔöÇÔöÇÔöÇÔöÇÔöÇÔöÇÔöÇÔöÇÔöÇÔöÇÔöÇÔöÇÔöÇÔöÇÔöÇÔöÇÔöÇÔöÇÔöÇÔöÇÔöÇÔöÇÔöÇÔöÇÔöÇÔöÇÔöÇÔöÇÔöÇÔöÇÔöÇÔöÇÔöÇÔöÇÔöÇÔöÇÔöÇÔöÇÔöÇÔöÇÔöÇÔöÇÔöÇÔöÇÔöÇÔöÇÔöÇÔöÇÔöÇÔöÇÔöÇÔöÇÔöÇÔöÇÔöÇ[0m
[38;5;12mÔöîÔöÇÔöÇÔöÇÔöÇÔöÇÔöÇÔöÇÔöÇÔöÇÔöÇÔöÇÔöÇÔöÇÔöÇÔöÇÔöÇÔöÇÔöÇÔöÇÔöÇÔöÇÔöÇÔöÇÔöÇÔöÇÔöÇÔöÇÔöÇÔöÇÔöÇÔöÇÔöÇÔöÇÔöÇÔöÇÔöÇÔöÇÔöÇÔöÇÔöÇÔöÇÔöÇÔöÇÔöÇÔöÇÔöÇÔöÇÔöÇÔöÇÔöÇÔöÇÔöÇÔöÇÔöÇÔöÇÔöÇÔöÇÔöÇÔöÇÔöÇÔöÇÔöÇÔöÇÔöÇÔöÇÔöÇÔöÇÔöÇÔöÇÔöÇÔöÇÔöÇÔöÇÔöÇÔöÇÔöÇÔöÇÔöÇÔöÇ[0m
[38;5;12mÔöé 01:00:45.892 (+0:00:00.030026)[0m
[38;5;12mÔö£ÔöäÔöäÔöäÔöäÔöäÔöäÔöäÔöäÔöäÔöäÔöäÔöäÔöäÔöäÔöäÔöäÔöäÔöäÔöäÔöäÔöäÔöäÔöäÔöäÔöäÔöäÔöäÔöäÔöäÔöäÔöäÔöäÔöäÔöäÔöäÔöäÔöäÔöäÔöäÔöäÔöäÔöäÔöäÔöäÔöäÔöäÔöäÔöäÔöäÔöäÔöäÔöäÔöäÔöäÔöäÔöäÔöäÔöäÔöäÔöäÔöäÔöäÔöäÔöäÔöäÔöäÔöäÔöäÔöäÔöäÔöäÔöäÔöäÔöäÔöäÔöäÔöäÔöäÔöä[0m
[38;5;12mÔöé ­ƒÆí [Tag] Message 592[0m
[38;5;12mÔööÔöÇÔöÇÔöÇÔöÇÔöÇÔöÇÔöÇÔöÇÔöÇÔöÇÔöÇÔöÇÔöÇÔöÇÔöÇÔöÇÔöÇÔöÇÔöÇÔöÇÔöÇÔöÇÔöÇÔöÇÔöÇÔöÇÔöÇÔöÇÔöÇÔöÇÔöÇÔöÇÔöÇÔöÇÔöÇÔöÇÔöÇÔöÇÔöÇÔöÇÔöÇÔöÇÔöÇÔöÇÔöÇÔöÇÔöÇÔöÇÔöÇÔöÇÔöÇÔöÇÔöÇÔöÇÔöÇÔöÇÔöÇÔöÇÔöÇÔöÇÔöÇÔöÇÔöÇÔöÇÔöÇÔöÇÔöÇÔöÇÔöÇÔöÇÔöÇÔöÇÔöÇÔöÇÔöÇÔöÇÔöÇÔöÇÔöÇ[0m
[38;5;12mÔöîÔöÇÔöÇÔöÇÔöÇÔöÇÔöÇÔöÇÔöÇÔöÇÔöÇÔöÇÔöÇÔöÇÔöÇÔöÇÔöÇÔöÇÔöÇÔöÇÔöÇÔöÇÔöÇÔöÇÔöÇÔöÇÔöÇÔöÇÔöÇÔöÇÔöÇÔöÇÔöÇÔöÇÔöÇÔöÇÔöÇÔöÇÔöÇÔöÇÔöÇÔöÇÔöÇÔöÇÔöÇÔöÇÔöÇÔöÇÔöÇÔöÇÔöÇÔöÇÔöÇÔöÇÔöÇÔöÇÔöÇÔöÇÔöÇÔöÇÔöÇÔöÇÔöÇÔöÇÔöÇÔöÇÔöÇÔöÇÔöÇÔöÇÔöÇÔöÇÔöÇÔöÇÔöÇÔöÇÔöÇÔöÇÔöÇÔöÇ[0m
[38;5;12mÔöé 01:00:45.892 (+0:00:00.030026)[0m
[38;5;12mÔö£ÔöäÔöäÔöäÔöäÔöäÔöäÔöäÔöäÔöäÔöäÔöäÔöäÔöäÔöäÔöäÔöäÔöäÔöäÔöäÔöäÔöäÔöäÔöäÔöäÔöäÔöäÔöäÔöäÔöäÔöäÔöäÔöäÔöäÔöäÔöäÔöäÔöäÔöäÔöäÔöäÔöäÔöäÔöäÔöäÔöäÔöäÔöäÔöäÔöäÔöäÔöäÔöäÔöäÔöäÔöäÔöäÔöäÔöäÔöäÔöäÔöäÔöäÔöäÔöäÔöäÔöäÔöäÔöäÔöäÔöäÔöäÔöäÔöäÔöäÔöäÔöäÔöäÔöäÔöä[0m
[38;5;12mÔöé ­ƒÆí [Tag] Message 593[0m
[38;5;12mÔööÔöÇÔöÇÔöÇÔöÇÔöÇÔöÇÔöÇÔöÇÔöÇÔöÇÔöÇÔöÇÔöÇÔöÇÔöÇÔöÇÔöÇÔöÇÔöÇÔöÇÔöÇÔöÇÔöÇÔöÇÔöÇÔöÇÔöÇÔöÇÔöÇÔöÇÔöÇÔöÇÔöÇÔöÇÔöÇÔöÇÔöÇÔöÇÔöÇÔöÇÔöÇÔöÇÔöÇÔöÇÔöÇÔöÇÔöÇÔöÇÔöÇÔöÇÔöÇÔöÇÔöÇÔöÇÔöÇÔöÇÔöÇÔöÇÔöÇÔöÇÔöÇÔöÇÔöÇÔöÇÔöÇÔöÇÔöÇÔöÇÔöÇÔöÇÔöÇÔöÇÔöÇÔöÇÔöÇÔöÇÔöÇÔöÇÔöÇ[0m
[38;5;12mÔöîÔöÇÔöÇÔöÇÔöÇÔöÇÔöÇÔöÇÔöÇÔöÇÔöÇÔöÇÔöÇÔöÇÔöÇÔöÇÔöÇÔöÇÔöÇÔöÇÔöÇÔöÇÔöÇÔöÇÔöÇÔöÇÔöÇÔöÇÔöÇÔöÇÔöÇÔöÇÔöÇÔöÇÔöÇÔöÇÔöÇÔöÇÔöÇÔöÇÔöÇÔöÇÔöÇÔöÇÔöÇÔöÇÔöÇÔöÇÔöÇÔöÇÔöÇÔöÇÔöÇÔöÇÔöÇÔöÇÔöÇÔöÇÔöÇÔöÇÔöÇÔöÇÔöÇÔöÇÔöÇÔöÇÔöÇÔöÇÔöÇÔöÇÔöÇÔöÇÔöÇÔöÇÔöÇÔöÇÔöÇÔöÇÔöÇÔöÇ[0m
[38;5;12mÔöé 01:00:45.892 (+0:00:00.030026)[0m
[38;5;12mÔö£ÔöäÔöäÔöäÔöäÔöäÔöäÔöäÔöäÔöäÔöäÔöäÔöäÔöäÔöäÔöäÔöäÔöäÔöäÔöäÔöäÔöäÔöäÔöäÔöäÔöäÔöäÔöäÔöäÔöäÔöäÔöäÔöäÔöäÔöäÔöäÔöäÔöäÔöäÔöäÔöäÔöäÔöäÔöäÔöäÔöäÔöäÔöäÔöäÔöäÔöäÔöäÔöäÔöäÔöäÔöäÔöäÔöäÔöäÔöäÔöäÔöäÔöäÔöäÔöäÔöäÔöäÔöäÔöäÔöäÔöäÔöäÔöäÔöäÔöäÔöäÔöäÔöäÔöäÔöä[0m
[38;5;12mÔöé ­ƒÆí [Tag] Message 594[0m
[38;5;12mÔööÔöÇÔöÇÔöÇÔöÇÔöÇÔöÇÔöÇÔöÇÔöÇÔöÇÔöÇÔöÇÔöÇÔöÇÔöÇÔöÇÔöÇÔöÇÔöÇÔöÇÔöÇÔöÇÔöÇÔöÇÔöÇÔöÇÔöÇÔöÇÔöÇÔöÇÔöÇÔöÇÔöÇÔöÇÔöÇÔöÇÔöÇÔöÇÔöÇÔöÇÔöÇÔöÇÔöÇÔöÇÔöÇÔöÇÔöÇÔöÇÔöÇÔöÇÔöÇÔöÇÔöÇÔöÇÔöÇÔöÇÔöÇÔöÇÔöÇÔöÇÔöÇÔöÇÔöÇÔöÇÔöÇÔöÇÔöÇÔöÇÔöÇÔöÇÔöÇÔöÇÔöÇÔöÇÔöÇÔöÇÔöÇÔöÇÔöÇ[0m
[38;5;12mÔöîÔöÇÔöÇÔöÇÔöÇÔöÇÔöÇÔöÇÔöÇÔöÇÔöÇÔöÇÔöÇÔöÇÔöÇÔöÇÔöÇÔöÇÔöÇÔöÇÔöÇÔöÇÔöÇÔöÇÔöÇÔöÇÔöÇÔöÇÔöÇÔöÇÔöÇÔöÇÔöÇÔöÇÔöÇÔöÇÔöÇÔöÇÔöÇÔöÇÔöÇÔöÇÔöÇÔöÇÔöÇÔöÇÔöÇÔöÇÔöÇÔöÇÔöÇÔöÇÔöÇÔöÇÔöÇÔöÇÔöÇÔöÇÔöÇÔöÇÔöÇÔöÇÔöÇÔöÇÔöÇÔöÇÔöÇÔöÇÔöÇÔöÇÔöÇÔöÇÔöÇÔöÇÔöÇÔöÇÔöÇÔöÇÔöÇÔöÇ[0m
[38;5;12mÔöé 01:00:45.892 (+0:00:00.030560)[0m
[38;5;12mÔö£ÔöäÔöäÔöäÔöäÔöäÔöäÔöäÔöäÔöäÔöäÔöäÔöäÔöäÔöäÔöäÔöäÔöäÔöäÔöäÔöäÔöäÔöäÔöäÔöäÔöäÔöäÔöäÔöäÔöäÔöäÔöäÔöäÔöäÔöäÔöäÔöäÔöäÔöäÔöäÔöäÔöäÔöäÔöäÔöäÔöäÔöäÔöäÔöäÔöäÔöäÔöäÔöäÔöäÔöäÔöäÔöäÔöäÔöäÔöäÔöäÔöäÔöäÔöäÔöäÔöäÔöäÔöäÔöäÔöäÔöäÔöäÔöäÔöäÔöäÔöäÔöäÔöäÔöäÔöä[0m
[38;5;12mÔöé ­ƒÆí [Tag] Message 595[0m
[38;5;12mÔööÔöÇÔöÇÔöÇÔöÇÔöÇÔöÇÔöÇÔöÇÔöÇÔöÇÔöÇÔöÇÔöÇÔöÇÔöÇÔöÇÔöÇÔöÇÔöÇÔöÇÔöÇÔöÇÔöÇÔöÇÔöÇÔöÇÔöÇÔöÇÔöÇÔöÇÔöÇÔöÇÔöÇÔöÇÔöÇÔöÇÔöÇÔöÇÔöÇÔöÇÔöÇÔöÇÔöÇÔöÇÔöÇÔöÇÔöÇÔöÇÔöÇÔöÇÔöÇÔöÇÔöÇÔöÇÔöÇÔöÇÔöÇÔöÇÔöÇÔöÇÔöÇÔöÇÔöÇÔöÇÔöÇÔöÇÔöÇÔöÇÔöÇÔöÇÔöÇÔöÇÔöÇÔöÇÔöÇÔöÇÔöÇÔöÇÔöÇ[0m
[38;5;12mÔöîÔöÇÔöÇÔöÇÔöÇÔöÇÔöÇÔöÇÔöÇÔöÇÔöÇÔöÇÔöÇÔöÇÔöÇÔöÇÔöÇÔöÇÔöÇÔöÇÔöÇÔöÇÔöÇÔöÇÔöÇÔöÇÔöÇÔöÇÔöÇÔöÇÔöÇÔöÇÔöÇÔöÇÔöÇÔöÇÔöÇÔöÇÔöÇÔöÇÔöÇÔöÇÔöÇÔöÇÔöÇÔöÇÔöÇÔöÇÔöÇÔöÇÔöÇÔöÇÔöÇÔöÇÔöÇÔöÇÔöÇÔöÇÔöÇÔöÇÔöÇÔöÇÔöÇÔöÇÔöÇÔöÇÔöÇÔöÇÔöÇÔöÇÔöÇÔöÇÔöÇÔöÇÔöÇÔöÇÔöÇÔöÇÔöÇÔöÇ[0m
[38;5;12mÔöé 01:00:45.892 (+0:00:00.030560)[0m
[38;5;12mÔö£ÔöäÔöäÔöäÔöäÔöäÔöäÔöäÔöäÔöäÔöäÔöäÔöäÔöäÔöäÔöäÔöäÔöäÔöäÔöäÔöäÔöäÔöäÔöäÔöäÔöäÔöäÔöäÔöäÔöäÔöäÔöäÔöäÔöäÔöäÔöäÔöäÔöäÔöäÔöäÔöäÔöäÔöäÔöäÔöäÔöäÔöäÔöäÔöäÔöäÔöäÔöäÔöäÔöäÔöäÔöäÔöäÔöäÔöäÔöäÔöäÔöäÔöäÔöäÔöäÔöäÔöäÔöäÔöäÔöäÔöäÔöäÔöäÔöäÔöäÔöäÔöäÔöäÔöäÔöä[0m
[38;5;12mÔöé ­ƒÆí [Tag] Message 596[0m
[38;5;12mÔööÔöÇÔöÇÔöÇÔöÇÔöÇÔöÇÔöÇÔöÇÔöÇÔöÇÔöÇÔöÇÔöÇÔöÇÔöÇÔöÇÔöÇÔöÇÔöÇÔöÇÔöÇÔöÇÔöÇÔöÇÔöÇÔöÇÔöÇÔöÇÔöÇÔöÇÔöÇÔöÇÔöÇÔöÇÔöÇÔöÇÔöÇÔöÇÔöÇÔöÇÔöÇÔöÇÔöÇÔöÇÔöÇÔöÇÔöÇÔöÇÔöÇÔöÇÔöÇÔöÇÔöÇÔöÇÔöÇÔöÇÔöÇÔöÇÔöÇÔöÇÔöÇÔöÇÔöÇÔöÇÔöÇÔöÇÔöÇÔöÇÔöÇÔöÇÔöÇÔöÇÔöÇÔöÇÔöÇÔöÇÔöÇÔöÇÔöÇ[0m
[38;5;12mÔöîÔöÇÔöÇÔöÇÔöÇÔöÇÔöÇÔöÇÔöÇÔöÇÔöÇÔöÇÔöÇÔöÇÔöÇÔöÇÔöÇÔöÇÔöÇÔöÇÔöÇÔöÇÔöÇÔöÇÔöÇÔöÇÔöÇÔöÇÔöÇÔöÇÔöÇÔöÇÔöÇÔöÇÔöÇÔöÇÔöÇÔöÇÔöÇÔöÇÔöÇÔöÇÔöÇÔöÇÔöÇÔöÇÔöÇÔöÇÔöÇÔöÇÔöÇÔöÇÔöÇÔöÇÔöÇÔöÇÔöÇÔöÇÔöÇÔöÇÔöÇÔöÇÔöÇÔöÇÔöÇÔöÇÔöÇÔöÇÔöÇÔöÇÔöÇÔöÇÔöÇÔöÇÔöÇÔöÇÔöÇÔöÇÔöÇÔöÇ[0m
[38;5;12mÔöé 01:00:45.892 (+0:00:00.030560)[0m
[38;5;12mÔö£ÔöäÔöäÔöäÔöäÔöäÔöäÔöäÔöäÔöäÔöäÔöäÔöäÔöäÔöäÔöäÔöäÔöäÔöäÔöäÔöäÔöäÔöäÔöäÔöäÔöäÔöäÔöäÔöäÔöäÔöäÔöäÔöäÔöäÔöäÔöäÔöäÔöäÔöäÔöäÔöäÔöäÔöäÔöäÔöäÔöäÔöäÔöäÔöäÔöäÔöäÔöäÔöäÔöäÔöäÔöäÔöäÔöäÔöäÔöäÔöäÔöäÔöäÔöäÔöäÔöäÔöäÔöäÔöäÔöäÔöäÔöäÔöäÔöäÔöäÔöäÔöäÔöäÔöäÔöä[0m
[38;5;12mÔöé ­ƒÆí [Tag] Message 597[0m
[38;5;12mÔööÔöÇÔöÇÔöÇÔöÇÔöÇÔöÇÔöÇÔöÇÔöÇÔöÇÔöÇÔöÇÔöÇÔöÇÔöÇÔöÇÔöÇÔöÇÔöÇÔöÇÔöÇÔöÇÔöÇÔöÇÔöÇÔöÇÔöÇÔöÇÔöÇÔöÇÔöÇÔöÇÔöÇÔöÇÔöÇÔöÇÔöÇÔöÇÔöÇÔöÇÔöÇÔöÇÔöÇÔöÇÔöÇÔöÇÔöÇÔöÇÔöÇÔöÇÔöÇÔöÇÔöÇÔöÇÔöÇÔöÇÔöÇÔöÇÔöÇÔöÇÔöÇÔöÇÔöÇÔöÇÔöÇÔöÇÔöÇÔöÇÔöÇÔöÇÔöÇÔöÇÔöÇÔöÇÔöÇÔöÇÔöÇÔöÇÔöÇ[0m
[38;5;12mÔöîÔöÇÔöÇÔöÇÔöÇÔöÇÔöÇÔöÇÔöÇÔöÇÔöÇÔöÇÔöÇÔöÇÔöÇÔöÇÔöÇÔöÇÔöÇÔöÇÔöÇÔöÇÔöÇÔöÇÔöÇÔöÇÔöÇÔöÇÔöÇÔöÇÔöÇÔöÇÔöÇÔöÇÔöÇÔöÇÔöÇÔöÇÔöÇÔöÇÔöÇÔöÇÔöÇÔöÇÔöÇÔöÇÔöÇÔöÇÔöÇÔöÇÔöÇÔöÇÔöÇÔöÇÔöÇÔöÇÔöÇÔöÇÔöÇÔöÇÔöÇÔöÇÔöÇÔöÇÔöÇÔöÇÔöÇÔöÇÔöÇÔöÇÔöÇÔöÇÔöÇÔöÇÔöÇÔöÇÔöÇÔöÇÔöÇÔöÇ[0m
[38;5;12mÔöé 01:00:45.892 (+0:00:00.030560)[0m
[38;5;12mÔö£ÔöäÔöäÔöäÔöäÔöäÔöäÔöäÔöäÔöäÔöäÔöäÔöäÔöäÔöäÔöäÔöäÔöäÔöäÔöäÔöäÔöäÔöäÔöäÔöäÔöäÔöäÔöäÔöäÔöäÔöäÔöäÔöäÔöäÔöäÔöäÔöäÔöäÔöäÔöäÔöäÔöäÔöäÔöäÔöäÔöäÔöäÔöäÔöäÔöäÔöäÔöäÔöäÔöäÔöäÔöäÔöäÔöäÔöäÔöäÔöäÔöäÔöäÔöäÔöäÔöäÔöäÔöäÔöäÔöäÔöäÔöäÔöäÔöäÔöäÔöäÔöäÔöäÔöäÔöä[0m
[38;5;12mÔöé ­ƒÆí [Tag] Message 598[0m
[38;5;12mÔööÔöÇÔöÇÔöÇÔöÇÔöÇÔöÇÔöÇÔöÇÔöÇÔöÇÔöÇÔöÇÔöÇÔöÇÔöÇÔöÇÔöÇÔöÇÔöÇÔöÇÔöÇÔöÇÔöÇÔöÇÔöÇÔöÇÔöÇÔöÇÔöÇÔöÇÔöÇÔöÇÔöÇÔöÇÔöÇÔöÇÔöÇÔöÇÔöÇÔöÇÔöÇÔöÇÔöÇÔöÇÔöÇÔöÇÔöÇÔöÇÔöÇÔöÇÔöÇÔöÇÔöÇÔöÇÔöÇÔöÇÔöÇÔöÇÔöÇÔöÇÔöÇÔöÇÔöÇÔöÇÔöÇÔöÇÔöÇÔöÇÔöÇÔöÇÔöÇÔöÇÔöÇÔöÇÔöÇÔöÇÔöÇÔöÇÔöÇ[0m
[38;5;12mÔöîÔöÇÔöÇÔöÇÔöÇÔöÇÔöÇÔöÇÔöÇÔöÇÔöÇÔöÇÔöÇÔöÇÔöÇÔöÇÔöÇÔöÇÔöÇÔöÇÔöÇÔöÇÔöÇÔöÇÔöÇÔöÇÔöÇÔöÇÔöÇÔöÇÔöÇÔöÇÔöÇÔöÇÔöÇÔöÇÔöÇÔöÇÔöÇÔöÇÔöÇÔöÇÔöÇÔöÇÔöÇÔöÇÔöÇÔöÇÔöÇÔöÇÔöÇÔöÇÔöÇÔöÇÔöÇÔöÇÔöÇÔöÇÔöÇÔöÇÔöÇÔöÇÔöÇÔöÇÔöÇÔöÇÔöÇÔöÇÔöÇÔöÇÔöÇÔöÇÔöÇÔöÇÔöÇÔöÇÔöÇÔöÇÔöÇÔöÇ[0m
[38;5;12mÔöé 01:00:45.892 (+0:00:00.030560)[0m
[38;5;12mÔö£ÔöäÔöäÔöäÔöäÔöäÔöäÔöäÔöäÔöäÔöäÔöäÔöäÔöäÔöäÔöäÔöäÔöäÔöäÔöäÔöäÔöäÔöäÔöäÔöäÔöäÔöäÔöäÔöäÔöäÔöäÔöäÔöäÔöäÔöäÔöäÔöäÔöäÔöäÔöäÔöäÔöäÔöäÔöäÔöäÔöäÔöäÔöäÔöäÔöäÔöäÔöäÔöäÔöäÔöäÔöäÔöäÔöäÔöäÔöäÔöäÔöäÔöäÔöäÔöäÔöäÔöäÔöäÔöäÔöäÔöäÔöäÔöäÔöäÔöäÔöäÔöäÔöäÔöäÔöä[0m
[38;5;12mÔöé ­ƒÆí [Tag] Message 599[0m
[38;5;12mÔööÔöÇÔöÇÔöÇÔöÇÔöÇÔöÇÔöÇÔöÇÔöÇÔöÇÔöÇÔöÇÔöÇÔöÇÔöÇÔöÇÔöÇÔöÇÔöÇÔöÇÔöÇÔöÇÔöÇÔöÇÔöÇÔöÇÔöÇÔöÇÔöÇÔöÇÔöÇÔöÇÔöÇÔöÇÔöÇÔöÇÔöÇÔöÇÔöÇÔöÇÔöÇÔöÇÔöÇÔöÇÔöÇÔöÇÔöÇÔöÇÔöÇÔöÇÔöÇÔöÇÔöÇÔöÇÔöÇÔöÇÔöÇÔöÇÔöÇÔöÇÔöÇÔöÇÔöÇÔöÇÔöÇÔöÇÔöÇÔöÇÔöÇÔöÇÔöÇÔöÇÔöÇÔöÇÔöÇÔöÇÔöÇÔöÇÔöÇ[0m
00:00 +3: LoggerService Tests Filtering by minLevel works
[38;5;12mÔöîÔöÇÔöÇÔöÇÔöÇÔöÇÔöÇÔöÇÔöÇÔöÇÔöÇÔöÇÔöÇÔöÇÔöÇÔöÇÔöÇÔöÇÔöÇÔöÇÔöÇÔöÇÔöÇÔöÇÔöÇÔöÇÔöÇÔöÇÔöÇÔöÇÔöÇÔöÇÔöÇÔöÇÔöÇÔöÇÔöÇÔöÇÔöÇÔöÇÔöÇÔöÇÔöÇÔöÇÔöÇÔöÇÔöÇÔöÇÔöÇÔöÇÔöÇÔöÇÔöÇÔöÇÔöÇÔöÇÔöÇÔöÇÔöÇÔöÇÔöÇÔöÇÔöÇÔöÇÔöÇÔöÇÔöÇÔöÇÔöÇÔöÇÔöÇÔöÇÔöÇÔöÇÔöÇÔöÇÔöÇÔöÇÔöÇÔöÇ[0m
[38;5;12mÔöé 01:00:46.212 (+0:00:00.349803)[0m
[38;5;12mÔö£ÔöäÔöäÔöäÔöäÔöäÔöäÔöäÔöäÔöäÔöäÔöäÔöäÔöäÔöäÔöäÔöäÔöäÔöäÔöäÔöäÔöäÔöäÔöäÔöäÔöäÔöäÔöäÔöäÔöäÔöäÔöäÔöäÔöäÔöäÔöäÔöäÔöäÔöäÔöäÔöäÔöäÔöäÔöäÔöäÔöäÔöäÔöäÔöäÔöäÔöäÔöäÔöäÔöäÔöäÔöäÔöäÔöäÔöäÔöäÔöäÔöäÔöäÔöäÔöäÔöäÔöäÔöäÔöäÔöäÔöäÔöäÔöäÔöäÔöäÔöäÔöäÔöäÔöäÔöä[0m
[38;5;12mÔöé ­ƒÆí [LoggerService] Log buffer cleared[0m
[38;5;12mÔööÔöÇÔöÇÔöÇÔöÇÔöÇÔöÇÔöÇÔöÇÔöÇÔöÇÔöÇÔöÇÔöÇÔöÇÔöÇÔöÇÔöÇÔöÇÔöÇÔöÇÔöÇÔöÇÔöÇÔöÇÔöÇÔöÇÔöÇÔöÇÔöÇÔöÇÔöÇÔöÇÔöÇÔöÇÔöÇÔöÇÔöÇÔöÇÔöÇÔöÇÔöÇÔöÇÔöÇÔöÇÔöÇÔöÇÔöÇÔöÇÔöÇÔöÇÔöÇÔöÇÔöÇÔöÇÔöÇÔöÇÔöÇÔöÇÔöÇÔöÇÔöÇÔöÇÔöÇÔöÇÔöÇÔöÇÔöÇÔöÇÔöÇÔöÇÔöÇÔöÇÔöÇÔöÇÔöÇÔöÇÔöÇÔöÇÔöÇ[0m
[38;5;208mÔöîÔöÇÔöÇÔöÇÔöÇÔöÇÔöÇÔöÇÔöÇÔöÇÔöÇÔöÇÔöÇÔöÇÔöÇÔöÇÔöÇÔöÇÔöÇÔöÇÔöÇÔöÇÔöÇÔöÇÔöÇÔöÇÔöÇÔöÇÔöÇÔöÇÔöÇÔöÇÔöÇÔöÇÔöÇÔöÇÔöÇÔöÇÔöÇÔöÇÔöÇÔöÇÔöÇÔöÇÔöÇÔöÇÔöÇÔöÇÔöÇÔöÇÔöÇÔöÇÔöÇÔöÇÔöÇÔöÇÔöÇÔöÇÔöÇÔöÇÔöÇÔöÇÔöÇÔöÇÔöÇÔöÇÔöÇÔöÇÔöÇÔöÇÔöÇÔöÇÔöÇÔöÇÔöÇÔöÇÔöÇÔöÇÔöÇÔöÇ[0m
[38;5;208mÔöé 01:00:46.212 (+0:00:00.349803)[0m
[38;5;208mÔö£ÔöäÔöäÔöäÔöäÔöäÔöäÔöäÔöäÔöäÔöäÔöäÔöäÔöäÔöäÔöäÔöäÔöäÔöäÔöäÔöäÔöäÔöäÔöäÔöäÔöäÔöäÔöäÔöäÔöäÔöäÔöäÔöäÔöäÔöäÔöäÔöäÔöäÔöäÔöäÔöäÔöäÔöäÔöäÔöäÔöäÔöäÔöäÔöäÔöäÔöäÔöäÔöäÔöäÔöäÔöäÔöäÔöäÔöäÔöäÔöäÔöäÔöäÔöäÔöäÔöäÔöäÔöäÔöäÔöäÔöäÔöäÔöäÔöäÔöäÔöäÔöäÔöäÔöäÔöä[0m
[38;5;208mÔöé ÔÜá´©Å [T] Warning msg[0m
[38;5;208mÔööÔöÇÔöÇÔöÇÔöÇÔöÇÔöÇÔöÇÔöÇÔöÇÔöÇÔöÇÔöÇÔöÇÔöÇÔöÇÔöÇÔöÇÔöÇÔöÇÔöÇÔöÇÔöÇÔöÇÔöÇÔöÇÔöÇÔöÇÔöÇÔöÇÔöÇÔöÇÔöÇÔöÇÔöÇÔöÇÔöÇÔöÇÔöÇÔöÇÔöÇÔöÇÔöÇÔöÇÔöÇÔöÇÔöÇÔöÇÔöÇÔöÇÔöÇÔöÇÔöÇÔöÇÔöÇÔöÇÔöÇÔöÇÔöÇÔöÇÔöÇÔöÇÔöÇÔöÇÔöÇÔöÇÔöÇÔöÇÔöÇÔöÇÔöÇÔöÇÔöÇÔöÇÔöÇÔöÇÔöÇÔöÇÔöÇÔöÇ[0m
[38;5;196mÔöîÔöÇÔöÇÔöÇÔöÇÔöÇÔöÇÔöÇÔöÇÔöÇÔöÇÔöÇÔöÇÔöÇÔöÇÔöÇÔöÇÔöÇÔöÇÔöÇÔöÇÔöÇÔöÇÔöÇÔöÇÔöÇÔöÇÔöÇÔöÇÔöÇÔöÇÔöÇÔöÇÔöÇÔöÇÔöÇÔöÇÔöÇÔöÇÔöÇÔöÇÔöÇÔöÇÔöÇÔöÇÔöÇÔöÇÔöÇÔöÇÔöÇÔöÇÔöÇÔöÇÔöÇÔöÇÔöÇÔöÇÔöÇÔöÇÔöÇÔöÇÔöÇÔöÇÔöÇÔöÇÔöÇÔöÇÔöÇÔöÇÔöÇÔöÇÔöÇÔöÇÔöÇÔöÇÔöÇÔöÇÔöÇÔöÇÔöÇ[0m
[38;5;196mÔöé 01:00:46.212 (+0:00:00.349803)[0m
[38;5;196mÔö£ÔöäÔöäÔöäÔöäÔöäÔöäÔöäÔöäÔöäÔöäÔöäÔöäÔöäÔöäÔöäÔöäÔöäÔöäÔöäÔöäÔöäÔöäÔöäÔöäÔöäÔöäÔöäÔöäÔöäÔöäÔöäÔöäÔöäÔöäÔöäÔöäÔöäÔöäÔöäÔöäÔöäÔöäÔöäÔöäÔöäÔöäÔöäÔöäÔöäÔöäÔöäÔöäÔöäÔöäÔöäÔöäÔöäÔöäÔöäÔöäÔöäÔöäÔöäÔöäÔöäÔöäÔöäÔöäÔöäÔöäÔöäÔöäÔöäÔöäÔöäÔöäÔöäÔöäÔöä[0m
[38;5;196mÔöé Ôøö [T] Error msg[0m
[38;5;196mÔööÔöÇÔöÇÔöÇÔöÇÔöÇÔöÇÔöÇÔöÇÔöÇÔöÇÔöÇÔöÇÔöÇÔöÇÔöÇÔöÇÔöÇÔöÇÔöÇÔöÇÔöÇÔöÇÔöÇÔöÇÔöÇÔöÇÔöÇÔöÇÔöÇÔöÇÔöÇÔöÇÔöÇÔöÇÔöÇÔöÇÔöÇÔöÇÔöÇÔöÇÔöÇÔöÇÔöÇÔöÇÔöÇÔöÇÔöÇÔöÇÔöÇÔöÇÔöÇÔöÇÔöÇÔöÇÔöÇÔöÇÔöÇÔöÇÔöÇÔöÇÔöÇÔöÇÔöÇÔöÇÔöÇÔöÇÔöÇÔöÇÔöÇÔöÇÔöÇÔöÇÔöÇÔöÇÔöÇÔöÇÔöÇÔöÇÔöÇ[0m
00:00 +3 -1: LoggerService Tests Filtering by minLevel works [E]
  Expected: <2>
    Actual: <3>
  Expected 2 logs but got 3. Logs: [error, warning, info]
  
  package:matcher                                     expect
  package:flutter_test/src/widget_tester.dart 473:18  expect
  test\services\logger_service_test.dart 49:7         main.<fn>.<fn>
  
00:00 +3 -1: LoggerService Tests Performance tracking logs duration
ÔöîÔöÇÔöÇÔöÇÔöÇÔöÇÔöÇÔöÇÔöÇÔöÇÔöÇÔöÇÔöÇÔöÇÔöÇÔöÇÔöÇÔöÇÔöÇÔöÇÔöÇÔöÇÔöÇÔöÇÔöÇÔöÇÔöÇÔöÇÔöÇÔöÇÔöÇÔöÇÔöÇÔöÇÔöÇÔöÇÔöÇÔöÇÔöÇÔöÇÔöÇÔöÇÔöÇÔöÇÔöÇÔöÇÔöÇÔöÇÔöÇÔöÇÔöÇÔöÇÔöÇÔöÇÔöÇÔöÇÔöÇÔöÇÔöÇÔöÇÔöÇÔöÇÔöÇÔöÇÔöÇÔöÇÔöÇÔöÇÔöÇÔöÇÔöÇÔöÇÔöÇÔöÇÔöÇÔöÇÔöÇÔöÇÔöÇÔöÇ
Ôöé 01:00:46.246 (+0:00:00.384456)
Ôö£ÔöäÔöäÔöäÔöäÔöäÔöäÔöäÔöäÔöäÔöäÔöäÔöäÔöäÔöäÔöäÔöäÔöäÔöäÔöäÔöäÔöäÔöäÔöäÔöäÔöäÔöäÔöäÔöäÔöäÔöäÔöäÔöäÔöäÔöäÔöäÔöäÔöäÔöäÔöäÔöäÔöäÔöäÔöäÔöäÔöäÔöäÔöäÔöäÔöäÔöäÔöäÔöäÔöäÔöäÔöäÔöäÔöäÔöäÔöäÔöäÔöäÔöäÔöäÔöäÔöäÔöäÔöäÔöäÔöäÔöäÔöäÔöäÔöäÔöäÔöäÔöäÔöäÔöäÔöä
Ôöé ­ƒÉø [Performance] Starting: test-op
ÔööÔöÇÔöÇÔöÇÔöÇÔöÇÔöÇÔöÇÔöÇÔöÇÔöÇÔöÇÔöÇÔöÇÔöÇÔöÇÔöÇÔöÇÔöÇÔöÇÔöÇÔöÇÔöÇÔöÇÔöÇÔöÇÔöÇÔöÇÔöÇÔöÇÔöÇÔöÇÔöÇÔöÇÔöÇÔöÇÔöÇÔöÇÔöÇÔöÇÔöÇÔöÇÔöÇÔöÇÔöÇÔöÇÔöÇÔöÇÔöÇÔöÇÔöÇÔöÇÔöÇÔöÇÔöÇÔöÇÔöÇÔöÇÔöÇÔöÇÔöÇÔöÇÔöÇÔöÇÔöÇÔöÇÔöÇÔöÇÔöÇÔöÇÔöÇÔöÇÔöÇÔöÇÔöÇÔöÇÔöÇÔöÇÔöÇÔöÇ
[38;5;12mÔöîÔöÇÔöÇÔöÇÔöÇÔöÇÔöÇÔöÇÔöÇÔöÇÔöÇÔöÇÔöÇÔöÇÔöÇÔöÇÔöÇÔöÇÔöÇÔöÇÔöÇÔöÇÔöÇÔöÇÔöÇÔöÇÔöÇÔöÇÔöÇÔöÇÔöÇÔöÇÔöÇÔöÇÔöÇÔöÇÔöÇÔöÇÔöÇÔöÇÔöÇÔöÇÔöÇÔöÇÔöÇÔöÇÔöÇÔöÇÔöÇÔöÇÔöÇÔöÇÔöÇÔöÇÔöÇÔöÇÔöÇÔöÇÔöÇÔöÇÔöÇÔöÇÔöÇÔöÇÔöÇÔöÇÔöÇÔöÇÔöÇÔöÇÔöÇÔöÇÔöÇÔöÇÔöÇÔöÇÔöÇÔöÇÔöÇÔöÇ[0m
[38;5;12mÔöé 01:00:46.246 (+0:00:00.384456)[0m
[38;5;12mÔö£ÔöäÔöäÔöäÔöäÔöäÔöäÔöäÔöäÔöäÔöäÔöäÔöäÔöäÔöäÔöäÔöäÔöäÔöäÔöäÔöäÔöäÔöäÔöäÔöäÔöäÔöäÔöäÔöäÔöäÔöäÔöäÔöäÔöäÔöäÔöäÔöäÔöäÔöäÔöäÔöäÔöäÔöäÔöäÔöäÔöäÔöäÔöäÔöäÔöäÔöäÔöäÔöäÔöäÔöäÔöäÔöäÔöäÔöäÔöäÔöäÔöäÔöäÔöäÔöäÔöäÔöäÔöäÔöäÔöäÔöäÔöäÔöäÔöäÔöäÔöäÔöäÔöäÔöäÔöä[0m
[38;5;12mÔöé ­ƒÆí [Performance] test-op completed (0ms)[0m
[38;5;12mÔöé ­ƒÆí   Metadata: {operation: test-op, success: true, durationMs: 0}[0m
[38;5;12mÔööÔöÇÔöÇÔöÇÔöÇÔöÇÔöÇÔöÇÔöÇÔöÇÔöÇÔöÇÔöÇÔöÇÔöÇÔöÇÔöÇÔöÇÔöÇÔöÇÔöÇÔöÇÔöÇÔöÇÔöÇÔöÇÔöÇÔöÇÔöÇÔöÇÔöÇÔöÇÔöÇÔöÇÔöÇÔöÇÔöÇÔöÇÔöÇÔöÇÔöÇÔöÇÔöÇÔöÇÔöÇÔöÇÔöÇÔöÇÔöÇÔöÇÔöÇÔöÇÔöÇÔöÇÔöÇÔöÇÔöÇÔöÇÔöÇÔöÇÔöÇÔöÇÔöÇÔöÇÔöÇÔöÇÔöÇÔöÇÔöÇÔöÇÔöÇÔöÇÔöÇÔöÇÔöÇÔöÇÔöÇÔöÇÔöÇÔöÇ[0m
00:00 +4 -1: LoggerService Tests LogEntry toMap contains expected fields
[38;5;12mÔöîÔöÇÔöÇÔöÇÔöÇÔöÇÔöÇÔöÇÔöÇÔöÇÔöÇÔöÇÔöÇÔöÇÔöÇÔöÇÔöÇÔöÇÔöÇÔöÇÔöÇÔöÇÔöÇÔöÇÔöÇÔöÇÔöÇÔöÇÔöÇÔöÇÔöÇÔöÇÔöÇÔöÇÔöÇÔöÇÔöÇÔöÇÔöÇÔöÇÔöÇÔöÇÔöÇÔöÇÔöÇÔöÇÔöÇÔöÇÔöÇÔöÇÔöÇÔöÇÔöÇÔöÇÔöÇÔöÇÔöÇÔöÇÔöÇÔöÇÔöÇÔöÇÔöÇÔöÇÔöÇÔöÇÔöÇÔöÇÔöÇÔöÇÔöÇÔöÇÔöÇÔöÇÔöÇÔöÇÔöÇÔöÇÔöÇÔöÇ[0m
[38;5;12mÔöé 01:00:46.251 (+0:00:00.388908)[0m
[38;5;12mÔö£ÔöäÔöäÔöäÔöäÔöäÔöäÔöäÔöäÔöäÔöäÔöäÔöäÔöäÔöäÔöäÔöäÔöäÔöäÔöäÔöäÔöäÔöäÔöäÔöäÔöäÔöäÔöäÔöäÔöäÔöäÔöäÔöäÔöäÔöäÔöäÔöäÔöäÔöäÔöäÔöäÔöäÔöäÔöäÔöäÔöäÔöäÔöäÔöäÔöäÔöäÔöäÔöäÔöäÔöäÔöäÔöäÔöäÔöäÔöäÔöäÔöäÔöäÔöäÔöäÔöäÔöäÔöäÔöäÔöäÔöäÔöäÔöäÔöäÔöäÔöäÔöäÔöäÔöäÔöä[0m
[38;5;12mÔöé ­ƒÆí [LoggerService] Log buffer cleared[0m
[38;5;12mÔööÔöÇÔöÇÔöÇÔöÇÔöÇÔöÇÔöÇÔöÇÔöÇÔöÇÔöÇÔöÇÔöÇÔöÇÔöÇÔöÇÔöÇÔöÇÔöÇÔöÇÔöÇÔöÇÔöÇÔöÇÔöÇÔöÇÔöÇÔöÇÔöÇÔöÇÔöÇÔöÇÔöÇÔöÇÔöÇÔöÇÔöÇÔöÇÔöÇÔöÇÔöÇÔöÇÔöÇÔöÇÔöÇÔöÇÔöÇÔöÇÔöÇÔöÇÔöÇÔöÇÔöÇÔöÇÔöÇÔöÇÔöÇÔöÇÔöÇÔöÇÔöÇÔöÇÔöÇÔöÇÔöÇÔöÇÔöÇÔöÇÔöÇÔöÇÔöÇÔöÇÔöÇÔöÇÔöÇÔöÇÔöÇÔöÇÔöÇ[0m
00:00 +5 -1: Some tests failed.
